84.97.155.13 - - [25/Sep/2015:00:20:07 +0200] "GET /Login HTTP/1.1" 302 - "https://auth.univ-lorraine.fr/login?service=https://ent.univ-lorraine.fr/Login" "Mozilla/5.0 (Windows NT 6.1; WOW64; rv:40.0) Gecko/20100101 Firefox/40.0" "SESSION_ROUTE=ent5" "ASSIGN_ROUTE=ent5" TRACE-98063-lpBciGY9ncYOid74mU7fFSZHlFEyCtWrK2xfgKcVqygCiRnEb3-cas1
88.120.97.51 - - [25/Sep/2015:00:20:08 +0200] "GET /Login HTTP/1.1" 302 - "https://auth.univ-lorraine.fr/login?service=https://ent.univ-lorraine.fr/Login" "Mozilla/5.0 (Windows NT 10.0; WOW64) AppleWebKit/537.36 (KHTML, like Gecko) Chrome/45.0.2454.99 Safari/537.36" "SESSION_ROUTE=ent3" "ASSIGN_ROUTE=ent3" TRACE-98064-Sg4qO42HelqHpgBdJwDzWCKVqNhobuj0JaQnbaLXeTDHDCuuGm-cas1
84.97.155.13 - - [25/Sep/2015:00:20:08 +0200] "GET /f/u1411l1s4/normal/render.uP HTTP/1.1" 200 61855 "https://auth.univ-lorraine.fr/login?service=https://ent.univ-lorraine.fr/Login" "Mozilla/5.0 (Windows NT 6.1; WOW64; rv:40.0) Gecko/20100101 Firefox/40.0" "SESSION_ROUTE=ent5" "ASSIGN_ROUTE=ent5" TRACE-98063-lpBciGY9ncYOid74mU7fFSZHlFEyCtWrK2xfgKcVqygCiRnEb3-cas1
88.120.97.51 - - [25/Sep/2015:00:20:08 +0200] "GET /f/u1411l1s4/normal/render.uP HTTP/1.1" 200 58252 "https://auth.univ-lorraine.fr/login?service=https://ent.univ-lorraine.fr/Login" "Mozilla/5.0 (Windows NT 10.0; WOW64) AppleWebKit/537.36 (KHTML, like Gecko) Chrome/45.0.2454.99 Safari/537.36" "SESSION_ROUTE=ent3" "ASSIGN_ROUTE=ent3" TRACE-98064-Sg4qO42HelqHpgBdJwDzWCKVqNhobuj0JaQnbaLXeTDHDCuuGm-cas1
83.196.53.228 - - [25/Sep/2015:00:20:09 +0200] "GET /Login HTTP/1.1" 302 - "https://auth.univ-lorraine.fr/login?service=https://ent.univ-lorraine.fr/Login" "Mozilla/5.0 (Windows NT 6.1; WOW64) AppleWebKit/537.36 (KHTML, like Gecko) Chrome/45.0.2454.99 Safari/537.36" "SESSION_ROUTE=ent2" "ASSIGN_ROUTE=ent2" TRACE-98066-XVHXcaaGNXrkc69uFlYLclK4oJlEtGUpu7CffT0gIC9DTBmiUA-cas1
83.196.53.228 - - [25/Sep/2015:00:20:10 +0200] "GET /f/u1411l1s4/normal/render.uP HTTP/1.1" 200 52004 "https://auth.univ-lorraine.fr/login?service=https://ent.univ-lorraine.fr/Login" "Mozilla/5.0 (Windows NT 6.1; WOW64) AppleWebKit/537.36 (KHTML, like Gecko) Chrome/45.0.2454.99 Safari/537.36" "SESSION_ROUTE=ent2" "ASSIGN_ROUTE=ent2" TRACE-98066-XVHXcaaGNXrkc69uFlYLclK4oJlEtGUpu7CffT0gIC9DTBmiUA-cas1
88.120.97.51 - - [25/Sep/2015:00:20:10 +0200] "GET /f/u1411l1s4/normal/render.uP?pCt=ul-zcs-pers.u1411l1n52&pCs=normal&pCp HTTP/1.1" 200 64466 "https://ent.univ-lorraine.fr/f/u1411l1s4/normal/render.uP" "Mozilla/5.0 (Windows NT 10.0; WOW64) AppleWebKit/537.36 (KHTML, like Gecko) Chrome/45.0.2454.99 Safari/537.36" "SESSION_ROUTE=ent3" "ASSIGN_ROUTE=ent3" TRACE-98064-Sg4qO42HelqHpgBdJwDzWCKVqNhobuj0JaQnbaLXeTDHDCuuGm-cas1
88.120.97.51 - - [25/Sep/2015:00:20:11 +0200] "GET /nancy2-portlet-zimbra/ajax/getFolders HTTP/1.1" 200 551 "https://ent.univ-lorraine.fr/f/u1411l1s4/normal/render.uP?pCt=ul-zcs-pers.u1411l1n52&pCs=normal&pCp" "Mozilla/5.0 (Windows NT 10.0; WOW64) AppleWebKit/537.36 (KHTML, like Gecko) Chrome/45.0.2454.99 Safari/537.36" "SESSION_ROUTE=ent3" "ASSIGN_ROUTE=ent3" TRACE-98064-Sg4qO42HelqHpgBdJwDzWCKVqNhobuj0JaQnbaLXeTDHDCuuGm-cas1
88.120.97.51 - - [25/Sep/2015:00:20:11 +0200] "GET /nancy2-portlet-zimbra/ajax/getTodayEvents HTTP/1.1" 200 2 "https://ent.univ-lorraine.fr/f/u1411l1s4/normal/render.uP?pCt=ul-zcs-pers.u1411l1n52&pCs=normal&pCp" "Mozilla/5.0 (Windows NT 10.0; WOW64) AppleWebKit/537.36 (KHTML, like Gecko) Chrome/45.0.2454.99 Safari/537.36" "SESSION_ROUTE=ent3" "ASSIGN_ROUTE=ent3" TRACE-98064-Sg4qO42HelqHpgBdJwDzWCKVqNhobuj0JaQnbaLXeTDHDCuuGm-cas1
88.120.97.51 - - [25/Sep/2015:00:20:11 +0200] "GET /nancy2-portlet-zimbra/ajax/getWeekEvents HTTP/1.1" 200 2 "https://ent.univ-lorraine.fr/f/u1411l1s4/normal/render.uP?pCt=ul-zcs-pers.u1411l1n52&pCs=normal&pCp" "Mozilla/5.0 (Windows NT 10.0; WOW64) AppleWebKit/537.36 (KHTML, like Gecko) Chrome/45.0.2454.99 Safari/537.36" "SESSION_ROUTE=ent3" "ASSIGN_ROUTE=ent3" TRACE-98064-Sg4qO42HelqHpgBdJwDzWCKVqNhobuj0JaQnbaLXeTDHDCuuGm-cas1
88.120.97.51 - - [25/Sep/2015:00:20:11 +0200] "GET /nancy2-portlet-zimbra/ajax/getTasks HTTP/1.1" 200 2 "https://ent.univ-lorraine.fr/f/u1411l1s4/normal/render.uP?pCt=ul-zcs-pers.u1411l1n52&pCs=normal&pCp" "Mozilla/5.0 (Windows NT 10.0; WOW64) AppleWebKit/537.36 (KHTML, like Gecko) Chrome/45.0.2454.99 Safari/537.36" "SESSION_ROUTE=ent3" "ASSIGN_ROUTE=ent3" TRACE-98064-Sg4qO42HelqHpgBdJwDzWCKVqNhobuj0JaQnbaLXeTDHDCuuGm-cas1
88.120.97.51 - - [25/Sep/2015:00:20:11 +0200] "GET /nancy2-portlet-zimbra/ajax/getMessages HTTP/1.1" 200 1649 "https://ent.univ-lorraine.fr/f/u1411l1s4/normal/render.uP?pCt=ul-zcs-pers.u1411l1n52&pCs=normal&pCp" "Mozilla/5.0 (Windows NT 10.0; WOW64) AppleWebKit/537.36 (KHTML, like Gecko) Chrome/45.0.2454.99 Safari/537.36" "SESSION_ROUTE=ent3" "ASSIGN_ROUTE=ent3" TRACE-98064-Sg4qO42HelqHpgBdJwDzWCKVqNhobuj0JaQnbaLXeTDHDCuuGm-cas1
83.196.53.228 - - [25/Sep/2015:00:20:12 +0200] "GET /f/u1411l1s4/normal/render.uP?pCt=ul-zcs-etud.u1411l1n53&pCs=normal&pCp HTTP/1.1" 200 58245 "https://ent.univ-lorraine.fr/f/u1411l1s4/normal/render.uP" "Mozilla/5.0 (Windows NT 6.1; WOW64) AppleWebKit/537.36 (KHTML, like Gecko) Chrome/45.0.2454.99 Safari/537.36" "SESSION_ROUTE=ent2" "ASSIGN_ROUTE=ent2" TRACE-98066-XVHXcaaGNXrkc69uFlYLclK4oJlEtGUpu7CffT0gIC9DTBmiUA-cas1
83.196.53.228 - - [25/Sep/2015:00:20:13 +0200] "GET /nancy2-portlet-zimbra/ajax/getTasks HTTP/1.1" 200 2 "https://ent.univ-lorraine.fr/f/u1411l1s4/normal/render.uP?pCt=ul-zcs-etud.u1411l1n53&pCs=normal&pCp" "Mozilla/5.0 (Windows NT 6.1; WOW64) AppleWebKit/537.36 (KHTML, like Gecko) Chrome/45.0.2454.99 Safari/537.36" "SESSION_ROUTE=ent2" "ASSIGN_ROUTE=ent2" TRACE-98066-XVHXcaaGNXrkc69uFlYLclK4oJlEtGUpu7CffT0gIC9DTBmiUA-cas1
83.196.53.228 - - [25/Sep/2015:00:20:13 +0200] "GET /nancy2-portlet-zimbra/ajax/getMessages HTTP/1.1" 200 330 "https://ent.univ-lorraine.fr/f/u1411l1s4/normal/render.uP?pCt=ul-zcs-etud.u1411l1n53&pCs=normal&pCp" "Mozilla/5.0 (Windows NT 6.1; WOW64) AppleWebKit/537.36 (KHTML, like Gecko) Chrome/45.0.2454.99 Safari/537.36" "SESSION_ROUTE=ent2" "ASSIGN_ROUTE=ent2" TRACE-98066-XVHXcaaGNXrkc69uFlYLclK4oJlEtGUpu7CffT0gIC9DTBmiUA-cas1
83.196.53.228 - - [25/Sep/2015:00:20:13 +0200] "GET /nancy2-portlet-zimbra/ajax/getTodayEvents HTTP/1.1" 200 2 "https://ent.univ-lorraine.fr/f/u1411l1s4/normal/render.uP?pCt=ul-zcs-etud.u1411l1n53&pCs=normal&pCp" "Mozilla/5.0 (Windows NT 6.1; WOW64) AppleWebKit/537.36 (KHTML, like Gecko) Chrome/45.0.2454.99 Safari/537.36" "SESSION_ROUTE=ent2" "ASSIGN_ROUTE=ent2" TRACE-98066-XVHXcaaGNXrkc69uFlYLclK4oJlEtGUpu7CffT0gIC9DTBmiUA-cas1
83.196.53.228 - - [25/Sep/2015:00:20:13 +0200] "GET /nancy2-portlet-zimbra/ajax/getWeekEvents HTTP/1.1" 200 2 "https://ent.univ-lorraine.fr/f/u1411l1s4/normal/render.uP?pCt=ul-zcs-etud.u1411l1n53&pCs=normal&pCp" "Mozilla/5.0 (Windows NT 6.1; WOW64) AppleWebKit/537.36 (KHTML, like Gecko) Chrome/45.0.2454.99 Safari/537.36" "SESSION_ROUTE=ent2" "ASSIGN_ROUTE=ent2" TRACE-98066-XVHXcaaGNXrkc69uFlYLclK4oJlEtGUpu7CffT0gIC9DTBmiUA-cas1
83.196.53.228 - - [25/Sep/2015:00:20:13 +0200] "GET /nancy2-portlet-zimbra/ajax/getFolders HTTP/1.1" 200 548 "https://ent.univ-lorraine.fr/f/u1411l1s4/normal/render.uP?pCt=ul-zcs-etud.u1411l1n53&pCs=normal&pCp" "Mozilla/5.0 (Windows NT 6.1; WOW64) AppleWebKit/537.36 (KHTML, like Gecko) Chrome/45.0.2454.99 Safari/537.36" "SESSION_ROUTE=ent2" "ASSIGN_ROUTE=ent2" TRACE-98066-XVHXcaaGNXrkc69uFlYLclK4oJlEtGUpu7CffT0gIC9DTBmiUA-cas1
84.97.155.13 - - [25/Sep/2015:00:20:13 +0200] "GET /f/u1411l1s4/normal/render.uP?pCt=ul-zcs-pers.u1411l1n52&pCs=normal&pCp HTTP/1.1" 200 68113 "https://ent.univ-lorraine.fr/f/u1411l1s4/normal/render.uP" "Mozilla/5.0 (Windows NT 6.1; WOW64; rv:40.0) Gecko/20100101 Firefox/40.0" "SESSION_ROUTE=ent5" "ASSIGN_ROUTE=ent5" TRACE-98063-lpBciGY9ncYOid74mU7fFSZHlFEyCtWrK2xfgKcVqygCiRnEb3-cas1
84.97.155.13 - - [25/Sep/2015:00:20:14 +0200] "GET /nancy2-portlet-zimbra/ajax/getTodayEvents HTTP/1.1" 200 2 "https://ent.univ-lorraine.fr/f/u1411l1s4/normal/render.uP?pCt=ul-zcs-pers.u1411l1n52&pCs=normal&pCp" "Mozilla/5.0 (Windows NT 6.1; WOW64; rv:40.0) Gecko/20100101 Firefox/40.0" "SESSION_ROUTE=ent5" "ASSIGN_ROUTE=ent5" TRACE-98063-lpBciGY9ncYOid74mU7fFSZHlFEyCtWrK2xfgKcVqygCiRnEb3-cas1
84.97.155.13 - - [25/Sep/2015:00:20:14 +0200] "GET /nancy2-portlet-zimbra/ajax/getWeekEvents HTTP/1.1" 200 2 "https://ent.univ-lorraine.fr/f/u1411l1s4/normal/render.uP?pCt=ul-zcs-pers.u1411l1n52&pCs=normal&pCp" "Mozilla/5.0 (Windows NT 6.1; WOW64; rv:40.0) Gecko/20100101 Firefox/40.0" "SESSION_ROUTE=ent5" "ASSIGN_ROUTE=ent5" TRACE-98063-lpBciGY9ncYOid74mU7fFSZHlFEyCtWrK2xfgKcVqygCiRnEb3-cas1
84.97.155.13 - - [25/Sep/2015:00:20:14 +0200] "GET /nancy2-portlet-zimbra/ajax/getFolders HTTP/1.1" 200 551 "https://ent.univ-lorraine.fr/f/u1411l1s4/normal/render.uP?pCt=ul-zcs-pers.u1411l1n52&pCs=normal&pCp" "Mozilla/5.0 (Windows NT 6.1; WOW64; rv:40.0) Gecko/20100101 Firefox/40.0" "SESSION_ROUTE=ent5" "ASSIGN_ROUTE=ent5" TRACE-98063-lpBciGY9ncYOid74mU7fFSZHlFEyCtWrK2xfgKcVqygCiRnEb3-cas1
84.97.155.13 - - [25/Sep/2015:00:20:14 +0200] "GET /nancy2-portlet-zimbra/ajax/getTasks HTTP/1.1" 200 2 "https://ent.univ-lorraine.fr/f/u1411l1s4/normal/render.uP?pCt=ul-zcs-pers.u1411l1n52&pCs=normal&pCp" "Mozilla/5.0 (Windows NT 6.1; WOW64; rv:40.0) Gecko/20100101 Firefox/40.0" "SESSION_ROUTE=ent5" "ASSIGN_ROUTE=ent5" TRACE-98063-lpBciGY9ncYOid74mU7fFSZHlFEyCtWrK2xfgKcVqygCiRnEb3-cas1
92.138.99.225 - - [25/Sep/2015:00:20:14 +0200] "GET /Login HTTP/1.1" 302 - "https://auth.univ-lorraine.fr/login?service=https://ent.univ-lorraine.fr/Login" "Mozilla/5.0 (Windows NT 6.3; WOW64) AppleWebKit/537.36 (KHTML, like Gecko) Chrome/45.0.2454.99 Safari/537.36" "SESSION_ROUTE=ent5" "ASSIGN_ROUTE=ent5" TRACE-98069-1sGGBcoOpGi6bziEnDPNYK7g4ouFdlP2fPhhfUwaQMTLaNWXXq-cas1
92.138.99.225 - - [25/Sep/2015:00:20:15 +0200] "GET /f/u1411l1s4/normal/render.uP HTTP/1.1" 200 51229 "https://auth.univ-lorraine.fr/login?service=https://ent.univ-lorraine.fr/Login" "Mozilla/5.0 (Windows NT 6.3; WOW64) AppleWebKit/537.36 (KHTML, like Gecko) Chrome/45.0.2454.99 Safari/537.36" "SESSION_ROUTE=ent5" "ASSIGN_ROUTE=ent5" TRACE-98069-1sGGBcoOpGi6bziEnDPNYK7g4ouFdlP2fPhhfUwaQMTLaNWXXq-cas1
84.97.155.13 - - [25/Sep/2015:00:20:14 +0200] "GET /nancy2-portlet-zimbra/ajax/getMessages HTTP/1.1" 200 1618 "https://ent.univ-lorraine.fr/f/u1411l1s4/normal/render.uP?pCt=ul-zcs-pers.u1411l1n52&pCs=normal&pCp" "Mozilla/5.0 (Windows NT 6.1; WOW64; rv:40.0) Gecko/20100101 Firefox/40.0" "SESSION_ROUTE=ent5" "ASSIGN_ROUTE=ent5" TRACE-98063-lpBciGY9ncYOid74mU7fFSZHlFEyCtWrK2xfgKcVqygCiRnEb3-cas1
92.138.99.225 - - [25/Sep/2015:00:20:18 +0200] "GET /f/u1411l1s4/normal/render.uP?pCt=ul-zcs-etud.u1411l1n53&pCs=normal&pCp HTTP/1.1" 200 57426 "https://ent.univ-lorraine.fr/f/u1411l1s4/normal/render.uP" "Mozilla/5.0 (Windows NT 6.3; WOW64) AppleWebKit/537.36 (KHTML, like Gecko) Chrome/45.0.2454.99 Safari/537.36" "SESSION_ROUTE=ent5" "ASSIGN_ROUTE=ent5" TRACE-98069-1sGGBcoOpGi6bziEnDPNYK7g4ouFdlP2fPhhfUwaQMTLaNWXXq-cas1
92.138.99.225 - - [25/Sep/2015:00:20:19 +0200] "GET /nancy2-portlet-zimbra/ajax/getMessages HTTP/1.1" 200 984 "https://ent.univ-lorraine.fr/f/u1411l1s4/normal/render.uP?pCt=ul-zcs-etud.u1411l1n53&pCs=normal&pCp" "Mozilla/5.0 (Windows NT 6.3; WOW64) AppleWebKit/537.36 (KHTML, like Gecko) Chrome/45.0.2454.99 Safari/537.36" "SESSION_ROUTE=ent5" "ASSIGN_ROUTE=ent5" TRACE-98069-1sGGBcoOpGi6bziEnDPNYK7g4ouFdlP2fPhhfUwaQMTLaNWXXq-cas1
92.138.99.225 - - [25/Sep/2015:00:20:19 +0200] "GET /nancy2-portlet-zimbra/ajax/getFolders HTTP/1.1" 200 548 "https://ent.univ-lorraine.fr/f/u1411l1s4/normal/render.uP?pCt=ul-zcs-etud.u1411l1n53&pCs=normal&pCp" "Mozilla/5.0 (Windows NT 6.3; WOW64) AppleWebKit/537.36 (KHTML, like Gecko) Chrome/45.0.2454.99 Safari/537.36" "SESSION_ROUTE=ent5" "ASSIGN_ROUTE=ent5" TRACE-98069-1sGGBcoOpGi6bziEnDPNYK7g4ouFdlP2fPhhfUwaQMTLaNWXXq-cas1
92.138.99.225 - - [25/Sep/2015:00:20:19 +0200] "GET /nancy2-portlet-zimbra/ajax/getTodayEvents HTTP/1.1" 200 2 "https://ent.univ-lorraine.fr/f/u1411l1s4/normal/render.uP?pCt=ul-zcs-etud.u1411l1n53&pCs=normal&pCp" "Mozilla/5.0 (Windows NT 6.3; WOW64) AppleWebKit/537.36 (KHTML, like Gecko) Chrome/45.0.2454.99 Safari/537.36" "SESSION_ROUTE=ent5" "ASSIGN_ROUTE=ent5" TRACE-98069-1sGGBcoOpGi6bziEnDPNYK7g4ouFdlP2fPhhfUwaQMTLaNWXXq-cas1
92.138.99.225 - - [25/Sep/2015:00:20:19 +0200] "GET /nancy2-portlet-zimbra/ajax/getWeekEvents HTTP/1.1" 200 2 "https://ent.univ-lorraine.fr/f/u1411l1s4/normal/render.uP?pCt=ul-zcs-etud.u1411l1n53&pCs=normal&pCp" "Mozilla/5.0 (Windows NT 6.3; WOW64) AppleWebKit/537.36 (KHTML, like Gecko) Chrome/45.0.2454.99 Safari/537.36" "SESSION_ROUTE=ent5" "ASSIGN_ROUTE=ent5" TRACE-98069-1sGGBcoOpGi6bziEnDPNYK7g4ouFdlP2fPhhfUwaQMTLaNWXXq-cas1
92.138.99.225 - - [25/Sep/2015:00:20:19 +0200] "GET /nancy2-portlet-zimbra/ajax/getTasks HTTP/1.1" 200 2 "https://ent.univ-lorraine.fr/f/u1411l1s4/normal/render.uP?pCt=ul-zcs-etud.u1411l1n53&pCs=normal&pCp" "Mozilla/5.0 (Windows NT 6.3; WOW64) AppleWebKit/537.36 (KHTML, like Gecko) Chrome/45.0.2454.99 Safari/537.36" "SESSION_ROUTE=ent5" "ASSIGN_ROUTE=ent5" TRACE-98069-1sGGBcoOpGi6bziEnDPNYK7g4ouFdlP2fPhhfUwaQMTLaNWXXq-cas1
90.40.190.126 - - [25/Sep/2015:00:20:25 +0200] "GET /Login HTTP/1.1" 302 - "https://auth.univ-lorraine.fr/login?service=https://ent.univ-lorraine.fr/Login" "Mozilla/5.0 (Macintosh; Intel Mac OS X 10_10_5) AppleWebKit/600.8.9 (KHTML, like Gecko) Version/8.0.8 Safari/600.8.9" "SESSION_ROUTE=ent5" "ASSIGN_ROUTE=ent5" TRACE-98074-0aSX5jSe1uB2cbwxCwQmCxVBylfR7qoFz50nj6TYzZBjUJUFdn-cas1
90.40.190.126 - - [25/Sep/2015:00:20:26 +0200] "GET /f/u1411l1s4/normal/render.uP HTTP/1.1" 200 50519 "https://auth.univ-lorraine.fr/login?service=https://ent.univ-lorraine.fr/Login" "Mozilla/5.0 (Macintosh; Intel Mac OS X 10_10_5) AppleWebKit/600.8.9 (KHTML, like Gecko) Version/8.0.8 Safari/600.8.9" "SESSION_ROUTE=ent5" "ASSIGN_ROUTE=ent5" TRACE-98074-0aSX5jSe1uB2cbwxCwQmCxVBylfR7qoFz50nj6TYzZBjUJUFdn-cas1
90.40.190.126 - - [25/Sep/2015:00:20:28 +0200] "GET /f/u911l1s4/normal/render.uP?pCt=ul-iframe-planning-ade-ul-formation.u911l1n55&pCs=normal&pCp HTTP/1.1" 200 44979 "https://ent.univ-lorraine.fr/f/u1411l1s4/normal/render.uP" "Mozilla/5.0 (Macintosh; Intel Mac OS X 10_10_5) AppleWebKit/600.8.9 (KHTML, like Gecko) Version/8.0.8 Safari/600.8.9" "SESSION_ROUTE=ent5" "ASSIGN_ROUTE=ent5" TRACE-98074-0aSX5jSe1uB2cbwxCwQmCxVBylfR7qoFz50nj6TYzZBjUJUFdn-cas1
93.29.77.112 - - [25/Sep/2015:00:20:32 +0200] "GET /Login HTTP/1.1" 302 - "https://auth.univ-lorraine.fr/login?service=https://ent.univ-lorraine.fr/Login" "Mozilla/5.0 (Macintosh; Intel Mac OS X 10_8_5) AppleWebKit/537.36 (KHTML, like Gecko) Chrome/45.0.2454.93 Safari/537.36" "SESSION_ROUTE=ent6" "ASSIGN_ROUTE=ent6" TRACE-98078-uP1IhKKHcnxcpCTpoC3YzbQVqSGr7ntAo9ZoEQoB7ZxguwXjA9-cas1
90.40.190.126 - - [25/Sep/2015:00:20:33 +0200] "GET /f/u911l1s4/normal/render.uP?pCt=ul-iframe-planning-ade-ul-formation.u911l1n55&pCs=normal&pCp HTTP/1.1" 200 44979 "https://ent.univ-lorraine.fr/f/u911l1s4/normal/render.uP?pCt=ul-iframe-planning-ade-ul-formation.u911l1n55&pCs=normal&pCp" "Mozilla/5.0 (Macintosh; Intel Mac OS X 10_10_5) AppleWebKit/600.8.9 (KHTML, like Gecko) Version/8.0.8 Safari/600.8.9" "SESSION_ROUTE=ent5" "ASSIGN_ROUTE=ent5" TRACE-98074-0aSX5jSe1uB2cbwxCwQmCxVBylfR7qoFz50nj6TYzZBjUJUFdn-cas1
93.29.77.112 - - [25/Sep/2015:00:20:33 +0200] "GET /f/u1411l1s4/normal/render.uP HTTP/1.1" 200 50518 "https://auth.univ-lorraine.fr/login?service=https://ent.univ-lorraine.fr/Login" "Mozilla/5.0 (Macintosh; Intel Mac OS X 10_8_5) AppleWebKit/537.36 (KHTML, like Gecko) Chrome/45.0.2454.93 Safari/537.36" "SESSION_ROUTE=ent6" "ASSIGN_ROUTE=ent6" TRACE-98078-uP1IhKKHcnxcpCTpoC3YzbQVqSGr7ntAo9ZoEQoB7ZxguwXjA9-cas1
90.40.190.126 - - [25/Sep/2015:00:20:36 +0200] "GET /f/u911l1s4/normal/render.uP?pCt=ul-iframe-planning-ade-ul-global.u911l1n57&pCs=normal&pCp HTTP/1.1" 200 45215 "https://ent.univ-lorraine.fr/f/u911l1s4/normal/render.uP?pCt=ul-iframe-planning-ade-ul-formation.u911l1n55&pCs=normal&pCp" "Mozilla/5.0 (Macintosh; Intel Mac OS X 10_10_5) AppleWebKit/600.8.9 (KHTML, like Gecko) Version/8.0.8 Safari/600.8.9" "SESSION_ROUTE=ent5" "ASSIGN_ROUTE=ent5" TRACE-98074-0aSX5jSe1uB2cbwxCwQmCxVBylfR7qoFz50nj6TYzZBjUJUFdn-cas1
93.29.77.112 - - [25/Sep/2015:00:20:36 +0200] "GET /f/u911l1s4/normal/render.uP?pCt=ul-iframe-planning-ade-ul-formation.u911l1n55&pCs=normal&pCp HTTP/1.1" 200 44979 "https://ent.univ-lorraine.fr/f/u1411l1s4/normal/render.uP" "Mozilla/5.0 (Macintosh; Intel Mac OS X 10_8_5) AppleWebKit/537.36 (KHTML, like Gecko) Chrome/45.0.2454.93 Safari/537.36" "SESSION_ROUTE=ent6" "ASSIGN_ROUTE=ent6" TRACE-98078-uP1IhKKHcnxcpCTpoC3YzbQVqSGr7ntAo9ZoEQoB7ZxguwXjA9-cas1
93.29.77.112 - - [25/Sep/2015:00:20:39 +0200] "GET /f/u911l1s4/normal/render.uP?pCt=ul-iframe-planning-ade-ul-formation.u911l1n55&pCs=normal&pCp HTTP/1.1" 200 44978 "https://ent.univ-lorraine.fr/f/u911l1s4/normal/render.uP?pCt=ul-iframe-planning-ade-ul-formation.u911l1n55&pCs=normal&pCp" "Mozilla/5.0 (Macintosh; Intel Mac OS X 10_8_5) AppleWebKit/537.36 (KHTML, like Gecko) Chrome/45.0.2454.93 Safari/537.36" "SESSION_ROUTE=ent6" "ASSIGN_ROUTE=ent6" TRACE-98078-uP1IhKKHcnxcpCTpoC3YzbQVqSGr7ntAo9ZoEQoB7ZxguwXjA9-cas1
93.29.77.112 - - [25/Sep/2015:00:20:42 +0200] "GET /f/u911l1s4/normal/render.uP?pCt=ul-iframe-planning-ade-ul-etu.u911l1n54&pCs=normal&pCp HTTP/1.1" 200 44944 "https://ent.univ-lorraine.fr/f/u911l1s4/normal/render.uP?pCt=ul-iframe-planning-ade-ul-formation.u911l1n55&pCs=normal&pCp" "Mozilla/5.0 (Macintosh; Intel Mac OS X 10_8_5) AppleWebKit/537.36 (KHTML, like Gecko) Chrome/45.0.2454.93 Safari/537.36" "SESSION_ROUTE=ent6" "ASSIGN_ROUTE=ent6" TRACE-98078-uP1IhKKHcnxcpCTpoC3YzbQVqSGr7ntAo9ZoEQoB7ZxguwXjA9-cas1
78.122.228.81 - - [25/Sep/2015:00:20:42 +0200] "GET /Login HTTP/1.1" 302 - "https://auth.univ-lorraine.fr/login?service=https://ent.univ-lorraine.fr/Login" "Mozilla/5.0 (Windows NT 6.1; WOW64; rv:40.0) Gecko/20100101 Firefox/40.0" "SESSION_ROUTE=ent6" "ASSIGN_ROUTE=ent6" TRACE-98082-5rGjIwD9QzSelTbJEXgi0a3fJJdP5pSu46gbUtkbyTF1q2sQqh-cas1
78.122.228.81 - - [25/Sep/2015:00:20:43 +0200] "GET /f/u1411l1s4/normal/render.uP HTTP/1.1" 200 51842 "https://auth.univ-lorraine.fr/login?service=https://ent.univ-lorraine.fr/Login" "Mozilla/5.0 (Windows NT 6.1; WOW64; rv:40.0) Gecko/20100101 Firefox/40.0" "SESSION_ROUTE=ent6" "ASSIGN_ROUTE=ent6" TRACE-98082-5rGjIwD9QzSelTbJEXgi0a3fJJdP5pSu46gbUtkbyTF1q2sQqh-cas1
77.201.73.79 - - [25/Sep/2015:00:20:43 +0200] "GET /Login HTTP/1.1" 302 - "https://auth.univ-lorraine.fr/login?service=https://ent.univ-lorraine.fr/Login" "Mozilla/5.0 (Windows NT 6.1; WOW64) AppleWebKit/537.36 (KHTML, like Gecko) Chrome/45.0.2454.99 Safari/537.36" "SESSION_ROUTE=ent2" "ASSIGN_ROUTE=ent2" TRACE-98084-nGrXBxADV1LgEvOXpFKAzf4jza2edWM9g9VIyTbenFekMaeuRh-cas1
77.201.73.79 - - [25/Sep/2015:00:20:43 +0200] "GET /f/u1411l1s4/normal/render.uP HTTP/1.1" 200 51972 "https://auth.univ-lorraine.fr/login?service=https://ent.univ-lorraine.fr/Login" "Mozilla/5.0 (Windows NT 6.1; WOW64) AppleWebKit/537.36 (KHTML, like Gecko) Chrome/45.0.2454.99 Safari/537.36" "SESSION_ROUTE=ent2" "ASSIGN_ROUTE=ent2" TRACE-98084-nGrXBxADV1LgEvOXpFKAzf4jza2edWM9g9VIyTbenFekMaeuRh-cas1
92.91.224.199 - - [25/Sep/2015:00:20:43 +0200] "GET /Login HTTP/1.1" 302 - "https://auth.univ-lorraine.fr/login?service=https://ent.univ-lorraine.fr/Login" "Mozilla/5.0 (Windows NT 6.1; WOW64; rv:41.0) Gecko/20100101 Firefox/41.0" "SESSION_ROUTE=ent4" "ASSIGN_ROUTE=ent4" TRACE-98085-bQzsCKL0cviMW6wBRnhsFagLLdmgcxvaTAyBCdcwfGksa4CZIM-cas1
92.91.224.199 - - [25/Sep/2015:00:20:44 +0200] "GET /f/u1411l1s4/normal/render.uP HTTP/1.1" 200 51071 "https://auth.univ-lorraine.fr/login?service=https://ent.univ-lorraine.fr/Login" "Mozilla/5.0 (Windows NT 6.1; WOW64; rv:41.0) Gecko/20100101 Firefox/41.0" "SESSION_ROUTE=ent4" "ASSIGN_ROUTE=ent4" TRACE-98085-bQzsCKL0cviMW6wBRnhsFagLLdmgcxvaTAyBCdcwfGksa4CZIM-cas1
82.236.223.126 - - [25/Sep/2015:00:20:44 +0200] "GET /Login HTTP/1.1" 302 - "https://auth.univ-lorraine.fr/login;jsessionid=81EE02A188E17D24858C89CF07CFEF7D?service=https://ent.univ-lorraine.fr/Login" "Mozilla/5.0 (Windows NT 6.3; WOW64) AppleWebKit/537.36 (KHTML, like Gecko) Chrome/45.0.2454.99 Safari/537.36" "SESSION_ROUTE=ent3" "ASSIGN_ROUTE=ent3" TRACE-98086-ggLBFprS7ar5yYS7G2JG6ZuxY9nuyGlzPJHV3bTMjkxkMlJovr-cas1
82.236.223.126 - - [25/Sep/2015:00:20:44 +0200] "GET /f/u1411l1s4/normal/render.uP HTTP/1.1" 200 50516 "https://auth.univ-lorraine.fr/login;jsessionid=81EE02A188E17D24858C89CF07CFEF7D?service=https://ent.univ-lorraine.fr/Login" "Mozilla/5.0 (Windows NT 6.3; WOW64) AppleWebKit/537.36 (KHTML, like Gecko) Chrome/45.0.2454.99 Safari/537.36" "SESSION_ROUTE=ent3" "ASSIGN_ROUTE=ent3" TRACE-98086-ggLBFprS7ar5yYS7G2JG6ZuxY9nuyGlzPJHV3bTMjkxkMlJovr-cas1
92.91.224.199 - - [25/Sep/2015:00:20:46 +0200] "GET /f/u1411l1s4/normal/render.uP?pCt=ul-zcs-etud.u1411l1n53&pCs=normal&pCp HTTP/1.1" 200 57268 "https://ent.univ-lorraine.fr/f/u1411l1s4/normal/render.uP" "Mozilla/5.0 (Windows NT 6.1; WOW64; rv:41.0) Gecko/20100101 Firefox/41.0" "SESSION_ROUTE=ent4" "ASSIGN_ROUTE=ent4" TRACE-98085-bQzsCKL0cviMW6wBRnhsFagLLdmgcxvaTAyBCdcwfGksa4CZIM-cas1
77.201.73.79 - - [25/Sep/2015:00:20:47 +0200] "GET /f/u378l1s4/p/ul-zcs-etud.u378l1n57/max/render.uP?pCp HTTP/1.1" 200 45098 "https://ent.univ-lorraine.fr/f/u1411l1s4/normal/render.uP" "Mozilla/5.0 (Windows NT 6.1; WOW64) AppleWebKit/537.36 (KHTML, like Gecko) Chrome/45.0.2454.99 Safari/537.36" "SESSION_ROUTE=ent2" "ASSIGN_ROUTE=ent2" TRACE-98084-nGrXBxADV1LgEvOXpFKAzf4jza2edWM9g9VIyTbenFekMaeuRh-cas1
77.201.73.79 - - [25/Sep/2015:00:20:47 +0200] "GET /nancy2-portlet-zimbra/ajax/getMessages HTTP/1.1" 200 330 "https://ent.univ-lorraine.fr/f/u378l1s4/p/ul-zcs-etud.u378l1n57/max/render.uP?pCp" "Mozilla/5.0 (Windows NT 6.1; WOW64) AppleWebKit/537.36 (KHTML, like Gecko) Chrome/45.0.2454.99 Safari/537.36" "SESSION_ROUTE=ent2" "ASSIGN_ROUTE=ent2" TRACE-98084-nGrXBxADV1LgEvOXpFKAzf4jza2edWM9g9VIyTbenFekMaeuRh-cas1
77.201.73.79 - - [25/Sep/2015:00:20:47 +0200] "GET /nancy2-portlet-zimbra/ajax/getTasks HTTP/1.1" 200 2 "https://ent.univ-lorraine.fr/f/u378l1s4/p/ul-zcs-etud.u378l1n57/max/render.uP?pCp" "Mozilla/5.0 (Windows NT 6.1; WOW64) AppleWebKit/537.36 (KHTML, like Gecko) Chrome/45.0.2454.99 Safari/537.36" "SESSION_ROUTE=ent2" "ASSIGN_ROUTE=ent2" TRACE-98084-nGrXBxADV1LgEvOXpFKAzf4jza2edWM9g9VIyTbenFekMaeuRh-cas1
77.201.73.79 - - [25/Sep/2015:00:20:47 +0200] "GET /nancy2-portlet-zimbra/ajax/getTodayEvents HTTP/1.1" 200 2 "https://ent.univ-lorraine.fr/f/u378l1s4/p/ul-zcs-etud.u378l1n57/max/render.uP?pCp" "Mozilla/5.0 (Windows NT 6.1; WOW64) AppleWebKit/537.36 (KHTML, like Gecko) Chrome/45.0.2454.99 Safari/537.36" "SESSION_ROUTE=ent2" "ASSIGN_ROUTE=ent2" TRACE-98084-nGrXBxADV1LgEvOXpFKAzf4jza2edWM9g9VIyTbenFekMaeuRh-cas1
77.201.73.79 - - [25/Sep/2015:00:20:47 +0200] "GET /nancy2-portlet-zimbra/ajax/getWeekEvents HTTP/1.1" 200 2 "https://ent.univ-lorraine.fr/f/u378l1s4/p/ul-zcs-etud.u378l1n57/max/render.uP?pCp" "Mozilla/5.0 (Windows NT 6.1; WOW64) AppleWebKit/537.36 (KHTML, like Gecko) Chrome/45.0.2454.99 Safari/537.36" "SESSION_ROUTE=ent2" "ASSIGN_ROUTE=ent2" TRACE-98084-nGrXBxADV1LgEvOXpFKAzf4jza2edWM9g9VIyTbenFekMaeuRh-cas1
82.236.223.126 - - [25/Sep/2015:00:20:48 +0200] "GET /f/u1411l1s4/normal/render.uP?pCt=ul-zcs-etud.u1411l1n53&pCs=normal&pCp HTTP/1.1" 200 56713 "https://ent.univ-lorraine.fr/f/u1411l1s4/normal/render.uP" "Mozilla/5.0 (Windows NT 6.3; WOW64) AppleWebKit/537.36 (KHTML, like Gecko) Chrome/45.0.2454.99 Safari/537.36" "SESSION_ROUTE=ent3" "ASSIGN_ROUTE=ent3" TRACE-98086-ggLBFprS7ar5yYS7G2JG6ZuxY9nuyGlzPJHV3bTMjkxkMlJovr-cas1
92.91.224.199 - - [25/Sep/2015:00:20:49 +0200] "GET /f/u911l1s4/normal/render.uP HTTP/1.1" 200 45497 "https://ent.univ-lorraine.fr/f/u1411l1s4/normal/render.uP?pCt=ul-zcs-etud.u1411l1n53&pCs=normal&pCp" "Mozilla/5.0 (Windows NT 6.1; WOW64; rv:41.0) Gecko/20100101 Firefox/41.0" "SESSION_ROUTE=ent4" "ASSIGN_ROUTE=ent4" TRACE-98085-bQzsCKL0cviMW6wBRnhsFagLLdmgcxvaTAyBCdcwfGksa4CZIM-cas1
82.236.223.126 - - [25/Sep/2015:00:20:49 +0200] "GET /nancy2-portlet-zimbra/ajax/getFolders HTTP/1.1" 200 550 "https://ent.univ-lorraine.fr/f/u1411l1s4/normal/render.uP?pCt=ul-zcs-etud.u1411l1n53&pCs=normal&pCp" "Mozilla/5.0 (Windows NT 6.3; WOW64) AppleWebKit/537.36 (KHTML, like Gecko) Chrome/45.0.2454.99 Safari/537.36" "SESSION_ROUTE=ent3" "ASSIGN_ROUTE=ent3" TRACE-98086-ggLBFprS7ar5yYS7G2JG6ZuxY9nuyGlzPJHV3bTMjkxkMlJovr-cas1
82.236.223.126 - - [25/Sep/2015:00:20:49 +0200] "GET /nancy2-portlet-zimbra/ajax/getTodayEvents HTTP/1.1" 200 2 "https://ent.univ-lorraine.fr/f/u1411l1s4/normal/render.uP?pCt=ul-zcs-etud.u1411l1n53&pCs=normal&pCp" "Mozilla/5.0 (Windows NT 6.3; WOW64) AppleWebKit/537.36 (KHTML, like Gecko) Chrome/45.0.2454.99 Safari/537.36" "SESSION_ROUTE=ent3" "ASSIGN_ROUTE=ent3" TRACE-98086-ggLBFprS7ar5yYS7G2JG6ZuxY9nuyGlzPJHV3bTMjkxkMlJovr-cas1
82.236.223.126 - - [25/Sep/2015:00:20:49 +0200] "GET /nancy2-portlet-zimbra/ajax/getTasks HTTP/1.1" 200 2 "https://ent.univ-lorraine.fr/f/u1411l1s4/normal/render.uP?pCt=ul-zcs-etud.u1411l1n53&pCs=normal&pCp" "Mozilla/5.0 (Windows NT 6.3; WOW64) AppleWebKit/537.36 (KHTML, like Gecko) Chrome/45.0.2454.99 Safari/537.36" "SESSION_ROUTE=ent3" "ASSIGN_ROUTE=ent3" TRACE-98086-ggLBFprS7ar5yYS7G2JG6ZuxY9nuyGlzPJHV3bTMjkxkMlJovr-cas1
82.236.223.126 - - [25/Sep/2015:00:20:49 +0200] "GET /nancy2-portlet-zimbra/ajax/getWeekEvents HTTP/1.1" 200 2 "https://ent.univ-lorraine.fr/f/u1411l1s4/normal/render.uP?pCt=ul-zcs-etud.u1411l1n53&pCs=normal&pCp" "Mozilla/5.0 (Windows NT 6.3; WOW64) AppleWebKit/537.36 (KHTML, like Gecko) Chrome/45.0.2454.99 Safari/537.36" "SESSION_ROUTE=ent3" "ASSIGN_ROUTE=ent3" TRACE-98086-ggLBFprS7ar5yYS7G2JG6ZuxY9nuyGlzPJHV3bTMjkxkMlJovr-cas1
82.236.223.126 - - [25/Sep/2015:00:20:49 +0200] "GET /nancy2-portlet-zimbra/ajax/getMessages HTTP/1.1" 200 1639 "https://ent.univ-lorraine.fr/f/u1411l1s4/normal/render.uP?pCt=ul-zcs-etud.u1411l1n53&pCs=normal&pCp" "Mozilla/5.0 (Windows NT 6.3; WOW64) AppleWebKit/537.36 (KHTML, like Gecko) Chrome/45.0.2454.99 Safari/537.36" "SESSION_ROUTE=ent3" "ASSIGN_ROUTE=ent3" TRACE-98086-ggLBFprS7ar5yYS7G2JG6ZuxY9nuyGlzPJHV3bTMjkxkMlJovr-cas1
77.201.73.79 - - [25/Sep/2015:00:20:47 +0200] "GET /nancy2-portlet-zimbra/ajax/getFolders HTTP/1.1" 200 548 "https://ent.univ-lorraine.fr/f/u378l1s4/p/ul-zcs-etud.u378l1n57/max/render.uP?pCp" "Mozilla/5.0 (Windows NT 6.1; WOW64) AppleWebKit/537.36 (KHTML, like Gecko) Chrome/45.0.2454.99 Safari/537.36" "SESSION_ROUTE=ent2" "ASSIGN_ROUTE=ent2" TRACE-98084-nGrXBxADV1LgEvOXpFKAzf4jza2edWM9g9VIyTbenFekMaeuRh-cas1
78.122.228.81 - - [25/Sep/2015:00:20:51 +0200] "GET /f/u378l1s4/p/ul-zcs-etud.u378l1n57/max/render.uP?pCp HTTP/1.1" 200 44969 "https://ent.univ-lorraine.fr/f/u1411l1s4/normal/render.uP" "Mozilla/5.0 (Windows NT 6.1; WOW64; rv:40.0) Gecko/20100101 Firefox/40.0" "SESSION_ROUTE=ent6" "ASSIGN_ROUTE=ent6" TRACE-98082-5rGjIwD9QzSelTbJEXgi0a3fJJdP5pSu46gbUtkbyTF1q2sQqh-cas1
92.91.224.199 - - [25/Sep/2015:00:20:52 +0200] "GET /f/u911l1s4/normal/render.uP?pCt=ul-iframe-planning-ade-ul-etu.u911l1n54&pCs=normal&pCp HTTP/1.1" 200 45497 "https://ent.univ-lorraine.fr/f/u911l1s4/normal/render.uP" "Mozilla/5.0 (Windows NT 6.1; WOW64; rv:41.0) Gecko/20100101 Firefox/41.0" "SESSION_ROUTE=ent4" "ASSIGN_ROUTE=ent4" TRACE-98085-bQzsCKL0cviMW6wBRnhsFagLLdmgcxvaTAyBCdcwfGksa4CZIM-cas1
78.122.228.81 - - [25/Sep/2015:00:20:52 +0200] "GET /nancy2-portlet-zimbra/ajax/getTodayEvents HTTP/1.1" 200 2 "https://ent.univ-lorraine.fr/f/u378l1s4/p/ul-zcs-etud.u378l1n57/max/render.uP?pCp" "Mozilla/5.0 (Windows NT 6.1; WOW64; rv:40.0) Gecko/20100101 Firefox/40.0" "SESSION_ROUTE=ent6" "ASSIGN_ROUTE=ent6" TRACE-98082-5rGjIwD9QzSelTbJEXgi0a3fJJdP5pSu46gbUtkbyTF1q2sQqh-cas1
78.122.228.81 - - [25/Sep/2015:00:20:52 +0200] "GET /nancy2-portlet-zimbra/ajax/getTasks HTTP/1.1" 200 2 "https://ent.univ-lorraine.fr/f/u378l1s4/p/ul-zcs-etud.u378l1n57/max/render.uP?pCp" "Mozilla/5.0 (Windows NT 6.1; WOW64; rv:40.0) Gecko/20100101 Firefox/40.0" "SESSION_ROUTE=ent6" "ASSIGN_ROUTE=ent6" TRACE-98082-5rGjIwD9QzSelTbJEXgi0a3fJJdP5pSu46gbUtkbyTF1q2sQqh-cas1
78.122.228.81 - - [25/Sep/2015:00:20:52 +0200] "GET /nancy2-portlet-zimbra/ajax/getWeekEvents HTTP/1.1" 200 2 "https://ent.univ-lorraine.fr/f/u378l1s4/p/ul-zcs-etud.u378l1n57/max/render.uP?pCp" "Mozilla/5.0 (Windows NT 6.1; WOW64; rv:40.0) Gecko/20100101 Firefox/40.0" "SESSION_ROUTE=ent6" "ASSIGN_ROUTE=ent6" TRACE-98082-5rGjIwD9QzSelTbJEXgi0a3fJJdP5pSu46gbUtkbyTF1q2sQqh-cas1
78.122.228.81 - - [25/Sep/2015:00:20:52 +0200] "GET /nancy2-portlet-zimbra/ajax/getFolders HTTP/1.1" 200 550 "https://ent.univ-lorraine.fr/f/u378l1s4/p/ul-zcs-etud.u378l1n57/max/render.uP?pCp" "Mozilla/5.0 (Windows NT 6.1; WOW64; rv:40.0) Gecko/20100101 Firefox/40.0" "SESSION_ROUTE=ent6" "ASSIGN_ROUTE=ent6" TRACE-98082-5rGjIwD9QzSelTbJEXgi0a3fJJdP5pSu46gbUtkbyTF1q2sQqh-cas1
78.122.228.81 - - [25/Sep/2015:00:20:52 +0200] "GET /nancy2-portlet-zimbra/ajax/getMessages HTTP/1.1" 200 1630 "https://ent.univ-lorraine.fr/f/u378l1s4/p/ul-zcs-etud.u378l1n57/max/render.uP?pCp" "Mozilla/5.0 (Windows NT 6.1; WOW64; rv:40.0) Gecko/20100101 Firefox/40.0" "SESSION_ROUTE=ent6" "ASSIGN_ROUTE=ent6" TRACE-98082-5rGjIwD9QzSelTbJEXgi0a3fJJdP5pSu46gbUtkbyTF1q2sQqh-cas1
82.236.223.126 - - [25/Sep/2015:00:20:55 +0200] "GET /f/u911l1s4/normal/render.uP?pCt=uhp-portlet-cours-moodle-bali.u911l1n67&pCs=normal&pCp HTTP/1.1" 200 107388 "https://ent.univ-lorraine.fr/f/u1411l1s4/normal/render.uP?pCt=ul-zcs-etud.u1411l1n53&pCs=normal&pCp" "Mozilla/5.0 (Windows NT 6.3; WOW64) AppleWebKit/537.36 (KHTML, like Gecko) Chrome/45.0.2454.99 Safari/537.36" "SESSION_ROUTE=ent3" "ASSIGN_ROUTE=ent3" TRACE-98086-ggLBFprS7ar5yYS7G2JG6ZuxY9nuyGlzPJHV3bTMjkxkMlJovr-cas1
91.68.130.138 - - [25/Sep/2015:00:21:04 +0200] "GET /Login HTTP/1.1" 302 - "https://auth.univ-lorraine.fr/login?service=https://ent.univ-lorraine.fr/Login" "Mozilla/5.0 (Linux; Android 4.4.2; GT-I9195 Build/KOT49H) AppleWebKit/537.36 (KHTML, like Gecko) Chrome/45.0.2454.94 Mobile Safari/537.36" "SESSION_ROUTE=ent3" "ASSIGN_ROUTE=ent3" TRACE-98091-I5I0aGo2savoQfCUxx7LqEExbcx97mmXKesOfXhNTvHijnIYbr-cas1
91.68.130.138 - - [25/Sep/2015:00:21:05 +0200] "GET /normal/render.uP HTTP/1.1" 200 9157 "https://auth.univ-lorraine.fr/login?service=https://ent.univ-lorraine.fr/Login" "Mozilla/5.0 (Linux; Android 4.4.2; GT-I9195 Build/KOT49H) AppleWebKit/537.36 (KHTML, like Gecko) Chrome/45.0.2454.94 Mobile Safari/537.36" "SESSION_ROUTE=ent3" "ASSIGN_ROUTE=ent3" TRACE-98091-I5I0aGo2savoQfCUxx7LqEExbcx97mmXKesOfXhNTvHijnIYbr-cas1
91.68.130.138 - - [25/Sep/2015:00:21:12 +0200] "GET /Login?profile=desktop HTTP/1.1" 302 - "https://ent.univ-lorraine.fr/normal/render.uP" "Mozilla/5.0 (Linux; Android 4.4.2; GT-I9195 Build/KOT49H) AppleWebKit/537.36 (KHTML, like Gecko) Chrome/45.0.2454.94 Mobile Safari/537.36" "SESSION_ROUTE=ent3" "ASSIGN_ROUTE=ent3" TRACE-98091-I5I0aGo2savoQfCUxx7LqEExbcx97mmXKesOfXhNTvHijnIYbr-cas1
91.68.130.138 - - [25/Sep/2015:00:21:13 +0200] "GET /f/u1411l1s4/normal/render.uP HTTP/1.1" 200 52527 "https://ent.univ-lorraine.fr/normal/render.uP" "Mozilla/5.0 (Linux; Android 4.4.2; GT-I9195 Build/KOT49H) AppleWebKit/537.36 (KHTML, like Gecko) Chrome/45.0.2454.94 Mobile Safari/537.36" "SESSION_ROUTE=ent3" "ASSIGN_ROUTE=ent3" TRACE-98091-I5I0aGo2savoQfCUxx7LqEExbcx97mmXKesOfXhNTvHijnIYbr-cas1
92.91.224.199 - - [25/Sep/2015:00:21:14 +0200] "GET /f/u1411l1s4/normal/render.uP HTTP/1.1" 200 51072 "https://ent.univ-lorraine.fr/f/u911l1s4/normal/render.uP?pCt=ul-iframe-planning-ade-ul-etu.u911l1n54&pCs=normal&pCp" "Mozilla/5.0 (Windows NT 6.1; WOW64; rv:41.0) Gecko/20100101 Firefox/41.0" "SESSION_ROUTE=ent4" "ASSIGN_ROUTE=ent4" TRACE-98085-bQzsCKL0cviMW6wBRnhsFagLLdmgcxvaTAyBCdcwfGksa4CZIM-cas1
92.91.224.199 - - [25/Sep/2015:00:21:17 +0200] "GET /f/u911l1s4/normal/render.uP HTTP/1.1" 200 45497 "https://ent.univ-lorraine.fr/f/u1411l1s4/normal/render.uP" "Mozilla/5.0 (Windows NT 6.1; WOW64; rv:41.0) Gecko/20100101 Firefox/41.0" "SESSION_ROUTE=ent4" "ASSIGN_ROUTE=ent4" TRACE-98085-bQzsCKL0cviMW6wBRnhsFagLLdmgcxvaTAyBCdcwfGksa4CZIM-cas1
92.91.224.199 - - [25/Sep/2015:00:21:21 +0200] "GET /Logout HTTP/1.1" 302 - "https://ent.univ-lorraine.fr/f/u911l1s4/normal/render.uP" "Mozilla/5.0 (Windows NT 6.1; WOW64; rv:41.0) Gecko/20100101 Firefox/41.0" "SESSION_ROUTE=ent4" "ASSIGN_ROUTE=ent4" TRACE-98085-bQzsCKL0cviMW6wBRnhsFagLLdmgcxvaTAyBCdcwfGksa4CZIM-cas1
92.91.224.199 - - [25/Sep/2015:00:21:21 +0200] "GET /Login HTTP/1.1" 302 - "https://ent.univ-lorraine.fr/f/u911l1s4/normal/render.uP" "Mozilla/5.0 (Windows NT 6.1; WOW64; rv:41.0) Gecko/20100101 Firefox/41.0" "SESSION_ROUTE=ent4" "ASSIGN_ROUTE=ent4" TRACE-98085-bQzsCKL0cviMW6wBRnhsFagLLdmgcxvaTAyBCdcwfGksa4CZIM-cas1
92.91.224.199 - - [25/Sep/2015:00:21:21 +0200] "GET /f/u21l1s4/normal/render.uP HTTP/1.1" 200 30048 "https://ent.univ-lorraine.fr/f/u911l1s4/normal/render.uP" "Mozilla/5.0 (Windows NT 6.1; WOW64; rv:41.0) Gecko/20100101 Firefox/41.0" "SESSION_ROUTE=ent4" "ASSIGN_ROUTE=ent4" TRACE-98085-bQzsCKL0cviMW6wBRnhsFagLLdmgcxvaTAyBCdcwfGksa4CZIM-cas1
86.223.195.116 - - [25/Sep/2015:00:21:21 +0200] "GET /Login?refUrl=/f/u374l1s4/normal/render.uP%3FpCt%3Dul-iframe-youpaces.u374l1n9%26pCs%3Dnormal%26pCp HTTP/1.1" 302 - "https://auth.univ-lorraine.fr/login?service=https://ent.univ-lorraine.fr/Login%3FrefUrl%3D%2Ff%2Fu374l1s4%2Fnormal%2Frender.uP%253FpCt%253Dul-iframe-youpaces.u374l1n9%2526pCs%253Dnormal%2526pCp" "Mozilla/5.0 (Windows NT 10.0; WOW64) AppleWebKit/537.36 (KHTML, like Gecko) Chrome/45.0.2454.99 Safari/537.36" "SESSION_ROUTE=ent2" "ASSIGN_ROUTE=ent2" TRACE-98099-knHtRbaIpXF04d90WOfwkowfOT5lxLnCkcFfl396RQNFbVMreb-cas1
86.223.66.203 - - [25/Sep/2015:00:21:22 +0200] "GET /Login?refUrl=/f/u1411l1s4/normal/render.uP HTTP/1.1" 302 - "https://auth.univ-lorraine.fr/login?service=https://ent.univ-lorraine.fr/Login%3FrefUrl%3D%2Ff%2Fu1411l1s4%2Fnormal%2Frender.uP" "Mozilla/5.0 (Windows NT 6.3; WOW64) AppleWebKit/537.36 (KHTML, like Gecko) Chrome/45.0.2454.99 Safari/537.36" "SESSION_ROUTE=ent4" "ASSIGN_ROUTE=ent4" TRACE-98101-ePHBopzeAFakoSuwVWmphnpUiQqxcZaTIeenDTfMbSZENrtK5X-cas1
92.91.224.199 - - [25/Sep/2015:00:21:22 +0200] "POST /f/u21l1s4/p/esup-portlet-annuaire-desktop.u21l1n103/normal/action.uP?pP___jpfbJSFTARGET=view%3A%2Fstylesheets%2Fhome.xhtml HTTP/1.1" 302 - "https://ent.univ-lorraine.fr/f/u21l1s4/normal/render.uP" "Mozilla/5.0 (Windows NT 6.1; WOW64; rv:41.0) Gecko/20100101 Firefox/41.0" "SESSION_ROUTE=ent4" "ASSIGN_ROUTE=ent4" TRACE-98085-bQzsCKL0cviMW6wBRnhsFagLLdmgcxvaTAyBCdcwfGksa4CZIM-cas1
86.223.195.116 - - [25/Sep/2015:00:21:21 +0200] "GET /f/u374l1s4/normal/render.uP?pCt=ul-iframe-youpaces.u374l1n9&pCs=normal&pCp HTTP/1.1" 200 42671 "https://auth.univ-lorraine.fr/login?service=https://ent.univ-lorraine.fr/Login%3FrefUrl%3D%2Ff%2Fu374l1s4%2Fnormal%2Frender.uP%253FpCt%253Dul-iframe-youpaces.u374l1n9%2526pCs%253Dnormal%2526pCp" "Mozilla/5.0 (Windows NT 10.0; WOW64) AppleWebKit/537.36 (KHTML, like Gecko) Chrome/45.0.2454.99 Safari/537.36" "SESSION_ROUTE=ent2" "ASSIGN_ROUTE=ent2" TRACE-98099-knHtRbaIpXF04d90WOfwkowfOT5lxLnCkcFfl396RQNFbVMreb-cas1
62.34.104.147 - - [25/Sep/2015:00:21:22 +0200] "GET /Login HTTP/1.1" 302 - "https://auth.univ-lorraine.fr/login?service=https://ent.univ-lorraine.fr/Login" "Mozilla/5.0 (Macintosh; Intel Mac OS X 10.6; rv:40.0) Gecko/20100101 Firefox/40.0" "SESSION_ROUTE=ent2" "ASSIGN_ROUTE=ent2" TRACE-98100-JlbTf0zG2eUb9r6wKfMc7PixYtTX7GxEqNUPbl0rTUJIOyLgTD-cas1
86.223.66.203 - - [25/Sep/2015:00:21:22 +0200] "GET /f/u1411l1s4/normal/render.uP HTTP/1.1" 200 50536 "https://auth.univ-lorraine.fr/login?service=https://ent.univ-lorraine.fr/Login%3FrefUrl%3D%2Ff%2Fu1411l1s4%2Fnormal%2Frender.uP" "Mozilla/5.0 (Windows NT 6.3; WOW64) AppleWebKit/537.36 (KHTML, like Gecko) Chrome/45.0.2454.99 Safari/537.36" "SESSION_ROUTE=ent4" "ASSIGN_ROUTE=ent4" TRACE-98101-ePHBopzeAFakoSuwVWmphnpUiQqxcZaTIeenDTfMbSZENrtK5X-cas1
62.34.104.147 - - [25/Sep/2015:00:21:23 +0200] "GET /f/u1411l1s4/normal/render.uP HTTP/1.1" 200 58242 "https://auth.univ-lorraine.fr/login?service=https://ent.univ-lorraine.fr/Login" "Mozilla/5.0 (Macintosh; Intel Mac OS X 10.6; rv:40.0) Gecko/20100101 Firefox/40.0" "SESSION_ROUTE=ent2" "ASSIGN_ROUTE=ent2" TRACE-98100-JlbTf0zG2eUb9r6wKfMc7PixYtTX7GxEqNUPbl0rTUJIOyLgTD-cas1
62.34.104.147 - - [25/Sep/2015:00:21:27 +0200] "GET /Logout HTTP/1.1" 302 - "https://ent.univ-lorraine.fr/f/u1411l1s4/normal/render.uP" "Mozilla/5.0 (Macintosh; Intel Mac OS X 10.6; rv:40.0) Gecko/20100101 Firefox/40.0" "SESSION_ROUTE=ent2" "ASSIGN_ROUTE=ent2" TRACE-98100-JlbTf0zG2eUb9r6wKfMc7PixYtTX7GxEqNUPbl0rTUJIOyLgTD-cas1
91.68.130.138 - - [25/Sep/2015:00:21:21 +0200] "GET /f/u911l1s4/normal/render.uP HTTP/1.1" 200 70281 "https://ent.univ-lorraine.fr/f/u1411l1s4/normal/render.uP" "Mozilla/5.0 (Linux; Android 4.4.2; GT-I9195 Build/KOT49H) AppleWebKit/537.36 (KHTML, like Gecko) Chrome/45.0.2454.94 Mobile Safari/537.36" "SESSION_ROUTE=ent3" "ASSIGN_ROUTE=ent3" TRACE-98091-I5I0aGo2savoQfCUxx7LqEExbcx97mmXKesOfXhNTvHijnIYbr-cas1
62.34.104.147 - - [25/Sep/2015:00:21:27 +0200] "GET /Login HTTP/1.1" 302 - "https://ent.univ-lorraine.fr/f/u1411l1s4/normal/render.uP" "Mozilla/5.0 (Macintosh; Intel Mac OS X 10.6; rv:40.0) Gecko/20100101 Firefox/40.0" "SESSION_ROUTE=ent2" "ASSIGN_ROUTE=ent2" TRACE-98100-JlbTf0zG2eUb9r6wKfMc7PixYtTX7GxEqNUPbl0rTUJIOyLgTD-cas1
62.34.104.147 - - [25/Sep/2015:00:21:27 +0200] "GET /f/u21l1s4/normal/render.uP HTTP/1.1" 200 30048 "https://ent.univ-lorraine.fr/f/u1411l1s4/normal/render.uP" "Mozilla/5.0 (Macintosh; Intel Mac OS X 10.6; rv:40.0) Gecko/20100101 Firefox/40.0" "SESSION_ROUTE=ent2" "ASSIGN_ROUTE=ent2" TRACE-98100-JlbTf0zG2eUb9r6wKfMc7PixYtTX7GxEqNUPbl0rTUJIOyLgTD-cas1
62.34.104.147 - - [25/Sep/2015:00:21:28 +0200] "POST /f/u21l1s4/p/esup-portlet-annuaire-desktop.u21l1n103/normal/action.uP?pP___jpfbJSFTARGET=view%3A%2Fstylesheets%2Fhome.xhtml HTTP/1.1" 302 - "https://ent.univ-lorraine.fr/f/u21l1s4/normal/render.uP" "Mozilla/5.0 (Macintosh; Intel Mac OS X 10.6; rv:40.0) Gecko/20100101 Firefox/40.0" "SESSION_ROUTE=ent2" "ASSIGN_ROUTE=ent2" TRACE-98100-JlbTf0zG2eUb9r6wKfMc7PixYtTX7GxEqNUPbl0rTUJIOyLgTD-cas1
62.34.104.147 - - [25/Sep/2015:00:21:29 +0200] "GET /f/u21l1s4/normal/render.uP?pCt=esup-portlet-annuaire-desktop.u21l1n103&pP___jpfbJSFTARGET=view%3A%2Fstylesheets%2Fdesktop%2Fpersons.xhtml&pP_org.apache.myfaces.trinidad.util.RequestStateMap=930f820f-9199-4d5f-bfcb-3a8bf93bf3e0 HTTP/1.1" 200 40339 "https://ent.univ-lorraine.fr/f/u21l1s4/normal/render.uP" "Mozilla/5.0 (Macintosh; Intel Mac OS X 10.6; rv:40.0) Gecko/20100101 Firefox/40.0" "SESSION_ROUTE=ent2" "ASSIGN_ROUTE=ent2" TRACE-98100-JlbTf0zG2eUb9r6wKfMc7PixYtTX7GxEqNUPbl0rTUJIOyLgTD-cas1
86.223.195.116 - - [25/Sep/2015:00:21:32 +0200] "GET /f/u911l1s4/normal/render.uP HTTP/1.1" 200 46169 "https://ent.univ-lorraine.fr/f/u374l1s4/normal/render.uP?pCt=ul-iframe-youpaces.u374l1n9&pCs=normal&pCp" "Mozilla/5.0 (Windows NT 10.0; WOW64) AppleWebKit/537.36 (KHTML, like Gecko) Chrome/45.0.2454.99 Safari/537.36" "SESSION_ROUTE=ent2" "ASSIGN_ROUTE=ent2" TRACE-98099-knHtRbaIpXF04d90WOfwkowfOT5lxLnCkcFfl396RQNFbVMreb-cas1
91.68.130.138 - - [25/Sep/2015:00:21:32 +0200] "GET /f/u911l1s4/normal/render.uP?pCt=ul-iframe-planning-ade-ul-formation.u911l1n55&pCs=normal&pCp HTTP/1.1" 200 46989 "https://ent.univ-lorraine.fr/f/u911l1s4/normal/render.uP" "Mozilla/5.0 (Linux; Android 4.4.2; GT-I9195 Build/KOT49H) AppleWebKit/537.36 (KHTML, like Gecko) Chrome/45.0.2454.94 Mobile Safari/537.36" "SESSION_ROUTE=ent3" "ASSIGN_ROUTE=ent3" TRACE-98091-I5I0aGo2savoQfCUxx7LqEExbcx97mmXKesOfXhNTvHijnIYbr-cas1
92.91.224.199 - - [25/Sep/2015:00:21:33 +0200] "GET /Login HTTP/1.1" 302 - "https://auth.univ-lorraine.fr/login?service=https://ent.univ-lorraine.fr/Login" "Mozilla/5.0 (Windows NT 6.1; WOW64; rv:41.0) Gecko/20100101 Firefox/41.0" "SESSION_ROUTE=ent4" "ASSIGN_ROUTE=ent4" TRACE-98103-SC6PhN7br9BfkSIfatfd29SVpsLhl1nLJaY0N6Z2k7L5ncKmhy-cas1
92.91.224.199 - - [25/Sep/2015:00:21:34 +0200] "GET /f/u1411l1s4/normal/render.uP HTTP/1.1" 200 51072 "https://auth.univ-lorraine.fr/login?service=https://ent.univ-lorraine.fr/Login" "Mozilla/5.0 (Windows NT 6.1; WOW64; rv:41.0) Gecko/20100101 Firefox/41.0" "SESSION_ROUTE=ent4" "ASSIGN_ROUTE=ent4" TRACE-98103-SC6PhN7br9BfkSIfatfd29SVpsLhl1nLJaY0N6Z2k7L5ncKmhy-cas1
86.223.66.203 - - [25/Sep/2015:00:21:36 +0200] "GET /f/u378l1s4/p/ul-zcs-etud.u378l1n57/max/render.uP?pCp HTTP/1.1" 200 43774 "https://ent.univ-lorraine.fr/f/u1411l1s4/normal/render.uP" "Mozilla/5.0 (Windows NT 6.3; WOW64) AppleWebKit/537.36 (KHTML, like Gecko) Chrome/45.0.2454.99 Safari/537.36" "SESSION_ROUTE=ent4" "ASSIGN_ROUTE=ent4" TRACE-98101-ePHBopzeAFakoSuwVWmphnpUiQqxcZaTIeenDTfMbSZENrtK5X-cas1
92.91.224.199 - - [25/Sep/2015:00:21:36 +0200] "GET /f/u1411l1s4/normal/render.uP?pCt=ul-zcs-etud.u1411l1n53&pCs=normal&pCp HTTP/1.1" 200 57269 "https://ent.univ-lorraine.fr/f/u1411l1s4/normal/render.uP" "Mozilla/5.0 (Windows NT 6.1; WOW64; rv:41.0) Gecko/20100101 Firefox/41.0" "SESSION_ROUTE=ent4" "ASSIGN_ROUTE=ent4" TRACE-98103-SC6PhN7br9BfkSIfatfd29SVpsLhl1nLJaY0N6Z2k7L5ncKmhy-cas1
86.223.195.116 - - [25/Sep/2015:00:21:36 +0200] "GET /f/u911l1s4/normal/render.uP?pCt=ul-iframe-planning-ade-ul-etu.u911l1n54&pCs=normal&pCp HTTP/1.1" 200 46169 "https://ent.univ-lorraine.fr/f/u911l1s4/normal/render.uP" "Mozilla/5.0 (Windows NT 10.0; WOW64) AppleWebKit/537.36 (KHTML, like Gecko) Chrome/45.0.2454.99 Safari/537.36" "SESSION_ROUTE=ent2" "ASSIGN_ROUTE=ent2" TRACE-98099-knHtRbaIpXF04d90WOfwkowfOT5lxLnCkcFfl396RQNFbVMreb-cas1
86.223.66.203 - - [25/Sep/2015:00:21:37 +0200] "GET /nancy2-portlet-zimbra/ajax/getWeekEvents HTTP/1.1" 200 2 "https://ent.univ-lorraine.fr/f/u378l1s4/p/ul-zcs-etud.u378l1n57/max/render.uP?pCp" "Mozilla/5.0 (Windows NT 6.3; WOW64) AppleWebKit/537.36 (KHTML, like Gecko) Chrome/45.0.2454.99 Safari/537.36" "SESSION_ROUTE=ent4" "ASSIGN_ROUTE=ent4" TRACE-98101-ePHBopzeAFakoSuwVWmphnpUiQqxcZaTIeenDTfMbSZENrtK5X-cas1
86.223.66.203 - - [25/Sep/2015:00:21:37 +0200] "GET /nancy2-portlet-zimbra/ajax/getTodayEvents HTTP/1.1" 200 2 "https://ent.univ-lorraine.fr/f/u378l1s4/p/ul-zcs-etud.u378l1n57/max/render.uP?pCp" "Mozilla/5.0 (Windows NT 6.3; WOW64) AppleWebKit/537.36 (KHTML, like Gecko) Chrome/45.0.2454.99 Safari/537.36" "SESSION_ROUTE=ent4" "ASSIGN_ROUTE=ent4" TRACE-98101-ePHBopzeAFakoSuwVWmphnpUiQqxcZaTIeenDTfMbSZENrtK5X-cas1
86.223.66.203 - - [25/Sep/2015:00:21:37 +0200] "GET /nancy2-portlet-zimbra/ajax/getTasks HTTP/1.1" 200 2 "https://ent.univ-lorraine.fr/f/u378l1s4/p/ul-zcs-etud.u378l1n57/max/render.uP?pCp" "Mozilla/5.0 (Windows NT 6.3; WOW64) AppleWebKit/537.36 (KHTML, like Gecko) Chrome/45.0.2454.99 Safari/537.36" "SESSION_ROUTE=ent4" "ASSIGN_ROUTE=ent4" TRACE-98101-ePHBopzeAFakoSuwVWmphnpUiQqxcZaTIeenDTfMbSZENrtK5X-cas1
86.223.66.203 - - [25/Sep/2015:00:21:37 +0200] "GET /nancy2-portlet-zimbra/ajax/getMessages HTTP/1.1" 200 629 "https://ent.univ-lorraine.fr/f/u378l1s4/p/ul-zcs-etud.u378l1n57/max/render.uP?pCp" "Mozilla/5.0 (Windows NT 6.3; WOW64) AppleWebKit/537.36 (KHTML, like Gecko) Chrome/45.0.2454.99 Safari/537.36" "SESSION_ROUTE=ent4" "ASSIGN_ROUTE=ent4" TRACE-98101-ePHBopzeAFakoSuwVWmphnpUiQqxcZaTIeenDTfMbSZENrtK5X-cas1
86.223.66.203 - - [25/Sep/2015:00:21:37 +0200] "GET /nancy2-portlet-zimbra/ajax/getFolders HTTP/1.1" 200 680 "https://ent.univ-lorraine.fr/f/u378l1s4/p/ul-zcs-etud.u378l1n57/max/render.uP?pCp" "Mozilla/5.0 (Windows NT 6.3; WOW64) AppleWebKit/537.36 (KHTML, like Gecko) Chrome/45.0.2454.99 Safari/537.36" "SESSION_ROUTE=ent4" "ASSIGN_ROUTE=ent4" TRACE-98101-ePHBopzeAFakoSuwVWmphnpUiQqxcZaTIeenDTfMbSZENrtK5X-cas1
86.223.195.116 - - [25/Sep/2015:00:21:39 +0200] "GET /f/u911l1s4/normal/render.uP?pCt=ul-iframe-planning-ade-ul-formation.u911l1n55&pCs=normal&pCp HTTP/1.1" 200 46204 "https://ent.univ-lorraine.fr/f/u911l1s4/normal/render.uP?pCt=ul-iframe-planning-ade-ul-etu.u911l1n54&pCs=normal&pCp" "Mozilla/5.0 (Windows NT 10.0; WOW64) AppleWebKit/537.36 (KHTML, like Gecko) Chrome/45.0.2454.99 Safari/537.36" "SESSION_ROUTE=ent2" "ASSIGN_ROUTE=ent2" TRACE-98099-knHtRbaIpXF04d90WOfwkowfOT5lxLnCkcFfl396RQNFbVMreb-cas1
193.49.162.22 - - [25/Sep/2015:00:21:41 +0200] "GET /Login HTTP/1.1" 302 - "https://auth.univ-lorraine.fr/login?service=https://ent.univ-lorraine.fr/Login" "Mozilla/5.0 (Windows NT 6.3; WOW64; rv:37.0) Gecko/20100101 Firefox/37.0" "SESSION_ROUTE=ent3" "ASSIGN_ROUTE=ent3" TRACE-98106-cs1h0Zbfvejwa2wppig0MnBndDq5zKxi7prkJVe1KW2IfQtlhA-cas1
193.49.162.22 - - [25/Sep/2015:00:21:42 +0200] "GET /f/u1411l1s4/normal/render.uP HTTP/1.1" 200 50550 "https://auth.univ-lorraine.fr/login?service=https://ent.univ-lorraine.fr/Login" "Mozilla/5.0 (Windows NT 6.3; WOW64; rv:37.0) Gecko/20100101 Firefox/37.0" "SESSION_ROUTE=ent3" "ASSIGN_ROUTE=ent3" TRACE-98106-cs1h0Zbfvejwa2wppig0MnBndDq5zKxi7prkJVe1KW2IfQtlhA-cas1
92.91.224.199 - - [25/Sep/2015:00:21:42 +0200] "GET /f/u911l1s4/normal/render.uP HTTP/1.1" 200 45498 "https://ent.univ-lorraine.fr/f/u1411l1s4/normal/render.uP?pCt=ul-zcs-etud.u1411l1n53&pCs=normal&pCp" "Mozilla/5.0 (Windows NT 6.1; WOW64; rv:41.0) Gecko/20100101 Firefox/41.0" "SESSION_ROUTE=ent4" "ASSIGN_ROUTE=ent4" TRACE-98103-SC6PhN7br9BfkSIfatfd29SVpsLhl1nLJaY0N6Z2k7L5ncKmhy-cas1
62.34.104.147 - - [25/Sep/2015:00:21:43 +0200] "GET /Login HTTP/1.1" 302 - "https://auth.univ-lorraine.fr/login?service=https://ent.univ-lorraine.fr/Login" "Mozilla/5.0 (Macintosh; Intel Mac OS X 10.6; rv:40.0) Gecko/20100101 Firefox/40.0" "SESSION_ROUTE=ent2" "ASSIGN_ROUTE=ent2" TRACE-98107-vKcnoZthegRbHb9Lbbld92KvqSFPRtFuWZ9wEeJgvfdGyL2tqR-cas1
62.34.104.147 - - [25/Sep/2015:00:21:44 +0200] "GET /f/u1411l1s4/normal/render.uP HTTP/1.1" 200 58242 "https://auth.univ-lorraine.fr/login?service=https://ent.univ-lorraine.fr/Login" "Mozilla/5.0 (Macintosh; Intel Mac OS X 10.6; rv:40.0) Gecko/20100101 Firefox/40.0" "SESSION_ROUTE=ent2" "ASSIGN_ROUTE=ent2" TRACE-98107-vKcnoZthegRbHb9Lbbld92KvqSFPRtFuWZ9wEeJgvfdGyL2tqR-cas1
92.91.224.199 - - [25/Sep/2015:00:21:46 +0200] "GET /Logout HTTP/1.1" 302 - "https://ent.univ-lorraine.fr/f/u911l1s4/normal/render.uP" "Mozilla/5.0 (Windows NT 6.1; WOW64; rv:41.0) Gecko/20100101 Firefox/41.0" "SESSION_ROUTE=ent4" "ASSIGN_ROUTE=ent4" TRACE-98103-SC6PhN7br9BfkSIfatfd29SVpsLhl1nLJaY0N6Z2k7L5ncKmhy-cas1
92.91.224.199 - - [25/Sep/2015:00:21:46 +0200] "GET /Login HTTP/1.1" 302 - "https://ent.univ-lorraine.fr/f/u911l1s4/normal/render.uP" "Mozilla/5.0 (Windows NT 6.1; WOW64; rv:41.0) Gecko/20100101 Firefox/41.0" "SESSION_ROUTE=ent4" "ASSIGN_ROUTE=ent4" TRACE-98103-SC6PhN7br9BfkSIfatfd29SVpsLhl1nLJaY0N6Z2k7L5ncKmhy-cas1
92.91.224.199 - - [25/Sep/2015:00:21:47 +0200] "GET /f/u21l1s4/normal/render.uP HTTP/1.1" 200 30048 "https://ent.univ-lorraine.fr/f/u911l1s4/normal/render.uP" "Mozilla/5.0 (Windows NT 6.1; WOW64; rv:41.0) Gecko/20100101 Firefox/41.0" "SESSION_ROUTE=ent4" "ASSIGN_ROUTE=ent4" TRACE-98103-SC6PhN7br9BfkSIfatfd29SVpsLhl1nLJaY0N6Z2k7L5ncKmhy-cas1
62.34.104.147 - - [25/Sep/2015:00:21:47 +0200] "GET /f/u378l1s4/p/ul-zcs-pers.u378l1n55/max/render.uP?pCp HTTP/1.1" 200 50925 "https://ent.univ-lorraine.fr/f/u1411l1s4/normal/render.uP" "Mozilla/5.0 (Macintosh; Intel Mac OS X 10.6; rv:40.0) Gecko/20100101 Firefox/40.0" "SESSION_ROUTE=ent2" "ASSIGN_ROUTE=ent2" TRACE-98107-vKcnoZthegRbHb9Lbbld92KvqSFPRtFuWZ9wEeJgvfdGyL2tqR-cas1
193.49.162.22 - - [25/Sep/2015:00:21:47 +0200] "GET /f/u1411l1s4/normal/render.uP?pCt=ul-zcs-etud.u1411l1n53&pCs=normal&pCp HTTP/1.1" 200 56835 "https://ent.univ-lorraine.fr/f/u1411l1s4/normal/render.uP" "Mozilla/5.0 (Windows NT 6.3; WOW64; rv:37.0) Gecko/20100101 Firefox/37.0" "SESSION_ROUTE=ent3" "ASSIGN_ROUTE=ent3" TRACE-98106-cs1h0Zbfvejwa2wppig0MnBndDq5zKxi7prkJVe1KW2IfQtlhA-cas1
91.68.130.138 - - [25/Sep/2015:00:21:47 +0200] "GET /f/u911l1s4/normal/render.uP?pCt=ul-iframe-planning-ade-ul-formation.u911l1n55&pCs=normal&pCp HTTP/1.1" 200 46988 "https://ent.univ-lorraine.fr/f/u911l1s4/normal/render.uP?pCt=ul-iframe-planning-ade-ul-formation.u911l1n55&pCs=normal&pCp" "Mozilla/5.0 (Linux; Android 4.4.2; GT-I9195 Build/KOT49H) AppleWebKit/537.36 (KHTML, like Gecko) Chrome/45.0.2454.94 Mobile Safari/537.36" "SESSION_ROUTE=ent3" "ASSIGN_ROUTE=ent3" TRACE-98091-I5I0aGo2savoQfCUxx7LqEExbcx97mmXKesOfXhNTvHijnIYbr-cas1
92.91.224.199 - - [25/Sep/2015:00:21:47 +0200] "POST /f/u21l1s4/p/esup-portlet-annuaire-desktop.u21l1n103/normal/action.uP?pP___jpfbJSFTARGET=view%3A%2Fstylesheets%2Fhome.xhtml HTTP/1.1" 302 - "https://ent.univ-lorraine.fr/f/u21l1s4/normal/render.uP" "Mozilla/5.0 (Windows NT 6.1; WOW64; rv:41.0) Gecko/20100101 Firefox/41.0" "SESSION_ROUTE=ent4" "ASSIGN_ROUTE=ent4" TRACE-98103-SC6PhN7br9BfkSIfatfd29SVpsLhl1nLJaY0N6Z2k7L5ncKmhy-cas1
62.34.104.147 - - [25/Sep/2015:00:21:48 +0200] "GET /nancy2-portlet-zimbra/ajax/getTasks HTTP/1.1" 200 2 "https://ent.univ-lorraine.fr/f/u378l1s4/p/ul-zcs-pers.u378l1n55/max/render.uP?pCp" "Mozilla/5.0 (Macintosh; Intel Mac OS X 10.6; rv:40.0) Gecko/20100101 Firefox/40.0" "SESSION_ROUTE=ent2" "ASSIGN_ROUTE=ent2" TRACE-98107-vKcnoZthegRbHb9Lbbld92KvqSFPRtFuWZ9wEeJgvfdGyL2tqR-cas1
62.34.104.147 - - [25/Sep/2015:00:21:48 +0200] "GET /nancy2-portlet-zimbra/ajax/getWeekEvents HTTP/1.1" 200 2 "https://ent.univ-lorraine.fr/f/u378l1s4/p/ul-zcs-pers.u378l1n55/max/render.uP?pCp" "Mozilla/5.0 (Macintosh; Intel Mac OS X 10.6; rv:40.0) Gecko/20100101 Firefox/40.0" "SESSION_ROUTE=ent2" "ASSIGN_ROUTE=ent2" TRACE-98107-vKcnoZthegRbHb9Lbbld92KvqSFPRtFuWZ9wEeJgvfdGyL2tqR-cas1
62.34.104.147 - - [25/Sep/2015:00:21:48 +0200] "GET /nancy2-portlet-zimbra/ajax/getTodayEvents HTTP/1.1" 200 2 "https://ent.univ-lorraine.fr/f/u378l1s4/p/ul-zcs-pers.u378l1n55/max/render.uP?pCp" "Mozilla/5.0 (Macintosh; Intel Mac OS X 10.6; rv:40.0) Gecko/20100101 Firefox/40.0" "SESSION_ROUTE=ent2" "ASSIGN_ROUTE=ent2" TRACE-98107-vKcnoZthegRbHb9Lbbld92KvqSFPRtFuWZ9wEeJgvfdGyL2tqR-cas1
