78.250.153.85 - - [25/Sep/2015:00:30:54 +0200] "GET /f/u378l1s4/p/esup-portlet-annuaire-desktop.u378l1n53/max/render.uP?pP___jpfbJSFTARGET=view%3A%2Fstylesheets%2Fdesktop%2Fpersons.xhtml&pP___jpfbReqScopeId=EsupAnnuairePortlet%3AB5FC0704CA6EEEEC52765A9CBDAB32B4%3Aview%3A53140b1b%3A14ffd0d6c4d%3A-33a8&pP_org.apache.myfaces.trinidad.util.RequestStateMap=14541979-d353-4f9e-89f2-e8886e8f500a HTTP/1.1" 200 45592 "https://ent.univ-lorraine.fr/f/u378l1s4/p/esup-portlet-annuaire-desktop.u378l1n53/max/render.uP?pCp" "Mozilla/5.0 (Windows NT 6.3; WOW64) AppleWebKit/537.36 (KHTML, like Gecko) Chrome/45.0.2454.99 Safari/537.36" "SESSION_ROUTE=ent3" "ASSIGN_ROUTE=ent3" TRACE-98198-cVblj2JnDzne5UA5UOIAQ1OL9HLIpFTLq737u37g97K2RutlWR-cas1
176.182.76.201 - - [25/Sep/2015:00:31:15 +0200] "GET /Login HTTP/1.1" 302 - "http://ent.univ-lorraine.fr/f/u21l1s4/p/bienvenue-ent-udl.u21l1n93/max/render.uP?pCp" "Mozilla/5.0 (iPad; CPU OS 9_0 like Mac OS X) AppleWebKit/600.1.4 (KHTML, like Gecko) GSA/8.0.57838 Mobile/13A344 Safari/600.1.4" "SESSION_ROUTE=ent4" "ASSIGN_ROUTE=ent4" TRACE-98294-qGIBNh9yyRjSZLgAdmIXqGicmZqe157niAU79O0yMfd9TyPzPv-cas1
62.197.243.88 - - [25/Sep/2015:00:31:15 +0200] "GET / HTTP/1.1" 302 - "http://www.univ-lorraine.fr/" "Mozilla/5.0 (Windows NT 6.2; WOW64; rv:40.0) Gecko/20100101 Firefox/40.0" "SESSION_ROUTE=ent2" "ASSIGN_ROUTE=ent2" TRACE-98167-aAgjbTODgPbnwzPXkLA0cTW7ziUiNuSBMAwNoI0f7qtdsTct9O-cas1
62.197.243.88 - - [25/Sep/2015:00:31:15 +0200] "GET /Login?refUrl=%2F HTTP/1.1" 302 - "http://www.univ-lorraine.fr/" "Mozilla/5.0 (Windows NT 6.2; WOW64; rv:40.0) Gecko/20100101 Firefox/40.0" "SESSION_ROUTE=ent2" "ASSIGN_ROUTE=ent2" TRACE-98167-aAgjbTODgPbnwzPXkLA0cTW7ziUiNuSBMAwNoI0f7qtdsTct9O-cas1
62.197.243.88 - - [25/Sep/2015:00:31:16 +0200] "GET / HTTP/1.1" 302 - "http://www.univ-lorraine.fr/" "Mozilla/5.0 (Windows NT 6.2; WOW64; rv:40.0) Gecko/20100101 Firefox/40.0" "SESSION_ROUTE=ent2" "ASSIGN_ROUTE=ent2" TRACE-98167-aAgjbTODgPbnwzPXkLA0cTW7ziUiNuSBMAwNoI0f7qtdsTct9O-cas1
83.196.75.87 - - [25/Sep/2015:00:31:15 +0200] "GET /nancy2-portlet-zimbra/ajax/getFolders HTTP/1.1" 200 548 "https://ent.univ-lorraine.fr/f/u378l1s4/p/ul-zcs-etud.u378l1n57/max/render.uP?pCp" "Mozilla/5.0 (iPad; CPU OS 9_0 like Mac OS X) AppleWebKit/601.1.46 (KHTML, like Gecko) Version/9.0 Mobile/13A344 Safari/601.1" "SESSION_ROUTE=ent3" "ASSIGN_ROUTE=ent3" TRACE-98318-JzkXFX3QAHMNMZNNWMinmy3MMcHEdmMTolAyPuChaGudM4rEaQ-cas1
83.196.75.87 - - [25/Sep/2015:00:31:15 +0200] "GET /nancy2-portlet-zimbra/ajax/getMessages HTTP/1.1" 200 1574 "https://ent.univ-lorraine.fr/f/u378l1s4/p/ul-zcs-etud.u378l1n57/max/render.uP?pCp" "Mozilla/5.0 (iPad; CPU OS 9_0 like Mac OS X) AppleWebKit/601.1.46 (KHTML, like Gecko) Version/9.0 Mobile/13A344 Safari/601.1" "SESSION_ROUTE=ent3" "ASSIGN_ROUTE=ent3" TRACE-98318-JzkXFX3QAHMNMZNNWMinmy3MMcHEdmMTolAyPuChaGudM4rEaQ-cas1
83.196.75.87 - - [25/Sep/2015:00:31:16 +0200] "GET /nancy2-portlet-zimbra/ajax/getWeekEvents HTTP/1.1" 200 2 "https://ent.univ-lorraine.fr/f/u378l1s4/p/ul-zcs-etud.u378l1n57/max/render.uP?pCp" "Mozilla/5.0 (iPad; CPU OS 9_0 like Mac OS X) AppleWebKit/601.1.46 (KHTML, like Gecko) Version/9.0 Mobile/13A344 Safari/601.1" "SESSION_ROUTE=ent3" "ASSIGN_ROUTE=ent3" TRACE-98318-JzkXFX3QAHMNMZNNWMinmy3MMcHEdmMTolAyPuChaGudM4rEaQ-cas1
83.196.75.87 - - [25/Sep/2015:00:31:16 +0200] "GET /nancy2-portlet-zimbra/ajax/getTasks HTTP/1.1" 200 2 "https://ent.univ-lorraine.fr/f/u378l1s4/p/ul-zcs-etud.u378l1n57/max/render.uP?pCp" "Mozilla/5.0 (iPad; CPU OS 9_0 like Mac OS X) AppleWebKit/601.1.46 (KHTML, like Gecko) Version/9.0 Mobile/13A344 Safari/601.1" "SESSION_ROUTE=ent3" "ASSIGN_ROUTE=ent3" TRACE-98318-JzkXFX3QAHMNMZNNWMinmy3MMcHEdmMTolAyPuChaGudM4rEaQ-cas1
83.196.75.87 - - [25/Sep/2015:00:31:15 +0200] "GET /nancy2-portlet-zimbra/ajax/getTodayEvents HTTP/1.1" 200 2 "https://ent.univ-lorraine.fr/f/u378l1s4/p/ul-zcs-etud.u378l1n57/max/render.uP?pCp" "Mozilla/5.0 (iPad; CPU OS 9_0 like Mac OS X) AppleWebKit/601.1.46 (KHTML, like Gecko) Version/9.0 Mobile/13A344 Safari/601.1" "SESSION_ROUTE=ent3" "ASSIGN_ROUTE=ent3" TRACE-98318-JzkXFX3QAHMNMZNNWMinmy3MMcHEdmMTolAyPuChaGudM4rEaQ-cas1
62.197.243.88 - - [25/Sep/2015:00:31:16 +0200] "GET /f/u21l1s4/normal/render.uP HTTP/1.1" 200 30048 "http://www.univ-lorraine.fr/" "Mozilla/5.0 (Windows NT 6.2; WOW64; rv:40.0) Gecko/20100101 Firefox/40.0" "SESSION_ROUTE=ent2" "ASSIGN_ROUTE=ent2" TRACE-98167-aAgjbTODgPbnwzPXkLA0cTW7ziUiNuSBMAwNoI0f7qtdsTct9O-cas1
62.197.243.88 - - [25/Sep/2015:00:31:16 +0200] "POST /f/u21l1s4/p/esup-portlet-annuaire-desktop.u21l1n103/normal/action.uP?pP___jpfbJSFTARGET=view%3A%2Fstylesheets%2Fhome.xhtml HTTP/1.1" 302 - "http://ent.univ-lorraine.fr/f/u21l1s4/normal/render.uP" "Mozilla/5.0 (Windows NT 6.2; WOW64; rv:40.0) Gecko/20100101 Firefox/40.0" "SESSION_ROUTE=ent2" "ASSIGN_ROUTE=ent2" TRACE-98167-aAgjbTODgPbnwzPXkLA0cTW7ziUiNuSBMAwNoI0f7qtdsTct9O-cas1
62.197.243.88 - - [25/Sep/2015:00:31:17 +0200] "GET /f/u21l1s4/normal/render.uP?pCt=esup-portlet-annuaire-desktop.u21l1n103&pP___jpfbJSFTARGET=view%3A%2Fstylesheets%2Fdesktop%2Fpersons.xhtml&pP_org.apache.myfaces.trinidad.util.RequestStateMap=d2b4021e-8f6c-4748-9334-6e7d283eb6a4 HTTP/1.1" 200 40339 "http://ent.univ-lorraine.fr/f/u21l1s4/normal/render.uP" "Mozilla/5.0 (Windows NT 6.2; WOW64; rv:40.0) Gecko/20100101 Firefox/40.0" "SESSION_ROUTE=ent2" "ASSIGN_ROUTE=ent2" TRACE-98167-aAgjbTODgPbnwzPXkLA0cTW7ziUiNuSBMAwNoI0f7qtdsTct9O-cas1
78.223.44.174 - - [25/Sep/2015:00:31:18 +0200] "GET /f/u911l1s4/normal/render.uP?pCt=ul-iframe-planning-ade-ul-etu.u911l1n54&pCs=normal&pCp HTTP/1.1" 200 45809 "https://ent.univ-lorraine.fr/f/u911l1s4/normal/render.uP?pCt=ul-iframe-planning-ade-ul-formation.u911l1n55&pCs=normal&pCp" "Mozilla/5.0 (Windows NT 10.0; Win64; x64) AppleWebKit/537.36 (KHTML, like Gecko) Chrome/42.0.2311.135 Safari/537.36 Edge/12.10240" "SESSION_ROUTE=ent2" "ASSIGN_ROUTE=ent2" TRACE-98284-cbsHk3D07cUUgurSGHxABMrtzSvo1hCUK3a6qYJXiAgD307j63-cas1
86.223.156.254 - - [25/Sep/2015:00:31:21 +0200] "GET /Login HTTP/1.1" 302 - "https://auth.univ-lorraine.fr/login?service=https://ent.univ-lorraine.fr/Login" "Mozilla/5.0 (iPhone; CPU iPhone OS 7_1_2 like Mac OS X) AppleWebKit/537.51.2 (KHTML, like Gecko) CriOS/45.0.2454.89 Mobile/11D257 Safari/9537.53" "SESSION_ROUTE=ent2" "ASSIGN_ROUTE=ent2" TRACE-98323-Va0WSlpVH7WjptgTYtw11L02LM57AxVbRHX1KhCf0DO4d7bHKJ-cas1
86.223.156.254 - - [25/Sep/2015:00:31:21 +0200] "GET /normal/render.uP HTTP/1.1" 200 9157 "https://auth.univ-lorraine.fr/login?service=https://ent.univ-lorraine.fr/Login" "Mozilla/5.0 (iPhone; CPU iPhone OS 7_1_2 like Mac OS X) AppleWebKit/537.51.2 (KHTML, like Gecko) CriOS/45.0.2454.89 Mobile/11D257 Safari/9537.53" "SESSION_ROUTE=ent2" "ASSIGN_ROUTE=ent2" TRACE-98323-Va0WSlpVH7WjptgTYtw11L02LM57AxVbRHX1KhCf0DO4d7bHKJ-cas1
86.223.156.254 - - [25/Sep/2015:00:31:26 +0200] "GET /Login?profile=desktop HTTP/1.1" 302 - "https://ent.univ-lorraine.fr/normal/render.uP" "Mozilla/5.0 (iPhone; CPU iPhone OS 7_1_2 like Mac OS X) AppleWebKit/537.51.2 (KHTML, like Gecko) CriOS/45.0.2454.89 Mobile/11D257 Safari/9537.53" "SESSION_ROUTE=ent2" "ASSIGN_ROUTE=ent2" TRACE-98323-Va0WSlpVH7WjptgTYtw11L02LM57AxVbRHX1KhCf0DO4d7bHKJ-cas1
86.223.156.254 - - [25/Sep/2015:00:31:26 +0200] "GET /f/u1411l1s4/normal/render.uP HTTP/1.1" 200 52108 "https://ent.univ-lorraine.fr/normal/render.uP" "Mozilla/5.0 (iPhone; CPU iPhone OS 7_1_2 like Mac OS X) AppleWebKit/537.51.2 (KHTML, like Gecko) CriOS/45.0.2454.89 Mobile/11D257 Safari/9537.53" "SESSION_ROUTE=ent2" "ASSIGN_ROUTE=ent2" TRACE-98323-Va0WSlpVH7WjptgTYtw11L02LM57AxVbRHX1KhCf0DO4d7bHKJ-cas1
176.182.76.201 - - [25/Sep/2015:00:31:27 +0200] "GET /f/u911l1s4/normal/render.uP?pCt=ul-iframe-planning-ade-ul-etu.u911l1n54&pCs=normal&pCp HTTP/1.1" 200 45528 "https://ent.univ-lorraine.fr/f/u1411l1s4/normal/render.uP" "Mozilla/5.0 (iPad; CPU OS 9_0 like Mac OS X) AppleWebKit/600.1.4 (KHTML, like Gecko) GSA/8.0.57838 Mobile/13A344 Safari/600.1.4" "SESSION_ROUTE=ent4" "ASSIGN_ROUTE=ent4" TRACE-98294-qGIBNh9yyRjSZLgAdmIXqGicmZqe157niAU79O0yMfd9TyPzPv-cas1
176.182.76.201 - - [25/Sep/2015:00:31:28 +0200] "GET /f/u911l1s4/normal/render.uP?pCt=ul-iframe-planning-ade-ul-etu.u911l1n54&pCs=normal&pCp HTTP/1.1" 200 45528 "https://ent.univ-lorraine.fr/f/u911l1s4/normal/render.uP?pCt=ul-iframe-planning-ade-ul-etu.u911l1n54&pCs=normal&pCp" "Mozilla/5.0 (iPad; CPU OS 9_0 like Mac OS X) AppleWebKit/600.1.4 (KHTML, like Gecko) GSA/8.0.57838 Mobile/13A344 Safari/600.1.4" "SESSION_ROUTE=ent4" "ASSIGN_ROUTE=ent4" TRACE-98294-qGIBNh9yyRjSZLgAdmIXqGicmZqe157niAU79O0yMfd9TyPzPv-cas1
92.130.215.65 - - [25/Sep/2015:00:31:30 +0200] "GET /Login HTTP/1.1" 302 - "https://auth.univ-lorraine.fr/login?service=https://ent.univ-lorraine.fr/Login" "Mozilla/5.0 (Macintosh; Intel Mac OS X 10.10; rv:40.0) Gecko/20100101 Firefox/40.0" "SESSION_ROUTE=ent4" "ASSIGN_ROUTE=ent4" TRACE-98325-XWxS9LTTb4MwwXFhW59Y5uKdfUWkxtzzA2QPReac3xk4o42ZRB-cas1
92.130.215.65 - - [25/Sep/2015:00:31:31 +0200] "GET /f/u1411l1s4/normal/render.uP HTTP/1.1" 200 50659 "https://auth.univ-lorraine.fr/login?service=https://ent.univ-lorraine.fr/Login" "Mozilla/5.0 (Macintosh; Intel Mac OS X 10.10; rv:40.0) Gecko/20100101 Firefox/40.0" "SESSION_ROUTE=ent4" "ASSIGN_ROUTE=ent4" TRACE-98325-XWxS9LTTb4MwwXFhW59Y5uKdfUWkxtzzA2QPReac3xk4o42ZRB-cas1
80.12.55.151 - - [25/Sep/2015:00:31:30 +0200] "GET /Login HTTP/1.1" 302 - "https://auth.univ-lorraine.fr/login?service=https://ent.univ-lorraine.fr/Login" "Mozilla/5.0 (iPhone; CPU iPhone OS 8_1_3 like Mac OS X) AppleWebKit/600.1.4 (KHTML, like Gecko) Version/8.0 Mobile/12B466 Safari/600.1.4" "SESSION_ROUTE=ent5" "ASSIGN_ROUTE=ent5" TRACE-98324-yuvQQBlFHcafuEvbtaYYJsHc5n6inGq6iHegPtiaB5Zim3Thh4-cas1
79.83.91.120 - - [25/Sep/2015:00:31:31 +0200] "GET /f/u911l1s4/normal/render.uP?pCt=ul-iframe-planning-ade-ul-formation.u911l1n55&pCs=normal&pCp HTTP/1.1" 200 46254 "https://ent.univ-lorraine.fr/f/u1411l1s4/normal/render.uP" "Mozilla/5.0 (Windows NT 10.0; WOW64; Trident/7.0; rv:11.0) like Gecko" "SESSION_ROUTE=ent5" "ASSIGN_ROUTE=ent5" TRACE-98201-Uw0HgOWwLLPgWtzyFy9tqf6Thlsq5huoBb3kKXuXmFB3jmYfZv-cas1
80.12.55.151 - - [25/Sep/2015:00:31:31 +0200] "GET /normal/render.uP HTTP/1.1" 200 9157 "https://auth.univ-lorraine.fr/login?service=https://ent.univ-lorraine.fr/Login" "Mozilla/5.0 (iPhone; CPU iPhone OS 8_1_3 like Mac OS X) AppleWebKit/600.1.4 (KHTML, like Gecko) Version/8.0 Mobile/12B466 Safari/600.1.4" "SESSION_ROUTE=ent5" "ASSIGN_ROUTE=ent5" TRACE-98324-yuvQQBlFHcafuEvbtaYYJsHc5n6inGq6iHegPtiaB5Zim3Thh4-cas1
90.96.45.162 - - [25/Sep/2015:00:29:33 +0200] "GET /f/u911l1s4/normal/render.uP HTTP/1.1" 200 21014 "https://ent.univ-lorraine.fr/f/u1411l1s4/normal/render.uP" "Mozilla/5.0 (Linux; Android 5.0.2; SM-T530 Build/LRX22G) AppleWebKit/537.36 (KHTML, like Gecko) Chrome/45.0.2454.94 Safari/537.36" "SESSION_ROUTE=ent4" "ASSIGN_ROUTE=ent4" TRACE-98281-lx5wdQMWpxxyVj5E6PiL0LHbyETTZGMoDqEmFu5fwDBWhxb6Vg-cas1
80.12.55.151 - - [25/Sep/2015:00:31:34 +0200] "GET /p/ul-cms-zimbra-etud.u910l1n10/max/render.uP?pCp HTTP/1.1" 200 5637 "https://ent.univ-lorraine.fr/normal/render.uP" "Mozilla/5.0 (iPhone; CPU iPhone OS 8_1_3 like Mac OS X) AppleWebKit/600.1.4 (KHTML, like Gecko) Version/8.0 Mobile/12B466 Safari/600.1.4" "SESSION_ROUTE=ent5" "ASSIGN_ROUTE=ent5" TRACE-98324-yuvQQBlFHcafuEvbtaYYJsHc5n6inGq6iHegPtiaB5Zim3Thh4-cas1
92.130.215.65 - - [25/Sep/2015:00:31:36 +0200] "GET /f/u911l1s4/normal/render.uP?pCt=ul-iframe-planning-ade-ul-etu.u911l1n54&pCs=normal&pCp HTTP/1.1" 200 45085 "https://ent.univ-lorraine.fr/f/u1411l1s4/normal/render.uP" "Mozilla/5.0 (Macintosh; Intel Mac OS X 10.10; rv:40.0) Gecko/20100101 Firefox/40.0" "SESSION_ROUTE=ent4" "ASSIGN_ROUTE=ent4" TRACE-98325-XWxS9LTTb4MwwXFhW59Y5uKdfUWkxtzzA2QPReac3xk4o42ZRB-cas1
86.223.156.254 - - [25/Sep/2015:00:31:37 +0200] "GET /f/u911l1s4/normal/render.uP?pCt=ul-iframe-planning-ade-ul-etu.u911l1n54&pCs=normal&pCp HTTP/1.1" 200 46534 "https://ent.univ-lorraine.fr/f/u1411l1s4/normal/render.uP" "Mozilla/5.0 (iPhone; CPU iPhone OS 7_1_2 like Mac OS X) AppleWebKit/537.51.2 (KHTML, like Gecko) CriOS/45.0.2454.89 Mobile/11D257 Safari/9537.53" "SESSION_ROUTE=ent2" "ASSIGN_ROUTE=ent2" TRACE-98323-Va0WSlpVH7WjptgTYtw11L02LM57AxVbRHX1KhCf0DO4d7bHKJ-cas1
92.161.206.7 - - [25/Sep/2015:00:31:43 +0200] "GET /p/ul-cms-planning-ade-ul.u911l1n141/max/render.uP?pCp HTTP/1.1" 200 5701 "https://ent.univ-lorraine.fr/normal/render.uP" "Mozilla/5.0 (Linux; Android 4.4.2; fr-fr; SAMSUNG GT-I9195-ORANGE Build/KOT49H) AppleWebKit/537.36 (KHTML, like Gecko) Version/1.5 Chrome/28.0.1500.94 Mobile Safari/537.36" "SESSION_ROUTE=ent2" "ASSIGN_ROUTE=ent2" TRACE-98315-vW9XHm3zujdAnyi6Oc3pCRc9AAy1dzuAaa4E6Ygtbfb4U3ZJ1A-cas1
78.204.19.219 - - [25/Sep/2015:00:31:43 +0200] "GET /f/u378l1s4/p/ul-zcs-etud.u378l1n57/max/render.uP?pCp HTTP/1.1" 302 - "https://ent.univ-lorraine.fr/f/u911l1s4/normal/render.uP?pCt=ul-iframe-planning-ade-ul-formation.u911l1n55&pCs=normal&pCp" "Mozilla/5.0 (iPad; CPU OS 8_3 like Mac OS X) AppleWebKit/600.1.4 (KHTML, like Gecko) Version/8.0 Mobile/12F69 Safari/600.1.4" "SESSION_ROUTE=-" "ASSIGN_ROUTE=ent3" TRACE-98226-bp7kaQgPogfQar3xZ5xply4RK9VcOmodly3VG0qeVCjAuL7tQI-cas1
78.204.19.219 - - [25/Sep/2015:00:31:43 +0200] "GET /Login?refUrl=%2Ff%2Fu378l1s4%2Fp%2Ful-zcs-etud.u378l1n57%2Fmax%2Frender.uP%3FpCp HTTP/1.1" 302 - "https://ent.univ-lorraine.fr/f/u911l1s4/normal/render.uP?pCt=ul-iframe-planning-ade-ul-formation.u911l1n55&pCs=normal&pCp" "Mozilla/5.0 (iPad; CPU OS 8_3 like Mac OS X) AppleWebKit/600.1.4 (KHTML, like Gecko) Version/8.0 Mobile/12F69 Safari/600.1.4" "SESSION_ROUTE=ent3" "ASSIGN_ROUTE=ent3" TRACE-98226-bp7kaQgPogfQar3xZ5xply4RK9VcOmodly3VG0qeVCjAuL7tQI-cas1
78.204.19.219 - - [25/Sep/2015:00:31:43 +0200] "GET /api/cookiecheck HTTP/1.1" 302 - "https://ent.univ-lorraine.fr/f/u911l1s4/normal/render.uP?pCt=ul-iframe-planning-ade-ul-formation.u911l1n55&pCs=normal&pCp" "Mozilla/5.0 (iPad; CPU OS 8_3 like Mac OS X) AppleWebKit/600.1.4 (KHTML, like Gecko) Version/8.0 Mobile/12F69 Safari/600.1.4" "SESSION_ROUTE=ent3" "ASSIGN_ROUTE=ent3" TRACE-98226-bp7kaQgPogfQar3xZ5xply4RK9VcOmodly3VG0qeVCjAuL7tQI-cas1
78.204.19.219 - - [25/Sep/2015:00:31:43 +0200] "GET /Login?refUrl=%2Ff%2Fu378l1s4%2Fp%2Ful-zcs-etud.u378l1n57%2Fmax%2Frender.uP%3FpCp HTTP/1.1" 302 - "https://ent.univ-lorraine.fr/f/u911l1s4/normal/render.uP?pCt=ul-iframe-planning-ade-ul-formation.u911l1n55&pCs=normal&pCp" "Mozilla/5.0 (iPad; CPU OS 8_3 like Mac OS X) AppleWebKit/600.1.4 (KHTML, like Gecko) Version/8.0 Mobile/12F69 Safari/600.1.4" "SESSION_ROUTE=ent3" "ASSIGN_ROUTE=ent3" TRACE-98226-bp7kaQgPogfQar3xZ5xply4RK9VcOmodly3VG0qeVCjAuL7tQI-cas1
78.204.19.219 - - [25/Sep/2015:00:31:43 +0200] "GET /f/u378l1s4/p/ul-zcs-etud.u378l1n57/max/render.uP?pCp HTTP/1.1" 302 - "https://ent.univ-lorraine.fr/f/u911l1s4/normal/render.uP?pCt=ul-iframe-planning-ade-ul-formation.u911l1n55&pCs=normal&pCp" "Mozilla/5.0 (iPad; CPU OS 8_3 like Mac OS X) AppleWebKit/600.1.4 (KHTML, like Gecko) Version/8.0 Mobile/12F69 Safari/600.1.4" "SESSION_ROUTE=ent3" "ASSIGN_ROUTE=ent3" TRACE-98226-bp7kaQgPogfQar3xZ5xply4RK9VcOmodly3VG0qeVCjAuL7tQI-cas1
78.204.19.219 - - [25/Sep/2015:00:31:44 +0200] "GET /Login?refUrl=/f/u378l1s4/p/ul-zcs-etud.u378l1n57/max/render.uP%3FpCp HTTP/1.1" 302 - "https://ent.univ-lorraine.fr/f/u911l1s4/normal/render.uP?pCt=ul-iframe-planning-ade-ul-formation.u911l1n55&pCs=normal&pCp" "Mozilla/5.0 (iPad; CPU OS 8_3 like Mac OS X) AppleWebKit/600.1.4 (KHTML, like Gecko) Version/8.0 Mobile/12F69 Safari/600.1.4" "SESSION_ROUTE=ent3" "ASSIGN_ROUTE=ent3" TRACE-98226-bp7kaQgPogfQar3xZ5xply4RK9VcOmodly3VG0qeVCjAuL7tQI-cas1
78.204.19.219 - - [25/Sep/2015:00:31:44 +0200] "GET /f/u378l1s4/p/ul-zcs-etud.u378l1n57/max/render.uP?pCp HTTP/1.1" 200 44390 "https://ent.univ-lorraine.fr/f/u911l1s4/normal/render.uP?pCt=ul-iframe-planning-ade-ul-formation.u911l1n55&pCs=normal&pCp" "Mozilla/5.0 (iPad; CPU OS 8_3 like Mac OS X) AppleWebKit/600.1.4 (KHTML, like Gecko) Version/8.0 Mobile/12F69 Safari/600.1.4" "SESSION_ROUTE=ent3" "ASSIGN_ROUTE=ent3" TRACE-98226-bp7kaQgPogfQar3xZ5xply4RK9VcOmodly3VG0qeVCjAuL7tQI-cas1
82.66.254.80 - - [25/Sep/2015:00:31:45 +0200] "GET /Login HTTP/1.1" 302 - "https://auth.univ-lorraine.fr/login?service=https://ent.univ-lorraine.fr/Login" "Mozilla/5.0 (Windows NT 6.1; WOW64) AppleWebKit/537.36 (KHTML, like Gecko) Chrome/45.0.2454.99 Safari/537.36" "SESSION_ROUTE=ent4" "ASSIGN_ROUTE=ent4" TRACE-98330-Zba7dWNt2cYFmYkjS0R1Q50MtJFVYajbeJCdjEA79SdJG5s9se-cas1
82.66.254.80 - - [25/Sep/2015:00:31:45 +0200] "GET /f/u1411l1s4/normal/render.uP HTTP/1.1" 200 50530 "https://auth.univ-lorraine.fr/login?service=https://ent.univ-lorraine.fr/Login" "Mozilla/5.0 (Windows NT 6.1; WOW64) AppleWebKit/537.36 (KHTML, like Gecko) Chrome/45.0.2454.99 Safari/537.36" "SESSION_ROUTE=ent4" "ASSIGN_ROUTE=ent4" TRACE-98330-Zba7dWNt2cYFmYkjS0R1Q50MtJFVYajbeJCdjEA79SdJG5s9se-cas1
89.2.79.137 - - [25/Sep/2015:00:31:46 +0200] "GET /Login HTTP/1.1" 302 - "https://auth.univ-lorraine.fr/login?service=https://ent.univ-lorraine.fr/Login" "Mozilla/5.0 (Linux; Android 4.2.2; STARTRAIL 4 Build/JDQ39) AppleWebKit/537.36 (KHTML, like Gecko) Chrome/31.0.1650.59 Mobile Safari/537.36" "SESSION_ROUTE=ent4" "ASSIGN_ROUTE=ent4" TRACE-98331-saregxFIIq6DocAqNaOjJyT7njnPbX6K96H6wOF7AO2JYoVeeS-cas1
89.2.79.137 - - [25/Sep/2015:00:31:46 +0200] "GET /normal/render.uP HTTP/1.1" 200 9157 "https://auth.univ-lorraine.fr/login?service=https://ent.univ-lorraine.fr/Login" "Mozilla/5.0 (Linux; Android 4.2.2; STARTRAIL 4 Build/JDQ39) AppleWebKit/537.36 (KHTML, like Gecko) Chrome/31.0.1650.59 Mobile Safari/537.36" "SESSION_ROUTE=ent4" "ASSIGN_ROUTE=ent4" TRACE-98331-saregxFIIq6DocAqNaOjJyT7njnPbX6K96H6wOF7AO2JYoVeeS-cas1
78.204.19.219 - - [25/Sep/2015:00:31:47 +0200] "GET /nancy2-portlet-zimbra/ajax/getTasks HTTP/1.1" 200 2 "https://ent.univ-lorraine.fr/f/u378l1s4/p/ul-zcs-etud.u378l1n57/max/render.uP?pCp" "Mozilla/5.0 (iPad; CPU OS 8_3 like Mac OS X) AppleWebKit/600.1.4 (KHTML, like Gecko) Version/8.0 Mobile/12F69 Safari/600.1.4" "SESSION_ROUTE=ent3" "ASSIGN_ROUTE=ent3" TRACE-98226-bp7kaQgPogfQar3xZ5xply4RK9VcOmodly3VG0qeVCjAuL7tQI-cas1
78.204.19.219 - - [25/Sep/2015:00:31:47 +0200] "GET /nancy2-portlet-zimbra/ajax/getFolders HTTP/1.1" 200 548 "https://ent.univ-lorraine.fr/f/u378l1s4/p/ul-zcs-etud.u378l1n57/max/render.uP?pCp" "Mozilla/5.0 (iPad; CPU OS 8_3 like Mac OS X) AppleWebKit/600.1.4 (KHTML, like Gecko) Version/8.0 Mobile/12F69 Safari/600.1.4" "SESSION_ROUTE=ent3" "ASSIGN_ROUTE=ent3" TRACE-98226-bp7kaQgPogfQar3xZ5xply4RK9VcOmodly3VG0qeVCjAuL7tQI-cas1
78.204.19.219 - - [25/Sep/2015:00:31:47 +0200] "GET /nancy2-portlet-zimbra/ajax/getMessages HTTP/1.1" 200 1569 "https://ent.univ-lorraine.fr/f/u378l1s4/p/ul-zcs-etud.u378l1n57/max/render.uP?pCp" "Mozilla/5.0 (iPad; CPU OS 8_3 like Mac OS X) AppleWebKit/600.1.4 (KHTML, like Gecko) Version/8.0 Mobile/12F69 Safari/600.1.4" "SESSION_ROUTE=ent3" "ASSIGN_ROUTE=ent3" TRACE-98226-bp7kaQgPogfQar3xZ5xply4RK9VcOmodly3VG0qeVCjAuL7tQI-cas1
78.204.19.219 - - [25/Sep/2015:00:31:47 +0200] "GET /nancy2-portlet-zimbra/ajax/getTodayEvents HTTP/1.1" 200 937 "https://ent.univ-lorraine.fr/f/u378l1s4/p/ul-zcs-etud.u378l1n57/max/render.uP?pCp" "Mozilla/5.0 (iPad; CPU OS 8_3 like Mac OS X) AppleWebKit/600.1.4 (KHTML, like Gecko) Version/8.0 Mobile/12F69 Safari/600.1.4" "SESSION_ROUTE=ent3" "ASSIGN_ROUTE=ent3" TRACE-98226-bp7kaQgPogfQar3xZ5xply4RK9VcOmodly3VG0qeVCjAuL7tQI-cas1
78.204.19.219 - - [25/Sep/2015:00:31:47 +0200] "GET /nancy2-portlet-zimbra/ajax/getWeekEvents HTTP/1.1" 200 5833 "https://ent.univ-lorraine.fr/f/u378l1s4/p/ul-zcs-etud.u378l1n57/max/render.uP?pCp" "Mozilla/5.0 (iPad; CPU OS 8_3 like Mac OS X) AppleWebKit/600.1.4 (KHTML, like Gecko) Version/8.0 Mobile/12F69 Safari/600.1.4" "SESSION_ROUTE=ent3" "ASSIGN_ROUTE=ent3" TRACE-98226-bp7kaQgPogfQar3xZ5xply4RK9VcOmodly3VG0qeVCjAuL7tQI-cas1
78.250.153.85 - - [25/Sep/2015:00:31:50 +0200] "POST /f/u378l1s4/p/esup-portlet-annuaire-desktop.u378l1n53/max/action.uP?pP___jpfbJSFTARGET=view%3A%2Fstylesheets%2Fdesktop%2Fpersons.xhtml HTTP/1.1" 302 - "https://ent.univ-lorraine.fr/f/u378l1s4/p/esup-portlet-annuaire-desktop.u378l1n53/max/render.uP?pP___jpfbJSFTARGET=view%3A%2Fstylesheets%2Fdesktop%2Fpersons.xhtml&pP___jpfbReqScopeId=EsupAnnuairePortlet%3AB5FC0704CA6EEEEC52765A9CBDAB32B4%3Aview%3A53140b1b%3A14ffd0d6c4d%3A-33a8&pP_org.apache.myfaces.trinidad.util.RequestStateMap=14541979-d353-4f9e-89f2-e8886e8f500a" "Mozilla/5.0 (Windows NT 6.3; WOW64) AppleWebKit/537.36 (KHTML, like Gecko) Chrome/45.0.2454.99 Safari/537.36" "SESSION_ROUTE=ent3" "ASSIGN_ROUTE=ent3" TRACE-98198-cVblj2JnDzne5UA5UOIAQ1OL9HLIpFTLq737u37g97K2RutlWR-cas1
37.162.22.151 - - [25/Sep/2015:00:31:50 +0200] "GET /Login?refUrl=/f/u911l1s4/normal/render.uP%3FpCt%3Dul-iframe-planning-ade-ul-formation.u911l1n55%26pCs%3Dnormal%26pCp HTTP/1.1" 302 - "https://auth.univ-lorraine.fr/login?service=https://ent.univ-lorraine.fr/Login%3FrefUrl%3D%2Ff%2Fu911l1s4%2Fnormal%2Frender.uP%253FpCt%253Dul-iframe-planning-ade-ul-formation.u911l1n55%2526pCs%253Dnormal%2526pCp" "Mozilla/5.0 (Linux; Android 5.1.1; D6503 Build/23.4.A.0.546) AppleWebKit/537.36 (KHTML, like Gecko) Chrome/44.0.2403.133 Mobile Safari/537.36" "SESSION_ROUTE=ent3" "ASSIGN_ROUTE=ent3" TRACE-98334-e5ewG72m409Oion1DTdiAX7n7bj7c5Fi59Dy5ScfvklJeNpwXf-cas1
82.66.254.80 - - [25/Sep/2015:00:31:50 +0200] "GET /f/u911l1s4/normal/render.uP?pCt=ul-iframe-planning-ade-ul-formation.u911l1n55&pCs=normal&pCp HTTP/1.1" 200 44991 "https://ent.univ-lorraine.fr/f/u1411l1s4/normal/render.uP" "Mozilla/5.0 (Windows NT 6.1; WOW64) AppleWebKit/537.36 (KHTML, like Gecko) Chrome/45.0.2454.99 Safari/537.36" "SESSION_ROUTE=ent4" "ASSIGN_ROUTE=ent4" TRACE-98330-Zba7dWNt2cYFmYkjS0R1Q50MtJFVYajbeJCdjEA79SdJG5s9se-cas1
90.6.81.163 - - [25/Sep/2015:00:31:50 +0200] "GET /f/u911l1s4/normal/render.uP?pCt=ul-iframe-planning-ade-ul-formation.u911l1n55&pCs=normal&pCp HTTP/1.1" 200 45562 "https://ent.univ-lorraine.fr/f/u1411l1s4/normal/render.uP" "Mozilla/5.0 (Windows NT 6.3; WOW64) AppleWebKit/537.36 (KHTML, like Gecko) Chrome/45.0.2454.93 Safari/537.36" "SESSION_ROUTE=ent6" "ASSIGN_ROUTE=ent6" TRACE-98233-jrBdgdwpMbg7rkZplWhLsc96yaUJcfLa9g9JjdNhyEBpJlnRo9-cas1
37.162.22.151 - - [25/Sep/2015:00:31:50 +0200] "GET /f/u911l1s4/normal/render.uP?pCt=ul-iframe-planning-ade-ul-formation.u911l1n55&pCs=normal&pCp HTTP/1.1" 302 - "https://auth.univ-lorraine.fr/login?service=https://ent.univ-lorraine.fr/Login%3FrefUrl%3D%2Ff%2Fu911l1s4%2Fnormal%2Frender.uP%253FpCt%253Dul-iframe-planning-ade-ul-formation.u911l1n55%2526pCs%253Dnormal%2526pCp" "Mozilla/5.0 (Linux; Android 5.1.1; D6503 Build/23.4.A.0.546) AppleWebKit/537.36 (KHTML, like Gecko) Chrome/44.0.2403.133 Mobile Safari/537.36" "SESSION_ROUTE=ent3" "ASSIGN_ROUTE=ent3" TRACE-98334-e5ewG72m409Oion1DTdiAX7n7bj7c5Fi59Dy5ScfvklJeNpwXf-cas1
37.162.22.151 - - [25/Sep/2015:00:31:51 +0200] "GET /p/ul-iframe-planning-ade-ul-formation.u911l1n55/max/render.uP HTTP/1.1" 200 5419 "https://auth.univ-lorraine.fr/login?service=https://ent.univ-lorraine.fr/Login%3FrefUrl%3D%2Ff%2Fu911l1s4%2Fnormal%2Frender.uP%253FpCt%253Dul-iframe-planning-ade-ul-formation.u911l1n55%2526pCs%253Dnormal%2526pCp" "Mozilla/5.0 (Linux; Android 5.1.1; D6503 Build/23.4.A.0.546) AppleWebKit/537.36 (KHTML, like Gecko) Chrome/44.0.2403.133 Mobile Safari/537.36" "SESSION_ROUTE=ent3" "ASSIGN_ROUTE=ent3" TRACE-98334-e5ewG72m409Oion1DTdiAX7n7bj7c5Fi59Dy5ScfvklJeNpwXf-cas1
88.163.246.48 - - [25/Sep/2015:00:31:52 +0200] "GET /Login?refUrl=/f/u21l1s4/normal/render.uP%3FpCt%3Desup-portlet-annuaire.u21l1n102%26pP___jpfbJSFTARGET%3Dview%253A%252Fstylesheets%252Fdesktop%252Fpersons.xhtml%26pP_org.apache.myfaces.trinidad.util.RequestStateMap%3Db0e20eee-c797-4804-97f7-16b001f60007 HTTP/1.1" 302 - "https://auth.univ-lorraine.fr/login?service=https://ent.univ-lorraine.fr/Login%3FrefUrl%3D%2Ff%2Fu21l1s4%2Fnormal%2Frender.uP%253FpCt%253Desup-portlet-annuaire.u21l1n102%2526pP___jpfbJSFTARGET%253Dview%25253A%25252Fstylesheets%25252Fdesktop%25252Fpersons.xhtml%2526pP_org.apache.myfaces.trinidad.util.RequestStateMap%253Db0e20eee-c797-4804-97f7-16b001f60007" "Mozilla/5.0 (iPad; CPU OS 7_0_6 like Mac OS X) AppleWebKit/537.51.1 (KHTML, like Gecko) Version/7.0 Mobile/11B651 Safari/9537.53" "SESSION_ROUTE=ent2" "ASSIGN_ROUTE=ent2" TRACE-98335-PqG7klZkDDGCNogoglCUE2yW2uaj1sLxPUvFMeUIsOakl0Igr1-cas1
89.2.79.137 - - [25/Sep/2015:00:31:52 +0200] "GET /p/ul-cms-zimbra-etud.u910l1n10/max/render.uP?pCp HTTP/1.1" 200 5639 "https://ent.univ-lorraine.fr/normal/render.uP" "Mozilla/5.0 (Linux; Android 4.2.2; STARTRAIL 4 Build/JDQ39) AppleWebKit/537.36 (KHTML, like Gecko) Chrome/31.0.1650.59 Mobile Safari/537.36" "SESSION_ROUTE=ent4" "ASSIGN_ROUTE=ent4" TRACE-98331-saregxFIIq6DocAqNaOjJyT7njnPbX6K96H6wOF7AO2JYoVeeS-cas1
88.163.246.48 - - [25/Sep/2015:00:31:52 +0200] "GET /f/u21l1s4/normal/render.uP?pCt=esup-portlet-annuaire.u21l1n102&pP___jpfbJSFTARGET=view%3A%2Fstylesheets%2Fdesktop%2Fpersons.xhtml&pP_org.apache.myfaces.trinidad.util.RequestStateMap=b0e20eee-c797-4804-97f7-16b001f60007 HTTP/1.1" 302 - "https://auth.univ-lorraine.fr/login?service=https://ent.univ-lorraine.fr/Login%3FrefUrl%3D%2Ff%2Fu21l1s4%2Fnormal%2Frender.uP%253FpCt%253Desup-portlet-annuaire.u21l1n102%2526pP___jpfbJSFTARGET%253Dview%25253A%25252Fstylesheets%25252Fdesktop%25252Fpersons.xhtml%2526pP_org.apache.myfaces.trinidad.util.RequestStateMap%253Db0e20eee-c797-4804-97f7-16b001f60007" "Mozilla/5.0 (iPad; CPU OS 7_0_6 like Mac OS X) AppleWebKit/537.51.1 (KHTML, like Gecko) Version/7.0 Mobile/11B651 Safari/9537.53" "SESSION_ROUTE=ent2" "ASSIGN_ROUTE=ent2" TRACE-98335-PqG7klZkDDGCNogoglCUE2yW2uaj1sLxPUvFMeUIsOakl0Igr1-cas1
88.163.246.48 - - [25/Sep/2015:00:31:52 +0200] "GET /p/esup-portlet-annuaire.ctf1/max/render.uP?pP___jpfbJSFTARGET=view%3A%2Fstylesheets%2Fdesktop%2Fpersons.xhtml&pP_org.apache.myfaces.trinidad.util.RequestStateMap=b0e20eee-c797-4804-97f7-16b001f60007 HTTP/1.1" 200 45733 "https://auth.univ-lorraine.fr/login?service=https://ent.univ-lorraine.fr/Login%3FrefUrl%3D%2Ff%2Fu21l1s4%2Fnormal%2Frender.uP%253FpCt%253Desup-portlet-annuaire.u21l1n102%2526pP___jpfbJSFTARGET%253Dview%25253A%25252Fstylesheets%25252Fdesktop%25252Fpersons.xhtml%2526pP_org.apache.myfaces.trinidad.util.RequestStateMap%253Db0e20eee-c797-4804-97f7-16b001f60007" "Mozilla/5.0 (iPad; CPU OS 7_0_6 like Mac OS X) AppleWebKit/537.51.1 (KHTML, like Gecko) Version/7.0 Mobile/11B651 Safari/9537.53" "SESSION_ROUTE=ent2" "ASSIGN_ROUTE=ent2" TRACE-98335-PqG7klZkDDGCNogoglCUE2yW2uaj1sLxPUvFMeUIsOakl0Igr1-cas1
78.204.19.219 - - [25/Sep/2015:00:31:54 +0200] "GET /Logout HTTP/1.1" 302 - "https://ent.univ-lorraine.fr/f/u378l1s4/p/ul-zcs-etud.u378l1n57/max/render.uP?pCp" "Mozilla/5.0 (iPad; CPU OS 8_3 like Mac OS X) AppleWebKit/600.1.4 (KHTML, like Gecko) Version/8.0 Mobile/12F69 Safari/600.1.4" "SESSION_ROUTE=ent3" "ASSIGN_ROUTE=ent3" TRACE-98226-bp7kaQgPogfQar3xZ5xply4RK9VcOmodly3VG0qeVCjAuL7tQI-cas1
78.204.19.219 - - [25/Sep/2015:00:31:54 +0200] "GET /Login HTTP/1.1" 302 - "https://ent.univ-lorraine.fr/f/u378l1s4/p/ul-zcs-etud.u378l1n57/max/render.uP?pCp" "Mozilla/5.0 (iPad; CPU OS 8_3 like Mac OS X) AppleWebKit/600.1.4 (KHTML, like Gecko) Version/8.0 Mobile/12F69 Safari/600.1.4" "SESSION_ROUTE=ent3" "ASSIGN_ROUTE=ent3" TRACE-98226-bp7kaQgPogfQar3xZ5xply4RK9VcOmodly3VG0qeVCjAuL7tQI-cas1
78.204.19.219 - - [25/Sep/2015:00:31:54 +0200] "GET /f/u21l1s4/normal/render.uP HTTP/1.1" 200 29774 "https://ent.univ-lorraine.fr/f/u378l1s4/p/ul-zcs-etud.u378l1n57/max/render.uP?pCp" "Mozilla/5.0 (iPad; CPU OS 8_3 like Mac OS X) AppleWebKit/600.1.4 (KHTML, like Gecko) Version/8.0 Mobile/12F69 Safari/600.1.4" "SESSION_ROUTE=ent3" "ASSIGN_ROUTE=ent3" TRACE-98226-bp7kaQgPogfQar3xZ5xply4RK9VcOmodly3VG0qeVCjAuL7tQI-cas1
92.161.206.79 - - [25/Sep/2015:00:31:55 +0200] "GET /Login HTTP/1.1" 302 - "https://auth.univ-lorraine.fr/login?service=https://ent.univ-lorraine.fr/Login" "Mozilla/5.0 (Windows NT 6.3; WOW64; Trident/7.0; rv:11.0) like Gecko" "SESSION_ROUTE=ent3" "ASSIGN_ROUTE=ent3" TRACE-98338-bTGtJVYoSel0vcyx6dcTg07XX423gj4Je47VQ5LRraaTkYgRNg-cas1
84.97.155.190 - - [25/Sep/2015:00:31:55 +0200] "GET /Login HTTP/1.1" 302 - "https://auth.univ-lorraine.fr/login?service=https://ent.univ-lorraine.fr/Login" "Mozilla/5.0 (Macintosh; Intel Mac OS X 10_10_5) AppleWebKit/600.8.9 (KHTML, like Gecko) Version/8.0.8 Safari/600.8.9" "SESSION_ROUTE=ent3" "ASSIGN_ROUTE=ent3" TRACE-98337-NZSCIUcAiIlOVVW3UeIlfExXpxshXrMUD5cgsrIwRR4f2qmIyq-cas1
92.161.206.79 - - [25/Sep/2015:00:31:55 +0200] "GET /f/u1411l1s4/normal/render.uP HTTP/1.1" 200 50518 "https://auth.univ-lorraine.fr/login?service=https://ent.univ-lorraine.fr/Login" "Mozilla/5.0 (Windows NT 6.3; WOW64; Trident/7.0; rv:11.0) like Gecko" "SESSION_ROUTE=ent3" "ASSIGN_ROUTE=ent3" TRACE-98338-bTGtJVYoSel0vcyx6dcTg07XX423gj4Je47VQ5LRraaTkYgRNg-cas1
84.97.155.190 - - [25/Sep/2015:00:31:56 +0200] "GET /f/u1411l1s4/normal/render.uP HTTP/1.1" 200 51278 "https://auth.univ-lorraine.fr/login?service=https://ent.univ-lorraine.fr/Login" "Mozilla/5.0 (Macintosh; Intel Mac OS X 10_10_5) AppleWebKit/600.8.9 (KHTML, like Gecko) Version/8.0.8 Safari/600.8.9" "SESSION_ROUTE=ent3" "ASSIGN_ROUTE=ent3" TRACE-98337-NZSCIUcAiIlOVVW3UeIlfExXpxshXrMUD5cgsrIwRR4f2qmIyq-cas1
78.204.19.219 - - [25/Sep/2015:00:31:56 +0200] "POST /f/u21l1s4/p/esup-portlet-annuaire-desktop.u21l1n103/normal/action.uP?pP___jpfbJSFTARGET=view%3A%2Fstylesheets%2Fhome.xhtml HTTP/1.1" 302 - "https://ent.univ-lorraine.fr/f/u21l1s4/normal/render.uP" "Mozilla/5.0 (iPad; CPU OS 8_3 like Mac OS X) AppleWebKit/600.1.4 (KHTML, like Gecko) Version/8.0 Mobile/12F69 Safari/600.1.4" "SESSION_ROUTE=ent3" "ASSIGN_ROUTE=ent3" TRACE-98226-bp7kaQgPogfQar3xZ5xply4RK9VcOmodly3VG0qeVCjAuL7tQI-cas1
78.204.19.219 - - [25/Sep/2015:00:31:56 +0200] "GET /f/u21l1s4/normal/render.uP?pCt=esup-portlet-annuaire-desktop.u21l1n103&pP___jpfbJSFTARGET=view%3A%2Fstylesheets%2Fdesktop%2Fpersons.xhtml&pP_org.apache.myfaces.trinidad.util.RequestStateMap=b9df37ea-83e3-4aa9-a674-e066acec03ac HTTP/1.1" 200 39989 "https://ent.univ-lorraine.fr/f/u21l1s4/normal/render.uP" "Mozilla/5.0 (iPad; CPU OS 8_3 like Mac OS X) AppleWebKit/600.1.4 (KHTML, like Gecko) Version/8.0 Mobile/12F69 Safari/600.1.4" "SESSION_ROUTE=ent3" "ASSIGN_ROUTE=ent3" TRACE-98226-bp7kaQgPogfQar3xZ5xply4RK9VcOmodly3VG0qeVCjAuL7tQI-cas1
89.80.7.253 - - [25/Sep/2015:00:31:58 +0200] "GET /Login HTTP/1.1" 302 - "https://auth.univ-lorraine.fr/login?service=https://ent.univ-lorraine.fr/Login" "Mozilla/5.0 (Windows NT 6.3; WOW64; rv:40.0) Gecko/20100101 Firefox/40.0" "SESSION_ROUTE=ent4" "ASSIGN_ROUTE=ent4" TRACE-98341-nfRzqAjWzJ5KigohFOiuPgd4mgojF5AhDlGNAZtH7fRLGjxlyl-cas1
84.97.155.190 - - [25/Sep/2015:00:31:58 +0200] "GET /f/u1411l1s4/normal/render.uP?pCt=ul-zcs-etud.u1411l1n53&pCs=normal&pCp HTTP/1.1" 200 57520 "https://ent.univ-lorraine.fr/f/u1411l1s4/normal/render.uP" "Mozilla/5.0 (Macintosh; Intel Mac OS X 10_10_5) AppleWebKit/600.8.9 (KHTML, like Gecko) Version/8.0.8 Safari/600.8.9" "SESSION_ROUTE=ent3" "ASSIGN_ROUTE=ent3" TRACE-98337-NZSCIUcAiIlOVVW3UeIlfExXpxshXrMUD5cgsrIwRR4f2qmIyq-cas1
88.163.246.48 - - [25/Sep/2015:00:31:59 +0200] "GET /f/u1411l1s4/normal/render.uP?pCt=ul-zcs-etud.u1411l1n53&pCs=normal&pCp HTTP/1.1" 200 56768 "https://ent.univ-lorraine.fr/p/esup-portlet-annuaire.ctf1/max/render.uP?pP___jpfbJSFTARGET=view%3A%2Fstylesheets%2Fdesktop%2Fpersons.xhtml&pP_org.apache.myfaces.trinidad.util.RequestStateMap=b0e20eee-c797-4804-97f7-16b001f60007" "Mozilla/5.0 (iPad; CPU OS 7_0_6 like Mac OS X) AppleWebKit/537.51.1 (KHTML, like Gecko) Version/7.0 Mobile/11B651 Safari/9537.53" "SESSION_ROUTE=ent2" "ASSIGN_ROUTE=ent2" TRACE-98335-PqG7klZkDDGCNogoglCUE2yW2uaj1sLxPUvFMeUIsOakl0Igr1-cas1
89.80.7.253 - - [25/Sep/2015:00:31:59 +0200] "GET /f/u1411l1s4/normal/render.uP HTTP/1.1" 200 50524 "https://auth.univ-lorraine.fr/login?service=https://ent.univ-lorraine.fr/Login" "Mozilla/5.0 (Windows NT 6.3; WOW64; rv:40.0) Gecko/20100101 Firefox/40.0" "SESSION_ROUTE=ent4" "ASSIGN_ROUTE=ent4" TRACE-98341-nfRzqAjWzJ5KigohFOiuPgd4mgojF5AhDlGNAZtH7fRLGjxlyl-cas1
84.97.155.190 - - [25/Sep/2015:00:31:59 +0200] "GET /nancy2-portlet-zimbra/ajax/getTodayEvents HTTP/1.1" 200 2 "https://ent.univ-lorraine.fr/f/u1411l1s4/normal/render.uP?pCt=ul-zcs-etud.u1411l1n53&pCs=normal&pCp" "Mozilla/5.0 (Macintosh; Intel Mac OS X 10_10_5) AppleWebKit/600.8.9 (KHTML, like Gecko) Version/8.0.8 Safari/600.8.9" "SESSION_ROUTE=ent3" "ASSIGN_ROUTE=ent3" TRACE-98337-NZSCIUcAiIlOVVW3UeIlfExXpxshXrMUD5cgsrIwRR4f2qmIyq-cas1
84.97.155.190 - - [25/Sep/2015:00:31:59 +0200] "GET /nancy2-portlet-zimbra/ajax/getWeekEvents HTTP/1.1" 200 2 "https://ent.univ-lorraine.fr/f/u1411l1s4/normal/render.uP?pCt=ul-zcs-etud.u1411l1n53&pCs=normal&pCp" "Mozilla/5.0 (Macintosh; Intel Mac OS X 10_10_5) AppleWebKit/600.8.9 (KHTML, like Gecko) Version/8.0.8 Safari/600.8.9" "SESSION_ROUTE=ent3" "ASSIGN_ROUTE=ent3" TRACE-98337-NZSCIUcAiIlOVVW3UeIlfExXpxshXrMUD5cgsrIwRR4f2qmIyq-cas1
84.97.155.190 - - [25/Sep/2015:00:31:59 +0200] "GET /nancy2-portlet-zimbra/ajax/getMessages HTTP/1.1" 200 984 "https://ent.univ-lorraine.fr/f/u1411l1s4/normal/render.uP?pCt=ul-zcs-etud.u1411l1n53&pCs=normal&pCp" "Mozilla/5.0 (Macintosh; Intel Mac OS X 10_10_5) AppleWebKit/600.8.9 (KHTML, like Gecko) Version/8.0.8 Safari/600.8.9" "SESSION_ROUTE=ent3" "ASSIGN_ROUTE=ent3" TRACE-98337-NZSCIUcAiIlOVVW3UeIlfExXpxshXrMUD5cgsrIwRR4f2qmIyq-cas1
88.163.246.48 - - [25/Sep/2015:00:32:00 +0200] "GET /nancy2-portlet-zimbra/ajax/getFolders HTTP/1.1" 200 550 "https://ent.univ-lorraine.fr/f/u1411l1s4/normal/render.uP?pCt=ul-zcs-etud.u1411l1n53&pCs=normal&pCp" "Mozilla/5.0 (iPad; CPU OS 7_0_6 like Mac OS X) AppleWebKit/537.51.1 (KHTML, like Gecko) Version/7.0 Mobile/11B651 Safari/9537.53" "SESSION_ROUTE=ent2" "ASSIGN_ROUTE=ent2" TRACE-98335-PqG7klZkDDGCNogoglCUE2yW2uaj1sLxPUvFMeUIsOakl0Igr1-cas1
88.163.246.48 - - [25/Sep/2015:00:32:00 +0200] "GET /nancy2-portlet-zimbra/ajax/getTodayEvents HTTP/1.1" 200 2 "https://ent.univ-lorraine.fr/f/u1411l1s4/normal/render.uP?pCt=ul-zcs-etud.u1411l1n53&pCs=normal&pCp" "Mozilla/5.0 (iPad; CPU OS 7_0_6 like Mac OS X) AppleWebKit/537.51.1 (KHTML, like Gecko) Version/7.0 Mobile/11B651 Safari/9537.53" "SESSION_ROUTE=ent2" "ASSIGN_ROUTE=ent2" TRACE-98335-PqG7klZkDDGCNogoglCUE2yW2uaj1sLxPUvFMeUIsOakl0Igr1-cas1
88.163.246.48 - - [25/Sep/2015:00:32:00 +0200] "GET /nancy2-portlet-zimbra/ajax/getTasks HTTP/1.1" 200 2 "https://ent.univ-lorraine.fr/f/u1411l1s4/normal/render.uP?pCt=ul-zcs-etud.u1411l1n53&pCs=normal&pCp" "Mozilla/5.0 (iPad; CPU OS 7_0_6 like Mac OS X) AppleWebKit/537.51.1 (KHTML, like Gecko) Version/7.0 Mobile/11B651 Safari/9537.53" "SESSION_ROUTE=ent2" "ASSIGN_ROUTE=ent2" TRACE-98335-PqG7klZkDDGCNogoglCUE2yW2uaj1sLxPUvFMeUIsOakl0Igr1-cas1
88.163.246.48 - - [25/Sep/2015:00:32:00 +0200] "GET /nancy2-portlet-zimbra/ajax/getWeekEvents HTTP/1.1" 200 2 "https://ent.univ-lorraine.fr/f/u1411l1s4/normal/render.uP?pCt=ul-zcs-etud.u1411l1n53&pCs=normal&pCp" "Mozilla/5.0 (iPad; CPU OS 7_0_6 like Mac OS X) AppleWebKit/537.51.1 (KHTML, like Gecko) Version/7.0 Mobile/11B651 Safari/9537.53" "SESSION_ROUTE=ent2" "ASSIGN_ROUTE=ent2" TRACE-98335-PqG7klZkDDGCNogoglCUE2yW2uaj1sLxPUvFMeUIsOakl0Igr1-cas1
88.163.246.48 - - [25/Sep/2015:00:32:00 +0200] "GET /nancy2-portlet-zimbra/ajax/getMessages HTTP/1.1" 200 1586 "https://ent.univ-lorraine.fr/f/u1411l1s4/normal/render.uP?pCt=ul-zcs-etud.u1411l1n53&pCs=normal&pCp" "Mozilla/5.0 (iPad; CPU OS 7_0_6 like Mac OS X) AppleWebKit/537.51.1 (KHTML, like Gecko) Version/7.0 Mobile/11B651 Safari/9537.53" "SESSION_ROUTE=ent2" "ASSIGN_ROUTE=ent2" TRACE-98335-PqG7klZkDDGCNogoglCUE2yW2uaj1sLxPUvFMeUIsOakl0Igr1-cas1
37.162.22.151 - - [25/Sep/2015:00:32:01 +0200] "GET /Login?profile=desktop HTTP/1.1" 302 - "https://ent.univ-lorraine.fr/p/ul-iframe-planning-ade-ul-formation.u911l1n55/max/render.uP" "Mozilla/5.0 (Linux; Android 5.1.1; D6503 Build/23.4.A.0.546) AppleWebKit/537.36 (KHTML, like Gecko) Chrome/44.0.2403.133 Mobile Safari/537.36" "SESSION_ROUTE=ent3" "ASSIGN_ROUTE=ent3" TRACE-98334-e5ewG72m409Oion1DTdiAX7n7bj7c5Fi59Dy5ScfvklJeNpwXf-cas1
37.162.22.151 - - [25/Sep/2015:00:32:02 +0200] "GET /f/u1411l1s4/normal/render.uP HTTP/1.1" 200 51975 "https://ent.univ-lorraine.fr/p/ul-iframe-planning-ade-ul-formation.u911l1n55/max/render.uP" "Mozilla/5.0 (Linux; Android 5.1.1; D6503 Build/23.4.A.0.546) AppleWebKit/537.36 (KHTML, like Gecko) Chrome/44.0.2403.133 Mobile Safari/537.36" "SESSION_ROUTE=ent3" "ASSIGN_ROUTE=ent3" TRACE-98334-e5ewG72m409Oion1DTdiAX7n7bj7c5Fi59Dy5ScfvklJeNpwXf-cas1
84.97.155.190 - - [25/Sep/2015:00:31:59 +0200] "GET /nancy2-portlet-zimbra/ajax/getTasks HTTP/1.1" 200 2 "https://ent.univ-lorraine.fr/f/u1411l1s4/normal/render.uP?pCt=ul-zcs-etud.u1411l1n53&pCs=normal&pCp" "Mozilla/5.0 (Macintosh; Intel Mac OS X 10_10_5) AppleWebKit/600.8.9 (KHTML, like Gecko) Version/8.0.8 Safari/600.8.9" "SESSION_ROUTE=ent3" "ASSIGN_ROUTE=ent3" TRACE-98337-NZSCIUcAiIlOVVW3UeIlfExXpxshXrMUD5cgsrIwRR4f2qmIyq-cas1
78.250.153.85 - - [25/Sep/2015:00:31:50 +0200] "GET /f/u378l1s4/p/esup-portlet-annuaire-desktop.u378l1n53/max/render.uP?pP___jpfbJSFTARGET=view%3A%2Fstylesheets%2Fdesktop%2Fpersons.xhtml&pP___jpfbReqScopeId=EsupAnnuairePortlet%3AB5FC0704CA6EEEEC52765A9CBDAB32B4%3Aview%3A53140b1b%3A14ffd0d6c4d%3A-33a2&pP_org.apache.myfaces.trinidad.util.RequestStateMap=51426c81-2487-4f10-a029-45e76f32d221 HTTP/1.1" 200 45584 "https://ent.univ-lorraine.fr/f/u378l1s4/p/esup-portlet-annuaire-desktop.u378l1n53/max/render.uP?pP___jpfbJSFTARGET=view%3A%2Fstylesheets%2Fdesktop%2Fpersons.xhtml&pP___jpfbReqScopeId=EsupAnnuairePortlet%3AB5FC0704CA6EEEEC52765A9CBDAB32B4%3Aview%3A53140b1b%3A14ffd0d6c4d%3A-33a8&pP_org.apache.myfaces.trinidad.util.RequestStateMap=14541979-d353-4f9e-89f2-e8886e8f500a" "Mozilla/5.0 (Windows NT 6.3; WOW64) AppleWebKit/537.36 (KHTML, like Gecko) Chrome/45.0.2454.99 Safari/537.36" "SESSION_ROUTE=ent3" "ASSIGN_ROUTE=ent3" TRACE-98198-cVblj2JnDzne5UA5UOIAQ1OL9HLIpFTLq737u37g97K2RutlWR-cas1
84.97.155.190 - - [25/Sep/2015:00:31:59 +0200] "GET /nancy2-portlet-zimbra/ajax/getFolders HTTP/1.1" 200 548 "https://ent.univ-lorraine.fr/f/u1411l1s4/normal/render.uP?pCt=ul-zcs-etud.u1411l1n53&pCs=normal&pCp" "Mozilla/5.0 (Macintosh; Intel Mac OS X 10_10_5) AppleWebKit/600.8.9 (KHTML, like Gecko) Version/8.0.8 Safari/600.8.9" "SESSION_ROUTE=ent3" "ASSIGN_ROUTE=ent3" TRACE-98337-NZSCIUcAiIlOVVW3UeIlfExXpxshXrMUD5cgsrIwRR4f2qmIyq-cas1
92.130.215.65 - - [25/Sep/2015:00:32:03 +0200] "GET /f/u911l1s4/normal/render.uP?pCt=ul-iframe-planning-ade-ul-formation.u911l1n55&pCs=normal&pCp HTTP/1.1" 200 45119 "https://ent.univ-lorraine.fr/f/u911l1s4/normal/render.uP?pCt=ul-iframe-planning-ade-ul-etu.u911l1n54&pCs=normal&pCp" "Mozilla/5.0 (Macintosh; Intel Mac OS X 10.10; rv:40.0) Gecko/20100101 Firefox/40.0" "SESSION_ROUTE=ent4" "ASSIGN_ROUTE=ent4" TRACE-98325-XWxS9LTTb4MwwXFhW59Y5uKdfUWkxtzzA2QPReac3xk4o42ZRB-cas1
83.196.77.108 - - [25/Sep/2015:00:32:05 +0200] "GET /Login HTTP/1.1" 302 - "https://auth.univ-lorraine.fr/login?service=https://ent.univ-lorraine.fr/Login" "Mozilla/5.0 (Windows NT 6.3; WOW64; rv:40.0) Gecko/20100101 Firefox/40.0" "SESSION_ROUTE=ent2" "ASSIGN_ROUTE=ent2" TRACE-98342-4ZIW5m9PofUw9Q0POOiyBfAPPKQlu009ItacPlsylrwJeGITJU-cas1
83.196.77.108 - - [25/Sep/2015:00:32:06 +0200] "GET /f/u1411l1s4/normal/render.uP HTTP/1.1" 200 51986 "https://auth.univ-lorraine.fr/login?service=https://ent.univ-lorraine.fr/Login" "Mozilla/5.0 (Windows NT 6.3; WOW64; rv:40.0) Gecko/20100101 Firefox/40.0" "SESSION_ROUTE=ent2" "ASSIGN_ROUTE=ent2" TRACE-98342-4ZIW5m9PofUw9Q0POOiyBfAPPKQlu009ItacPlsylrwJeGITJU-cas1
92.161.206.79 - - [25/Sep/2015:00:32:07 +0200] "GET /f/u911l1s4/normal/render.uP?pCt=ul-iframe-planning-ade-ul-etu.u911l1n54&pCs=normal&pCp HTTP/1.1" 200 44944 "https://ent.univ-lorraine.fr/f/u1411l1s4/normal/render.uP" "Mozilla/5.0 (Windows NT 6.3; WOW64; Trident/7.0; rv:11.0) like Gecko" "SESSION_ROUTE=ent3" "ASSIGN_ROUTE=ent3" TRACE-98338-bTGtJVYoSel0vcyx6dcTg07XX423gj4Je47VQ5LRraaTkYgRNg-cas1
84.97.155.190 - - [25/Sep/2015:00:32:09 +0200] "GET /f/u911l1s4/normal/render.uP?pCt=ul-iframe-planning-ade-ul-etu.u911l1n54&pCs=normal&pCp HTTP/1.1" 200 45705 "https://ent.univ-lorraine.fr/f/u1411l1s4/normal/render.uP?pCt=ul-zcs-etud.u1411l1n53&pCs=normal&pCp" "Mozilla/5.0 (Macintosh; Intel Mac OS X 10_10_5) AppleWebKit/600.8.9 (KHTML, like Gecko) Version/8.0.8 Safari/600.8.9" "SESSION_ROUTE=ent3" "ASSIGN_ROUTE=ent3" TRACE-98337-NZSCIUcAiIlOVVW3UeIlfExXpxshXrMUD5cgsrIwRR4f2qmIyq-cas1
89.2.79.137 - - [25/Sep/2015:00:32:09 +0200] "GET /p/ul-cms-zimbra-etud.u910l1n10/max/render.uP?pCp HTTP/1.1" 200 5638 "-" "Mozilla/5.0 (Linux; Android 4.2.2; STARTRAIL 4 Build/JDQ39) AppleWebKit/537.36 (KHTML, like Gecko) Chrome/31.0.1650.59 Mobile Safari/537.36" "SESSION_ROUTE=ent4" "ASSIGN_ROUTE=ent4" TRACE-98331-saregxFIIq6DocAqNaOjJyT7njnPbX6K96H6wOF7AO2JYoVeeS-cas1
83.196.77.108 - - [25/Sep/2015:00:32:11 +0200] "GET /f/u378l1s4/p/ul-zcs-etud.u378l1n57/max/render.uP?pCp HTTP/1.1" 200 45111 "https://ent.univ-lorraine.fr/f/u1411l1s4/normal/render.uP" "Mozilla/5.0 (Windows NT 6.3; WOW64; rv:40.0) Gecko/20100101 Firefox/40.0" "SESSION_ROUTE=ent2" "ASSIGN_ROUTE=ent2" TRACE-98342-4ZIW5m9PofUw9Q0POOiyBfAPPKQlu009ItacPlsylrwJeGITJU-cas1
83.196.77.108 - - [25/Sep/2015:00:32:12 +0200] "GET /nancy2-portlet-zimbra/ajax/getFolders HTTP/1.1" 200 673 "https://ent.univ-lorraine.fr/f/u378l1s4/p/ul-zcs-etud.u378l1n57/max/render.uP?pCp" "Mozilla/5.0 (Windows NT 6.3; WOW64; rv:40.0) Gecko/20100101 Firefox/40.0" "SESSION_ROUTE=ent2" "ASSIGN_ROUTE=ent2" TRACE-98342-4ZIW5m9PofUw9Q0POOiyBfAPPKQlu009ItacPlsylrwJeGITJU-cas1
83.196.77.108 - - [25/Sep/2015:00:32:12 +0200] "GET /nancy2-portlet-zimbra/ajax/getTasks HTTP/1.1" 200 2 "https://ent.univ-lorraine.fr/f/u378l1s4/p/ul-zcs-etud.u378l1n57/max/render.uP?pCp" "Mozilla/5.0 (Windows NT 6.3; WOW64; rv:40.0) Gecko/20100101 Firefox/40.0" "SESSION_ROUTE=ent2" "ASSIGN_ROUTE=ent2" TRACE-98342-4ZIW5m9PofUw9Q0POOiyBfAPPKQlu009ItacPlsylrwJeGITJU-cas1
83.196.77.108 - - [25/Sep/2015:00:32:12 +0200] "GET /nancy2-portlet-zimbra/ajax/getWeekEvents HTTP/1.1" 200 2 "https://ent.univ-lorraine.fr/f/u378l1s4/p/ul-zcs-etud.u378l1n57/max/render.uP?pCp" "Mozilla/5.0 (Windows NT 6.3; WOW64; rv:40.0) Gecko/20100101 Firefox/40.0" "SESSION_ROUTE=ent2" "ASSIGN_ROUTE=ent2" TRACE-98342-4ZIW5m9PofUw9Q0POOiyBfAPPKQlu009ItacPlsylrwJeGITJU-cas1
83.196.77.108 - - [25/Sep/2015:00:32:12 +0200] "GET /nancy2-portlet-zimbra/ajax/getTodayEvents HTTP/1.1" 200 2 "https://ent.univ-lorraine.fr/f/u378l1s4/p/ul-zcs-etud.u378l1n57/max/render.uP?pCp" "Mozilla/5.0 (Windows NT 6.3; WOW64; rv:40.0) Gecko/20100101 Firefox/40.0" "SESSION_ROUTE=ent2" "ASSIGN_ROUTE=ent2" TRACE-98342-4ZIW5m9PofUw9Q0POOiyBfAPPKQlu009ItacPlsylrwJeGITJU-cas1
83.196.77.108 - - [25/Sep/2015:00:32:12 +0200] "GET /nancy2-portlet-zimbra/ajax/getMessages HTTP/1.1" 200 1631 "https://ent.univ-lorraine.fr/f/u378l1s4/p/ul-zcs-etud.u378l1n57/max/render.uP?pCp" "Mozilla/5.0 (Windows NT 6.3; WOW64; rv:40.0) Gecko/20100101 Firefox/40.0" "SESSION_ROUTE=ent2" "ASSIGN_ROUTE=ent2" TRACE-98342-4ZIW5m9PofUw9Q0POOiyBfAPPKQlu009ItacPlsylrwJeGITJU-cas1
89.156.72.59 - - [25/Sep/2015:00:32:13 +0200] "GET /Login?refUrl=/f/u911l1s4/normal/render.uP%3FpCt%3Dul-iframe-planning-ade-ul-etu.u911l1n54%26pCs%3Dnormal%26pCp HTTP/1.1" 302 - "https://auth.univ-lorraine.fr/login?service=https://ent.univ-lorraine.fr/Login%3FrefUrl%3D%2Ff%2Fu911l1s4%2Fnormal%2Frender.uP%253FpCt%253Dul-iframe-planning-ade-ul-etu.u911l1n54%2526pCs%253Dnormal%2526pCp" "Mozilla/5.0 (Windows NT 6.3; WOW64) AppleWebKit/537.36 (KHTML, like Gecko) Chrome/39.0.2171.65 Safari/537.36" "SESSION_ROUTE=ent5" "ASSIGN_ROUTE=ent5" TRACE-98344-BdeEyvdACc7zeaelaBXtBFvKfGpPzchDy495euo5kDPOWZIrUg-cas1
78.239.232.148 - - [25/Sep/2015:00:32:13 +0200] "GET /Login HTTP/1.1" 302 - "https://auth.univ-lorraine.fr/login?service=https://ent.univ-lorraine.fr/Login" "Mozilla/5.0 (Windows NT 10.0) AppleWebKit/537.36 (KHTML, like Gecko) Chrome/45.0.2454.99 Safari/537.36" "SESSION_ROUTE=ent2" "ASSIGN_ROUTE=ent2" TRACE-98343-5WdiaJOoeihDdZ2dRFFU1wzjqIKQoSAEqN2Ug9NJFviF5lGhPm-cas1
78.239.232.148 - - [25/Sep/2015:00:32:13 +0200] "GET /f/u1411l1s4/normal/render.uP HTTP/1.1" 200 50521 "https://auth.univ-lorraine.fr/login?service=https://ent.univ-lorraine.fr/Login" "Mozilla/5.0 (Windows NT 10.0) AppleWebKit/537.36 (KHTML, like Gecko) Chrome/45.0.2454.99 Safari/537.36" "SESSION_ROUTE=ent2" "ASSIGN_ROUTE=ent2" TRACE-98343-5WdiaJOoeihDdZ2dRFFU1wzjqIKQoSAEqN2Ug9NJFviF5lGhPm-cas1
37.162.22.151 - - [25/Sep/2015:00:32:13 +0200] "GET /f/u911l1s4/normal/render.uP HTTP/1.1" 200 46402 "https://ent.univ-lorraine.fr/f/u1411l1s4/normal/render.uP" "Mozilla/5.0 (Linux; Android 5.1.1; D6503 Build/23.4.A.0.546) AppleWebKit/537.36 (KHTML, like Gecko) Chrome/44.0.2403.133 Mobile Safari/537.36" "SESSION_ROUTE=ent3" "ASSIGN_ROUTE=ent3" TRACE-98334-e5ewG72m409Oion1DTdiAX7n7bj7c5Fi59Dy5ScfvklJeNpwXf-cas1
89.156.72.59 - - [25/Sep/2015:00:32:13 +0200] "GET /f/u911l1s4/normal/render.uP?pCt=ul-iframe-planning-ade-ul-etu.u911l1n54&pCs=normal&pCp HTTP/1.1" 200 44947 "https://auth.univ-lorraine.fr/login?service=https://ent.univ-lorraine.fr/Login%3FrefUrl%3D%2Ff%2Fu911l1s4%2Fnormal%2Frender.uP%253FpCt%253Dul-iframe-planning-ade-ul-etu.u911l1n54%2526pCs%253Dnormal%2526pCp" "Mozilla/5.0 (Windows NT 6.3; WOW64) AppleWebKit/537.36 (KHTML, like Gecko) Chrome/39.0.2171.65 Safari/537.36" "SESSION_ROUTE=ent5" "ASSIGN_ROUTE=ent5" TRACE-98344-BdeEyvdACc7zeaelaBXtBFvKfGpPzchDy495euo5kDPOWZIrUg-cas1
78.250.153.85 - - [25/Sep/2015:00:32:18 +0200] "POST /f/u378l1s4/p/esup-portlet-annuaire-desktop.u378l1n53/max/action.uP?pP___jpfbJSFTARGET=view%3A%2Fstylesheets%2Fdesktop%2Fpersons.xhtml HTTP/1.1" 302 - "https://ent.univ-lorraine.fr/f/u378l1s4/p/esup-portlet-annuaire-desktop.u378l1n53/max/render.uP?pP___jpfbJSFTARGET=view%3A%2Fstylesheets%2Fdesktop%2Fpersons.xhtml&pP___jpfbReqScopeId=EsupAnnuairePortlet%3AB5FC0704CA6EEEEC52765A9CBDAB32B4%3Aview%3A53140b1b%3A14ffd0d6c4d%3A-33a2&pP_org.apache.myfaces.trinidad.util.RequestStateMap=51426c81-2487-4f10-a029-45e76f32d221" "Mozilla/5.0 (Windows NT 6.3; WOW64) AppleWebKit/537.36 (KHTML, like Gecko) Chrome/45.0.2454.99 Safari/537.36" "SESSION_ROUTE=ent3" "ASSIGN_ROUTE=ent3" TRACE-98198-cVblj2JnDzne5UA5UOIAQ1OL9HLIpFTLq737u37g97K2RutlWR-cas1
85.68.244.33 - - [25/Sep/2015:00:32:18 +0200] "GET /Login HTTP/1.1" 302 - "https://auth.univ-lorraine.fr/login?service=https://ent.univ-lorraine.fr/Login" "Mozilla/5.0 (Windows NT 6.1; WOW64) AppleWebKit/537.36 (KHTML, like Gecko) Chrome/45.0.2454.99 Safari/537.36" "SESSION_ROUTE=ent4" "ASSIGN_ROUTE=ent4" TRACE-98346-lMd2zDwJbVAfuXZd1HarzIJDaaR75sSViziR9lXCMpxrlGf5SF-cas1
85.68.244.33 - - [25/Sep/2015:00:32:18 +0200] "GET /f/u1411l1s4/normal/render.uP HTTP/1.1" 200 51973 "https://auth.univ-lorraine.fr/login?service=https://ent.univ-lorraine.fr/Login" "Mozilla/5.0 (Windows NT 6.1; WOW64) AppleWebKit/537.36 (KHTML, like Gecko) Chrome/45.0.2454.99 Safari/537.36" "SESSION_ROUTE=ent4" "ASSIGN_ROUTE=ent4" TRACE-98346-lMd2zDwJbVAfuXZd1HarzIJDaaR75sSViziR9lXCMpxrlGf5SF-cas1
90.63.203.157 - - [25/Sep/2015:00:32:20 +0200] "GET /Logout HTTP/1.1" 302 - "https://ent.univ-lorraine.fr/f/u378l1s4/p/ul-zcs-etud.u378l1n57/max/render.uP?pCp" "Mozilla/5.0 (iPad; CPU OS 8_2 like Mac OS X) AppleWebKit/600.1.4 (KHTML, like Gecko) Version/8.0 Mobile/12D508 Safari/600.1.4" "SESSION_ROUTE=ent3" "ASSIGN_ROUTE=ent3" TRACE-98203-Pevh6cV5R7HOjfZBMqQTdEcs3F1y15Ww6jLpYYggcVlvp1UYqa-cas1
83.196.77.108 - - [25/Sep/2015:00:32:21 +0200] "GET /f/u911l1s4/normal/render.uP?pCt=ul-iframe-planning-ade-ul-formation.u911l1n55&pCs=normal&pCp HTTP/1.1" 200 46447 "https://ent.univ-lorraine.fr/f/u378l1s4/p/ul-zcs-etud.u378l1n57/max/render.uP?pCp" "Mozilla/5.0 (Windows NT 6.3; WOW64; rv:40.0) Gecko/20100101 Firefox/40.0" "SESSION_ROUTE=ent2" "ASSIGN_ROUTE=ent2" TRACE-98342-4ZIW5m9PofUw9Q0POOiyBfAPPKQlu009ItacPlsylrwJeGITJU-cas1
37.162.22.151 - - [25/Sep/2015:00:32:21 +0200] "GET /f/u911l1s4/normal/render.uP?pCt=ul-iframe-planning-ade-ul-formation.u911l1n55&pCs=normal&pCp HTTP/1.1" 200 46437 "https://ent.univ-lorraine.fr/f/u911l1s4/normal/render.uP" "Mozilla/5.0 (Linux; Android 5.1.1; D6503 Build/23.4.A.0.546) AppleWebKit/537.36 (KHTML, like Gecko) Chrome/44.0.2403.133 Mobile Safari/537.36" "SESSION_ROUTE=ent3" "ASSIGN_ROUTE=ent3" TRACE-98334-e5ewG72m409Oion1DTdiAX7n7bj7c5Fi59Dy5ScfvklJeNpwXf-cas1
31.38.162.250 - - [25/Sep/2015:00:32:21 +0200] "GET /Login?refUrl=/p/ul-cms-planning-ade-ul.u911l1n141/max/render.uP%3FpCp HTTP/1.1" 302 - "https://auth.univ-lorraine.fr/login?service=https://ent.univ-lorraine.fr/Login%3FrefUrl%3D%2Fp%2Ful-cms-planning-ade-ul.u911l1n141%2Fmax%2Frender.uP%253FpCp" "Mozilla/5.0 (Linux; Android 5.0; ASUS_Z00AD Build/LRX21V) AppleWebKit/537.36 (KHTML, like Gecko) Chrome/45.0.2454.94 Mobile Safari/537.36" "SESSION_ROUTE=ent6" "ASSIGN_ROUTE=ent6" TRACE-98349-PcD5y7f9bhwqgvjKchOyXcqm6KWiKebHMaFzgdh9yha9cwLsWG-cas1
89.156.72.59 - - [25/Sep/2015:00:32:22 +0200] "GET /f/u911l1s4/normal/render.uP?pCt=ul-iframe-planning-ade-ul-formation.u911l1n55&pCs=normal&pCp HTTP/1.1" 200 44982 "https://ent.univ-lorraine.fr/f/u911l1s4/normal/render.uP?pCt=ul-iframe-planning-ade-ul-etu.u911l1n54&pCs=normal&pCp" "Mozilla/5.0 (Windows NT 6.3; WOW64) AppleWebKit/537.36 (KHTML, like Gecko) Chrome/39.0.2171.65 Safari/537.36" "SESSION_ROUTE=ent5" "ASSIGN_ROUTE=ent5" TRACE-98344-BdeEyvdACc7zeaelaBXtBFvKfGpPzchDy495euo5kDPOWZIrUg-cas1
31.38.162.250 - - [25/Sep/2015:00:32:22 +0200] "GET /p/ul-cms-planning-ade-ul.u911l1n141/max/render.uP?pCp HTTP/1.1" 200 5703 "https://auth.univ-lorraine.fr/login?service=https://ent.univ-lorraine.fr/Login%3FrefUrl%3D%2Fp%2Ful-cms-planning-ade-ul.u911l1n141%2Fmax%2Frender.uP%253FpCp" "Mozilla/5.0 (Linux; Android 5.0; ASUS_Z00AD Build/LRX21V) AppleWebKit/537.36 (KHTML, like Gecko) Chrome/45.0.2454.94 Mobile Safari/537.36" "SESSION_ROUTE=ent6" "ASSIGN_ROUTE=ent6" TRACE-98349-PcD5y7f9bhwqgvjKchOyXcqm6KWiKebHMaFzgdh9yha9cwLsWG-cas1
