92.138.73.212 - - [25/Sep/2015:00:27:52 +0200] "GET /nancy2-portlet-zimbra/ajax/getTodayEvents HTTP/1.1" 200 2 "https://ent.univ-lorraine.fr/f/u1411l1s4/normal/render.uP?pCt=ul-zcs-etud.u1411l1n53&pCs=normal&pCp" "Mozilla/5.0 (Macintosh; Intel Mac OS X 10_10_3) AppleWebKit/600.6.3 (KHTML, like Gecko) Version/8.0.6 Safari/600.6.3" "SESSION_ROUTE=ent2" "ASSIGN_ROUTE=ent2" TRACE-98260-hzHPRfTloN4QfMZfbxOMpfRDDqxuInPIwgJ6zphAA6MzHz9Me0-cas1
92.138.73.212 - - [25/Sep/2015:00:27:52 +0200] "GET /nancy2-portlet-zimbra/ajax/getTasks HTTP/1.1" 200 2 "https://ent.univ-lorraine.fr/f/u1411l1s4/normal/render.uP?pCt=ul-zcs-etud.u1411l1n53&pCs=normal&pCp" "Mozilla/5.0 (Macintosh; Intel Mac OS X 10_10_3) AppleWebKit/600.6.3 (KHTML, like Gecko) Version/8.0.6 Safari/600.6.3" "SESSION_ROUTE=ent2" "ASSIGN_ROUTE=ent2" TRACE-98260-hzHPRfTloN4QfMZfbxOMpfRDDqxuInPIwgJ6zphAA6MzHz9Me0-cas1
92.138.73.212 - - [25/Sep/2015:00:27:52 +0200] "GET /nancy2-portlet-zimbra/ajax/getMessages HTTP/1.1" 200 1615 "https://ent.univ-lorraine.fr/f/u1411l1s4/normal/render.uP?pCt=ul-zcs-etud.u1411l1n53&pCs=normal&pCp" "Mozilla/5.0 (Macintosh; Intel Mac OS X 10_10_3) AppleWebKit/600.6.3 (KHTML, like Gecko) Version/8.0.6 Safari/600.6.3" "SESSION_ROUTE=ent2" "ASSIGN_ROUTE=ent2" TRACE-98260-hzHPRfTloN4QfMZfbxOMpfRDDqxuInPIwgJ6zphAA6MzHz9Me0-cas1
92.138.73.212 - - [25/Sep/2015:00:27:56 +0200] "GET /f/u911l1s4/normal/render.uP?pCt=ul-iframe-planning-ade-ul-etu.u911l1n54&pCs=normal&pCp HTTP/1.1" 200 46220 "https://ent.univ-lorraine.fr/f/u1411l1s4/normal/render.uP?pCt=ul-zcs-etud.u1411l1n53&pCs=normal&pCp" "Mozilla/5.0 (Macintosh; Intel Mac OS X 10_10_3) AppleWebKit/600.6.3 (KHTML, like Gecko) Version/8.0.6 Safari/600.6.3" "SESSION_ROUTE=ent2" "ASSIGN_ROUTE=ent2" TRACE-98260-hzHPRfTloN4QfMZfbxOMpfRDDqxuInPIwgJ6zphAA6MzHz9Me0-cas1
82.234.155.1 - - [25/Sep/2015:00:27:57 +0200] "GET /f/u1411l1s4/normal/render.uP?pCt=ul-zcs-etud.u1411l1n53&pCs=normal&pCp HTTP/1.1" 200 56773 "https://ent.univ-lorraine.fr/f/u1411l1s4/normal/render.uP" "Mozilla/5.0 (Windows NT 6.3; rv:40.0) Gecko/20100101 Firefox/40.0" "SESSION_ROUTE=ent6" "ASSIGN_ROUTE=ent6" TRACE-98261-GN7cnh6rH1gecMeUtpO7bO3ZcKm5b1ZQ0vjV4udMZOMFgPGAgR-cas1
81.56.6.221 - - [25/Sep/2015:00:27:58 +0200] "GET /Login HTTP/1.1" 302 - "https://auth.univ-lorraine.fr/login?service=https://ent.univ-lorraine.fr/Login" "Mozilla/5.0 (Windows NT 10.0; WOW64) AppleWebKit/537.36 (KHTML, like Gecko) Chrome/45.0.2454.99 Safari/537.36" "SESSION_ROUTE=ent5" "ASSIGN_ROUTE=ent5" TRACE-98265-CZPep7eNAmpPBNS0gDiKaxqOxZURJydVaN5SRftHJMzYPxRYf1-cas1
81.56.6.221 - - [25/Sep/2015:00:27:59 +0200] "GET /f/u1411l1s4/normal/render.uP HTTP/1.1" 200 50524 "https://auth.univ-lorraine.fr/login?service=https://ent.univ-lorraine.fr/Login" "Mozilla/5.0 (Windows NT 10.0; WOW64) AppleWebKit/537.36 (KHTML, like Gecko) Chrome/45.0.2454.99 Safari/537.36" "SESSION_ROUTE=ent5" "ASSIGN_ROUTE=ent5" TRACE-98265-CZPep7eNAmpPBNS0gDiKaxqOxZURJydVaN5SRftHJMzYPxRYf1-cas1
82.234.155.1 - - [25/Sep/2015:00:28:00 +0200] "GET /nancy2-portlet-zimbra/ajax/getTasks HTTP/1.1" 200 2 "https://ent.univ-lorraine.fr/f/u1411l1s4/normal/render.uP?pCt=ul-zcs-etud.u1411l1n53&pCs=normal&pCp" "Mozilla/5.0 (Windows NT 6.3; rv:40.0) Gecko/20100101 Firefox/40.0" "SESSION_ROUTE=ent6" "ASSIGN_ROUTE=ent6" TRACE-98261-GN7cnh6rH1gecMeUtpO7bO3ZcKm5b1ZQ0vjV4udMZOMFgPGAgR-cas1
82.234.155.1 - - [25/Sep/2015:00:28:00 +0200] "GET /nancy2-portlet-zimbra/ajax/getWeekEvents HTTP/1.1" 200 2 "https://ent.univ-lorraine.fr/f/u1411l1s4/normal/render.uP?pCt=ul-zcs-etud.u1411l1n53&pCs=normal&pCp" "Mozilla/5.0 (Windows NT 6.3; rv:40.0) Gecko/20100101 Firefox/40.0" "SESSION_ROUTE=ent6" "ASSIGN_ROUTE=ent6" TRACE-98261-GN7cnh6rH1gecMeUtpO7bO3ZcKm5b1ZQ0vjV4udMZOMFgPGAgR-cas1
82.234.155.1 - - [25/Sep/2015:00:28:00 +0200] "GET /nancy2-portlet-zimbra/ajax/getMessages HTTP/1.1" 200 1627 "https://ent.univ-lorraine.fr/f/u1411l1s4/normal/render.uP?pCt=ul-zcs-etud.u1411l1n53&pCs=normal&pCp" "Mozilla/5.0 (Windows NT 6.3; rv:40.0) Gecko/20100101 Firefox/40.0" "SESSION_ROUTE=ent6" "ASSIGN_ROUTE=ent6" TRACE-98261-GN7cnh6rH1gecMeUtpO7bO3ZcKm5b1ZQ0vjV4udMZOMFgPGAgR-cas1
82.234.155.1 - - [25/Sep/2015:00:28:00 +0200] "GET /nancy2-portlet-zimbra/ajax/getTodayEvents HTTP/1.1" 200 2 "https://ent.univ-lorraine.fr/f/u1411l1s4/normal/render.uP?pCt=ul-zcs-etud.u1411l1n53&pCs=normal&pCp" "Mozilla/5.0 (Windows NT 6.3; rv:40.0) Gecko/20100101 Firefox/40.0" "SESSION_ROUTE=ent6" "ASSIGN_ROUTE=ent6" TRACE-98261-GN7cnh6rH1gecMeUtpO7bO3ZcKm5b1ZQ0vjV4udMZOMFgPGAgR-cas1
82.234.155.1 - - [25/Sep/2015:00:28:00 +0200] "GET /nancy2-portlet-zimbra/ajax/getFolders HTTP/1.1" 200 550 "https://ent.univ-lorraine.fr/f/u1411l1s4/normal/render.uP?pCt=ul-zcs-etud.u1411l1n53&pCs=normal&pCp" "Mozilla/5.0 (Windows NT 6.3; rv:40.0) Gecko/20100101 Firefox/40.0" "SESSION_ROUTE=ent6" "ASSIGN_ROUTE=ent6" TRACE-98261-GN7cnh6rH1gecMeUtpO7bO3ZcKm5b1ZQ0vjV4udMZOMFgPGAgR-cas1
81.56.6.221 - - [25/Sep/2015:00:28:01 +0200] "GET /f/u911l1s4/normal/render.uP?pCt=ul-iframe-planning-ade-ul-etu.u911l1n54&pCs=normal&pCp HTTP/1.1" 200 44950 "https://ent.univ-lorraine.fr/f/u1411l1s4/normal/render.uP" "Mozilla/5.0 (Windows NT 10.0; WOW64) AppleWebKit/537.36 (KHTML, like Gecko) Chrome/45.0.2454.99 Safari/537.36" "SESSION_ROUTE=ent5" "ASSIGN_ROUTE=ent5" TRACE-98265-CZPep7eNAmpPBNS0gDiKaxqOxZURJydVaN5SRftHJMzYPxRYf1-cas1
82.234.155.1 - - [25/Sep/2015:00:28:03 +0200] "GET /f/u911l1s4/normal/render.uP?pCt=ul-iframe-planning-ade-ul-etu.u911l1n54&pCs=normal&pCp HTTP/1.1" 200 44958 "https://ent.univ-lorraine.fr/f/u1411l1s4/normal/render.uP?pCt=ul-zcs-etud.u1411l1n53&pCs=normal&pCp" "Mozilla/5.0 (Windows NT 6.3; rv:40.0) Gecko/20100101 Firefox/40.0" "SESSION_ROUTE=ent6" "ASSIGN_ROUTE=ent6" TRACE-98261-GN7cnh6rH1gecMeUtpO7bO3ZcKm5b1ZQ0vjV4udMZOMFgPGAgR-cas1
83.196.91.142 - - [25/Sep/2015:00:28:09 +0200] "GET /Login HTTP/1.1" 302 - "https://auth.univ-lorraine.fr/login?service=https://ent.univ-lorraine.fr/Login" "Mozilla/5.0 (Windows NT 6.1; WOW64) AppleWebKit/537.36 (KHTML, like Gecko) Chrome/45.0.2454.99 Safari/537.36" "SESSION_ROUTE=ent3" "ASSIGN_ROUTE=ent3" TRACE-98267-O7kMYdPiDcoJ9BFJfBsRcAOHlNPPl43Hpek1xKYcvLfiBa6sQP-cas1
92.138.73.212 - - [25/Sep/2015:00:28:10 +0200] "GET /f/u911l1s4/normal/render.uP?pCt=ul-iframe-planning-ade-ul-formation.u911l1n55&pCs=normal&pCp HTTP/1.1" 200 46255 "https://ent.univ-lorraine.fr/f/u911l1s4/normal/render.uP?pCt=ul-iframe-planning-ade-ul-etu.u911l1n54&pCs=normal&pCp" "Mozilla/5.0 (Macintosh; Intel Mac OS X 10_10_3) AppleWebKit/600.6.3 (KHTML, like Gecko) Version/8.0.6 Safari/600.6.3" "SESSION_ROUTE=ent2" "ASSIGN_ROUTE=ent2" TRACE-98260-hzHPRfTloN4QfMZfbxOMpfRDDqxuInPIwgJ6zphAA6MzHz9Me0-cas1
83.196.91.142 - - [25/Sep/2015:00:28:10 +0200] "GET /f/u1411l1s4/normal/render.uP HTTP/1.1" 200 50533 "https://auth.univ-lorraine.fr/login?service=https://ent.univ-lorraine.fr/Login" "Mozilla/5.0 (Windows NT 6.1; WOW64) AppleWebKit/537.36 (KHTML, like Gecko) Chrome/45.0.2454.99 Safari/537.36" "SESSION_ROUTE=ent3" "ASSIGN_ROUTE=ent3" TRACE-98267-O7kMYdPiDcoJ9BFJfBsRcAOHlNPPl43Hpek1xKYcvLfiBa6sQP-cas1
86.223.157.67 - - [25/Sep/2015:00:28:11 +0200] "GET /Login HTTP/1.1" 302 - "https://auth.univ-lorraine.fr/login?service=https://ent.univ-lorraine.fr/Login" "Mozilla/5.0 (Windows NT 10.0; WOW64) AppleWebKit/537.36 (KHTML, like Gecko) Chrome/45.0.2454.99 Safari/537.36" "SESSION_ROUTE=ent2" "ASSIGN_ROUTE=ent2" TRACE-98268-COHpcUWk9H7w0uGce2urazsrPDmuSIggbu0uP6ViEG9i0Ni2Dl-cas1
86.223.157.67 - - [25/Sep/2015:00:28:12 +0200] "GET /f/u1411l1s4/normal/render.uP HTTP/1.1" 200 50648 "https://auth.univ-lorraine.fr/login?service=https://ent.univ-lorraine.fr/Login" "Mozilla/5.0 (Windows NT 10.0; WOW64) AppleWebKit/537.36 (KHTML, like Gecko) Chrome/45.0.2454.99 Safari/537.36" "SESSION_ROUTE=ent2" "ASSIGN_ROUTE=ent2" TRACE-98268-COHpcUWk9H7w0uGce2urazsrPDmuSIggbu0uP6ViEG9i0Ni2Dl-cas1
83.196.91.142 - - [25/Sep/2015:00:28:13 +0200] "GET /f/u911l1s4/normal/render.uP?pCt=ul-iframe-planning-ade-ul-etu.u911l1n54&pCs=normal&pCp HTTP/1.1" 200 44959 "https://ent.univ-lorraine.fr/f/u1411l1s4/normal/render.uP" "Mozilla/5.0 (Windows NT 6.1; WOW64) AppleWebKit/537.36 (KHTML, like Gecko) Chrome/45.0.2454.99 Safari/537.36" "SESSION_ROUTE=ent3" "ASSIGN_ROUTE=ent3" TRACE-98267-O7kMYdPiDcoJ9BFJfBsRcAOHlNPPl43Hpek1xKYcvLfiBa6sQP-cas1
77.153.21.118 - - [25/Sep/2015:00:28:14 +0200] "GET /Login HTTP/1.1" 302 - "https://auth.univ-lorraine.fr/login?service=https://ent.univ-lorraine.fr/Login" "Mozilla/5.0 (Windows NT 6.0; rv:41.0) Gecko/20100101 Firefox/41.0" "SESSION_ROUTE=ent4" "ASSIGN_ROUTE=ent4" TRACE-98269-a1embBW7YRZCHKLsyA3NnagjteVgecLUAel7ugOOweMeXUAvCo-cas1
77.153.21.118 - - [25/Sep/2015:00:28:14 +0200] "GET /f/u1411l1s4/normal/render.uP HTTP/1.1" 200 59660 "https://auth.univ-lorraine.fr/login?service=https://ent.univ-lorraine.fr/Login" "Mozilla/5.0 (Windows NT 6.0; rv:41.0) Gecko/20100101 Firefox/41.0" "SESSION_ROUTE=ent4" "ASSIGN_ROUTE=ent4" TRACE-98269-a1embBW7YRZCHKLsyA3NnagjteVgecLUAel7ugOOweMeXUAvCo-cas1
86.223.157.67 - - [25/Sep/2015:00:28:16 +0200] "GET /f/u378l1s4/p/ul-zcs-etud.u378l1n57/max/render.uP?pCp HTTP/1.1" 200 43886 "https://ent.univ-lorraine.fr/f/u1411l1s4/normal/render.uP" "Mozilla/5.0 (Windows NT 10.0; WOW64) AppleWebKit/537.36 (KHTML, like Gecko) Chrome/45.0.2454.99 Safari/537.36" "SESSION_ROUTE=ent2" "ASSIGN_ROUTE=ent2" TRACE-98268-COHpcUWk9H7w0uGce2urazsrPDmuSIggbu0uP6ViEG9i0Ni2Dl-cas1
86.223.157.67 - - [25/Sep/2015:00:28:17 +0200] "GET /nancy2-portlet-zimbra/ajax/getFolders HTTP/1.1" 200 548 "https://ent.univ-lorraine.fr/f/u378l1s4/p/ul-zcs-etud.u378l1n57/max/render.uP?pCp" "Mozilla/5.0 (Windows NT 10.0; WOW64) AppleWebKit/537.36 (KHTML, like Gecko) Chrome/45.0.2454.99 Safari/537.36" "SESSION_ROUTE=ent2" "ASSIGN_ROUTE=ent2" TRACE-98268-COHpcUWk9H7w0uGce2urazsrPDmuSIggbu0uP6ViEG9i0Ni2Dl-cas1
86.223.157.67 - - [25/Sep/2015:00:28:17 +0200] "GET /nancy2-portlet-zimbra/ajax/getTasks HTTP/1.1" 200 2 "https://ent.univ-lorraine.fr/f/u378l1s4/p/ul-zcs-etud.u378l1n57/max/render.uP?pCp" "Mozilla/5.0 (Windows NT 10.0; WOW64) AppleWebKit/537.36 (KHTML, like Gecko) Chrome/45.0.2454.99 Safari/537.36" "SESSION_ROUTE=ent2" "ASSIGN_ROUTE=ent2" TRACE-98268-COHpcUWk9H7w0uGce2urazsrPDmuSIggbu0uP6ViEG9i0Ni2Dl-cas1
89.90.99.179 - - [25/Sep/2015:00:28:17 +0200] "GET /Login?refUrl=/f/u911l1s4/normal/render.uP%3FpCt%3Dul-iframe-planning-ade-ul-formation.u911l1n55%26pCs%3Dnormal%26pCp HTTP/1.1" 302 - "https://auth.univ-lorraine.fr/login?service=https://ent.univ-lorraine.fr/Login%3FrefUrl%3D%2Ff%2Fu911l1s4%2Fnormal%2Frender.uP%253FpCt%253Dul-iframe-planning-ade-ul-formation.u911l1n55%2526pCs%253Dnormal%2526pCp" "Mozilla/5.0 (Linux; Android 4.4.4; D5103 Build/18.1.A.2.25) AppleWebKit/537.36 (KHTML, like Gecko) Chrome/44.0.2403.133 Mobile Safari/537.36" "SESSION_ROUTE=ent5" "ASSIGN_ROUTE=ent5" TRACE-98271-iCIV4NHQEam1tLT4AdMQJpLtI6ttpz5pD6H1Ttfyipo5XeLkaE-cas1
86.223.157.67 - - [25/Sep/2015:00:28:17 +0200] "GET /nancy2-portlet-zimbra/ajax/getTodayEvents HTTP/1.1" 200 254 "https://ent.univ-lorraine.fr/f/u378l1s4/p/ul-zcs-etud.u378l1n57/max/render.uP?pCp" "Mozilla/5.0 (Windows NT 10.0; WOW64) AppleWebKit/537.36 (KHTML, like Gecko) Chrome/45.0.2454.99 Safari/537.36" "SESSION_ROUTE=ent2" "ASSIGN_ROUTE=ent2" TRACE-98268-COHpcUWk9H7w0uGce2urazsrPDmuSIggbu0uP6ViEG9i0Ni2Dl-cas1
86.223.157.67 - - [25/Sep/2015:00:28:17 +0200] "GET /nancy2-portlet-zimbra/ajax/getWeekEvents HTTP/1.1" 200 3050 "https://ent.univ-lorraine.fr/f/u378l1s4/p/ul-zcs-etud.u378l1n57/max/render.uP?pCp" "Mozilla/5.0 (Windows NT 10.0; WOW64) AppleWebKit/537.36 (KHTML, like Gecko) Chrome/45.0.2454.99 Safari/537.36" "SESSION_ROUTE=ent2" "ASSIGN_ROUTE=ent2" TRACE-98268-COHpcUWk9H7w0uGce2urazsrPDmuSIggbu0uP6ViEG9i0Ni2Dl-cas1
86.223.157.67 - - [25/Sep/2015:00:28:17 +0200] "GET /nancy2-portlet-zimbra/ajax/getMessages HTTP/1.1" 200 2 "https://ent.univ-lorraine.fr/f/u378l1s4/p/ul-zcs-etud.u378l1n57/max/render.uP?pCp" "Mozilla/5.0 (Windows NT 10.0; WOW64) AppleWebKit/537.36 (KHTML, like Gecko) Chrome/45.0.2454.99 Safari/537.36" "SESSION_ROUTE=ent2" "ASSIGN_ROUTE=ent2" TRACE-98268-COHpcUWk9H7w0uGce2urazsrPDmuSIggbu0uP6ViEG9i0Ni2Dl-cas1
89.90.99.179 - - [25/Sep/2015:00:28:17 +0200] "GET /f/u911l1s4/normal/render.uP?pCt=ul-iframe-planning-ade-ul-formation.u911l1n55&pCs=normal&pCp HTTP/1.1" 302 - "https://auth.univ-lorraine.fr/login?service=https://ent.univ-lorraine.fr/Login%3FrefUrl%3D%2Ff%2Fu911l1s4%2Fnormal%2Frender.uP%253FpCt%253Dul-iframe-planning-ade-ul-formation.u911l1n55%2526pCs%253Dnormal%2526pCp" "Mozilla/5.0 (Linux; Android 4.4.4; D5103 Build/18.1.A.2.25) AppleWebKit/537.36 (KHTML, like Gecko) Chrome/44.0.2403.133 Mobile Safari/537.36" "SESSION_ROUTE=ent5" "ASSIGN_ROUTE=ent5" TRACE-98271-iCIV4NHQEam1tLT4AdMQJpLtI6ttpz5pD6H1Ttfyipo5XeLkaE-cas1
89.90.99.179 - - [25/Sep/2015:00:28:18 +0200] "GET /p/ul-iframe-planning-ade-ul-formation.u911l1n55/max/render.uP HTTP/1.1" 200 5419 "https://auth.univ-lorraine.fr/login?service=https://ent.univ-lorraine.fr/Login%3FrefUrl%3D%2Ff%2Fu911l1s4%2Fnormal%2Frender.uP%253FpCt%253Dul-iframe-planning-ade-ul-formation.u911l1n55%2526pCs%253Dnormal%2526pCp" "Mozilla/5.0 (Linux; Android 4.4.4; D5103 Build/18.1.A.2.25) AppleWebKit/537.36 (KHTML, like Gecko) Chrome/44.0.2403.133 Mobile Safari/537.36" "SESSION_ROUTE=ent5" "ASSIGN_ROUTE=ent5" TRACE-98271-iCIV4NHQEam1tLT4AdMQJpLtI6ttpz5pD6H1Ttfyipo5XeLkaE-cas1
90.40.184.249 - - [25/Sep/2015:00:28:18 +0200] "GET /f/u911l1s4/normal/render.uP?pCt=ul-iframe-planning-ade-ul-formation.u911l1n55&pCs=normal&pCp HTTP/1.1" 200 45120 "https://ent.univ-lorraine.fr/f/u911l1s4/normal/render.uP?pCt=ul-iframe-planning-ade-ul-etu.u911l1n54&pCs=normal&pCp" "Mozilla/5.0 (Macintosh; Intel Mac OS X 10_10_3) AppleWebKit/600.6.3 (KHTML, like Gecko) Version/8.0.6 Safari/600.6.3" "SESSION_ROUTE=ent5" "ASSIGN_ROUTE=ent5" TRACE-98253-ld4V614dGcx2dBzzHONbalPuwzQkCFTPdmWIi4fNQx0wLkgQJX-cas1
77.153.21.118 - - [25/Sep/2015:00:28:19 +0200] "GET /f/u378l1s4/p/ul-zcs-pers.u378l1n55/max/render.uP?pCp HTTP/1.1" 200 52500 "https://ent.univ-lorraine.fr/f/u1411l1s4/normal/render.uP" "Mozilla/5.0 (Windows NT 6.0; rv:41.0) Gecko/20100101 Firefox/41.0" "SESSION_ROUTE=ent4" "ASSIGN_ROUTE=ent4" TRACE-98269-a1embBW7YRZCHKLsyA3NnagjteVgecLUAel7ugOOweMeXUAvCo-cas1
87.89.206.37 - - [25/Sep/2015:00:28:20 +0200] "GET /Login HTTP/1.1" 302 - "https://auth.univ-lorraine.fr/login?service=https://ent.univ-lorraine.fr/Login" "Mozilla/5.0 (Windows NT 10.0; WOW64) AppleWebKit/537.36 (KHTML, like Gecko) Chrome/45.0.2454.99 Safari/537.36" "SESSION_ROUTE=ent5" "ASSIGN_ROUTE=ent5" TRACE-98273-z7cfIN4M3FmPHZ7IgEX6eyYSebjsmVHIL0IcivfvSQvaDgsrtm-cas1
77.153.21.118 - - [25/Sep/2015:00:28:21 +0200] "GET /nancy2-portlet-zimbra/ajax/getWeekEvents HTTP/1.1" 200 2 "https://ent.univ-lorraine.fr/f/u378l1s4/p/ul-zcs-pers.u378l1n55/max/render.uP?pCp" "Mozilla/5.0 (Windows NT 6.0; rv:41.0) Gecko/20100101 Firefox/41.0" "SESSION_ROUTE=ent4" "ASSIGN_ROUTE=ent4" TRACE-98269-a1embBW7YRZCHKLsyA3NnagjteVgecLUAel7ugOOweMeXUAvCo-cas1
77.153.21.118 - - [25/Sep/2015:00:28:21 +0200] "GET /nancy2-portlet-zimbra/ajax/getMessages HTTP/1.1" 200 373 "https://ent.univ-lorraine.fr/f/u378l1s4/p/ul-zcs-pers.u378l1n55/max/render.uP?pCp" "Mozilla/5.0 (Windows NT 6.0; rv:41.0) Gecko/20100101 Firefox/41.0" "SESSION_ROUTE=ent4" "ASSIGN_ROUTE=ent4" TRACE-98269-a1embBW7YRZCHKLsyA3NnagjteVgecLUAel7ugOOweMeXUAvCo-cas1
87.89.206.37 - - [25/Sep/2015:00:28:20 +0200] "GET /f/u1411l1s4/normal/render.uP HTTP/1.1" 200 51649 "https://auth.univ-lorraine.fr/login?service=https://ent.univ-lorraine.fr/Login" "Mozilla/5.0 (Windows NT 10.0; WOW64) AppleWebKit/537.36 (KHTML, like Gecko) Chrome/45.0.2454.99 Safari/537.36" "SESSION_ROUTE=ent5" "ASSIGN_ROUTE=ent5" TRACE-98273-z7cfIN4M3FmPHZ7IgEX6eyYSebjsmVHIL0IcivfvSQvaDgsrtm-cas1
77.153.21.118 - - [25/Sep/2015:00:28:21 +0200] "GET /nancy2-portlet-zimbra/ajax/getTodayEvents HTTP/1.1" 200 2 "https://ent.univ-lorraine.fr/f/u378l1s4/p/ul-zcs-pers.u378l1n55/max/render.uP?pCp" "Mozilla/5.0 (Windows NT 6.0; rv:41.0) Gecko/20100101 Firefox/41.0" "SESSION_ROUTE=ent4" "ASSIGN_ROUTE=ent4" TRACE-98269-a1embBW7YRZCHKLsyA3NnagjteVgecLUAel7ugOOweMeXUAvCo-cas1
77.153.21.118 - - [25/Sep/2015:00:28:21 +0200] "GET /nancy2-portlet-zimbra/ajax/getTasks HTTP/1.1" 200 2 "https://ent.univ-lorraine.fr/f/u378l1s4/p/ul-zcs-pers.u378l1n55/max/render.uP?pCp" "Mozilla/5.0 (Windows NT 6.0; rv:41.0) Gecko/20100101 Firefox/41.0" "SESSION_ROUTE=ent4" "ASSIGN_ROUTE=ent4" TRACE-98269-a1embBW7YRZCHKLsyA3NnagjteVgecLUAel7ugOOweMeXUAvCo-cas1
77.153.21.118 - - [25/Sep/2015:00:28:21 +0200] "GET /nancy2-portlet-zimbra/ajax/getFolders HTTP/1.1" 200 1453 "https://ent.univ-lorraine.fr/f/u378l1s4/p/ul-zcs-pers.u378l1n55/max/render.uP?pCp" "Mozilla/5.0 (Windows NT 6.0; rv:41.0) Gecko/20100101 Firefox/41.0" "SESSION_ROUTE=ent4" "ASSIGN_ROUTE=ent4" TRACE-98269-a1embBW7YRZCHKLsyA3NnagjteVgecLUAel7ugOOweMeXUAvCo-cas1
82.234.155.1 - - [25/Sep/2015:00:28:24 +0200] "GET /Logout HTTP/1.1" 302 - "https://ent.univ-lorraine.fr/f/u911l1s4/normal/render.uP?pCt=ul-iframe-planning-ade-ul-etu.u911l1n54&pCs=normal&pCp" "Mozilla/5.0 (Windows NT 6.3; rv:40.0) Gecko/20100101 Firefox/40.0" "SESSION_ROUTE=ent6" "ASSIGN_ROUTE=ent6" TRACE-98261-GN7cnh6rH1gecMeUtpO7bO3ZcKm5b1ZQ0vjV4udMZOMFgPGAgR-cas1
77.153.21.118 - - [25/Sep/2015:00:28:25 +0200] "GET /Logout HTTP/1.1" 302 - "https://ent.univ-lorraine.fr/f/u378l1s4/p/ul-zcs-pers.u378l1n55/max/render.uP?pCp" "Mozilla/5.0 (Windows NT 6.0; rv:41.0) Gecko/20100101 Firefox/41.0" "SESSION_ROUTE=ent4" "ASSIGN_ROUTE=ent4" TRACE-98269-a1embBW7YRZCHKLsyA3NnagjteVgecLUAel7ugOOweMeXUAvCo-cas1
77.153.21.118 - - [25/Sep/2015:00:28:25 +0200] "GET /Login HTTP/1.1" 302 - "https://ent.univ-lorraine.fr/f/u378l1s4/p/ul-zcs-pers.u378l1n55/max/render.uP?pCp" "Mozilla/5.0 (Windows NT 6.0; rv:41.0) Gecko/20100101 Firefox/41.0" "SESSION_ROUTE=ent4" "ASSIGN_ROUTE=ent4" TRACE-98269-a1embBW7YRZCHKLsyA3NnagjteVgecLUAel7ugOOweMeXUAvCo-cas1
82.234.155.1 - - [25/Sep/2015:00:28:25 +0200] "GET /Login HTTP/1.1" 302 - "https://ent.univ-lorraine.fr/f/u911l1s4/normal/render.uP?pCt=ul-iframe-planning-ade-ul-etu.u911l1n54&pCs=normal&pCp" "Mozilla/5.0 (Windows NT 6.3; rv:40.0) Gecko/20100101 Firefox/40.0" "SESSION_ROUTE=ent6" "ASSIGN_ROUTE=ent6" TRACE-98261-GN7cnh6rH1gecMeUtpO7bO3ZcKm5b1ZQ0vjV4udMZOMFgPGAgR-cas1
77.153.21.118 - - [25/Sep/2015:00:28:25 +0200] "GET /f/u21l1s4/normal/render.uP HTTP/1.1" 200 30048 "https://ent.univ-lorraine.fr/f/u378l1s4/p/ul-zcs-pers.u378l1n55/max/render.uP?pCp" "Mozilla/5.0 (Windows NT 6.0; rv:41.0) Gecko/20100101 Firefox/41.0" "SESSION_ROUTE=ent4" "ASSIGN_ROUTE=ent4" TRACE-98269-a1embBW7YRZCHKLsyA3NnagjteVgecLUAel7ugOOweMeXUAvCo-cas1
82.234.155.1 - - [25/Sep/2015:00:28:25 +0200] "GET /f/u21l1s4/normal/render.uP HTTP/1.1" 200 30049 "https://ent.univ-lorraine.fr/f/u911l1s4/normal/render.uP?pCt=ul-iframe-planning-ade-ul-etu.u911l1n54&pCs=normal&pCp" "Mozilla/5.0 (Windows NT 6.3; rv:40.0) Gecko/20100101 Firefox/40.0" "SESSION_ROUTE=ent6" "ASSIGN_ROUTE=ent6" TRACE-98261-GN7cnh6rH1gecMeUtpO7bO3ZcKm5b1ZQ0vjV4udMZOMFgPGAgR-cas1
77.153.21.118 - - [25/Sep/2015:00:28:26 +0200] "POST /f/u21l1s4/p/esup-portlet-annuaire-desktop.u21l1n103/normal/action.uP?pP___jpfbJSFTARGET=view%3A%2Fstylesheets%2Fhome.xhtml HTTP/1.1" 302 - "https://ent.univ-lorraine.fr/f/u21l1s4/normal/render.uP" "Mozilla/5.0 (Windows NT 6.0; rv:41.0) Gecko/20100101 Firefox/41.0" "SESSION_ROUTE=ent4" "ASSIGN_ROUTE=ent4" TRACE-98269-a1embBW7YRZCHKLsyA3NnagjteVgecLUAel7ugOOweMeXUAvCo-cas1
77.153.21.118 - - [25/Sep/2015:00:28:26 +0200] "GET /f/u21l1s4/normal/render.uP?pCt=esup-portlet-annuaire-desktop.u21l1n103&pP___jpfbJSFTARGET=view%3A%2Fstylesheets%2Fdesktop%2Fpersons.xhtml&pP_org.apache.myfaces.trinidad.util.RequestStateMap=2e1d3643-f8ef-49e8-9937-3904bb7b527f HTTP/1.1" 200 40340 "https://ent.univ-lorraine.fr/f/u21l1s4/normal/render.uP" "Mozilla/5.0 (Windows NT 6.0; rv:41.0) Gecko/20100101 Firefox/41.0" "SESSION_ROUTE=ent4" "ASSIGN_ROUTE=ent4" TRACE-98269-a1embBW7YRZCHKLsyA3NnagjteVgecLUAel7ugOOweMeXUAvCo-cas1
87.89.206.37 - - [25/Sep/2015:00:28:26 +0200] "GET /f/u911l1s4/normal/render.uP?pCt=ul-iframe-planning-ade-ul-formation.u911l1n55&pCs=normal&pCp HTTP/1.1" 200 46110 "https://ent.univ-lorraine.fr/f/u1411l1s4/normal/render.uP" "Mozilla/5.0 (Windows NT 10.0; WOW64) AppleWebKit/537.36 (KHTML, like Gecko) Chrome/45.0.2454.99 Safari/537.36" "SESSION_ROUTE=ent5" "ASSIGN_ROUTE=ent5" TRACE-98273-z7cfIN4M3FmPHZ7IgEX6eyYSebjsmVHIL0IcivfvSQvaDgsrtm-cas1
5.50.96.79 - - [25/Sep/2015:00:28:27 +0200] "GET /f/u911l1s4/normal/render.uP?pCt=ul-iframe-planning-ade-ul-formation.u911l1n55&pCs=normal&pCp HTTP/1.1" 200 45561 "https://ent.univ-lorraine.fr/f/u911l1s4/normal/render.uP" "Mozilla/5.0 (Linux; Android 4.4.4; GT-I9060I Build/KTU84P) AppleWebKit/537.36 (KHTML, like Gecko) Chrome/45.0.2454.94 Mobile Safari/537.36" "SESSION_ROUTE=ent5" "ASSIGN_ROUTE=ent5" TRACE-98197-iYFfum5s61AEpuTkbjgBRV4Fg9cHn6dlUf4AIkSsrRevJbw2m5-cas1
46.193.129.46 - - [25/Sep/2015:00:28:26 +0200] "GET /p/uhp-portlet-cours-moodle-bali.u911l1n145/max/render.uP?pCp HTTP/1.1" 200 25447 "https://ent.univ-lorraine.fr/normal/render.uP" "Mozilla/5.0 (Linux; Android 5.0.2; SM-G901F Build/LRX22G) AppleWebKit/537.36 (KHTML, like Gecko) Chrome/45.0.2454.94 Mobile Safari/537.36" "SESSION_ROUTE=ent1" "ASSIGN_ROUTE=ent1" TRACE-98244-UfOQ49LfbKWeuJNjI5gsiA3UTNavjAS3fI7c2VzJ3b44MQDBp5-cas1
195.132.178.192 - - [25/Sep/2015:00:28:33 +0200] "GET /Login?refUrl=/f/u1411l1s4/normal/render.uP HTTP/1.1" 302 - "https://auth.univ-lorraine.fr/login?service=https://ent.univ-lorraine.fr/Login%3FrefUrl%3D%2Ff%2Fu1411l1s4%2Fnormal%2Frender.uP" "Mozilla/5.0 (Macintosh; Intel Mac OS X 10_10_4) AppleWebKit/537.36 (KHTML, like Gecko) Chrome/44.0.2403.157 Safari/537.36" "SESSION_ROUTE=ent2" "ASSIGN_ROUTE=ent2" TRACE-98275-cGJ39aOLhFdyEUsRUd3uvd2fcYahoLhRALG2BOA1S3nDqedFgd-cas1
46.193.129.46 - - [25/Sep/2015:00:28:33 +0200] "GET /p/uhp-portlet-cours-moodle-bali.u911l1n145/max/render.uP HTTP/1.1" 200 25441 "https://ent.univ-lorraine.fr/p/uhp-portlet-cours-moodle-bali.u911l1n145/max/render.uP?pCp" "Mozilla/5.0 (Linux; Android 5.0.2; SM-G901F Build/LRX22G) AppleWebKit/537.36 (KHTML, like Gecko) Chrome/45.0.2454.94 Mobile Safari/537.36" "SESSION_ROUTE=ent1" "ASSIGN_ROUTE=ent1" TRACE-98244-UfOQ49LfbKWeuJNjI5gsiA3UTNavjAS3fI7c2VzJ3b44MQDBp5-cas1
89.90.99.179 - - [25/Sep/2015:00:28:33 +0200] "GET /Login?profile=desktop HTTP/1.1" 302 - "https://ent.univ-lorraine.fr/p/ul-iframe-planning-ade-ul-formation.u911l1n55/max/render.uP" "Mozilla/5.0 (Linux; Android 4.4.4; D5103 Build/18.1.A.2.25) AppleWebKit/537.36 (KHTML, like Gecko) Chrome/44.0.2403.133 Mobile Safari/537.36" "SESSION_ROUTE=ent5" "ASSIGN_ROUTE=ent5" TRACE-98271-iCIV4NHQEam1tLT4AdMQJpLtI6ttpz5pD6H1Ttfyipo5XeLkaE-cas1
195.132.178.192 - - [25/Sep/2015:00:28:33 +0200] "GET /f/u1411l1s4/normal/render.uP HTTP/1.1" 200 50516 "https://auth.univ-lorraine.fr/login?service=https://ent.univ-lorraine.fr/Login%3FrefUrl%3D%2Ff%2Fu1411l1s4%2Fnormal%2Frender.uP" "Mozilla/5.0 (Macintosh; Intel Mac OS X 10_10_4) AppleWebKit/537.36 (KHTML, like Gecko) Chrome/44.0.2403.157 Safari/537.36" "SESSION_ROUTE=ent2" "ASSIGN_ROUTE=ent2" TRACE-98275-cGJ39aOLhFdyEUsRUd3uvd2fcYahoLhRALG2BOA1S3nDqedFgd-cas1
89.90.99.179 - - [25/Sep/2015:00:28:34 +0200] "GET /f/u1411l1s4/normal/render.uP HTTP/1.1" 200 51100 "https://ent.univ-lorraine.fr/p/ul-iframe-planning-ade-ul-formation.u911l1n55/max/render.uP" "Mozilla/5.0 (Linux; Android 4.4.4; D5103 Build/18.1.A.2.25) AppleWebKit/537.36 (KHTML, like Gecko) Chrome/44.0.2403.133 Mobile Safari/537.36" "SESSION_ROUTE=ent5" "ASSIGN_ROUTE=ent5" TRACE-98271-iCIV4NHQEam1tLT4AdMQJpLtI6ttpz5pD6H1Ttfyipo5XeLkaE-cas1
193.49.162.15 - - [25/Sep/2015:00:28:35 +0200] "GET /f/u911l1s4/normal/render.uP?pCt=ul-iframe-planning-ade-ul-formation.u911l1n55&pCs=normal&pCp HTTP/1.1" 200 44981 "https://ent.univ-lorraine.fr/f/u1411l1s4/normal/render.uP" "Mozilla/5.0 (Windows NT 6.1; WOW64) AppleWebKit/537.36 (KHTML, like Gecko) Chrome/45.0.2454.99 Safari/537.36" "SESSION_ROUTE=ent2" "ASSIGN_ROUTE=ent2" TRACE-98229-nleFGjxKnfebPCuDeHcHGTsg3IEfQyQqntHbLeblWyfNLvdX6u-cas1
195.132.178.192 - - [25/Sep/2015:00:28:36 +0200] "GET /f/u1411l1s4/normal/render.uP?pCt=ul-zcs-etud.u1411l1n53&pCs=normal&pCp HTTP/1.1" 200 56801 "https://ent.univ-lorraine.fr/f/u1411l1s4/normal/render.uP" "Mozilla/5.0 (Macintosh; Intel Mac OS X 10_10_4) AppleWebKit/537.36 (KHTML, like Gecko) Chrome/44.0.2403.157 Safari/537.36" "SESSION_ROUTE=ent2" "ASSIGN_ROUTE=ent2" TRACE-98275-cGJ39aOLhFdyEUsRUd3uvd2fcYahoLhRALG2BOA1S3nDqedFgd-cas1
195.132.178.192 - - [25/Sep/2015:00:28:37 +0200] "GET /nancy2-portlet-zimbra/ajax/getWeekEvents HTTP/1.1" 200 2 "https://ent.univ-lorraine.fr/f/u1411l1s4/normal/render.uP?pCt=ul-zcs-etud.u1411l1n53&pCs=normal&pCp" "Mozilla/5.0 (Macintosh; Intel Mac OS X 10_10_4) AppleWebKit/537.36 (KHTML, like Gecko) Chrome/44.0.2403.157 Safari/537.36" "SESSION_ROUTE=ent2" "ASSIGN_ROUTE=ent2" TRACE-98275-cGJ39aOLhFdyEUsRUd3uvd2fcYahoLhRALG2BOA1S3nDqedFgd-cas1
195.132.178.192 - - [25/Sep/2015:00:28:37 +0200] "GET /nancy2-portlet-zimbra/ajax/getTodayEvents HTTP/1.1" 200 2 "https://ent.univ-lorraine.fr/f/u1411l1s4/normal/render.uP?pCt=ul-zcs-etud.u1411l1n53&pCs=normal&pCp" "Mozilla/5.0 (Macintosh; Intel Mac OS X 10_10_4) AppleWebKit/537.36 (KHTML, like Gecko) Chrome/44.0.2403.157 Safari/537.36" "SESSION_ROUTE=ent2" "ASSIGN_ROUTE=ent2" TRACE-98275-cGJ39aOLhFdyEUsRUd3uvd2fcYahoLhRALG2BOA1S3nDqedFgd-cas1
195.132.178.192 - - [25/Sep/2015:00:28:37 +0200] "GET /nancy2-portlet-zimbra/ajax/getFolders HTTP/1.1" 200 548 "https://ent.univ-lorraine.fr/f/u1411l1s4/normal/render.uP?pCt=ul-zcs-etud.u1411l1n53&pCs=normal&pCp" "Mozilla/5.0 (Macintosh; Intel Mac OS X 10_10_4) AppleWebKit/537.36 (KHTML, like Gecko) Chrome/44.0.2403.157 Safari/537.36" "SESSION_ROUTE=ent2" "ASSIGN_ROUTE=ent2" TRACE-98275-cGJ39aOLhFdyEUsRUd3uvd2fcYahoLhRALG2BOA1S3nDqedFgd-cas1
195.132.178.192 - - [25/Sep/2015:00:28:37 +0200] "GET /nancy2-portlet-zimbra/ajax/getTasks HTTP/1.1" 200 2 "https://ent.univ-lorraine.fr/f/u1411l1s4/normal/render.uP?pCt=ul-zcs-etud.u1411l1n53&pCs=normal&pCp" "Mozilla/5.0 (Macintosh; Intel Mac OS X 10_10_4) AppleWebKit/537.36 (KHTML, like Gecko) Chrome/44.0.2403.157 Safari/537.36" "SESSION_ROUTE=ent2" "ASSIGN_ROUTE=ent2" TRACE-98275-cGJ39aOLhFdyEUsRUd3uvd2fcYahoLhRALG2BOA1S3nDqedFgd-cas1
195.132.178.192 - - [25/Sep/2015:00:28:37 +0200] "GET /nancy2-portlet-zimbra/ajax/getMessages HTTP/1.1" 200 2 "https://ent.univ-lorraine.fr/f/u1411l1s4/normal/render.uP?pCt=ul-zcs-etud.u1411l1n53&pCs=normal&pCp" "Mozilla/5.0 (Macintosh; Intel Mac OS X 10_10_4) AppleWebKit/537.36 (KHTML, like Gecko) Chrome/44.0.2403.157 Safari/537.36" "SESSION_ROUTE=ent2" "ASSIGN_ROUTE=ent2" TRACE-98275-cGJ39aOLhFdyEUsRUd3uvd2fcYahoLhRALG2BOA1S3nDqedFgd-cas1
195.132.178.192 - - [25/Sep/2015:00:28:39 +0200] "GET /f/u911l1s4/normal/render.uP?pCt=ul-iframe-planning-ade-ul-formation.u911l1n55&pCs=normal&pCp HTTP/1.1" 200 44977 "https://ent.univ-lorraine.fr/f/u1411l1s4/normal/render.uP?pCt=ul-zcs-etud.u1411l1n53&pCs=normal&pCp" "Mozilla/5.0 (Macintosh; Intel Mac OS X 10_10_4) AppleWebKit/537.36 (KHTML, like Gecko) Chrome/44.0.2403.157 Safari/537.36" "SESSION_ROUTE=ent2" "ASSIGN_ROUTE=ent2" TRACE-98275-cGJ39aOLhFdyEUsRUd3uvd2fcYahoLhRALG2BOA1S3nDqedFgd-cas1
78.250.153.85 - - [25/Sep/2015:00:28:40 +0200] "POST /f/u378l1s4/p/esup-portlet-annuaire-desktop.u378l1n53/max/action.uP?pP___jpfbJSFTARGET=view%3A%2Fstylesheets%2Fhome.xhtml HTTP/1.1" 302 - "https://ent.univ-lorraine.fr/f/u378l1s4/p/esup-portlet-annuaire-desktop.u378l1n53/max/render.uP?pCp" "Mozilla/5.0 (Windows NT 6.3; WOW64) AppleWebKit/537.36 (KHTML, like Gecko) Chrome/45.0.2454.99 Safari/537.36" "SESSION_ROUTE=ent3" "ASSIGN_ROUTE=ent3" TRACE-98198-cVblj2JnDzne5UA5UOIAQ1OL9HLIpFTLq737u37g97K2RutlWR-cas1
78.250.153.85 - - [25/Sep/2015:00:28:41 +0200] "GET /f/u378l1s4/p/esup-portlet-annuaire-desktop.u378l1n53/max/render.uP?pP___jpfbJSFTARGET=view%3A%2Fstylesheets%2Fdesktop%2Fpersons.xhtml&pP_org.apache.myfaces.trinidad.util.RequestStateMap=69f0d81c-0b02-465d-aef2-c421478f9814 HTTP/1.1" 200 30818 "https://ent.univ-lorraine.fr/f/u378l1s4/p/esup-portlet-annuaire-desktop.u378l1n53/max/render.uP?pCp" "Mozilla/5.0 (Windows NT 6.3; WOW64) AppleWebKit/537.36 (KHTML, like Gecko) Chrome/45.0.2454.99 Safari/537.36" "SESSION_ROUTE=ent3" "ASSIGN_ROUTE=ent3" TRACE-98198-cVblj2JnDzne5UA5UOIAQ1OL9HLIpFTLq737u37g97K2RutlWR-cas1
92.138.73.212 - - [25/Sep/2015:00:28:44 +0200] "GET /f/u911l1s4/normal/render.uP?pCt=ul-iframe-planning-ade-ul-etu.u911l1n54&pCs=normal&pCp HTTP/1.1" 200 46219 "https://ent.univ-lorraine.fr/f/u911l1s4/normal/render.uP?pCt=ul-iframe-planning-ade-ul-formation.u911l1n55&pCs=normal&pCp" "Mozilla/5.0 (Macintosh; Intel Mac OS X 10_10_3) AppleWebKit/600.6.3 (KHTML, like Gecko) Version/8.0.6 Safari/600.6.3" "SESSION_ROUTE=ent2" "ASSIGN_ROUTE=ent2" TRACE-98260-hzHPRfTloN4QfMZfbxOMpfRDDqxuInPIwgJ6zphAA6MzHz9Me0-cas1
78.250.153.85 - - [25/Sep/2015:00:28:43 +0200] "GET /f/u378l1s4/p/esup-portlet-annuaire-desktop.u378l1n53/max/render.uP?pCp HTTP/1.1" 200 44832 "-" "Mozilla/5.0 (Windows NT 6.3; WOW64) AppleWebKit/537.36 (KHTML, like Gecko) Chrome/45.0.2454.99 Safari/537.36" "SESSION_ROUTE=ent3" "ASSIGN_ROUTE=ent3" TRACE-98198-cVblj2JnDzne5UA5UOIAQ1OL9HLIpFTLq737u37g97K2RutlWR-cas1
89.90.99.179 - - [25/Sep/2015:00:28:57 +0200] "GET /f/u911l1s4/normal/render.uP HTTP/1.1" 200 45527 "https://ent.univ-lorraine.fr/f/u1411l1s4/normal/render.uP" "Mozilla/5.0 (Linux; Android 4.4.4; D5103 Build/18.1.A.2.25) AppleWebKit/537.36 (KHTML, like Gecko) Chrome/44.0.2403.133 Mobile Safari/537.36" "SESSION_ROUTE=ent5" "ASSIGN_ROUTE=ent5" TRACE-98271-iCIV4NHQEam1tLT4AdMQJpLtI6ttpz5pD6H1Ttfyipo5XeLkaE-cas1
109.221.154.251 - - [25/Sep/2015:00:29:01 +0200] "GET /Logout HTTP/1.1" 302 - "https://ent.univ-lorraine.fr/f/u1411l1s4/normal/render.uP?pCt=ul-zcs-etud.u1411l1n53&pCs=normal&pCp" "Mozilla/5.0 (X11; Ubuntu; Linux x86_64; rv:40.0) Gecko/20100101 Firefox/40.0" "SESSION_ROUTE=ent3" "ASSIGN_ROUTE=ent3" TRACE-98159-s332OJCtRCEEcLaEF6v5IRuBudbwPEWp0IeDQbkwmRoCd3Mls0-cas1
109.221.154.251 - - [25/Sep/2015:00:29:01 +0200] "GET /Login HTTP/1.1" 302 - "https://ent.univ-lorraine.fr/f/u1411l1s4/normal/render.uP?pCt=ul-zcs-etud.u1411l1n53&pCs=normal&pCp" "Mozilla/5.0 (X11; Ubuntu; Linux x86_64; rv:40.0) Gecko/20100101 Firefox/40.0" "SESSION_ROUTE=ent3" "ASSIGN_ROUTE=ent3" TRACE-98159-s332OJCtRCEEcLaEF6v5IRuBudbwPEWp0IeDQbkwmRoCd3Mls0-cas1
109.221.154.251 - - [25/Sep/2015:00:29:01 +0200] "GET /f/u21l1s4/normal/render.uP HTTP/1.1" 200 30048 "https://ent.univ-lorraine.fr/f/u1411l1s4/normal/render.uP?pCt=ul-zcs-etud.u1411l1n53&pCs=normal&pCp" "Mozilla/5.0 (X11; Ubuntu; Linux x86_64; rv:40.0) Gecko/20100101 Firefox/40.0" "SESSION_ROUTE=ent3" "ASSIGN_ROUTE=ent3" TRACE-98159-s332OJCtRCEEcLaEF6v5IRuBudbwPEWp0IeDQbkwmRoCd3Mls0-cas1
109.221.154.251 - - [25/Sep/2015:00:29:02 +0200] "POST /f/u21l1s4/p/esup-portlet-annuaire-desktop.u21l1n103/normal/action.uP?pP___jpfbJSFTARGET=view%3A%2Fstylesheets%2Fhome.xhtml HTTP/1.1" 302 - "https://ent.univ-lorraine.fr/f/u21l1s4/normal/render.uP" "Mozilla/5.0 (X11; Ubuntu; Linux x86_64; rv:40.0) Gecko/20100101 Firefox/40.0" "SESSION_ROUTE=ent3" "ASSIGN_ROUTE=ent3" TRACE-98159-s332OJCtRCEEcLaEF6v5IRuBudbwPEWp0IeDQbkwmRoCd3Mls0-cas1
109.221.154.251 - - [25/Sep/2015:00:29:02 +0200] "GET /f/u21l1s4/normal/render.uP?pCt=esup-portlet-annuaire-desktop.u21l1n103&pP___jpfbJSFTARGET=view%3A%2Fstylesheets%2Fdesktop%2Fpersons.xhtml&pP_org.apache.myfaces.trinidad.util.RequestStateMap=e0ceefdf-3043-4d99-98ad-016d5bfb5822 HTTP/1.1" 200 40339 "https://ent.univ-lorraine.fr/f/u21l1s4/normal/render.uP" "Mozilla/5.0 (X11; Ubuntu; Linux x86_64; rv:40.0) Gecko/20100101 Firefox/40.0" "SESSION_ROUTE=ent3" "ASSIGN_ROUTE=ent3" TRACE-98159-s332OJCtRCEEcLaEF6v5IRuBudbwPEWp0IeDQbkwmRoCd3Mls0-cas1
37.160.139.203 - - [25/Sep/2015:00:29:12 +0200] "GET /f/u1411l1s4/normal/render.uP?pCt=ul-zcs-etud.u1411l1n53&pCs=normal&pCp HTTP/1.1" 200 56901 "https://ent.univ-lorraine.fr/f/u911l1s4/normal/render.uP?pCt=ul-iframe-planning-ade-ul-etu.u911l1n54&pCs=normal&pCp" "Mozilla/5.0 (iPhone; CPU iPhone OS 8_4_1 like Mac OS X) AppleWebKit/600.1.4 (KHTML, like Gecko) Version/8.0 Mobile/12H321 Safari/600.1.4" "SESSION_ROUTE=ent6" "ASSIGN_ROUTE=ent6" TRACE-98218-fyZhXTRpOZeUDZKBFH2xFSiPoh0fzEpKDCeTdg1an96dkycBRK-cas1
37.160.139.203 - - [25/Sep/2015:00:29:17 +0200] "GET /nancy2-portlet-zimbra/ajax/getFolders HTTP/1.1" 200 548 "https://ent.univ-lorraine.fr/f/u1411l1s4/normal/render.uP?pCt=ul-zcs-etud.u1411l1n53&pCs=normal&pCp" "Mozilla/5.0 (iPhone; CPU iPhone OS 8_4_1 like Mac OS X) AppleWebKit/600.1.4 (KHTML, like Gecko) Version/8.0 Mobile/12H321 Safari/600.1.4" "SESSION_ROUTE=ent6" "ASSIGN_ROUTE=ent6" TRACE-98218-fyZhXTRpOZeUDZKBFH2xFSiPoh0fzEpKDCeTdg1an96dkycBRK-cas1
37.160.139.203 - - [25/Sep/2015:00:29:16 +0200] "GET /nancy2-portlet-zimbra/ajax/getMessages HTTP/1.1" 200 1598 "https://ent.univ-lorraine.fr/f/u1411l1s4/normal/render.uP?pCt=ul-zcs-etud.u1411l1n53&pCs=normal&pCp" "Mozilla/5.0 (iPhone; CPU iPhone OS 8_4_1 like Mac OS X) AppleWebKit/600.1.4 (KHTML, like Gecko) Version/8.0 Mobile/12H321 Safari/600.1.4" "SESSION_ROUTE=ent6" "ASSIGN_ROUTE=ent6" TRACE-98218-fyZhXTRpOZeUDZKBFH2xFSiPoh0fzEpKDCeTdg1an96dkycBRK-cas1
37.160.139.203 - - [25/Sep/2015:00:29:17 +0200] "GET /nancy2-portlet-zimbra/ajax/getTodayEvents HTTP/1.1" 200 2 "https://ent.univ-lorraine.fr/f/u1411l1s4/normal/render.uP?pCt=ul-zcs-etud.u1411l1n53&pCs=normal&pCp" "Mozilla/5.0 (iPhone; CPU iPhone OS 8_4_1 like Mac OS X) AppleWebKit/600.1.4 (KHTML, like Gecko) Version/8.0 Mobile/12H321 Safari/600.1.4" "SESSION_ROUTE=ent6" "ASSIGN_ROUTE=ent6" TRACE-98218-fyZhXTRpOZeUDZKBFH2xFSiPoh0fzEpKDCeTdg1an96dkycBRK-cas1
37.160.139.203 - - [25/Sep/2015:00:29:16 +0200] "GET /nancy2-portlet-zimbra/ajax/getTasks HTTP/1.1" 200 2 "https://ent.univ-lorraine.fr/f/u1411l1s4/normal/render.uP?pCt=ul-zcs-etud.u1411l1n53&pCs=normal&pCp" "Mozilla/5.0 (iPhone; CPU iPhone OS 8_4_1 like Mac OS X) AppleWebKit/600.1.4 (KHTML, like Gecko) Version/8.0 Mobile/12H321 Safari/600.1.4" "SESSION_ROUTE=ent6" "ASSIGN_ROUTE=ent6" TRACE-98218-fyZhXTRpOZeUDZKBFH2xFSiPoh0fzEpKDCeTdg1an96dkycBRK-cas1
37.160.139.203 - - [25/Sep/2015:00:29:17 +0200] "GET /nancy2-portlet-zimbra/ajax/getWeekEvents HTTP/1.1" 200 2 "https://ent.univ-lorraine.fr/f/u1411l1s4/normal/render.uP?pCt=ul-zcs-etud.u1411l1n53&pCs=normal&pCp" "Mozilla/5.0 (iPhone; CPU iPhone OS 8_4_1 like Mac OS X) AppleWebKit/600.1.4 (KHTML, like Gecko) Version/8.0 Mobile/12H321 Safari/600.1.4" "SESSION_ROUTE=ent6" "ASSIGN_ROUTE=ent6" TRACE-98218-fyZhXTRpOZeUDZKBFH2xFSiPoh0fzEpKDCeTdg1an96dkycBRK-cas1
109.221.154.251 - - [25/Sep/2015:00:29:18 +0200] "GET /Login HTTP/1.1" 302 - "https://auth.univ-lorraine.fr/login?service=https://ent.univ-lorraine.fr/Login" "Mozilla/5.0 (X11; Ubuntu; Linux x86_64; rv:40.0) Gecko/20100101 Firefox/40.0" "SESSION_ROUTE=ent3" "ASSIGN_ROUTE=ent3" TRACE-98282-DpCkAvZqSLFzKd71avb3crRXrm47PawUTnwlXzERD3XnK2iQcQ-cas1
109.221.154.251 - - [25/Sep/2015:00:29:18 +0200] "GET /f/u1411l1s4/normal/render.uP HTTP/1.1" 200 50533 "https://auth.univ-lorraine.fr/login?service=https://ent.univ-lorraine.fr/Login" "Mozilla/5.0 (X11; Ubuntu; Linux x86_64; rv:40.0) Gecko/20100101 Firefox/40.0" "SESSION_ROUTE=ent3" "ASSIGN_ROUTE=ent3" TRACE-98282-DpCkAvZqSLFzKd71avb3crRXrm47PawUTnwlXzERD3XnK2iQcQ-cas1
90.96.45.162 - - [25/Sep/2015:00:29:20 +0200] "GET /f/u911l1s4/normal/render.uP HTTP/1.1" 302 - "https://ent.univ-lorraine.fr/f/u374l1s4/normal/render.uP?pCt=ul-iframe-youpaces.u374l1n9&pCs=normal&pCp" "Mozilla/5.0 (Linux; Android 5.0.2; SM-T530 Build/LRX22G) AppleWebKit/537.36 (KHTML, like Gecko) Chrome/45.0.2454.94 Safari/537.36" "SESSION_ROUTE=-" "ASSIGN_ROUTE=ent4" TRACE-98281-lx5wdQMWpxxyVj5E6PiL0LHbyETTZGMoDqEmFu5fwDBWhxb6Vg-cas1
90.96.45.162 - - [25/Sep/2015:00:29:20 +0200] "GET /Login?refUrl=%2Ff%2Fu911l1s4%2Fnormal%2Frender.uP HTTP/1.1" 302 - "https://ent.univ-lorraine.fr/f/u374l1s4/normal/render.uP?pCt=ul-iframe-youpaces.u374l1n9&pCs=normal&pCp" "Mozilla/5.0 (Linux; Android 5.0.2; SM-T530 Build/LRX22G) AppleWebKit/537.36 (KHTML, like Gecko) Chrome/45.0.2454.94 Safari/537.36" "SESSION_ROUTE=ent4" "ASSIGN_ROUTE=ent4" TRACE-98281-lx5wdQMWpxxyVj5E6PiL0LHbyETTZGMoDqEmFu5fwDBWhxb6Vg-cas1
90.96.45.162 - - [25/Sep/2015:00:29:20 +0200] "GET /api/cookiecheck HTTP/1.1" 302 - "https://ent.univ-lorraine.fr/f/u374l1s4/normal/render.uP?pCt=ul-iframe-youpaces.u374l1n9&pCs=normal&pCp" "Mozilla/5.0 (Linux; Android 5.0.2; SM-T530 Build/LRX22G) AppleWebKit/537.36 (KHTML, like Gecko) Chrome/45.0.2454.94 Safari/537.36" "SESSION_ROUTE=ent4" "ASSIGN_ROUTE=ent4" TRACE-98281-lx5wdQMWpxxyVj5E6PiL0LHbyETTZGMoDqEmFu5fwDBWhxb6Vg-cas1
90.96.45.162 - - [25/Sep/2015:00:29:20 +0200] "GET /Login?refUrl=%2Ff%2Fu911l1s4%2Fnormal%2Frender.uP HTTP/1.1" 302 - "https://ent.univ-lorraine.fr/f/u374l1s4/normal/render.uP?pCt=ul-iframe-youpaces.u374l1n9&pCs=normal&pCp" "Mozilla/5.0 (Linux; Android 5.0.2; SM-T530 Build/LRX22G) AppleWebKit/537.36 (KHTML, like Gecko) Chrome/45.0.2454.94 Safari/537.36" "SESSION_ROUTE=ent4" "ASSIGN_ROUTE=ent4" TRACE-98281-lx5wdQMWpxxyVj5E6PiL0LHbyETTZGMoDqEmFu5fwDBWhxb6Vg-cas1
90.96.45.162 - - [25/Sep/2015:00:29:20 +0200] "GET /f/u911l1s4/normal/render.uP HTTP/1.1" 302 - "https://ent.univ-lorraine.fr/f/u374l1s4/normal/render.uP?pCt=ul-iframe-youpaces.u374l1n9&pCs=normal&pCp" "Mozilla/5.0 (Linux; Android 5.0.2; SM-T530 Build/LRX22G) AppleWebKit/537.36 (KHTML, like Gecko) Chrome/45.0.2454.94 Safari/537.36" "SESSION_ROUTE=ent4" "ASSIGN_ROUTE=ent4" TRACE-98281-lx5wdQMWpxxyVj5E6PiL0LHbyETTZGMoDqEmFu5fwDBWhxb6Vg-cas1
90.96.45.162 - - [25/Sep/2015:00:29:20 +0200] "GET /Login?refUrl=/f/u911l1s4/normal/render.uP HTTP/1.1" 302 - "https://ent.univ-lorraine.fr/f/u374l1s4/normal/render.uP?pCt=ul-iframe-youpaces.u374l1n9&pCs=normal&pCp" "Mozilla/5.0 (Linux; Android 5.0.2; SM-T530 Build/LRX22G) AppleWebKit/537.36 (KHTML, like Gecko) Chrome/45.0.2454.94 Safari/537.36" "SESSION_ROUTE=ent4" "ASSIGN_ROUTE=ent4" TRACE-98281-lx5wdQMWpxxyVj5E6PiL0LHbyETTZGMoDqEmFu5fwDBWhxb6Vg-cas1
90.96.45.162 - - [25/Sep/2015:00:29:21 +0200] "GET /f/u911l1s4/normal/render.uP?pCt=ul-iframe-planning-ade-ul-etu.u911l1n54&pCs=normal&pCp HTTP/1.1" 302 - "https://ent.univ-lorraine.fr/f/u374l1s4/normal/render.uP?pCt=ul-iframe-youpaces.u374l1n9&pCs=normal&pCp" "Mozilla/5.0 (Linux; Android 5.0.2; SM-T530 Build/LRX22G) AppleWebKit/537.36 (KHTML, like Gecko) Chrome/45.0.2454.94 Safari/537.36" "SESSION_ROUTE=ent4" "ASSIGN_ROUTE=ent4" TRACE-98281-lx5wdQMWpxxyVj5E6PiL0LHbyETTZGMoDqEmFu5fwDBWhxb6Vg-cas1
90.96.45.162 - - [25/Sep/2015:00:29:21 +0200] "GET /p/ul-iframe-planning-ade-ul-etu.u911l1n54/max/render.uP HTTP/1.1" 200 5419 "https://ent.univ-lorraine.fr/f/u374l1s4/normal/render.uP?pCt=ul-iframe-youpaces.u374l1n9&pCs=normal&pCp" "Mozilla/5.0 (Linux; Android 5.0.2; SM-T530 Build/LRX22G) AppleWebKit/537.36 (KHTML, like Gecko) Chrome/45.0.2454.94 Safari/537.36" "SESSION_ROUTE=ent4" "ASSIGN_ROUTE=ent4" TRACE-98281-lx5wdQMWpxxyVj5E6PiL0LHbyETTZGMoDqEmFu5fwDBWhxb6Vg-cas1
78.223.44.174 - - [25/Sep/2015:00:29:22 +0200] "GET /Login HTTP/1.1" 302 - "https://auth.univ-lorraine.fr/login?service=https://ent.univ-lorraine.fr/Login" "Mozilla/5.0 (Windows NT 10.0; Win64; x64) AppleWebKit/537.36 (KHTML, like Gecko) Chrome/42.0.2311.135 Safari/537.36 Edge/12.10240" "SESSION_ROUTE=ent2" "ASSIGN_ROUTE=ent2" TRACE-98284-cbsHk3D07cUUgurSGHxABMrtzSvo1hCUK3a6qYJXiAgD307j63-cas1
78.223.44.174 - - [25/Sep/2015:00:29:23 +0200] "GET /f/u1411l1s4/normal/render.uP HTTP/1.1" 200 51383 "https://auth.univ-lorraine.fr/login?service=https://ent.univ-lorraine.fr/Login" "Mozilla/5.0 (Windows NT 10.0; Win64; x64) AppleWebKit/537.36 (KHTML, like Gecko) Chrome/42.0.2311.135 Safari/537.36 Edge/12.10240" "SESSION_ROUTE=ent2" "ASSIGN_ROUTE=ent2" TRACE-98284-cbsHk3D07cUUgurSGHxABMrtzSvo1hCUK3a6qYJXiAgD307j63-cas1
109.6.242.49 - - [25/Sep/2015:00:29:23 +0200] "GET /Logout HTTP/1.1" 302 - "https://ent.univ-lorraine.fr/f/u911l1s4/normal/render.uP?pCt=ul-iframe-planning-ade-ul-pers.u911l1n52&pCs=normal&pCp" "Mozilla/5.0 (Windows NT 6.1; WOW64; rv:40.0) Gecko/20100101 Firefox/40.0" "SESSION_ROUTE=ent3" "ASSIGN_ROUTE=ent3" TRACE-98150-JceUCBvBZHxgfGyTGRw4N2lcBD6YaCcimfWBNUVAEsjeZXfaKO-cas1
109.221.154.251 - - [25/Sep/2015:00:29:23 +0200] "GET /f/u911l1s4/normal/render.uP?pCt=ul-iframe-planning-ade-ul-etu.u911l1n54&pCs=normal&pCp HTTP/1.1" 200 44959 "https://ent.univ-lorraine.fr/f/u1411l1s4/normal/render.uP" "Mozilla/5.0 (X11; Ubuntu; Linux x86_64; rv:40.0) Gecko/20100101 Firefox/40.0" "SESSION_ROUTE=ent3" "ASSIGN_ROUTE=ent3" TRACE-98282-DpCkAvZqSLFzKd71avb3crRXrm47PawUTnwlXzERD3XnK2iQcQ-cas1
109.6.242.49 - - [25/Sep/2015:00:29:24 +0200] "GET /Login HTTP/1.1" 302 - "https://ent.univ-lorraine.fr/f/u911l1s4/normal/render.uP?pCt=ul-iframe-planning-ade-ul-pers.u911l1n52&pCs=normal&pCp" "Mozilla/5.0 (Windows NT 6.1; WOW64; rv:40.0) Gecko/20100101 Firefox/40.0" "SESSION_ROUTE=ent3" "ASSIGN_ROUTE=ent3" TRACE-98150-JceUCBvBZHxgfGyTGRw4N2lcBD6YaCcimfWBNUVAEsjeZXfaKO-cas1
109.6.242.49 - - [25/Sep/2015:00:29:24 +0200] "GET /f/u21l1s4/normal/render.uP HTTP/1.1" 200 30048 "https://ent.univ-lorraine.fr/f/u911l1s4/normal/render.uP?pCt=ul-iframe-planning-ade-ul-pers.u911l1n52&pCs=normal&pCp" "Mozilla/5.0 (Windows NT 6.1; WOW64; rv:40.0) Gecko/20100101 Firefox/40.0" "SESSION_ROUTE=ent3" "ASSIGN_ROUTE=ent3" TRACE-98150-JceUCBvBZHxgfGyTGRw4N2lcBD6YaCcimfWBNUVAEsjeZXfaKO-cas1
109.6.242.49 - - [25/Sep/2015:00:29:25 +0200] "POST /f/u21l1s4/p/esup-portlet-annuaire-desktop.u21l1n103/normal/action.uP?pP___jpfbJSFTARGET=view%3A%2Fstylesheets%2Fhome.xhtml HTTP/1.1" 302 - "https://ent.univ-lorraine.fr/f/u21l1s4/normal/render.uP" "Mozilla/5.0 (Windows NT 6.1; WOW64; rv:40.0) Gecko/20100101 Firefox/40.0" "SESSION_ROUTE=ent3" "ASSIGN_ROUTE=ent3" TRACE-98150-JceUCBvBZHxgfGyTGRw4N2lcBD6YaCcimfWBNUVAEsjeZXfaKO-cas1
109.6.242.49 - - [25/Sep/2015:00:29:26 +0200] "GET /f/u21l1s4/normal/render.uP?pCt=esup-portlet-annuaire-desktop.u21l1n103&pP___jpfbJSFTARGET=view%3A%2Fstylesheets%2Fdesktop%2Fpersons.xhtml&pP_org.apache.myfaces.trinidad.util.RequestStateMap=a69bb177-86e1-4410-aecd-81674ac1c7b5 HTTP/1.1" 200 40339 "https://ent.univ-lorraine.fr/f/u21l1s4/normal/render.uP" "Mozilla/5.0 (Windows NT 6.1; WOW64; rv:40.0) Gecko/20100101 Firefox/40.0" "SESSION_ROUTE=ent3" "ASSIGN_ROUTE=ent3" TRACE-98150-JceUCBvBZHxgfGyTGRw4N2lcBD6YaCcimfWBNUVAEsjeZXfaKO-cas1
90.96.45.162 - - [25/Sep/2015:00:29:27 +0200] "GET /Login?profile=desktop HTTP/1.1" 302 - "https://ent.univ-lorraine.fr/p/ul-iframe-planning-ade-ul-etu.u911l1n54/max/render.uP" "Mozilla/5.0 (Linux; Android 5.0.2; SM-T530 Build/LRX22G) AppleWebKit/537.36 (KHTML, like Gecko) Chrome/45.0.2454.94 Safari/537.36" "SESSION_ROUTE=ent4" "ASSIGN_ROUTE=ent4" TRACE-98281-lx5wdQMWpxxyVj5E6PiL0LHbyETTZGMoDqEmFu5fwDBWhxb6Vg-cas1
90.96.45.162 - - [25/Sep/2015:00:29:28 +0200] "GET /f/u1411l1s4/normal/render.uP HTTP/1.1" 200 51796 "https://ent.univ-lorraine.fr/p/ul-iframe-planning-ade-ul-etu.u911l1n54/max/render.uP" "Mozilla/5.0 (Linux; Android 5.0.2; SM-T530 Build/LRX22G) AppleWebKit/537.36 (KHTML, like Gecko) Chrome/45.0.2454.94 Safari/537.36" "SESSION_ROUTE=ent4" "ASSIGN_ROUTE=ent4" TRACE-98281-lx5wdQMWpxxyVj5E6PiL0LHbyETTZGMoDqEmFu5fwDBWhxb6Vg-cas1
193.49.162.1 - - [25/Sep/2015:00:29:29 +0200] "GET /f/u911l1s4/normal/render.uP?pCt=ul-iframe-planning-ade-ul-etu.u911l1n54&pCs=normal&pCp HTTP/1.1" 302 - "https://ent.univ-lorraine.fr/f/u1411l1s4/normal/render.uP" "Mozilla/5.0 (Windows NT 6.3; WOW64) AppleWebKit/537.36 (KHTML, like Gecko) Chrome/45.0.2454.99 Safari/537.36" "SESSION_ROUTE=ent2" "ASSIGN_ROUTE=ent2" TRACE-98283-zoDOYOZ7Obwh70v97f1RZEy3EcgANJoGiYdJ0QBqsyWmgewBBr-cas1
193.49.162.1 - - [25/Sep/2015:00:29:29 +0200] "GET /Login?refUrl=%2Ff%2Fu911l1s4%2Fnormal%2Frender.uP%3FpCt%3Dul-iframe-planning-ade-ul-etu.u911l1n54%26pCs%3Dnormal%26pCp HTTP/1.1" 302 - "https://ent.univ-lorraine.fr/f/u1411l1s4/normal/render.uP" "Mozilla/5.0 (Windows NT 6.3; WOW64) AppleWebKit/537.36 (KHTML, like Gecko) Chrome/45.0.2454.99 Safari/537.36" "SESSION_ROUTE=ent2" "ASSIGN_ROUTE=ent2" TRACE-98283-zoDOYOZ7Obwh70v97f1RZEy3EcgANJoGiYdJ0QBqsyWmgewBBr-cas1
193.49.162.1 - - [25/Sep/2015:00:29:29 +0200] "GET /f/u911l1s4/normal/render.uP?pCt=ul-iframe-planning-ade-ul-etu.u911l1n54&pCs=normal&pCp HTTP/1.1" 302 - "https://ent.univ-lorraine.fr/f/u1411l1s4/normal/render.uP" "Mozilla/5.0 (Windows NT 6.3; WOW64) AppleWebKit/537.36 (KHTML, like Gecko) Chrome/45.0.2454.99 Safari/537.36" "SESSION_ROUTE=ent2" "ASSIGN_ROUTE=ent2" TRACE-98283-zoDOYOZ7Obwh70v97f1RZEy3EcgANJoGiYdJ0QBqsyWmgewBBr-cas1
193.49.162.1 - - [25/Sep/2015:00:29:29 +0200] "GET /Login?refUrl=/f/u911l1s4/normal/render.uP%3FpCt%3Dul-iframe-planning-ade-ul-etu.u911l1n54%26pCs%3Dnormal%26pCp HTTP/1.1" 302 - "https://ent.univ-lorraine.fr/f/u1411l1s4/normal/render.uP" "Mozilla/5.0 (Windows NT 6.3; WOW64) AppleWebKit/537.36 (KHTML, like Gecko) Chrome/45.0.2454.99 Safari/537.36" "SESSION_ROUTE=ent2" "ASSIGN_ROUTE=ent2" TRACE-98283-zoDOYOZ7Obwh70v97f1RZEy3EcgANJoGiYdJ0QBqsyWmgewBBr-cas1
193.49.162.1 - - [25/Sep/2015:00:29:29 +0200] "GET /f/u911l1s4/normal/render.uP?pCt=ul-iframe-planning-ade-ul-etu.u911l1n54&pCs=normal&pCp HTTP/1.1" 200 45704 "https://ent.univ-lorraine.fr/f/u1411l1s4/normal/render.uP" "Mozilla/5.0 (Windows NT 6.3; WOW64) AppleWebKit/537.36 (KHTML, like Gecko) Chrome/45.0.2454.99 Safari/537.36" "SESSION_ROUTE=ent2" "ASSIGN_ROUTE=ent2" TRACE-98283-zoDOYOZ7Obwh70v97f1RZEy3EcgANJoGiYdJ0QBqsyWmgewBBr-cas1
85.68.108.248 - - [25/Sep/2015:00:29:33 +0200] "GET /f/u911l1s4/normal/render.uP?pCt=esup-portlet-mondossierweb.u911l1n69&pCs=normal&pCp HTTP/1.1" 200 58428 "https://ent.univ-lorraine.fr/f/u911l1s4/normal/render.uP?pCt=ul-iframe-planning-ade-ul-formation.u911l1n55&pCs=normal&pCp" "Mozilla/5.0 (Windows NT 6.2; WOW64; rv:38.0) Gecko/20100101 Firefox/38.0" "SESSION_ROUTE=ent4" "ASSIGN_ROUTE=ent4" TRACE-98155-0c3YeXfmqN3iFc3tzb12bZK71LghtbpyJUo2Eqo47kgw0QH14h-cas1
93.26.40.50 - - [25/Sep/2015:00:29:33 +0200] "GET /Login HTTP/1.1" 302 - "https://auth.univ-lorraine.fr/login?service=https://ent.univ-lorraine.fr/Login" "Mozilla/5.0 (Windows NT 6.1; WOW64; rv:40.0) Gecko/20100101 Firefox/40.0" "SESSION_ROUTE=ent4" "ASSIGN_ROUTE=ent4" TRACE-98288-UlLg7f7Pz4Et5L7hbwUMVF5xZIU2t6Ji4lS0WDSGifYwNahi46-cas1
93.26.40.50 - - [25/Sep/2015:00:29:34 +0200] "GET /f/u1411l1s4/normal/render.uP HTTP/1.1" 200 50533 "https://auth.univ-lorraine.fr/login?service=https://ent.univ-lorraine.fr/Login" "Mozilla/5.0 (Windows NT 6.1; WOW64; rv:40.0) Gecko/20100101 Firefox/40.0" "SESSION_ROUTE=ent4" "ASSIGN_ROUTE=ent4" TRACE-98288-UlLg7f7Pz4Et5L7hbwUMVF5xZIU2t6Ji4lS0WDSGifYwNahi46-cas1
90.96.45.162 - - [25/Sep/2015:00:29:34 +0200] "GET /f/u911l1s4/normal/render.uP?pCt=ul-iframe-planning-ade-ul-etu.u911l1n54&pCs=normal&pCp HTTP/1.1" 200 46222 "https://ent.univ-lorraine.fr/f/u1411l1s4/normal/render.uP" "Mozilla/5.0 (Linux; Android 5.0.2; SM-T530 Build/LRX22G) AppleWebKit/537.36 (KHTML, like Gecko) Chrome/45.0.2454.94 Safari/537.36" "SESSION_ROUTE=ent4" "ASSIGN_ROUTE=ent4" TRACE-98281-lx5wdQMWpxxyVj5E6PiL0LHbyETTZGMoDqEmFu5fwDBWhxb6Vg-cas1
92.148.237.194 - - [25/Sep/2015:00:29:35 +0200] "GET /f/u1411l1s4/normal/render.uP HTTP/1.1" 200 21012 "https://ent.univ-lorraine.fr/f/u911l1s4/normal/render.uP?pCt=ul-iframe-planning-ade-ul-formation.u911l1n55&pCs=normal&pCp" "Mozilla/5.0 (Windows NT 6.1; WOW64) AppleWebKit/537.36 (KHTML, like Gecko) Chrome/45.0.2454.99 Safari/537.36" "SESSION_ROUTE=ent2" "ASSIGN_ROUTE=ent2" TRACE-98241-QyWwtoqOLGoWOMdkFCqcDpr6orZs20dSBvfzhHgw3wku6cWsLf-cas1
92.148.237.194 - - [25/Sep/2015:00:29:35 +0200] "GET /f/u1411l1s4/normal/render.uP HTTP/1.1" 200 50660 "https://ent.univ-lorraine.fr/f/u911l1s4/normal/render.uP?pCt=ul-iframe-planning-ade-ul-formation.u911l1n55&pCs=normal&pCp" "Mozilla/5.0 (Windows NT 6.1; WOW64) AppleWebKit/537.36 (KHTML, like Gecko) Chrome/45.0.2454.99 Safari/537.36" "SESSION_ROUTE=ent2" "ASSIGN_ROUTE=ent2" TRACE-98241-QyWwtoqOLGoWOMdkFCqcDpr6orZs20dSBvfzhHgw3wku6cWsLf-cas1
93.26.40.50 - - [25/Sep/2015:00:29:35 +0200] "GET /f/u1411l1s4/normal/render.uP?pCt=ul-zcs-etud.u1411l1n53&pCs=normal&pCp HTTP/1.1" 200 56730 "https://ent.univ-lorraine.fr/f/u1411l1s4/normal/render.uP" "Mozilla/5.0 (Windows NT 6.1; WOW64; rv:40.0) Gecko/20100101 Firefox/40.0" "SESSION_ROUTE=ent4" "ASSIGN_ROUTE=ent4" TRACE-98288-UlLg7f7Pz4Et5L7hbwUMVF5xZIU2t6Ji4lS0WDSGifYwNahi46-cas1
78.223.44.174 - - [25/Sep/2015:00:29:30 +0200] "GET /f/u911l1s4/normal/render.uP?pCt=uhp-portlet-cours-moodle-bali.u911l1n67&pCs=normal&pCp HTTP/1.1" 200 66774 "https://ent.univ-lorraine.fr/f/u1411l1s4/normal/render.uP" "Mozilla/5.0 (Windows NT 10.0; Win64; x64) AppleWebKit/537.36 (KHTML, like Gecko) Chrome/42.0.2311.135 Safari/537.36 Edge/12.10240" "SESSION_ROUTE=ent2" "ASSIGN_ROUTE=ent2" TRACE-98284-cbsHk3D07cUUgurSGHxABMrtzSvo1hCUK3a6qYJXiAgD307j63-cas1
93.26.40.50 - - [25/Sep/2015:00:29:36 +0200] "GET /nancy2-portlet-zimbra/ajax/getMessages HTTP/1.1" 200 2 "https://ent.univ-lorraine.fr/f/u1411l1s4/normal/render.uP?pCt=ul-zcs-etud.u1411l1n53&pCs=normal&pCp" "Mozilla/5.0 (Windows NT 6.1; WOW64; rv:40.0) Gecko/20100101 Firefox/40.0" "SESSION_ROUTE=ent4" "ASSIGN_ROUTE=ent4" TRACE-98288-UlLg7f7Pz4Et5L7hbwUMVF5xZIU2t6Ji4lS0WDSGifYwNahi46-cas1
93.26.40.50 - - [25/Sep/2015:00:29:36 +0200] "GET /nancy2-portlet-zimbra/ajax/getFolders HTTP/1.1" 200 548 "https://ent.univ-lorraine.fr/f/u1411l1s4/normal/render.uP?pCt=ul-zcs-etud.u1411l1n53&pCs=normal&pCp" "Mozilla/5.0 (Windows NT 6.1; WOW64; rv:40.0) Gecko/20100101 Firefox/40.0" "SESSION_ROUTE=ent4" "ASSIGN_ROUTE=ent4" TRACE-98288-UlLg7f7Pz4Et5L7hbwUMVF5xZIU2t6Ji4lS0WDSGifYwNahi46-cas1
93.26.40.50 - - [25/Sep/2015:00:29:36 +0200] "GET /nancy2-portlet-zimbra/ajax/getWeekEvents HTTP/1.1" 200 2 "https://ent.univ-lorraine.fr/f/u1411l1s4/normal/render.uP?pCt=ul-zcs-etud.u1411l1n53&pCs=normal&pCp" "Mozilla/5.0 (Windows NT 6.1; WOW64; rv:40.0) Gecko/20100101 Firefox/40.0" "SESSION_ROUTE=ent4" "ASSIGN_ROUTE=ent4" TRACE-98288-UlLg7f7Pz4Et5L7hbwUMVF5xZIU2t6Ji4lS0WDSGifYwNahi46-cas1
