78.238.131.14 - - [25/Sep/2015:00:26:22 +0200] "GET /f/u1411l1s4/normal/render.uP HTTP/1.1" 200 50522 "https://ent.univ-lorraine.fr/p/ul-iframe-planning-ade-ul-formation.u911l1n55/max/render.uP" "Mozilla/5.0 (iPhone; CPU iPhone OS 7_1_2 like Mac OS X) AppleWebKit/537.51.2 (KHTML, like Gecko) Version/7.0 Mobile/11D257 Safari/9537.53" "SESSION_ROUTE=ent3" "ASSIGN_ROUTE=ent3" TRACE-98217-ZNxgrRBVQFbYZTLMR6erfodPPKAmmBBgf2GQdYumcnsjliKFS9-cas1
5.49.30.95 - - [25/Sep/2015:00:26:23 +0200] "GET /esup-ca/image?format=thumbnail&id=609 HTTP/1.1" 200 2362 "https://ent.univ-lorraine.fr/f/u463l1s4/normal/render.uP?pCt=ul-portlet-ca.u463l1n55&pP_org.apache.myfaces.portlet.MyFacesGenericPortlet.VIEW_ID=%2Fstylesheets%2Fads.jsp" "Mozilla/5.0 (Linux; Android 4.4.4; D2303 Build/18.3.1.C.1.15) AppleWebKit/537.36 (KHTML, like Gecko) Chrome/45.0.2454.94 Mobile Safari/537.36" "SESSION_ROUTE=ent3" "ASSIGN_ROUTE=ent3" TRACE-98145-jbSWedjcfCzUDZ547t2BhwqZRc4h9Y2Ohg3YVR3lwD5mCredxe-cas1
5.49.30.95 - - [25/Sep/2015:00:26:23 +0200] "GET /esup-ca/image?format=thumbnail&id=610 HTTP/1.1" 200 2492 "https://ent.univ-lorraine.fr/f/u463l1s4/normal/render.uP?pCt=ul-portlet-ca.u463l1n55&pP_org.apache.myfaces.portlet.MyFacesGenericPortlet.VIEW_ID=%2Fstylesheets%2Fads.jsp" "Mozilla/5.0 (Linux; Android 4.4.4; D2303 Build/18.3.1.C.1.15) AppleWebKit/537.36 (KHTML, like Gecko) Chrome/45.0.2454.94 Mobile Safari/537.36" "SESSION_ROUTE=ent3" "ASSIGN_ROUTE=ent3" TRACE-98145-jbSWedjcfCzUDZ547t2BhwqZRc4h9Y2Ohg3YVR3lwD5mCredxe-cas1
5.49.30.95 - - [25/Sep/2015:00:26:23 +0200] "GET /f/u463l1s4/normal/render.uP HTTP/1.1" 200 45106 "https://ent.univ-lorraine.fr/f/u463l1s4/normal/render.uP?pCt=ul-portlet-ca.u463l1n55&pP_org.apache.myfaces.portlet.MyFacesGenericPortlet.VIEW_ID=%2Fstylesheets%2Fads.jsp" "Mozilla/5.0 (Linux; Android 4.4.4; D2303 Build/18.3.1.C.1.15) AppleWebKit/537.36 (KHTML, like Gecko) Chrome/45.0.2454.94 Mobile Safari/537.36" "SESSION_ROUTE=ent3" "ASSIGN_ROUTE=ent3" TRACE-98145-jbSWedjcfCzUDZ547t2BhwqZRc4h9Y2Ohg3YVR3lwD5mCredxe-cas1
89.95.2.94 - - [25/Sep/2015:00:26:24 +0200] "GET /Login?refUrl=/f/u911l1s4/normal/render.uP%3FpCt%3Dul-iframe-planning-ade-ul-formation.u911l1n55%26pCs%3Dnormal%26pCp HTTP/1.1" 302 - "https://auth.univ-lorraine.fr/login?service=https://ent.univ-lorraine.fr/Login%3FrefUrl%3D%2Ff%2Fu911l1s4%2Fnormal%2Frender.uP%253FpCt%253Dul-iframe-planning-ade-ul-formation.u911l1n55%2526pCs%253Dnormal%2526pCp" "Mozilla/5.0 (Linux; Android 5.0; SAMSUNG SM-G900F/G900FXXU1BOE6 Build/LRX21T) AppleWebKit/537.36 (KHTML, like Gecko) SamsungBrowser/2.1 Chrome/34.0.1847.76 Mobile Safari/537.36" "SESSION_ROUTE=ent2" "ASSIGN_ROUTE=ent2" TRACE-98224-kULoLn3gYeZgNFJ6AYizomlLuA9wMHq7IJRD4kUDOKbcn1WMda-cas1
89.95.2.94 - - [25/Sep/2015:00:26:24 +0200] "GET /f/u911l1s4/normal/render.uP?pCt=ul-iframe-planning-ade-ul-formation.u911l1n55&pCs=normal&pCp HTTP/1.1" 302 - "https://auth.univ-lorraine.fr/login?service=https://ent.univ-lorraine.fr/Login%3FrefUrl%3D%2Ff%2Fu911l1s4%2Fnormal%2Frender.uP%253FpCt%253Dul-iframe-planning-ade-ul-formation.u911l1n55%2526pCs%253Dnormal%2526pCp" "Mozilla/5.0 (Linux; Android 5.0; SAMSUNG SM-G900F/G900FXXU1BOE6 Build/LRX21T) AppleWebKit/537.36 (KHTML, like Gecko) SamsungBrowser/2.1 Chrome/34.0.1847.76 Mobile Safari/537.36" "SESSION_ROUTE=ent2" "ASSIGN_ROUTE=ent2" TRACE-98224-kULoLn3gYeZgNFJ6AYizomlLuA9wMHq7IJRD4kUDOKbcn1WMda-cas1
89.95.2.94 - - [25/Sep/2015:00:26:25 +0200] "GET /p/ul-iframe-planning-ade-ul-formation.u911l1n55/max/render.uP HTTP/1.1" 200 5419 "https://auth.univ-lorraine.fr/login?service=https://ent.univ-lorraine.fr/Login%3FrefUrl%3D%2Ff%2Fu911l1s4%2Fnormal%2Frender.uP%253FpCt%253Dul-iframe-planning-ade-ul-formation.u911l1n55%2526pCs%253Dnormal%2526pCp" "Mozilla/5.0 (Linux; Android 5.0; SAMSUNG SM-G900F/G900FXXU1BOE6 Build/LRX21T) AppleWebKit/537.36 (KHTML, like Gecko) SamsungBrowser/2.1 Chrome/34.0.1847.76 Mobile Safari/537.36" "SESSION_ROUTE=ent2" "ASSIGN_ROUTE=ent2" TRACE-98224-kULoLn3gYeZgNFJ6AYizomlLuA9wMHq7IJRD4kUDOKbcn1WMda-cas1
85.95.207.109 - - [25/Sep/2015:00:26:27 +0200] "GET /f/u911l1s4/normal/render.uP?pCt=ul-iframe-planning-ade-ul-formation.u911l1n55&pCs=normal&pCp HTTP/1.1" 200 44982 "https://ent.univ-lorraine.fr/f/u1411l1s4/normal/render.uP" "Mozilla/5.0 (Windows NT 6.1; WOW64) AppleWebKit/537.36 (KHTML, like Gecko) Chrome/45.0.2454.99 Safari/537.36" "SESSION_ROUTE=ent4" "ASSIGN_ROUTE=ent4" TRACE-98222-TtNlQ9BDIZNHFiZe6YFfBLTwkyQfWcd0LArjFZBfjuqpbPQ25O-cas1
78.238.131.14 - - [25/Sep/2015:00:26:28 +0200] "GET /f/u1411l1s4/normal/render.uP?pCt=ul-zcs-etud.u1411l1n53&pCs=normal&pCp HTTP/1.1" 200 56808 "https://ent.univ-lorraine.fr/f/u1411l1s4/normal/render.uP" "Mozilla/5.0 (iPhone; CPU iPhone OS 7_1_2 like Mac OS X) AppleWebKit/537.51.2 (KHTML, like Gecko) Version/7.0 Mobile/11D257 Safari/9537.53" "SESSION_ROUTE=ent3" "ASSIGN_ROUTE=ent3" TRACE-98217-ZNxgrRBVQFbYZTLMR6erfodPPKAmmBBgf2GQdYumcnsjliKFS9-cas1
89.93.114.238 - - [25/Sep/2015:00:26:30 +0200] "GET /Login?refUrl=/f/u911l1s4/normal/render.uP%3FpCt%3Dul-iframe-planning-ade-ul-formation.u911l1n55%26pCs%3Dnormal%26pCp HTTP/1.1" 302 - "https://auth.univ-lorraine.fr/login?service=https://ent.univ-lorraine.fr/Login%3FrefUrl%3D%2Ff%2Fu911l1s4%2Fnormal%2Frender.uP%253FpCt%253Dul-iframe-planning-ade-ul-formation.u911l1n55%2526pCs%253Dnormal%2526pCp" "Mozilla/5.0 (Windows NT 6.3; WOW64) AppleWebKit/537.36 (KHTML, like Gecko) Chrome/44.0.2403.157 Safari/537.36" "SESSION_ROUTE=ent6" "ASSIGN_ROUTE=ent6" TRACE-98228-X6Q2b7SkKqCF95l54HX244efd4daREDzGgJShmDMs6ajxpipCa-cas1
37.160.139.203 - - [25/Sep/2015:00:26:30 +0200] "GET /f/u911l1s4/normal/render.uP?pCt=ul-iframe-planning-ade-ul-etu.u911l1n54&pCs=normal&pCp HTTP/1.1" 200 45085 "https://ent.univ-lorraine.fr/f/u1411l1s4/normal/render.uP" "Mozilla/5.0 (iPhone; CPU iPhone OS 8_4_1 like Mac OS X) AppleWebKit/600.1.4 (KHTML, like Gecko) Version/8.0 Mobile/12H321 Safari/600.1.4" "SESSION_ROUTE=ent6" "ASSIGN_ROUTE=ent6" TRACE-98218-fyZhXTRpOZeUDZKBFH2xFSiPoh0fzEpKDCeTdg1an96dkycBRK-cas1
89.93.114.238 - - [25/Sep/2015:00:26:30 +0200] "GET /f/u911l1s4/normal/render.uP?pCt=ul-iframe-planning-ade-ul-formation.u911l1n55&pCs=normal&pCp HTTP/1.1" 200 44980 "https://auth.univ-lorraine.fr/login?service=https://ent.univ-lorraine.fr/Login%3FrefUrl%3D%2Ff%2Fu911l1s4%2Fnormal%2Frender.uP%253FpCt%253Dul-iframe-planning-ade-ul-formation.u911l1n55%2526pCs%253Dnormal%2526pCp" "Mozilla/5.0 (Windows NT 6.3; WOW64) AppleWebKit/537.36 (KHTML, like Gecko) Chrome/44.0.2403.157 Safari/537.36" "SESSION_ROUTE=ent6" "ASSIGN_ROUTE=ent6" TRACE-98228-X6Q2b7SkKqCF95l54HX244efd4daREDzGgJShmDMs6ajxpipCa-cas1
78.238.131.14 - - [25/Sep/2015:00:26:30 +0200] "GET /nancy2-portlet-zimbra/ajax/getMessages HTTP/1.1" 200 2 "https://ent.univ-lorraine.fr/f/u1411l1s4/normal/render.uP?pCt=ul-zcs-etud.u1411l1n53&pCs=normal&pCp" "Mozilla/5.0 (iPhone; CPU iPhone OS 7_1_2 like Mac OS X) AppleWebKit/537.51.2 (KHTML, like Gecko) Version/7.0 Mobile/11D257 Safari/9537.53" "SESSION_ROUTE=ent3" "ASSIGN_ROUTE=ent3" TRACE-98217-ZNxgrRBVQFbYZTLMR6erfodPPKAmmBBgf2GQdYumcnsjliKFS9-cas1
78.238.131.14 - - [25/Sep/2015:00:26:30 +0200] "GET /nancy2-portlet-zimbra/ajax/getFolders HTTP/1.1" 200 548 "https://ent.univ-lorraine.fr/f/u1411l1s4/normal/render.uP?pCt=ul-zcs-etud.u1411l1n53&pCs=normal&pCp" "Mozilla/5.0 (iPhone; CPU iPhone OS 7_1_2 like Mac OS X) AppleWebKit/537.51.2 (KHTML, like Gecko) Version/7.0 Mobile/11D257 Safari/9537.53" "SESSION_ROUTE=ent3" "ASSIGN_ROUTE=ent3" TRACE-98217-ZNxgrRBVQFbYZTLMR6erfodPPKAmmBBgf2GQdYumcnsjliKFS9-cas1
193.49.162.15 - - [25/Sep/2015:00:26:31 +0200] "GET /Login?refUrl=/f/u1411l1s4/normal/render.uP HTTP/1.1" 302 - "https://auth.univ-lorraine.fr/login?service=https://ent.univ-lorraine.fr/Login%3FrefUrl%3D%2Ff%2Fu1411l1s4%2Fnormal%2Frender.uP" "Mozilla/5.0 (Windows NT 6.1; WOW64) AppleWebKit/537.36 (KHTML, like Gecko) Chrome/45.0.2454.99 Safari/537.36" "SESSION_ROUTE=ent2" "ASSIGN_ROUTE=ent2" TRACE-98229-nleFGjxKnfebPCuDeHcHGTsg3IEfQyQqntHbLeblWyfNLvdX6u-cas1
78.238.131.14 - - [25/Sep/2015:00:26:30 +0200] "GET /nancy2-portlet-zimbra/ajax/getTodayEvents HTTP/1.1" 200 2 "https://ent.univ-lorraine.fr/f/u1411l1s4/normal/render.uP?pCt=ul-zcs-etud.u1411l1n53&pCs=normal&pCp" "Mozilla/5.0 (iPhone; CPU iPhone OS 7_1_2 like Mac OS X) AppleWebKit/537.51.2 (KHTML, like Gecko) Version/7.0 Mobile/11D257 Safari/9537.53" "SESSION_ROUTE=ent3" "ASSIGN_ROUTE=ent3" TRACE-98217-ZNxgrRBVQFbYZTLMR6erfodPPKAmmBBgf2GQdYumcnsjliKFS9-cas1
78.238.131.14 - - [25/Sep/2015:00:26:30 +0200] "GET /nancy2-portlet-zimbra/ajax/getTasks HTTP/1.1" 200 2 "https://ent.univ-lorraine.fr/f/u1411l1s4/normal/render.uP?pCt=ul-zcs-etud.u1411l1n53&pCs=normal&pCp" "Mozilla/5.0 (iPhone; CPU iPhone OS 7_1_2 like Mac OS X) AppleWebKit/537.51.2 (KHTML, like Gecko) Version/7.0 Mobile/11D257 Safari/9537.53" "SESSION_ROUTE=ent3" "ASSIGN_ROUTE=ent3" TRACE-98217-ZNxgrRBVQFbYZTLMR6erfodPPKAmmBBgf2GQdYumcnsjliKFS9-cas1
193.49.162.15 - - [25/Sep/2015:00:26:31 +0200] "GET /f/u1411l1s4/normal/render.uP HTTP/1.1" 200 50520 "https://auth.univ-lorraine.fr/login?service=https://ent.univ-lorraine.fr/Login%3FrefUrl%3D%2Ff%2Fu1411l1s4%2Fnormal%2Frender.uP" "Mozilla/5.0 (Windows NT 6.1; WOW64) AppleWebKit/537.36 (KHTML, like Gecko) Chrome/45.0.2454.99 Safari/537.36" "SESSION_ROUTE=ent2" "ASSIGN_ROUTE=ent2" TRACE-98229-nleFGjxKnfebPCuDeHcHGTsg3IEfQyQqntHbLeblWyfNLvdX6u-cas1
176.145.193.121 - - [25/Sep/2015:00:26:32 +0200] "GET /Login?profile=desktop HTTP/1.1" 302 - "https://ent.univ-lorraine.fr/p/ul-cms-planning-ade-ul.u911l1n141/max/render.uP?pCp" "Mozilla/5.0 (Linux; Android 4.4.4; SM-G360F Build/KTU84P) AppleWebKit/537.36 (KHTML, like Gecko) Chrome/45.0.2454.94 Mobile Safari/537.36" "SESSION_ROUTE=ent3" "ASSIGN_ROUTE=ent3" TRACE-98200-WHlsMDYntLhwejitkcfAbhZOEF0OVpcxwnJDNtzRLY2nPMrVAN-cas1
78.238.131.14 - - [25/Sep/2015:00:26:30 +0200] "GET /nancy2-portlet-zimbra/ajax/getWeekEvents HTTP/1.1" 200 2 "https://ent.univ-lorraine.fr/f/u1411l1s4/normal/render.uP?pCt=ul-zcs-etud.u1411l1n53&pCs=normal&pCp" "Mozilla/5.0 (iPhone; CPU iPhone OS 7_1_2 like Mac OS X) AppleWebKit/537.51.2 (KHTML, like Gecko) Version/7.0 Mobile/11D257 Safari/9537.53" "SESSION_ROUTE=ent3" "ASSIGN_ROUTE=ent3" TRACE-98217-ZNxgrRBVQFbYZTLMR6erfodPPKAmmBBgf2GQdYumcnsjliKFS9-cas1
176.145.193.121 - - [25/Sep/2015:00:26:33 +0200] "GET /f/u1411l1s4/normal/render.uP HTTP/1.1" 200 51850 "https://ent.univ-lorraine.fr/p/ul-cms-planning-ade-ul.u911l1n141/max/render.uP?pCp" "Mozilla/5.0 (Linux; Android 4.4.4; SM-G360F Build/KTU84P) AppleWebKit/537.36 (KHTML, like Gecko) Chrome/45.0.2454.94 Mobile Safari/537.36" "SESSION_ROUTE=ent3" "ASSIGN_ROUTE=ent3" TRACE-98200-WHlsMDYntLhwejitkcfAbhZOEF0OVpcxwnJDNtzRLY2nPMrVAN-cas1
89.95.2.94 - - [25/Sep/2015:00:26:34 +0200] "GET /Login?profile=desktop HTTP/1.1" 302 - "https://ent.univ-lorraine.fr/p/ul-iframe-planning-ade-ul-formation.u911l1n55/max/render.uP" "Mozilla/5.0 (Linux; Android 5.0; SAMSUNG SM-G900F/G900FXXU1BOE6 Build/LRX21T) AppleWebKit/537.36 (KHTML, like Gecko) SamsungBrowser/2.1 Chrome/34.0.1847.76 Mobile Safari/537.36" "SESSION_ROUTE=ent2" "ASSIGN_ROUTE=ent2" TRACE-98224-kULoLn3gYeZgNFJ6AYizomlLuA9wMHq7IJRD4kUDOKbcn1WMda-cas1
78.238.131.14 - - [25/Sep/2015:00:26:35 +0200] "GET /f/u1411l1s4/normal/render.uP?pCt=ul-zcs-etud.u1411l1n53&pCs=normal&pCp HTTP/1.1" 200 56803 "https://ent.univ-lorraine.fr/f/u1411l1s4/normal/render.uP?pCt=ul-zcs-etud.u1411l1n53&pCs=normal&pCp" "Mozilla/5.0 (iPhone; CPU iPhone OS 7_1_2 like Mac OS X) AppleWebKit/537.51.2 (KHTML, like Gecko) Version/7.0 Mobile/11D257 Safari/9537.53" "SESSION_ROUTE=ent3" "ASSIGN_ROUTE=ent3" TRACE-98217-ZNxgrRBVQFbYZTLMR6erfodPPKAmmBBgf2GQdYumcnsjliKFS9-cas1
89.95.2.94 - - [25/Sep/2015:00:26:35 +0200] "GET /f/u1411l1s4/normal/render.uP HTTP/1.1" 200 50524 "https://ent.univ-lorraine.fr/p/ul-iframe-planning-ade-ul-formation.u911l1n55/max/render.uP" "Mozilla/5.0 (Linux; Android 5.0; SAMSUNG SM-G900F/G900FXXU1BOE6 Build/LRX21T) AppleWebKit/537.36 (KHTML, like Gecko) SamsungBrowser/2.1 Chrome/34.0.1847.76 Mobile Safari/537.36" "SESSION_ROUTE=ent2" "ASSIGN_ROUTE=ent2" TRACE-98224-kULoLn3gYeZgNFJ6AYizomlLuA9wMHq7IJRD4kUDOKbcn1WMda-cas1
78.238.131.14 - - [25/Sep/2015:00:26:36 +0200] "GET /nancy2-portlet-zimbra/ajax/getMessages HTTP/1.1" 200 2 "https://ent.univ-lorraine.fr/f/u1411l1s4/normal/render.uP?pCt=ul-zcs-etud.u1411l1n53&pCs=normal&pCp" "Mozilla/5.0 (iPhone; CPU iPhone OS 7_1_2 like Mac OS X) AppleWebKit/537.51.2 (KHTML, like Gecko) Version/7.0 Mobile/11D257 Safari/9537.53" "SESSION_ROUTE=ent3" "ASSIGN_ROUTE=ent3" TRACE-98217-ZNxgrRBVQFbYZTLMR6erfodPPKAmmBBgf2GQdYumcnsjliKFS9-cas1
78.238.131.14 - - [25/Sep/2015:00:26:36 +0200] "GET /nancy2-portlet-zimbra/ajax/getWeekEvents HTTP/1.1" 200 2 "https://ent.univ-lorraine.fr/f/u1411l1s4/normal/render.uP?pCt=ul-zcs-etud.u1411l1n53&pCs=normal&pCp" "Mozilla/5.0 (iPhone; CPU iPhone OS 7_1_2 like Mac OS X) AppleWebKit/537.51.2 (KHTML, like Gecko) Version/7.0 Mobile/11D257 Safari/9537.53" "SESSION_ROUTE=ent3" "ASSIGN_ROUTE=ent3" TRACE-98217-ZNxgrRBVQFbYZTLMR6erfodPPKAmmBBgf2GQdYumcnsjliKFS9-cas1
78.238.131.14 - - [25/Sep/2015:00:26:36 +0200] "GET /nancy2-portlet-zimbra/ajax/getTodayEvents HTTP/1.1" 200 2 "https://ent.univ-lorraine.fr/f/u1411l1s4/normal/render.uP?pCt=ul-zcs-etud.u1411l1n53&pCs=normal&pCp" "Mozilla/5.0 (iPhone; CPU iPhone OS 7_1_2 like Mac OS X) AppleWebKit/537.51.2 (KHTML, like Gecko) Version/7.0 Mobile/11D257 Safari/9537.53" "SESSION_ROUTE=ent3" "ASSIGN_ROUTE=ent3" TRACE-98217-ZNxgrRBVQFbYZTLMR6erfodPPKAmmBBgf2GQdYumcnsjliKFS9-cas1
78.238.131.14 - - [25/Sep/2015:00:26:36 +0200] "GET /nancy2-portlet-zimbra/ajax/getFolders HTTP/1.1" 200 548 "https://ent.univ-lorraine.fr/f/u1411l1s4/normal/render.uP?pCt=ul-zcs-etud.u1411l1n53&pCs=normal&pCp" "Mozilla/5.0 (iPhone; CPU iPhone OS 7_1_2 like Mac OS X) AppleWebKit/537.51.2 (KHTML, like Gecko) Version/7.0 Mobile/11D257 Safari/9537.53" "SESSION_ROUTE=ent3" "ASSIGN_ROUTE=ent3" TRACE-98217-ZNxgrRBVQFbYZTLMR6erfodPPKAmmBBgf2GQdYumcnsjliKFS9-cas1
78.238.131.14 - - [25/Sep/2015:00:26:36 +0200] "GET /nancy2-portlet-zimbra/ajax/getTasks HTTP/1.1" 200 2 "https://ent.univ-lorraine.fr/f/u1411l1s4/normal/render.uP?pCt=ul-zcs-etud.u1411l1n53&pCs=normal&pCp" "Mozilla/5.0 (iPhone; CPU iPhone OS 7_1_2 like Mac OS X) AppleWebKit/537.51.2 (KHTML, like Gecko) Version/7.0 Mobile/11D257 Safari/9537.53" "SESSION_ROUTE=ent3" "ASSIGN_ROUTE=ent3" TRACE-98217-ZNxgrRBVQFbYZTLMR6erfodPPKAmmBBgf2GQdYumcnsjliKFS9-cas1
176.145.193.121 - - [25/Sep/2015:00:26:39 +0200] "GET /f/u911l1s4/normal/render.uP HTTP/1.1" 200 46277 "https://ent.univ-lorraine.fr/f/u1411l1s4/normal/render.uP" "Mozilla/5.0 (Linux; Android 4.4.4; SM-G360F Build/KTU84P) AppleWebKit/537.36 (KHTML, like Gecko) Chrome/45.0.2454.94 Mobile Safari/537.36" "SESSION_ROUTE=ent3" "ASSIGN_ROUTE=ent3" TRACE-98200-WHlsMDYntLhwejitkcfAbhZOEF0OVpcxwnJDNtzRLY2nPMrVAN-cas1
5.49.30.95 - - [25/Sep/2015:00:26:44 +0200] "GET /f/u463l1s4/normal/render.uP?pCt=ul-cms-offres_info.u463l1n61&pCs=normal&pCp HTTP/1.1" 200 45262 "https://ent.univ-lorraine.fr/f/u463l1s4/normal/render.uP?pCt=ul-portlet-ca.u463l1n55&pP_org.apache.myfaces.portlet.MyFacesGenericPortlet.VIEW_ID=%2Fstylesheets%2Fads.jsp" "Mozilla/5.0 (Linux; Android 4.4.4; D2303 Build/18.3.1.C.1.15) AppleWebKit/537.36 (KHTML, like Gecko) Chrome/45.0.2454.94 Mobile Safari/537.36" "SESSION_ROUTE=ent3" "ASSIGN_ROUTE=ent3" TRACE-98145-jbSWedjcfCzUDZ547t2BhwqZRc4h9Y2Ohg3YVR3lwD5mCredxe-cas1
176.145.193.121 - - [25/Sep/2015:00:26:45 +0200] "GET /f/u911l1s4/normal/render.uP?pCt=ul-iframe-planning-ade-ul-formation.u911l1n55&pCs=normal&pCp HTTP/1.1" 200 46312 "https://ent.univ-lorraine.fr/f/u911l1s4/normal/render.uP" "Mozilla/5.0 (Linux; Android 4.4.4; SM-G360F Build/KTU84P) AppleWebKit/537.36 (KHTML, like Gecko) Chrome/45.0.2454.94 Mobile Safari/537.36" "SESSION_ROUTE=ent3" "ASSIGN_ROUTE=ent3" TRACE-98200-WHlsMDYntLhwejitkcfAbhZOEF0OVpcxwnJDNtzRLY2nPMrVAN-cas1
89.95.2.94 - - [25/Sep/2015:00:26:45 +0200] "GET /f/u911l1s4/normal/render.uP?pCt=ul-iframe-planning-ade-ul-formation.u911l1n55&pCs=normal&pCp HTTP/1.1" 200 44985 "https://ent.univ-lorraine.fr/f/u1411l1s4/normal/render.uP" "Mozilla/5.0 (Linux; Android 5.0; SAMSUNG SM-G900F/G900FXXU1BOE6 Build/LRX21T) AppleWebKit/537.36 (KHTML, like Gecko) SamsungBrowser/2.1 Chrome/34.0.1847.76 Mobile Safari/537.36" "SESSION_ROUTE=ent2" "ASSIGN_ROUTE=ent2" TRACE-98224-kULoLn3gYeZgNFJ6AYizomlLuA9wMHq7IJRD4kUDOKbcn1WMda-cas1
78.238.131.14 - - [25/Sep/2015:00:26:46 +0200] "GET /f/u911l1s4/normal/render.uP?pCt=ul-iframe-planning-ade-ul-formation.u911l1n55&pCs=normal&pCp HTTP/1.1" 200 44983 "https://ent.univ-lorraine.fr/f/u1411l1s4/normal/render.uP?pCt=ul-zcs-etud.u1411l1n53&pCs=normal&pCp" "Mozilla/5.0 (iPhone; CPU iPhone OS 7_1_2 like Mac OS X) AppleWebKit/537.51.2 (KHTML, like Gecko) Version/7.0 Mobile/11D257 Safari/9537.53" "SESSION_ROUTE=ent3" "ASSIGN_ROUTE=ent3" TRACE-98217-ZNxgrRBVQFbYZTLMR6erfodPPKAmmBBgf2GQdYumcnsjliKFS9-cas1
176.148.1.173 - - [25/Sep/2015:00:26:48 +0200] "GET /f/u378l1s4/p/esup-portlet-annuaire-desktop.u378l1n53/max/render.uP?pCp HTTP/1.1" 200 35170 "https://ent.univ-lorraine.fr/f/u911l1s4/normal/render.uP?pCt=ul-iframe-planning-ade-ul-formation.u911l1n55&pCs=normal&pCp" "Mozilla/5.0 (Linux; U; Android 4.4.4; fr-fr; SM-G530FZ Build/KTU84P) AppleWebKit/534.30 (KHTML, like Gecko) Version/4.0 Mobile Safari/534.30" "SESSION_ROUTE=ent3" "ASSIGN_ROUTE=ent3" TRACE-98172-xweGZR7sltWgDgTJREiliO6lqXBAU4kFwwCbRQfIQ4sTT75yhd-cas1
90.6.81.163 - - [25/Sep/2015:00:26:49 +0200] "GET /Login HTTP/1.1" 302 - "https://auth.univ-lorraine.fr/login?service=https://ent.univ-lorraine.fr/Login" "Mozilla/5.0 (Windows NT 6.3; WOW64) AppleWebKit/537.36 (KHTML, like Gecko) Chrome/45.0.2454.93 Safari/537.36" "SESSION_ROUTE=ent6" "ASSIGN_ROUTE=ent6" TRACE-98233-jrBdgdwpMbg7rkZplWhLsc96yaUJcfLa9g9JjdNhyEBpJlnRo9-cas1
90.6.81.163 - - [25/Sep/2015:00:26:49 +0200] "GET /f/u1411l1s4/normal/render.uP HTTP/1.1" 200 57342 "https://auth.univ-lorraine.fr/login?service=https://ent.univ-lorraine.fr/Login" "Mozilla/5.0 (Windows NT 6.3; WOW64) AppleWebKit/537.36 (KHTML, like Gecko) Chrome/45.0.2454.93 Safari/537.36" "SESSION_ROUTE=ent6" "ASSIGN_ROUTE=ent6" TRACE-98233-jrBdgdwpMbg7rkZplWhLsc96yaUJcfLa9g9JjdNhyEBpJlnRo9-cas1
90.40.4.70 - - [25/Sep/2015:00:26:51 +0200] "GET /Login?refUrl=/f/u911l1s4/normal/render.uP HTTP/1.1" 302 - "https://auth.univ-lorraine.fr/login?service=https://ent.univ-lorraine.fr/Login%3FrefUrl%3D%2Ff%2Fu911l1s4%2Fnormal%2Frender.uP" "Mozilla/5.0 (Macintosh; Intel Mac OS X 10_7_5) AppleWebKit/534.57.7 (KHTML, like Gecko) Version/5.1.7 Safari/534.57.7" "SESSION_ROUTE=ent3" "ASSIGN_ROUTE=ent3" TRACE-98236-JAkct2auBiX29MJE3qgnOeNgqdhrUOwuxSAate0kZo5KgZsIEb-cas1
90.40.4.70 - - [25/Sep/2015:00:26:51 +0200] "GET /f/u911l1s4/normal/render.uP HTTP/1.1" 200 46223 "https://auth.univ-lorraine.fr/login?service=https://ent.univ-lorraine.fr/Login%3FrefUrl%3D%2Ff%2Fu911l1s4%2Fnormal%2Frender.uP" "Mozilla/5.0 (Macintosh; Intel Mac OS X 10_7_5) AppleWebKit/534.57.7 (KHTML, like Gecko) Version/5.1.7 Safari/534.57.7" "SESSION_ROUTE=ent3" "ASSIGN_ROUTE=ent3" TRACE-98236-JAkct2auBiX29MJE3qgnOeNgqdhrUOwuxSAate0kZo5KgZsIEb-cas1
83.156.181.127 - - [25/Sep/2015:00:26:52 +0200] "GET /Login?refUrl=/f/u911l1s4/normal/render.uP%3FpCt%3Dul-iframe-planning-ade-ul-formation.u911l1n55%26pCs%3Dnormal%26pCp HTTP/1.1" 302 - "https://auth.univ-lorraine.fr/login?service=https://ent.univ-lorraine.fr/Login%3FrefUrl%3D%2Ff%2Fu911l1s4%2Fnormal%2Frender.uP%253FpCt%253Dul-iframe-planning-ade-ul-formation.u911l1n55%2526pCs%253Dnormal%2526pCp" "Mozilla/5.0 (Linux; Android 4.4.2; SM-G800H Build/KOT49H) AppleWebKit/537.36 (KHTML, like Gecko) Chrome/45.0.2454.94 Mobile Safari/537.36" "SESSION_ROUTE=ent4" "ASSIGN_ROUTE=ent4" TRACE-98237-eQu9OU95gWVEeKkkG7WmxbKafa2ZNRntxYZk2EP6rfwPOaKgY1-cas1
176.148.1.173 - - [25/Sep/2015:00:26:53 +0200] "POST /f/u378l1s4/p/esup-portlet-annuaire-desktop.u378l1n53/max/action.uP?pP___jpfbJSFTARGET=view%3A%2Fstylesheets%2Fhome.xhtml HTTP/1.1" 302 - "https://ent.univ-lorraine.fr/f/u378l1s4/p/esup-portlet-annuaire-desktop.u378l1n53/max/render.uP?pCp" "Mozilla/5.0 (Linux; U; Android 4.4.4; fr-fr; SM-G530FZ Build/KTU84P) AppleWebKit/534.30 (KHTML, like Gecko) Version/4.0 Mobile Safari/534.30" "SESSION_ROUTE=ent3" "ASSIGN_ROUTE=ent3" TRACE-98172-xweGZR7sltWgDgTJREiliO6lqXBAU4kFwwCbRQfIQ4sTT75yhd-cas1
83.156.181.127 - - [25/Sep/2015:00:26:52 +0200] "GET /f/u911l1s4/normal/render.uP?pCt=ul-iframe-planning-ade-ul-formation.u911l1n55&pCs=normal&pCp HTTP/1.1" 302 - "https://auth.univ-lorraine.fr/login?service=https://ent.univ-lorraine.fr/Login%3FrefUrl%3D%2Ff%2Fu911l1s4%2Fnormal%2Frender.uP%253FpCt%253Dul-iframe-planning-ade-ul-formation.u911l1n55%2526pCs%253Dnormal%2526pCp" "Mozilla/5.0 (Linux; Android 4.4.2; SM-G800H Build/KOT49H) AppleWebKit/537.36 (KHTML, like Gecko) Chrome/45.0.2454.94 Mobile Safari/537.36" "SESSION_ROUTE=ent4" "ASSIGN_ROUTE=ent4" TRACE-98237-eQu9OU95gWVEeKkkG7WmxbKafa2ZNRntxYZk2EP6rfwPOaKgY1-cas1
176.148.1.173 - - [25/Sep/2015:00:26:53 +0200] "GET /f/u378l1s4/p/esup-portlet-annuaire-desktop.u378l1n53/max/render.uP?pP___jpfbJSFTARGET=view%3A%2Fstylesheets%2Fmobile%2Fpersons.xhtml&pP_org.apache.myfaces.trinidad.util.RequestStateMap=f21baeff-3da8-40ab-97e4-218741a60ed7 HTTP/1.1" 200 41892 "https://ent.univ-lorraine.fr/f/u378l1s4/p/esup-portlet-annuaire-desktop.u378l1n53/max/render.uP?pCp" "Mozilla/5.0 (Linux; U; Android 4.4.4; fr-fr; SM-G530FZ Build/KTU84P) AppleWebKit/534.30 (KHTML, like Gecko) Version/4.0 Mobile Safari/534.30" "SESSION_ROUTE=ent3" "ASSIGN_ROUTE=ent3" TRACE-98172-xweGZR7sltWgDgTJREiliO6lqXBAU4kFwwCbRQfIQ4sTT75yhd-cas1
83.156.181.127 - - [25/Sep/2015:00:26:53 +0200] "GET /p/ul-iframe-planning-ade-ul-formation.u911l1n55/max/render.uP HTTP/1.1" 200 5419 "https://auth.univ-lorraine.fr/login?service=https://ent.univ-lorraine.fr/Login%3FrefUrl%3D%2Ff%2Fu911l1s4%2Fnormal%2Frender.uP%253FpCt%253Dul-iframe-planning-ade-ul-formation.u911l1n55%2526pCs%253Dnormal%2526pCp" "Mozilla/5.0 (Linux; Android 4.4.2; SM-G800H Build/KOT49H) AppleWebKit/537.36 (KHTML, like Gecko) Chrome/45.0.2454.94 Mobile Safari/537.36" "SESSION_ROUTE=ent4" "ASSIGN_ROUTE=ent4" TRACE-98237-eQu9OU95gWVEeKkkG7WmxbKafa2ZNRntxYZk2EP6rfwPOaKgY1-cas1
176.148.1.173 - - [25/Sep/2015:00:26:54 +0200] "GET /f/u911l1s4/normal/render.uP?pCt=ul-iframe-planning-ade-ul-formation.u911l1n55&pCs=normal&pCp HTTP/1.1" 200 46303 "https://ent.univ-lorraine.fr/f/u911l1s4/normal/render.uP" "Mozilla/5.0 (Linux; U; Android 4.4.4; fr-fr; SM-G530FZ Build/KTU84P) AppleWebKit/534.30 (KHTML, like Gecko) Version/4.0 Mobile Safari/534.30" "SESSION_ROUTE=ent3" "ASSIGN_ROUTE=ent3" TRACE-98172-xweGZR7sltWgDgTJREiliO6lqXBAU4kFwwCbRQfIQ4sTT75yhd-cas1
92.148.237.194 - - [25/Sep/2015:00:26:56 +0200] "GET /Login HTTP/1.1" 302 - "https://auth.univ-lorraine.fr/login?service=https://ent.univ-lorraine.fr/Login" "Mozilla/5.0 (Windows NT 6.1; WOW64) AppleWebKit/537.36 (KHTML, like Gecko) Chrome/45.0.2454.99 Safari/537.36" "SESSION_ROUTE=ent2" "ASSIGN_ROUTE=ent2" TRACE-98241-QyWwtoqOLGoWOMdkFCqcDpr6orZs20dSBvfzhHgw3wku6cWsLf-cas1
92.148.237.194 - - [25/Sep/2015:00:26:57 +0200] "GET /f/u1411l1s4/normal/render.uP HTTP/1.1" 200 50661 "https://auth.univ-lorraine.fr/login?service=https://ent.univ-lorraine.fr/Login" "Mozilla/5.0 (Windows NT 6.1; WOW64) AppleWebKit/537.36 (KHTML, like Gecko) Chrome/45.0.2454.99 Safari/537.36" "SESSION_ROUTE=ent2" "ASSIGN_ROUTE=ent2" TRACE-98241-QyWwtoqOLGoWOMdkFCqcDpr6orZs20dSBvfzhHgw3wku6cWsLf-cas1
85.95.207.109 - - [25/Sep/2015:00:26:58 +0200] "GET /f/u911l1s4/normal/render.uP?pCt=ul-iframe-planning-ade-ul-etu.u911l1n54&pCs=normal&pCp HTTP/1.1" 200 44947 "https://ent.univ-lorraine.fr/f/u911l1s4/normal/render.uP?pCt=ul-iframe-planning-ade-ul-formation.u911l1n55&pCs=normal&pCp" "Mozilla/5.0 (Windows NT 6.1; WOW64) AppleWebKit/537.36 (KHTML, like Gecko) Chrome/45.0.2454.99 Safari/537.36" "SESSION_ROUTE=ent4" "ASSIGN_ROUTE=ent4" TRACE-98222-TtNlQ9BDIZNHFiZe6YFfBLTwkyQfWcd0LArjFZBfjuqpbPQ25O-cas1
83.156.181.127 - - [25/Sep/2015:00:27:00 +0200] "GET /Login?profile=desktop HTTP/1.1" 302 - "https://ent.univ-lorraine.fr/p/ul-iframe-planning-ade-ul-formation.u911l1n55/max/render.uP" "Mozilla/5.0 (Linux; Android 4.4.2; SM-G800H Build/KOT49H) AppleWebKit/537.36 (KHTML, like Gecko) Chrome/45.0.2454.94 Mobile Safari/537.36" "SESSION_ROUTE=ent4" "ASSIGN_ROUTE=ent4" TRACE-98237-eQu9OU95gWVEeKkkG7WmxbKafa2ZNRntxYZk2EP6rfwPOaKgY1-cas1
90.13.151.19 - - [25/Sep/2015:00:27:01 +0200] "GET /Login?refUrl=/f/u1411l1s4/normal/render.uP HTTP/1.1" 302 - "https://auth.univ-lorraine.fr/login?service=https://ent.univ-lorraine.fr/Login%3FrefUrl%3D%2Ff%2Fu1411l1s4%2Fnormal%2Frender.uP" "Mozilla/5.0 (Windows NT 10.0; WOW64) AppleWebKit/537.36 (KHTML, like Gecko) Chrome/45.0.2454.99 Safari/537.36" "SESSION_ROUTE=ent4" "ASSIGN_ROUTE=ent4" TRACE-98242-ddpKJq9Vxd5oP1MQdVFykLhYoDNNVldVPo0LRWniHnjAwteyJx-cas1
83.156.181.127 - - [25/Sep/2015:00:27:01 +0200] "GET /f/u1411l1s4/normal/render.uP HTTP/1.1" 200 50547 "https://ent.univ-lorraine.fr/p/ul-iframe-planning-ade-ul-formation.u911l1n55/max/render.uP" "Mozilla/5.0 (Linux; Android 4.4.2; SM-G800H Build/KOT49H) AppleWebKit/537.36 (KHTML, like Gecko) Chrome/45.0.2454.94 Mobile Safari/537.36" "SESSION_ROUTE=ent4" "ASSIGN_ROUTE=ent4" TRACE-98237-eQu9OU95gWVEeKkkG7WmxbKafa2ZNRntxYZk2EP6rfwPOaKgY1-cas1
90.13.151.19 - - [25/Sep/2015:00:27:01 +0200] "GET /f/u1411l1s4/normal/render.uP HTTP/1.1" 200 51972 "https://auth.univ-lorraine.fr/login?service=https://ent.univ-lorraine.fr/Login%3FrefUrl%3D%2Ff%2Fu1411l1s4%2Fnormal%2Frender.uP" "Mozilla/5.0 (Windows NT 10.0; WOW64) AppleWebKit/537.36 (KHTML, like Gecko) Chrome/45.0.2454.99 Safari/537.36" "SESSION_ROUTE=ent4" "ASSIGN_ROUTE=ent4" TRACE-98242-ddpKJq9Vxd5oP1MQdVFykLhYoDNNVldVPo0LRWniHnjAwteyJx-cas1
90.6.81.163 - - [25/Sep/2015:00:27:04 +0200] "GET /nancy2-portlet-zimbra/ajax/getMessages HTTP/1.1" 200 310 "https://ent.univ-lorraine.fr/f/u1411l1s4/normal/render.uP" "Mozilla/5.0 (Windows NT 6.3; WOW64) AppleWebKit/537.36 (KHTML, like Gecko) Chrome/45.0.2454.93 Safari/537.36" "SESSION_ROUTE=ent6" "ASSIGN_ROUTE=ent6" TRACE-98233-jrBdgdwpMbg7rkZplWhLsc96yaUJcfLa9g9JjdNhyEBpJlnRo9-cas1
90.6.81.163 - - [25/Sep/2015:00:27:04 +0200] "GET /nancy2-portlet-zimbra/ajax/getTasks HTTP/1.1" 200 2 "https://ent.univ-lorraine.fr/f/u1411l1s4/normal/render.uP" "Mozilla/5.0 (Windows NT 6.3; WOW64) AppleWebKit/537.36 (KHTML, like Gecko) Chrome/45.0.2454.93 Safari/537.36" "SESSION_ROUTE=ent6" "ASSIGN_ROUTE=ent6" TRACE-98233-jrBdgdwpMbg7rkZplWhLsc96yaUJcfLa9g9JjdNhyEBpJlnRo9-cas1
90.6.81.163 - - [25/Sep/2015:00:27:04 +0200] "GET /nancy2-portlet-zimbra/ajax/getFolders HTTP/1.1" 200 548 "https://ent.univ-lorraine.fr/f/u1411l1s4/normal/render.uP" "Mozilla/5.0 (Windows NT 6.3; WOW64) AppleWebKit/537.36 (KHTML, like Gecko) Chrome/45.0.2454.93 Safari/537.36" "SESSION_ROUTE=ent6" "ASSIGN_ROUTE=ent6" TRACE-98233-jrBdgdwpMbg7rkZplWhLsc96yaUJcfLa9g9JjdNhyEBpJlnRo9-cas1
92.148.237.194 - - [25/Sep/2015:00:27:04 +0200] "GET /f/u911l1s4/normal/render.uP?pCt=ul-iframe-planning-ade-ul-formation.u911l1n55&pCs=normal&pCp HTTP/1.1" 200 45121 "https://ent.univ-lorraine.fr/f/u1411l1s4/normal/render.uP" "Mozilla/5.0 (Windows NT 6.1; WOW64) AppleWebKit/537.36 (KHTML, like Gecko) Chrome/45.0.2454.99 Safari/537.36" "SESSION_ROUTE=ent2" "ASSIGN_ROUTE=ent2" TRACE-98241-QyWwtoqOLGoWOMdkFCqcDpr6orZs20dSBvfzhHgw3wku6cWsLf-cas1
90.6.81.163 - - [25/Sep/2015:00:27:04 +0200] "GET /nancy2-portlet-zimbra/ajax/getWeekEvents HTTP/1.1" 200 2 "https://ent.univ-lorraine.fr/f/u1411l1s4/normal/render.uP" "Mozilla/5.0 (Windows NT 6.3; WOW64) AppleWebKit/537.36 (KHTML, like Gecko) Chrome/45.0.2454.93 Safari/537.36" "SESSION_ROUTE=ent6" "ASSIGN_ROUTE=ent6" TRACE-98233-jrBdgdwpMbg7rkZplWhLsc96yaUJcfLa9g9JjdNhyEBpJlnRo9-cas1
90.6.81.163 - - [25/Sep/2015:00:27:04 +0200] "GET /nancy2-portlet-zimbra/ajax/getTodayEvents HTTP/1.1" 200 2 "https://ent.univ-lorraine.fr/f/u1411l1s4/normal/render.uP" "Mozilla/5.0 (Windows NT 6.3; WOW64) AppleWebKit/537.36 (KHTML, like Gecko) Chrome/45.0.2454.93 Safari/537.36" "SESSION_ROUTE=ent6" "ASSIGN_ROUTE=ent6" TRACE-98233-jrBdgdwpMbg7rkZplWhLsc96yaUJcfLa9g9JjdNhyEBpJlnRo9-cas1
90.13.151.19 - - [25/Sep/2015:00:27:07 +0200] "GET /f/u911l1s4/normal/render.uP?pCt=ul-iframe-planning-ade-ul-formation.u911l1n55&pCs=normal&pCp HTTP/1.1" 200 46433 "https://ent.univ-lorraine.fr/f/u1411l1s4/normal/render.uP" "Mozilla/5.0 (Windows NT 10.0; WOW64) AppleWebKit/537.36 (KHTML, like Gecko) Chrome/45.0.2454.99 Safari/537.36" "SESSION_ROUTE=ent4" "ASSIGN_ROUTE=ent4" TRACE-98242-ddpKJq9Vxd5oP1MQdVFykLhYoDNNVldVPo0LRWniHnjAwteyJx-cas1
83.156.181.127 - - [25/Sep/2015:00:27:08 +0200] "GET /f/u911l1s4/normal/render.uP HTTP/1.1" 200 44973 "https://ent.univ-lorraine.fr/f/u1411l1s4/normal/render.uP" "Mozilla/5.0 (Linux; Android 4.4.2; SM-G800H Build/KOT49H) AppleWebKit/537.36 (KHTML, like Gecko) Chrome/45.0.2454.94 Mobile Safari/537.36" "SESSION_ROUTE=ent4" "ASSIGN_ROUTE=ent4" TRACE-98237-eQu9OU95gWVEeKkkG7WmxbKafa2ZNRntxYZk2EP6rfwPOaKgY1-cas1
46.193.129.46 - - [25/Sep/2015:00:27:12 +0200] "GET /Login HTTP/1.1" 302 - "https://auth.univ-lorraine.fr/login?service=https://ent.univ-lorraine.fr/Login" "Mozilla/5.0 (Linux; Android 5.0.2; SM-G901F Build/LRX22G) AppleWebKit/537.36 (KHTML, like Gecko) Chrome/45.0.2454.94 Mobile Safari/537.36" "SESSION_ROUTE=ent1" "ASSIGN_ROUTE=ent1" TRACE-98244-UfOQ49LfbKWeuJNjI5gsiA3UTNavjAS3fI7c2VzJ3b44MQDBp5-cas1
46.193.129.46 - - [25/Sep/2015:00:27:13 +0200] "GET /normal/render.uP HTTP/1.1" 200 9511 "https://auth.univ-lorraine.fr/login?service=https://ent.univ-lorraine.fr/Login" "Mozilla/5.0 (Linux; Android 5.0.2; SM-G901F Build/LRX22G) AppleWebKit/537.36 (KHTML, like Gecko) Chrome/45.0.2454.94 Mobile Safari/537.36" "SESSION_ROUTE=ent1" "ASSIGN_ROUTE=ent1" TRACE-98244-UfOQ49LfbKWeuJNjI5gsiA3UTNavjAS3fI7c2VzJ3b44MQDBp5-cas1
90.13.12.244 - - [25/Sep/2015:00:27:14 +0200] "GET /Logout HTTP/1.1" 302 - "https://ent.univ-lorraine.fr/f/u1411l1s4/normal/render.uP" "Mozilla/5.0 (Windows NT 6.1; WOW64) AppleWebKit/537.36 (KHTML, like Gecko) Chrome/45.0.2454.99 Safari/537.36" "SESSION_ROUTE=ent4" "ASSIGN_ROUTE=ent4" TRACE-98115-5yZdOTP69rv19esWft7FFedM6mE3gFK0MDpa4x9VIJJnKsCDKz-cas1
83.156.181.127 - - [25/Sep/2015:00:27:14 +0200] "GET /f/u911l1s4/normal/render.uP?pCt=ul-iframe-planning-ade-ul-formation.u911l1n55&pCs=normal&pCp HTTP/1.1" 200 45008 "https://ent.univ-lorraine.fr/f/u911l1s4/normal/render.uP" "Mozilla/5.0 (Linux; Android 4.4.2; SM-G800H Build/KOT49H) AppleWebKit/537.36 (KHTML, like Gecko) Chrome/45.0.2454.94 Mobile Safari/537.36" "SESSION_ROUTE=ent4" "ASSIGN_ROUTE=ent4" TRACE-98237-eQu9OU95gWVEeKkkG7WmxbKafa2ZNRntxYZk2EP6rfwPOaKgY1-cas1
90.13.12.244 - - [25/Sep/2015:00:27:15 +0200] "GET /Login HTTP/1.1" 302 - "https://ent.univ-lorraine.fr/f/u1411l1s4/normal/render.uP" "Mozilla/5.0 (Windows NT 6.1; WOW64) AppleWebKit/537.36 (KHTML, like Gecko) Chrome/45.0.2454.99 Safari/537.36" "SESSION_ROUTE=ent4" "ASSIGN_ROUTE=ent4" TRACE-98115-5yZdOTP69rv19esWft7FFedM6mE3gFK0MDpa4x9VIJJnKsCDKz-cas1
90.13.12.244 - - [25/Sep/2015:00:27:15 +0200] "GET /f/u21l1s4/normal/render.uP HTTP/1.1" 200 29774 "https://ent.univ-lorraine.fr/f/u1411l1s4/normal/render.uP" "Mozilla/5.0 (Windows NT 6.1; WOW64) AppleWebKit/537.36 (KHTML, like Gecko) Chrome/45.0.2454.99 Safari/537.36" "SESSION_ROUTE=ent4" "ASSIGN_ROUTE=ent4" TRACE-98115-5yZdOTP69rv19esWft7FFedM6mE3gFK0MDpa4x9VIJJnKsCDKz-cas1
90.13.12.244 - - [25/Sep/2015:00:27:17 +0200] "POST /f/u21l1s4/p/esup-portlet-annuaire-desktop.u21l1n103/normal/action.uP?pP___jpfbJSFTARGET=view%3A%2Fstylesheets%2Fhome.xhtml HTTP/1.1" 302 - "https://ent.univ-lorraine.fr/f/u21l1s4/normal/render.uP" "Mozilla/5.0 (Windows NT 6.1; WOW64) AppleWebKit/537.36 (KHTML, like Gecko) Chrome/45.0.2454.99 Safari/537.36" "SESSION_ROUTE=ent4" "ASSIGN_ROUTE=ent4" TRACE-98115-5yZdOTP69rv19esWft7FFedM6mE3gFK0MDpa4x9VIJJnKsCDKz-cas1
90.13.12.244 - - [25/Sep/2015:00:27:17 +0200] "GET /f/u21l1s4/normal/render.uP?pCt=esup-portlet-annuaire-desktop.u21l1n103&pP___jpfbJSFTARGET=view%3A%2Fstylesheets%2Fdesktop%2Fpersons.xhtml&pP_org.apache.myfaces.trinidad.util.RequestStateMap=1a49ad49-e928-473a-ab2f-e6a7fb405d60 HTTP/1.1" 200 39988 "https://ent.univ-lorraine.fr/f/u21l1s4/normal/render.uP" "Mozilla/5.0 (Windows NT 6.1; WOW64) AppleWebKit/537.36 (KHTML, like Gecko) Chrome/45.0.2454.99 Safari/537.36" "SESSION_ROUTE=ent4" "ASSIGN_ROUTE=ent4" TRACE-98115-5yZdOTP69rv19esWft7FFedM6mE3gFK0MDpa4x9VIJJnKsCDKz-cas1
92.148.77.21 - - [25/Sep/2015:00:27:21 +0200] "GET /Login HTTP/1.1" 302 - "https://auth.univ-lorraine.fr/login?service=https://ent.univ-lorraine.fr/Login" "Mozilla/5.0 (Windows NT 6.3; WOW64; rv:40.0) Gecko/20100101 Firefox/40.0" "SESSION_ROUTE=ent3" "ASSIGN_ROUTE=ent3" TRACE-98251-zfrUFDkvcmpFgZfTwarkUY5C9fWGYcBQKGduMqswmn7rySBzsX-cas1
92.148.77.21 - - [25/Sep/2015:00:27:21 +0200] "GET /f/u1411l1s4/normal/render.uP HTTP/1.1" 200 50540 "https://auth.univ-lorraine.fr/login?service=https://ent.univ-lorraine.fr/Login" "Mozilla/5.0 (Windows NT 6.3; WOW64; rv:40.0) Gecko/20100101 Firefox/40.0" "SESSION_ROUTE=ent3" "ASSIGN_ROUTE=ent3" TRACE-98251-zfrUFDkvcmpFgZfTwarkUY5C9fWGYcBQKGduMqswmn7rySBzsX-cas1
46.193.129.46 - - [25/Sep/2015:00:27:23 +0200] "GET /p/ul-cms-planning-ade-ul.u911l1n141/max/render.uP?pCp HTTP/1.1" 200 5704 "https://ent.univ-lorraine.fr/normal/render.uP" "Mozilla/5.0 (Linux; Android 5.0.2; SM-G901F Build/LRX22G) AppleWebKit/537.36 (KHTML, like Gecko) Chrome/45.0.2454.94 Mobile Safari/537.36" "SESSION_ROUTE=ent1" "ASSIGN_ROUTE=ent1" TRACE-98244-UfOQ49LfbKWeuJNjI5gsiA3UTNavjAS3fI7c2VzJ3b44MQDBp5-cas1
90.40.184.249 - - [25/Sep/2015:00:27:25 +0200] "GET /Login HTTP/1.1" 302 - "https://auth.univ-lorraine.fr/login?service=https://ent.univ-lorraine.fr/Login" "Mozilla/5.0 (Macintosh; Intel Mac OS X 10_10_3) AppleWebKit/600.6.3 (KHTML, like Gecko) Version/8.0.6 Safari/600.6.3" "SESSION_ROUTE=ent5" "ASSIGN_ROUTE=ent5" TRACE-98253-ld4V614dGcx2dBzzHONbalPuwzQkCFTPdmWIi4fNQx0wLkgQJX-cas1
90.40.184.249 - - [25/Sep/2015:00:27:25 +0200] "GET /f/u1411l1s4/normal/render.uP HTTP/1.1" 200 42125 "https://auth.univ-lorraine.fr/login?service=https://ent.univ-lorraine.fr/Login" "Mozilla/5.0 (Macintosh; Intel Mac OS X 10_10_3) AppleWebKit/600.6.3 (KHTML, like Gecko) Version/8.0.6 Safari/600.6.3" "SESSION_ROUTE=ent5" "ASSIGN_ROUTE=ent5" TRACE-98253-ld4V614dGcx2dBzzHONbalPuwzQkCFTPdmWIi4fNQx0wLkgQJX-cas1
193.49.162.6 - - [25/Sep/2015:00:27:27 +0200] "GET /normal/render.uP HTTP/1.1" 200 7584 "-" "Mozilla/5.0 (iPhone; CPU iPhone OS 8_3 like Mac OS X) AppleWebKit/600.1.4 (KHTML, like Gecko) Version/8.0 Mobile/12F70 Safari/600.1.4" "SESSION_ROUTE=ent6" "ASSIGN_ROUTE=ent6" TRACE-98176-B0hePN5uXYNKdRYNB42teo0lk4QTZoZOQpofZQMXdXjpoUGR9F-cas1
92.148.77.21 - - [25/Sep/2015:00:27:29 +0200] "GET /f/u911l1s4/normal/render.uP?pCt=ul-iframe-planning-ade-ul-formation.u911l1n55&pCs=normal&pCp HTTP/1.1" 200 45001 "https://ent.univ-lorraine.fr/f/u1411l1s4/normal/render.uP" "Mozilla/5.0 (Windows NT 6.3; WOW64; rv:40.0) Gecko/20100101 Firefox/40.0" "SESSION_ROUTE=ent3" "ASSIGN_ROUTE=ent3" TRACE-98251-zfrUFDkvcmpFgZfTwarkUY5C9fWGYcBQKGduMqswmn7rySBzsX-cas1
90.40.184.249 - - [25/Sep/2015:00:27:32 +0200] "GET /f/u911l1s4/normal/render.uP?pCt=ul-iframe-planning-ade-ul-etu.u911l1n54&pCs=normal&pCp HTTP/1.1" 200 45085 "https://ent.univ-lorraine.fr/f/u1411l1s4/normal/render.uP" "Mozilla/5.0 (Macintosh; Intel Mac OS X 10_10_3) AppleWebKit/600.6.3 (KHTML, like Gecko) Version/8.0.6 Safari/600.6.3" "SESSION_ROUTE=ent5" "ASSIGN_ROUTE=ent5" TRACE-98253-ld4V614dGcx2dBzzHONbalPuwzQkCFTPdmWIi4fNQx0wLkgQJX-cas1
85.68.157.38 - - [25/Sep/2015:00:27:34 +0200] "GET /Login HTTP/1.1" 302 - "https://auth.univ-lorraine.fr/login?service=https://ent.univ-lorraine.fr/Login" "Mozilla/5.0 (Windows NT 6.3; WOW64; rv:40.0) Gecko/20100101 Firefox/40.0" "SESSION_ROUTE=ent5" "ASSIGN_ROUTE=ent5" TRACE-98256-PmfdZcoIZNCbj2hdwKsaUG2V2laHcyzfKihQDlFvOs9GaAleRa-cas1
85.68.157.38 - - [25/Sep/2015:00:27:35 +0200] "GET /f/u1411l1s4/normal/render.uP HTTP/1.1" 200 52456 "https://auth.univ-lorraine.fr/login?service=https://ent.univ-lorraine.fr/Login" "Mozilla/5.0 (Windows NT 6.3; WOW64; rv:40.0) Gecko/20100101 Firefox/40.0" "SESSION_ROUTE=ent5" "ASSIGN_ROUTE=ent5" TRACE-98256-PmfdZcoIZNCbj2hdwKsaUG2V2laHcyzfKihQDlFvOs9GaAleRa-cas1
85.68.157.38 - - [25/Sep/2015:00:27:38 +0200] "GET /f/u378l1s4/p/ul-zcs-etud.u378l1n57/max/render.uP?pCp HTTP/1.1" 200 45493 "https://ent.univ-lorraine.fr/f/u1411l1s4/normal/render.uP" "Mozilla/5.0 (Windows NT 6.3; WOW64; rv:40.0) Gecko/20100101 Firefox/40.0" "SESSION_ROUTE=ent5" "ASSIGN_ROUTE=ent5" TRACE-98256-PmfdZcoIZNCbj2hdwKsaUG2V2laHcyzfKihQDlFvOs9GaAleRa-cas1
80.185.143.176 - - [25/Sep/2015:00:27:39 +0200] "GET /Login?profile=desktop HTTP/1.1" 302 - "https://auth.univ-lorraine.fr/login?service=https://ent.univ-lorraine.fr/Login?profile=desktop" "Mozilla/5.0 (Linux; Android 5.1.1; Nexus 5 Build/LMY48M) AppleWebKit/537.36 (KHTML, like Gecko) Chrome/45.0.2454.94 Mobile Safari/537.36" "SESSION_ROUTE=ent4" "ASSIGN_ROUTE=ent4" TRACE-98257-WchbXrCXOrz9UHVNo2eRaKfhB2RdNaJ0pIba7CdI72bkKj936E-cas1
85.68.157.38 - - [25/Sep/2015:00:27:39 +0200] "GET /nancy2-portlet-zimbra/ajax/getMessages HTTP/1.1" 200 349 "https://ent.univ-lorraine.fr/f/u378l1s4/p/ul-zcs-etud.u378l1n57/max/render.uP?pCp" "Mozilla/5.0 (Windows NT 6.3; WOW64; rv:40.0) Gecko/20100101 Firefox/40.0" "SESSION_ROUTE=ent5" "ASSIGN_ROUTE=ent5" TRACE-98256-PmfdZcoIZNCbj2hdwKsaUG2V2laHcyzfKihQDlFvOs9GaAleRa-cas1
85.68.157.38 - - [25/Sep/2015:00:27:39 +0200] "GET /nancy2-portlet-zimbra/ajax/getTasks HTTP/1.1" 200 2 "https://ent.univ-lorraine.fr/f/u378l1s4/p/ul-zcs-etud.u378l1n57/max/render.uP?pCp" "Mozilla/5.0 (Windows NT 6.3; WOW64; rv:40.0) Gecko/20100101 Firefox/40.0" "SESSION_ROUTE=ent5" "ASSIGN_ROUTE=ent5" TRACE-98256-PmfdZcoIZNCbj2hdwKsaUG2V2laHcyzfKihQDlFvOs9GaAleRa-cas1
85.68.157.38 - - [25/Sep/2015:00:27:39 +0200] "GET /nancy2-portlet-zimbra/ajax/getWeekEvents HTTP/1.1" 200 2 "https://ent.univ-lorraine.fr/f/u378l1s4/p/ul-zcs-etud.u378l1n57/max/render.uP?pCp" "Mozilla/5.0 (Windows NT 6.3; WOW64; rv:40.0) Gecko/20100101 Firefox/40.0" "SESSION_ROUTE=ent5" "ASSIGN_ROUTE=ent5" TRACE-98256-PmfdZcoIZNCbj2hdwKsaUG2V2laHcyzfKihQDlFvOs9GaAleRa-cas1
85.68.157.38 - - [25/Sep/2015:00:27:39 +0200] "GET /nancy2-portlet-zimbra/ajax/getTodayEvents HTTP/1.1" 200 2 "https://ent.univ-lorraine.fr/f/u378l1s4/p/ul-zcs-etud.u378l1n57/max/render.uP?pCp" "Mozilla/5.0 (Windows NT 6.3; WOW64; rv:40.0) Gecko/20100101 Firefox/40.0" "SESSION_ROUTE=ent5" "ASSIGN_ROUTE=ent5" TRACE-98256-PmfdZcoIZNCbj2hdwKsaUG2V2laHcyzfKihQDlFvOs9GaAleRa-cas1
85.68.157.38 - - [25/Sep/2015:00:27:39 +0200] "GET /nancy2-portlet-zimbra/ajax/getFolders HTTP/1.1" 200 914 "https://ent.univ-lorraine.fr/f/u378l1s4/p/ul-zcs-etud.u378l1n57/max/render.uP?pCp" "Mozilla/5.0 (Windows NT 6.3; WOW64; rv:40.0) Gecko/20100101 Firefox/40.0" "SESSION_ROUTE=ent5" "ASSIGN_ROUTE=ent5" TRACE-98256-PmfdZcoIZNCbj2hdwKsaUG2V2laHcyzfKihQDlFvOs9GaAleRa-cas1
80.185.143.176 - - [25/Sep/2015:00:27:40 +0200] "GET /f/u1411l1s4/normal/render.uP HTTP/1.1" 200 56755 "https://auth.univ-lorraine.fr/login?service=https://ent.univ-lorraine.fr/Login?profile=desktop" "Mozilla/5.0 (Linux; Android 5.1.1; Nexus 5 Build/LMY48M) AppleWebKit/537.36 (KHTML, like Gecko) Chrome/45.0.2454.94 Mobile Safari/537.36" "SESSION_ROUTE=ent4" "ASSIGN_ROUTE=ent4" TRACE-98257-WchbXrCXOrz9UHVNo2eRaKfhB2RdNaJ0pIba7CdI72bkKj936E-cas1
80.185.143.176 - - [25/Sep/2015:00:27:41 +0200] "GET /nancy2-portlet-zimbra/ajax/getTasks HTTP/1.1" 200 2 "https://ent.univ-lorraine.fr/f/u1411l1s4/normal/render.uP" "Mozilla/5.0 (Linux; Android 5.1.1; Nexus 5 Build/LMY48M) AppleWebKit/537.36 (KHTML, like Gecko) Chrome/45.0.2454.94 Mobile Safari/537.36" "SESSION_ROUTE=ent4" "ASSIGN_ROUTE=ent4" TRACE-98257-WchbXrCXOrz9UHVNo2eRaKfhB2RdNaJ0pIba7CdI72bkKj936E-cas1
80.185.143.176 - - [25/Sep/2015:00:27:41 +0200] "GET /nancy2-portlet-zimbra/ajax/getWeekEvents HTTP/1.1" 200 2 "https://ent.univ-lorraine.fr/f/u1411l1s4/normal/render.uP" "Mozilla/5.0 (Linux; Android 5.1.1; Nexus 5 Build/LMY48M) AppleWebKit/537.36 (KHTML, like Gecko) Chrome/45.0.2454.94 Mobile Safari/537.36" "SESSION_ROUTE=ent4" "ASSIGN_ROUTE=ent4" TRACE-98257-WchbXrCXOrz9UHVNo2eRaKfhB2RdNaJ0pIba7CdI72bkKj936E-cas1
80.185.143.176 - - [25/Sep/2015:00:27:41 +0200] "GET /nancy2-portlet-zimbra/ajax/getTodayEvents HTTP/1.1" 200 2 "https://ent.univ-lorraine.fr/f/u1411l1s4/normal/render.uP" "Mozilla/5.0 (Linux; Android 5.1.1; Nexus 5 Build/LMY48M) AppleWebKit/537.36 (KHTML, like Gecko) Chrome/45.0.2454.94 Mobile Safari/537.36" "SESSION_ROUTE=ent4" "ASSIGN_ROUTE=ent4" TRACE-98257-WchbXrCXOrz9UHVNo2eRaKfhB2RdNaJ0pIba7CdI72bkKj936E-cas1
80.185.143.176 - - [25/Sep/2015:00:27:41 +0200] "GET /nancy2-portlet-zimbra/ajax/getMessages HTTP/1.1" 200 2 "https://ent.univ-lorraine.fr/f/u1411l1s4/normal/render.uP" "Mozilla/5.0 (Linux; Android 5.1.1; Nexus 5 Build/LMY48M) AppleWebKit/537.36 (KHTML, like Gecko) Chrome/45.0.2454.94 Mobile Safari/537.36" "SESSION_ROUTE=ent4" "ASSIGN_ROUTE=ent4" TRACE-98257-WchbXrCXOrz9UHVNo2eRaKfhB2RdNaJ0pIba7CdI72bkKj936E-cas1
80.185.143.176 - - [25/Sep/2015:00:27:41 +0200] "GET /nancy2-portlet-zimbra/ajax/getFolders HTTP/1.1" 200 548 "https://ent.univ-lorraine.fr/f/u1411l1s4/normal/render.uP" "Mozilla/5.0 (Linux; Android 5.1.1; Nexus 5 Build/LMY48M) AppleWebKit/537.36 (KHTML, like Gecko) Chrome/45.0.2454.94 Mobile Safari/537.36" "SESSION_ROUTE=ent4" "ASSIGN_ROUTE=ent4" TRACE-98257-WchbXrCXOrz9UHVNo2eRaKfhB2RdNaJ0pIba7CdI72bkKj936E-cas1
87.88.244.203 - - [25/Sep/2015:00:27:42 +0200] "GET /render.userLayoutRootNode.uP;jsessionid=68D499A7B28373EC67FE603501E32EBE HTTP/1.1" 302 - "-" "Mozilla/5.0 (Windows NT 6.1; WOW64) AppleWebKit/537.36 (KHTML, like Gecko) Chrome/45.0.2454.99 Safari/537.36" "SESSION_ROUTE=-" "ASSIGN_ROUTE=ent4" TRACE-98255-XrofCvUAdkmy4cwpmZfxjwu1DgI2BeMdR6safTLXLE1jGrlnqm-cas1
87.88.244.203 - - [25/Sep/2015:00:27:42 +0200] "GET /Login?refUrl=%2Frender.userLayoutRootNode.uP%3Bjsessionid%3D68D499A7B28373EC67FE603501E32EBE HTTP/1.1" 302 - "-" "Mozilla/5.0 (Windows NT 6.1; WOW64) AppleWebKit/537.36 (KHTML, like Gecko) Chrome/45.0.2454.99 Safari/537.36" "SESSION_ROUTE=ent4" "ASSIGN_ROUTE=ent4" TRACE-98255-XrofCvUAdkmy4cwpmZfxjwu1DgI2BeMdR6safTLXLE1jGrlnqm-cas1
87.88.244.203 - - [25/Sep/2015:00:27:42 +0200] "GET /api/cookiecheck HTTP/1.1" 302 - "-" "Mozilla/5.0 (Windows NT 6.1; WOW64) AppleWebKit/537.36 (KHTML, like Gecko) Chrome/45.0.2454.99 Safari/537.36" "SESSION_ROUTE=ent4" "ASSIGN_ROUTE=ent4" TRACE-98255-XrofCvUAdkmy4cwpmZfxjwu1DgI2BeMdR6safTLXLE1jGrlnqm-cas1
87.88.244.203 - - [25/Sep/2015:00:27:42 +0200] "GET /Login?refUrl=%2Frender.userLayoutRootNode.uP%3Bjsessionid%3D68D499A7B28373EC67FE603501E32EBE HTTP/1.1" 302 - "-" "Mozilla/5.0 (Windows NT 6.1; WOW64) AppleWebKit/537.36 (KHTML, like Gecko) Chrome/45.0.2454.99 Safari/537.36" "SESSION_ROUTE=ent4" "ASSIGN_ROUTE=ent4" TRACE-98255-XrofCvUAdkmy4cwpmZfxjwu1DgI2BeMdR6safTLXLE1jGrlnqm-cas1
87.88.244.203 - - [25/Sep/2015:00:27:42 +0200] "GET /render.userLayoutRootNode.uP;jsessionid=68D499A7B28373EC67FE603501E32EBE HTTP/1.1" 302 - "-" "Mozilla/5.0 (Windows NT 6.1; WOW64) AppleWebKit/537.36 (KHTML, like Gecko) Chrome/45.0.2454.99 Safari/537.36" "SESSION_ROUTE=ent4" "ASSIGN_ROUTE=ent4" TRACE-98255-XrofCvUAdkmy4cwpmZfxjwu1DgI2BeMdR6safTLXLE1jGrlnqm-cas1
87.88.244.203 - - [25/Sep/2015:00:27:42 +0200] "GET /f/u21l1s4/normal/render.uP HTTP/1.1" 200 29773 "-" "Mozilla/5.0 (Windows NT 6.1; WOW64) AppleWebKit/537.36 (KHTML, like Gecko) Chrome/45.0.2454.99 Safari/537.36" "SESSION_ROUTE=ent4" "ASSIGN_ROUTE=ent4" TRACE-98255-XrofCvUAdkmy4cwpmZfxjwu1DgI2BeMdR6safTLXLE1jGrlnqm-cas1
87.88.244.203 - - [25/Sep/2015:00:27:44 +0200] "POST /f/u21l1s4/p/esup-portlet-annuaire-desktop.u21l1n103/normal/action.uP?pP___jpfbJSFTARGET=view%3A%2Fstylesheets%2Fhome.xhtml HTTP/1.1" 302 - "http://ent.univ-lorraine.fr/f/u21l1s4/normal/render.uP" "Mozilla/5.0 (Windows NT 6.1; WOW64) AppleWebKit/537.36 (KHTML, like Gecko) Chrome/45.0.2454.99 Safari/537.36" "SESSION_ROUTE=ent4" "ASSIGN_ROUTE=ent4" TRACE-98255-XrofCvUAdkmy4cwpmZfxjwu1DgI2BeMdR6safTLXLE1jGrlnqm-cas1
87.88.244.203 - - [25/Sep/2015:00:27:44 +0200] "GET /f/u21l1s4/normal/render.uP?pCt=esup-portlet-annuaire-desktop.u21l1n103&pP___jpfbJSFTARGET=view%3A%2Fstylesheets%2Fdesktop%2Fpersons.xhtml&pP_org.apache.myfaces.trinidad.util.RequestStateMap=0f5733ae-ade0-4362-a459-7ee03ae2f0b5 HTTP/1.1" 200 39989 "http://ent.univ-lorraine.fr/f/u21l1s4/normal/render.uP" "Mozilla/5.0 (Windows NT 6.1; WOW64) AppleWebKit/537.36 (KHTML, like Gecko) Chrome/45.0.2454.99 Safari/537.36" "SESSION_ROUTE=ent4" "ASSIGN_ROUTE=ent4" TRACE-98255-XrofCvUAdkmy4cwpmZfxjwu1DgI2BeMdR6safTLXLE1jGrlnqm-cas1
87.88.244.203 - - [25/Sep/2015:00:27:45 +0200] "GET /Login HTTP/1.1" 302 - "http://ent.univ-lorraine.fr/f/u21l1s4/normal/render.uP?pCt=esup-portlet-annuaire-desktop.u21l1n103&pP___jpfbJSFTARGET=view%3A%2Fstylesheets%2Fdesktop%2Fpersons.xhtml&pP_org.apache.myfaces.trinidad.util.RequestStateMap=0f5733ae-ade0-4362-a459-7ee03ae2f0b5" "Mozilla/5.0 (Windows NT 6.1; WOW64) AppleWebKit/537.36 (KHTML, like Gecko) Chrome/45.0.2454.99 Safari/537.36" "SESSION_ROUTE=ent4" "ASSIGN_ROUTE=ent4" TRACE-98255-XrofCvUAdkmy4cwpmZfxjwu1DgI2BeMdR6safTLXLE1jGrlnqm-cas1
87.88.244.203 - - [25/Sep/2015:00:27:45 +0200] "GET /f/u1411l1s4/normal/render.uP HTTP/1.1" 200 50517 "http://ent.univ-lorraine.fr/f/u21l1s4/normal/render.uP?pCt=esup-portlet-annuaire-desktop.u21l1n103&pP___jpfbJSFTARGET=view%3A%2Fstylesheets%2Fdesktop%2Fpersons.xhtml&pP_org.apache.myfaces.trinidad.util.RequestStateMap=0f5733ae-ade0-4362-a459-7ee03ae2f0b5" "Mozilla/5.0 (Windows NT 6.1; WOW64) AppleWebKit/537.36 (KHTML, like Gecko) Chrome/45.0.2454.99 Safari/537.36" "SESSION_ROUTE=ent4" "ASSIGN_ROUTE=ent4" TRACE-98255-XrofCvUAdkmy4cwpmZfxjwu1DgI2BeMdR6safTLXLE1jGrlnqm-cas1
92.138.73.212 - - [25/Sep/2015:00:27:46 +0200] "GET /Login HTTP/1.1" 302 - "https://auth.univ-lorraine.fr/login?service=https://ent.univ-lorraine.fr/Login" "Mozilla/5.0 (Macintosh; Intel Mac OS X 10_10_3) AppleWebKit/600.6.3 (KHTML, like Gecko) Version/8.0.6 Safari/600.6.3" "SESSION_ROUTE=ent2" "ASSIGN_ROUTE=ent2" TRACE-98260-hzHPRfTloN4QfMZfbxOMpfRDDqxuInPIwgJ6zphAA6MzHz9Me0-cas1
92.138.73.212 - - [25/Sep/2015:00:27:47 +0200] "GET /f/u1411l1s4/normal/render.uP HTTP/1.1" 200 51794 "https://auth.univ-lorraine.fr/login?service=https://ent.univ-lorraine.fr/Login" "Mozilla/5.0 (Macintosh; Intel Mac OS X 10_10_3) AppleWebKit/600.6.3 (KHTML, like Gecko) Version/8.0.6 Safari/600.6.3" "SESSION_ROUTE=ent2" "ASSIGN_ROUTE=ent2" TRACE-98260-hzHPRfTloN4QfMZfbxOMpfRDDqxuInPIwgJ6zphAA6MzHz9Me0-cas1
87.88.244.203 - - [25/Sep/2015:00:27:48 +0200] "GET /f/u911l1s4/normal/render.uP?pCt=ul-iframe-planning-ade-ul-formation.u911l1n55&pCs=normal&pCp HTTP/1.1" 200 44978 "https://ent.univ-lorraine.fr/f/u1411l1s4/normal/render.uP" "Mozilla/5.0 (Windows NT 6.1; WOW64) AppleWebKit/537.36 (KHTML, like Gecko) Chrome/45.0.2454.99 Safari/537.36" "SESSION_ROUTE=ent4" "ASSIGN_ROUTE=ent4" TRACE-98255-XrofCvUAdkmy4cwpmZfxjwu1DgI2BeMdR6safTLXLE1jGrlnqm-cas1
82.234.155.1 - - [25/Sep/2015:00:27:50 +0200] "GET /Login HTTP/1.1" 302 - "https://auth.univ-lorraine.fr/login?service=https://ent.univ-lorraine.fr/Login" "Mozilla/5.0 (Windows NT 6.3; rv:40.0) Gecko/20100101 Firefox/40.0" "SESSION_ROUTE=ent6" "ASSIGN_ROUTE=ent6" TRACE-98261-GN7cnh6rH1gecMeUtpO7bO3ZcKm5b1ZQ0vjV4udMZOMFgPGAgR-cas1
80.185.143.176 - - [25/Sep/2015:00:27:51 +0200] "GET /f/u911l1s4/normal/render.uP HTTP/1.1" 200 44931 "https://ent.univ-lorraine.fr/f/u1411l1s4/normal/render.uP" "Mozilla/5.0 (Linux; Android 5.1.1; Nexus 5 Build/LMY48M) AppleWebKit/537.36 (KHTML, like Gecko) Chrome/45.0.2454.94 Mobile Safari/537.36" "SESSION_ROUTE=ent4" "ASSIGN_ROUTE=ent4" TRACE-98257-WchbXrCXOrz9UHVNo2eRaKfhB2RdNaJ0pIba7CdI72bkKj936E-cas1
82.234.155.1 - - [25/Sep/2015:00:27:51 +0200] "GET /f/u1411l1s4/normal/render.uP HTTP/1.1" 200 50532 "https://auth.univ-lorraine.fr/login?service=https://ent.univ-lorraine.fr/Login" "Mozilla/5.0 (Windows NT 6.3; rv:40.0) Gecko/20100101 Firefox/40.0" "SESSION_ROUTE=ent6" "ASSIGN_ROUTE=ent6" TRACE-98261-GN7cnh6rH1gecMeUtpO7bO3ZcKm5b1ZQ0vjV4udMZOMFgPGAgR-cas1
78.250.153.85 - - [25/Sep/2015:00:27:44 +0200] "GET /f/u378l1s4/p/esup-portlet-annuaire-desktop.u378l1n53/max/render.uP?pCp HTTP/1.1" 200 33965 "https://ent.univ-lorraine.fr/f/u1411l1s4/normal/render.uP" "Mozilla/5.0 (Windows NT 6.3; WOW64) AppleWebKit/537.36 (KHTML, like Gecko) Chrome/45.0.2454.99 Safari/537.36" "SESSION_ROUTE=ent3" "ASSIGN_ROUTE=ent3" TRACE-98198-cVblj2JnDzne5UA5UOIAQ1OL9HLIpFTLq737u37g97K2RutlWR-cas1
92.138.73.212 - - [25/Sep/2015:00:27:52 +0200] "GET /f/u1411l1s4/normal/render.uP?pCt=ul-zcs-etud.u1411l1n53&pCs=normal&pCp HTTP/1.1" 200 58079 "https://ent.univ-lorraine.fr/f/u1411l1s4/normal/render.uP" "Mozilla/5.0 (Macintosh; Intel Mac OS X 10_10_3) AppleWebKit/600.6.3 (KHTML, like Gecko) Version/8.0.6 Safari/600.6.3" "SESSION_ROUTE=ent2" "ASSIGN_ROUTE=ent2" TRACE-98260-hzHPRfTloN4QfMZfbxOMpfRDDqxuInPIwgJ6zphAA6MzHz9Me0-cas1
92.138.73.212 - - [25/Sep/2015:00:27:52 +0200] "GET /nancy2-portlet-zimbra/ajax/getFolders HTTP/1.1" 200 549 "https://ent.univ-lorraine.fr/f/u1411l1s4/normal/render.uP?pCt=ul-zcs-etud.u1411l1n53&pCs=normal&pCp" "Mozilla/5.0 (Macintosh; Intel Mac OS X 10_10_3) AppleWebKit/600.6.3 (KHTML, like Gecko) Version/8.0.6 Safari/600.6.3" "SESSION_ROUTE=ent2" "ASSIGN_ROUTE=ent2" TRACE-98260-hzHPRfTloN4QfMZfbxOMpfRDDqxuInPIwgJ6zphAA6MzHz9Me0-cas1
92.138.73.212 - - [25/Sep/2015:00:27:52 +0200] "GET /nancy2-portlet-zimbra/ajax/getWeekEvents HTTP/1.1" 200 2 "https://ent.univ-lorraine.fr/f/u1411l1s4/normal/render.uP?pCt=ul-zcs-etud.u1411l1n53&pCs=normal&pCp" "Mozilla/5.0 (Macintosh; Intel Mac OS X 10_10_3) AppleWebKit/600.6.3 (KHTML, like Gecko) Version/8.0.6 Safari/600.6.3" "SESSION_ROUTE=ent2" "ASSIGN_ROUTE=ent2" TRACE-98260-hzHPRfTloN4QfMZfbxOMpfRDDqxuInPIwgJ6zphAA6MzHz9Me0-cas1
