89.80.7.213 - - [26/Sep/2015:00:26:28 +0200] "GET /nancy2-portlet-zimbra/ajax/getWeekEvents HTTP/1.1" 200 2 "https://ent.univ-lorraine.fr/f/u1411l1s4/normal/render.uP" "Mozilla/5.0 (Mobile; Windows Phone 8.1; Android 4.0; ARM; Trident/7.0; Touch; rv:11.0; IEMobile/11.0; NOKIA; Lumia 530) like iPhone OS 7_0_3 Mac OS X AppleWebKit/537 (KHTML, like Gecko) Mobile Safari/537" "SESSION_ROUTE=ent5" "ASSIGN_ROUTE=ent5" TRACE-81169-vO3XEd6VovTvrLc3RU3nvDBQQIyfvgXjqOl5dvc7DhVZVnMhxx-cas1
89.80.7.213 - - [26/Sep/2015:00:26:28 +0200] "GET /nancy2-portlet-zimbra/ajax/getFolders HTTP/1.1" 200 548 "https://ent.univ-lorraine.fr/f/u1411l1s4/normal/render.uP" "Mozilla/5.0 (Mobile; Windows Phone 8.1; Android 4.0; ARM; Trident/7.0; Touch; rv:11.0; IEMobile/11.0; NOKIA; Lumia 530) like iPhone OS 7_0_3 Mac OS X AppleWebKit/537 (KHTML, like Gecko) Mobile Safari/537" "SESSION_ROUTE=ent5" "ASSIGN_ROUTE=ent5" TRACE-81169-vO3XEd6VovTvrLc3RU3nvDBQQIyfvgXjqOl5dvc7DhVZVnMhxx-cas1
89.80.7.213 - - [26/Sep/2015:00:26:28 +0200] "GET /nancy2-portlet-zimbra/ajax/getMessages HTTP/1.1" 200 1627 "https://ent.univ-lorraine.fr/f/u1411l1s4/normal/render.uP" "Mozilla/5.0 (Mobile; Windows Phone 8.1; Android 4.0; ARM; Trident/7.0; Touch; rv:11.0; IEMobile/11.0; NOKIA; Lumia 530) like iPhone OS 7_0_3 Mac OS X AppleWebKit/537 (KHTML, like Gecko) Mobile Safari/537" "SESSION_ROUTE=ent5" "ASSIGN_ROUTE=ent5" TRACE-81169-vO3XEd6VovTvrLc3RU3nvDBQQIyfvgXjqOl5dvc7DhVZVnMhxx-cas1
173.71.95.86 - - [26/Sep/2015:00:26:33 +0200] "GET /Login HTTP/1.1" 302 - "https://auth.univ-lorraine.fr/login?service=https://ent.univ-lorraine.fr/Login" "Mozilla/5.0 (Windows NT 6.1; WOW64; rv:41.0) Gecko/20100101 Firefox/41.0" "SESSION_ROUTE=ent4" "ASSIGN_ROUTE=ent4" TRACE-81171-xURasvp7fAqBS6gANAeNaSibJgfuATXxih6LGd1fRtnCNRHP0D-cas1
173.71.95.86 - - [26/Sep/2015:00:26:34 +0200] "GET /f/u1411l1s4/normal/render.uP HTTP/1.1" 200 56487 "https://auth.univ-lorraine.fr/login?service=https://ent.univ-lorraine.fr/Login" "Mozilla/5.0 (Windows NT 6.1; WOW64; rv:41.0) Gecko/20100101 Firefox/41.0" "SESSION_ROUTE=ent4" "ASSIGN_ROUTE=ent4" TRACE-81171-xURasvp7fAqBS6gANAeNaSibJgfuATXxih6LGd1fRtnCNRHP0D-cas1
173.71.95.86 - - [26/Sep/2015:00:26:36 +0200] "GET /f/u1411l1s4/normal/render.uP?pCt=ul-zcs-pers.u1411l1n52&pCs=normal&pCp HTTP/1.1" 200 62701 "https://ent.univ-lorraine.fr/f/u1411l1s4/normal/render.uP" "Mozilla/5.0 (Windows NT 6.1; WOW64; rv:41.0) Gecko/20100101 Firefox/41.0" "SESSION_ROUTE=ent4" "ASSIGN_ROUTE=ent4" TRACE-81171-xURasvp7fAqBS6gANAeNaSibJgfuATXxih6LGd1fRtnCNRHP0D-cas1
173.71.95.86 - - [26/Sep/2015:00:26:37 +0200] "GET /nancy2-portlet-zimbra/ajax/getTasks HTTP/1.1" 200 2 "https://ent.univ-lorraine.fr/f/u1411l1s4/normal/render.uP?pCt=ul-zcs-pers.u1411l1n52&pCs=normal&pCp" "Mozilla/5.0 (Windows NT 6.1; WOW64; rv:41.0) Gecko/20100101 Firefox/41.0" "SESSION_ROUTE=ent4" "ASSIGN_ROUTE=ent4" TRACE-81171-xURasvp7fAqBS6gANAeNaSibJgfuATXxih6LGd1fRtnCNRHP0D-cas1
173.71.95.86 - - [26/Sep/2015:00:26:37 +0200] "GET /nancy2-portlet-zimbra/ajax/getFolders HTTP/1.1" 200 1276 "https://ent.univ-lorraine.fr/f/u1411l1s4/normal/render.uP?pCt=ul-zcs-pers.u1411l1n52&pCs=normal&pCp" "Mozilla/5.0 (Windows NT 6.1; WOW64; rv:41.0) Gecko/20100101 Firefox/41.0" "SESSION_ROUTE=ent4" "ASSIGN_ROUTE=ent4" TRACE-81171-xURasvp7fAqBS6gANAeNaSibJgfuATXxih6LGd1fRtnCNRHP0D-cas1
173.71.95.86 - - [26/Sep/2015:00:26:37 +0200] "GET /nancy2-portlet-zimbra/ajax/getWeekEvents HTTP/1.1" 200 2 "https://ent.univ-lorraine.fr/f/u1411l1s4/normal/render.uP?pCt=ul-zcs-pers.u1411l1n52&pCs=normal&pCp" "Mozilla/5.0 (Windows NT 6.1; WOW64; rv:41.0) Gecko/20100101 Firefox/41.0" "SESSION_ROUTE=ent4" "ASSIGN_ROUTE=ent4" TRACE-81171-xURasvp7fAqBS6gANAeNaSibJgfuATXxih6LGd1fRtnCNRHP0D-cas1
173.71.95.86 - - [26/Sep/2015:00:26:37 +0200] "GET /nancy2-portlet-zimbra/ajax/getTodayEvents HTTP/1.1" 200 2 "https://ent.univ-lorraine.fr/f/u1411l1s4/normal/render.uP?pCt=ul-zcs-pers.u1411l1n52&pCs=normal&pCp" "Mozilla/5.0 (Windows NT 6.1; WOW64; rv:41.0) Gecko/20100101 Firefox/41.0" "SESSION_ROUTE=ent4" "ASSIGN_ROUTE=ent4" TRACE-81171-xURasvp7fAqBS6gANAeNaSibJgfuATXxih6LGd1fRtnCNRHP0D-cas1
173.71.95.86 - - [26/Sep/2015:00:26:37 +0200] "GET /nancy2-portlet-zimbra/ajax/getMessages HTTP/1.1" 200 1603 "https://ent.univ-lorraine.fr/f/u1411l1s4/normal/render.uP?pCt=ul-zcs-pers.u1411l1n52&pCs=normal&pCp" "Mozilla/5.0 (Windows NT 6.1; WOW64; rv:41.0) Gecko/20100101 Firefox/41.0" "SESSION_ROUTE=ent4" "ASSIGN_ROUTE=ent4" TRACE-81171-xURasvp7fAqBS6gANAeNaSibJgfuATXxih6LGd1fRtnCNRHP0D-cas1
77.128.44.63 - - [26/Sep/2015:00:26:37 +0200] "GET /Login HTTP/1.1" 302 - "https://auth.univ-lorraine.fr/login?service=https://ent.univ-lorraine.fr/Login" "Mozilla/5.0 (Windows NT 6.1; WOW64; rv:41.0) Gecko/20100101 Firefox/41.0" "SESSION_ROUTE=ent5" "ASSIGN_ROUTE=ent5" TRACE-81172-uNhgDb2hLkZwEROIUOqPribNzWqAXrxaT1fsaljIgYIWUMfQsW-cas1
77.128.44.63 - - [26/Sep/2015:00:26:38 +0200] "GET /f/u1411l1s4/normal/render.uP HTTP/1.1" 200 51977 "https://auth.univ-lorraine.fr/login?service=https://ent.univ-lorraine.fr/Login" "Mozilla/5.0 (Windows NT 6.1; WOW64; rv:41.0) Gecko/20100101 Firefox/41.0" "SESSION_ROUTE=ent5" "ASSIGN_ROUTE=ent5" TRACE-81172-uNhgDb2hLkZwEROIUOqPribNzWqAXrxaT1fsaljIgYIWUMfQsW-cas1
171.33.159.50 - - [26/Sep/2015:00:26:40 +0200] "GET /f/u911l1s4/normal/render.uP?pCt=ul-iframe-planning-ade-ul-etu.u911l1n54&pCs=normal&pCp HTTP/1.1" 200 45039 "https://ent.univ-lorraine.fr/f/u1411l1s4/normal/render.uP" "Mozilla/5.0 (Windows NT 6.3; WOW64) AppleWebKit/537.36 (KHTML, like Gecko) Chrome/45.0.2454.99 Safari/537.36" "SESSION_ROUTE=ent5" "ASSIGN_ROUTE=ent5" TRACE-81170-SbHQUUkSK7JW3qg5gDLRWGWzEJWzhJGddqw2C09TMfcxtUqfR5-cas1
77.128.44.63 - - [26/Sep/2015:00:26:41 +0200] "GET /f/u1411l1s4/normal/render.uP?pCt=ul-zcs-etud.u1411l1n53&pCs=normal&pCp HTTP/1.1" 200 58262 "https://ent.univ-lorraine.fr/f/u1411l1s4/normal/render.uP" "Mozilla/5.0 (Windows NT 6.1; WOW64; rv:41.0) Gecko/20100101 Firefox/41.0" "SESSION_ROUTE=ent5" "ASSIGN_ROUTE=ent5" TRACE-81172-uNhgDb2hLkZwEROIUOqPribNzWqAXrxaT1fsaljIgYIWUMfQsW-cas1
77.128.44.63 - - [26/Sep/2015:00:26:41 +0200] "GET /nancy2-portlet-zimbra/ajax/getMessages HTTP/1.1" 200 338 "https://ent.univ-lorraine.fr/f/u1411l1s4/normal/render.uP?pCt=ul-zcs-etud.u1411l1n53&pCs=normal&pCp" "Mozilla/5.0 (Windows NT 6.1; WOW64; rv:41.0) Gecko/20100101 Firefox/41.0" "SESSION_ROUTE=ent5" "ASSIGN_ROUTE=ent5" TRACE-81172-uNhgDb2hLkZwEROIUOqPribNzWqAXrxaT1fsaljIgYIWUMfQsW-cas1
77.128.44.63 - - [26/Sep/2015:00:26:41 +0200] "GET /nancy2-portlet-zimbra/ajax/getTasks HTTP/1.1" 200 2 "https://ent.univ-lorraine.fr/f/u1411l1s4/normal/render.uP?pCt=ul-zcs-etud.u1411l1n53&pCs=normal&pCp" "Mozilla/5.0 (Windows NT 6.1; WOW64; rv:41.0) Gecko/20100101 Firefox/41.0" "SESSION_ROUTE=ent5" "ASSIGN_ROUTE=ent5" TRACE-81172-uNhgDb2hLkZwEROIUOqPribNzWqAXrxaT1fsaljIgYIWUMfQsW-cas1
77.128.44.63 - - [26/Sep/2015:00:26:41 +0200] "GET /nancy2-portlet-zimbra/ajax/getTodayEvents HTTP/1.1" 200 2 "https://ent.univ-lorraine.fr/f/u1411l1s4/normal/render.uP?pCt=ul-zcs-etud.u1411l1n53&pCs=normal&pCp" "Mozilla/5.0 (Windows NT 6.1; WOW64; rv:41.0) Gecko/20100101 Firefox/41.0" "SESSION_ROUTE=ent5" "ASSIGN_ROUTE=ent5" TRACE-81172-uNhgDb2hLkZwEROIUOqPribNzWqAXrxaT1fsaljIgYIWUMfQsW-cas1
77.128.44.63 - - [26/Sep/2015:00:26:41 +0200] "GET /nancy2-portlet-zimbra/ajax/getWeekEvents HTTP/1.1" 200 2 "https://ent.univ-lorraine.fr/f/u1411l1s4/normal/render.uP?pCt=ul-zcs-etud.u1411l1n53&pCs=normal&pCp" "Mozilla/5.0 (Windows NT 6.1; WOW64; rv:41.0) Gecko/20100101 Firefox/41.0" "SESSION_ROUTE=ent5" "ASSIGN_ROUTE=ent5" TRACE-81172-uNhgDb2hLkZwEROIUOqPribNzWqAXrxaT1fsaljIgYIWUMfQsW-cas1
77.128.44.63 - - [26/Sep/2015:00:26:41 +0200] "GET /nancy2-portlet-zimbra/ajax/getFolders HTTP/1.1" 200 548 "https://ent.univ-lorraine.fr/f/u1411l1s4/normal/render.uP?pCt=ul-zcs-etud.u1411l1n53&pCs=normal&pCp" "Mozilla/5.0 (Windows NT 6.1; WOW64; rv:41.0) Gecko/20100101 Firefox/41.0" "SESSION_ROUTE=ent5" "ASSIGN_ROUTE=ent5" TRACE-81172-uNhgDb2hLkZwEROIUOqPribNzWqAXrxaT1fsaljIgYIWUMfQsW-cas1
88.163.244.105 - - [26/Sep/2015:00:26:43 +0200] "GET /Login?refUrl=/f/u1411l1s4/normal/render.uP HTTP/1.1" 302 - "https://auth.univ-lorraine.fr/login?service=https://ent.univ-lorraine.fr/Login%3FrefUrl%3D%2Ff%2Fu1411l1s4%2Fnormal%2Frender.uP" "Mozilla/5.0 (Macintosh; Intel Mac OS X 10_10_5) AppleWebKit/537.36 (KHTML, like Gecko) Chrome/45.0.2454.99 Safari/537.36" "SESSION_ROUTE=ent3" "ASSIGN_ROUTE=ent3" TRACE-81174-TzN34K5nf6L65tw0aaorYIcMeepVZcBrErfKJsibcncA3X2FIX-cas1
77.194.86.48 - - [26/Sep/2015:00:26:43 +0200] "GET /f/u911l1s4/normal/render.uP?pCt=ul-iframe-planning-ade-ul-formation.u911l1n55&pCs=normal&pCp HTTP/1.1" 200 45825 "https://ent.univ-lorraine.fr/f/u911l1s4/normal/render.uP?pCt=ul-iframe-planning-ade-ul-formation.u911l1n55&pCs=normal&pCp" "Mozilla/5.0 (Macintosh; Intel Mac OS X 10.10; rv:41.0) Gecko/20100101 Firefox/41.0" "SESSION_ROUTE=ent6" "ASSIGN_ROUTE=ent6" TRACE-81131-1UXkHi4Ihqft7G3yapnuUOSxZaBeCc32ty7mgfL7c7gLNTPRta-cas1
88.163.244.105 - - [26/Sep/2015:00:26:43 +0200] "GET /f/u1411l1s4/normal/render.uP HTTP/1.1" 200 50659 "https://auth.univ-lorraine.fr/login?service=https://ent.univ-lorraine.fr/Login%3FrefUrl%3D%2Ff%2Fu1411l1s4%2Fnormal%2Frender.uP" "Mozilla/5.0 (Macintosh; Intel Mac OS X 10_10_5) AppleWebKit/537.36 (KHTML, like Gecko) Chrome/45.0.2454.99 Safari/537.36" "SESSION_ROUTE=ent3" "ASSIGN_ROUTE=ent3" TRACE-81174-TzN34K5nf6L65tw0aaorYIcMeepVZcBrErfKJsibcncA3X2FIX-cas1
77.128.44.63 - - [26/Sep/2015:00:26:45 +0200] "GET /f/u911l1s4/normal/render.uP?pCt=ul-iframe-planning-ade-ul-formation.u911l1n55&pCs=normal&pCp HTTP/1.1" 200 46438 "https://ent.univ-lorraine.fr/f/u1411l1s4/normal/render.uP?pCt=ul-zcs-etud.u1411l1n53&pCs=normal&pCp" "Mozilla/5.0 (Windows NT 6.1; WOW64; rv:41.0) Gecko/20100101 Firefox/41.0" "SESSION_ROUTE=ent5" "ASSIGN_ROUTE=ent5" TRACE-81172-uNhgDb2hLkZwEROIUOqPribNzWqAXrxaT1fsaljIgYIWUMfQsW-cas1
92.90.17.90 - - [26/Sep/2015:00:26:50 +0200] "GET /Login?refUrl=/f/u1411l1s4/normal/render.uP%3FpCt%3Dul-cms-nouveautes.u1411l1n51%26pCs%3Dnormal%26pCp HTTP/1.1" 302 - "https://auth.univ-lorraine.fr/login?service=https://ent.univ-lorraine.fr/Login%3FrefUrl%3D%2Ff%2Fu1411l1s4%2Fnormal%2Frender.uP%253FpCt%253Dul-cms-nouveautes.u1411l1n51%2526pCs%253Dnormal%2526pCp" "Mozilla/5.0 (iPhone; CPU iPhone OS 8_3 like Mac OS X) AppleWebKit/600.1.4 (KHTML, like Gecko) Mobile/12F70" "SESSION_ROUTE=ent2" "ASSIGN_ROUTE=ent2" TRACE-81175-hp24ijg7mkEWauKnniw7QmUGlI4odfYovE5NOjumlHePgKCwiq-cas1
92.90.17.90 - - [26/Sep/2015:00:26:50 +0200] "GET /f/u1411l1s4/normal/render.uP?pCt=ul-cms-nouveautes.u1411l1n51&pCs=normal&pCp HTTP/1.1" 302 - "https://auth.univ-lorraine.fr/login?service=https://ent.univ-lorraine.fr/Login%3FrefUrl%3D%2Ff%2Fu1411l1s4%2Fnormal%2Frender.uP%253FpCt%253Dul-cms-nouveautes.u1411l1n51%2526pCs%253Dnormal%2526pCp" "Mozilla/5.0 (iPhone; CPU iPhone OS 8_3 like Mac OS X) AppleWebKit/600.1.4 (KHTML, like Gecko) Mobile/12F70" "SESSION_ROUTE=ent2" "ASSIGN_ROUTE=ent2" TRACE-81175-hp24ijg7mkEWauKnniw7QmUGlI4odfYovE5NOjumlHePgKCwiq-cas1
92.90.17.90 - - [26/Sep/2015:00:26:51 +0200] "GET /p/ul-cms-nouveautes.u1411l1n51/max/render.uP HTTP/1.1" 200 5419 "https://auth.univ-lorraine.fr/login?service=https://ent.univ-lorraine.fr/Login%3FrefUrl%3D%2Ff%2Fu1411l1s4%2Fnormal%2Frender.uP%253FpCt%253Dul-cms-nouveautes.u1411l1n51%2526pCs%253Dnormal%2526pCp" "Mozilla/5.0 (iPhone; CPU iPhone OS 8_3 like Mac OS X) AppleWebKit/600.1.4 (KHTML, like Gecko) Mobile/12F70" "SESSION_ROUTE=ent2" "ASSIGN_ROUTE=ent2" TRACE-81175-hp24ijg7mkEWauKnniw7QmUGlI4odfYovE5NOjumlHePgKCwiq-cas1
92.147.209.3 - - [26/Sep/2015:00:26:56 +0200] "GET /Logout HTTP/1.1" 302 - "https://ent.univ-lorraine.fr/f/u911l1s4/normal/render.uP?pCt=ul-iframe-planning-ade-ul-formation.u911l1n55&pCs=normal&pCp" "Mozilla/5.0 (Windows NT 10.0; Win64; x64) AppleWebKit/537.36 (KHTML, like Gecko) Chrome/42.0.2311.135 Safari/537.36 Edge/12.10240" "SESSION_ROUTE=ent5" "ASSIGN_ROUTE=ent5" TRACE-81107-uZXBvHpZOnXNbbBW9C7xFxkRRWzheiH0Yq4forUlC4WytxvIPE-cas1
92.147.209.3 - - [26/Sep/2015:00:26:57 +0200] "GET /Login HTTP/1.1" 302 - "https://ent.univ-lorraine.fr/f/u911l1s4/normal/render.uP?pCt=ul-iframe-planning-ade-ul-formation.u911l1n55&pCs=normal&pCp" "Mozilla/5.0 (Windows NT 10.0; Win64; x64) AppleWebKit/537.36 (KHTML, like Gecko) Chrome/42.0.2311.135 Safari/537.36 Edge/12.10240" "SESSION_ROUTE=ent5" "ASSIGN_ROUTE=ent5" TRACE-81107-uZXBvHpZOnXNbbBW9C7xFxkRRWzheiH0Yq4forUlC4WytxvIPE-cas1
92.147.209.3 - - [26/Sep/2015:00:26:57 +0200] "GET /f/u21l1s4/normal/render.uP HTTP/1.1" 200 29773 "https://ent.univ-lorraine.fr/f/u911l1s4/normal/render.uP?pCt=ul-iframe-planning-ade-ul-formation.u911l1n55&pCs=normal&pCp" "Mozilla/5.0 (Windows NT 10.0; Win64; x64) AppleWebKit/537.36 (KHTML, like Gecko) Chrome/42.0.2311.135 Safari/537.36 Edge/12.10240" "SESSION_ROUTE=ent5" "ASSIGN_ROUTE=ent5" TRACE-81107-uZXBvHpZOnXNbbBW9C7xFxkRRWzheiH0Yq4forUlC4WytxvIPE-cas1
92.147.209.3 - - [26/Sep/2015:00:26:58 +0200] "POST /f/u21l1s4/p/esup-portlet-annuaire-desktop.u21l1n103/normal/action.uP?pP___jpfbJSFTARGET=view%3A%2Fstylesheets%2Fhome.xhtml HTTP/1.1" 302 - "https://ent.univ-lorraine.fr/f/u21l1s4/normal/render.uP" "Mozilla/5.0 (Windows NT 10.0; Win64; x64) AppleWebKit/537.36 (KHTML, like Gecko) Chrome/42.0.2311.135 Safari/537.36 Edge/12.10240" "SESSION_ROUTE=ent5" "ASSIGN_ROUTE=ent5" TRACE-81107-uZXBvHpZOnXNbbBW9C7xFxkRRWzheiH0Yq4forUlC4WytxvIPE-cas1
92.147.209.3 - - [26/Sep/2015:00:26:58 +0200] "GET /f/u21l1s4/normal/render.uP?pCt=esup-portlet-annuaire-desktop.u21l1n103&pP___jpfbJSFTARGET=view%3A%2Fstylesheets%2Fdesktop%2Fpersons.xhtml&pP_org.apache.myfaces.trinidad.util.RequestStateMap=2e3fc962-013e-47ad-96da-445180ff9a03 HTTP/1.1" 200 39988 "https://ent.univ-lorraine.fr/f/u21l1s4/normal/render.uP" "Mozilla/5.0 (Windows NT 10.0; Win64; x64) AppleWebKit/537.36 (KHTML, like Gecko) Chrome/42.0.2311.135 Safari/537.36 Edge/12.10240" "SESSION_ROUTE=ent5" "ASSIGN_ROUTE=ent5" TRACE-81107-uZXBvHpZOnXNbbBW9C7xFxkRRWzheiH0Yq4forUlC4WytxvIPE-cas1
80.12.42.106 - - [26/Sep/2015:00:26:58 +0200] "GET /f/u1410l1s4/normal/render.uP?pCt=ul-iframe-ressourcesExternes.u1410l1n11&pCs=normal&pCp HTTP/1.1" 200 43746 "https://ent.univ-lorraine.fr/f/u1410l1s4/normal/render.uP" "Mozilla/5.0 (Windows NT 6.1; WOW64; rv:40.0) Gecko/20100101 Firefox/40.0" "SESSION_ROUTE=ent6" "ASSIGN_ROUTE=ent6" TRACE-81152-zVDRQbJQFGs1dcmoYdCBDofmucz1M4hrGa0P5NMpqAl901COa4-cas1
88.168.197.130 - - [26/Sep/2015:00:27:07 +0200] "GET /Login HTTP/1.1" 302 - "https://auth.univ-lorraine.fr/login?service=https://ent.univ-lorraine.fr/Login" "Mozilla/5.0 (Windows NT 10.0; WOW64) AppleWebKit/537.36 (KHTML, like Gecko) Chrome/45.0.2454.99 Safari/537.36" "SESSION_ROUTE=ent2" "ASSIGN_ROUTE=ent2" TRACE-81176-RWqZV2Mvk5DfvMo7SiljdpOzN44hNdx5IN54WzQWs37ycdPqRO-cas1
88.168.197.130 - - [26/Sep/2015:00:27:08 +0200] "GET /f/u1411l1s4/normal/render.uP HTTP/1.1" 200 50658 "https://auth.univ-lorraine.fr/login?service=https://ent.univ-lorraine.fr/Login" "Mozilla/5.0 (Windows NT 10.0; WOW64) AppleWebKit/537.36 (KHTML, like Gecko) Chrome/45.0.2454.99 Safari/537.36" "SESSION_ROUTE=ent2" "ASSIGN_ROUTE=ent2" TRACE-81176-RWqZV2Mvk5DfvMo7SiljdpOzN44hNdx5IN54WzQWs37ycdPqRO-cas1
89.84.252.137 - - [26/Sep/2015:00:27:15 +0200] "GET / HTTP/1.1" 302 - "http://arche.univ-lorraine.fr/course/view.php?id=1070" "Mozilla/5.0 (Macintosh; Intel Mac OS X 10_10_5) AppleWebKit/600.8.9 (KHTML, like Gecko) Version/8.0.8 Safari/600.8.9" "SESSION_ROUTE=-" "ASSIGN_ROUTE=ent3" TRACE-81124-fRS3lFHRl9I6fpFh9bCfHYlXeLOY2K7eLwyMFSfdRA4CeGJyEf-cas1
88.172.93.105 - - [26/Sep/2015:00:27:15 +0200] "GET /Login?refUrl=/f/u1411l1s4/normal/render.uP HTTP/1.1" 302 - "https://auth.univ-lorraine.fr/login?service=https://ent.univ-lorraine.fr/Login%3FrefUrl%3D%2Ff%2Fu1411l1s4%2Fnormal%2Frender.uP" "Mozilla/5.0 (Windows NT 6.1; WOW64) AppleWebKit/537.36 (KHTML, like Gecko) Chrome/45.0.2454.101 Safari/537.36" "SESSION_ROUTE=ent3" "ASSIGN_ROUTE=ent3" TRACE-81178-eVx4aaBprDtLYrwodM2rIxU7NxaHU0Dz4e6KxBLorEmIwou3pu-cas1
89.84.252.137 - - [26/Sep/2015:00:27:15 +0200] "GET /Login?refUrl=%2F HTTP/1.1" 302 - "http://arche.univ-lorraine.fr/course/view.php?id=1070" "Mozilla/5.0 (Macintosh; Intel Mac OS X 10_10_5) AppleWebKit/600.8.9 (KHTML, like Gecko) Version/8.0.8 Safari/600.8.9" "SESSION_ROUTE=ent3" "ASSIGN_ROUTE=ent3" TRACE-81124-fRS3lFHRl9I6fpFh9bCfHYlXeLOY2K7eLwyMFSfdRA4CeGJyEf-cas1
89.84.252.137 - - [26/Sep/2015:00:27:15 +0200] "GET /api/cookiecheck HTTP/1.1" 302 - "http://arche.univ-lorraine.fr/course/view.php?id=1070" "Mozilla/5.0 (Macintosh; Intel Mac OS X 10_10_5) AppleWebKit/600.8.9 (KHTML, like Gecko) Version/8.0.8 Safari/600.8.9" "SESSION_ROUTE=ent3" "ASSIGN_ROUTE=ent3" TRACE-81124-fRS3lFHRl9I6fpFh9bCfHYlXeLOY2K7eLwyMFSfdRA4CeGJyEf-cas1
89.84.252.137 - - [26/Sep/2015:00:27:15 +0200] "GET /Login?refUrl=%2F HTTP/1.1" 302 - "http://arche.univ-lorraine.fr/course/view.php?id=1070" "Mozilla/5.0 (Macintosh; Intel Mac OS X 10_10_5) AppleWebKit/600.8.9 (KHTML, like Gecko) Version/8.0.8 Safari/600.8.9" "SESSION_ROUTE=ent3" "ASSIGN_ROUTE=ent3" TRACE-81124-fRS3lFHRl9I6fpFh9bCfHYlXeLOY2K7eLwyMFSfdRA4CeGJyEf-cas1
89.84.252.137 - - [26/Sep/2015:00:27:15 +0200] "GET / HTTP/1.1" 302 - "http://arche.univ-lorraine.fr/course/view.php?id=1070" "Mozilla/5.0 (Macintosh; Intel Mac OS X 10_10_5) AppleWebKit/600.8.9 (KHTML, like Gecko) Version/8.0.8 Safari/600.8.9" "SESSION_ROUTE=ent3" "ASSIGN_ROUTE=ent3" TRACE-81124-fRS3lFHRl9I6fpFh9bCfHYlXeLOY2K7eLwyMFSfdRA4CeGJyEf-cas1
89.84.252.137 - - [26/Sep/2015:00:27:15 +0200] "GET /f/u21l1s4/normal/render.uP HTTP/1.1" 200 29773 "http://arche.univ-lorraine.fr/course/view.php?id=1070" "Mozilla/5.0 (Macintosh; Intel Mac OS X 10_10_5) AppleWebKit/600.8.9 (KHTML, like Gecko) Version/8.0.8 Safari/600.8.9" "SESSION_ROUTE=ent3" "ASSIGN_ROUTE=ent3" TRACE-81124-fRS3lFHRl9I6fpFh9bCfHYlXeLOY2K7eLwyMFSfdRA4CeGJyEf-cas1
88.168.197.130 - - [26/Sep/2015:00:27:15 +0200] "GET /f/u911l1s4/normal/render.uP?pCt=ul-iframe-planning-ade-ul-etu.u911l1n54&pCs=normal&pCp HTTP/1.1" 200 45084 "https://ent.univ-lorraine.fr/f/u1411l1s4/normal/render.uP" "Mozilla/5.0 (Windows NT 10.0; WOW64) AppleWebKit/537.36 (KHTML, like Gecko) Chrome/45.0.2454.99 Safari/537.36" "SESSION_ROUTE=ent2" "ASSIGN_ROUTE=ent2" TRACE-81176-RWqZV2Mvk5DfvMo7SiljdpOzN44hNdx5IN54WzQWs37ycdPqRO-cas1
88.172.93.105 - - [26/Sep/2015:00:27:15 +0200] "GET /f/u1411l1s4/normal/render.uP HTTP/1.1" 200 66362 "https://auth.univ-lorraine.fr/login?service=https://ent.univ-lorraine.fr/Login%3FrefUrl%3D%2Ff%2Fu1411l1s4%2Fnormal%2Frender.uP" "Mozilla/5.0 (Windows NT 6.1; WOW64) AppleWebKit/537.36 (KHTML, like Gecko) Chrome/45.0.2454.101 Safari/537.36" "SESSION_ROUTE=ent3" "ASSIGN_ROUTE=ent3" TRACE-81178-eVx4aaBprDtLYrwodM2rIxU7NxaHU0Dz4e6KxBLorEmIwou3pu-cas1
89.84.252.137 - - [26/Sep/2015:00:27:16 +0200] "POST /f/u21l1s4/p/esup-portlet-annuaire-desktop.u21l1n103/normal/action.uP?pP___jpfbJSFTARGET=view%3A%2Fstylesheets%2Fhome.xhtml HTTP/1.1" 302 - "http://ent.univ-lorraine.fr/f/u21l1s4/normal/render.uP" "Mozilla/5.0 (Macintosh; Intel Mac OS X 10_10_5) AppleWebKit/600.8.9 (KHTML, like Gecko) Version/8.0.8 Safari/600.8.9" "SESSION_ROUTE=ent3" "ASSIGN_ROUTE=ent3" TRACE-81124-fRS3lFHRl9I6fpFh9bCfHYlXeLOY2K7eLwyMFSfdRA4CeGJyEf-cas1
89.84.252.137 - - [26/Sep/2015:00:27:16 +0200] "GET /f/u21l1s4/normal/render.uP?pCt=esup-portlet-annuaire-desktop.u21l1n103&pP___jpfbJSFTARGET=view%3A%2Fstylesheets%2Fdesktop%2Fpersons.xhtml&pP_org.apache.myfaces.trinidad.util.RequestStateMap=6b40c216-c44b-4167-b029-08d314d97b28 HTTP/1.1" 200 39988 "http://ent.univ-lorraine.fr/f/u21l1s4/normal/render.uP" "Mozilla/5.0 (Macintosh; Intel Mac OS X 10_10_5) AppleWebKit/600.8.9 (KHTML, like Gecko) Version/8.0.8 Safari/600.8.9" "SESSION_ROUTE=ent3" "ASSIGN_ROUTE=ent3" TRACE-81124-fRS3lFHRl9I6fpFh9bCfHYlXeLOY2K7eLwyMFSfdRA4CeGJyEf-cas1
92.90.17.90 - - [26/Sep/2015:00:27:16 +0200] "GET /Login?profile=desktop HTTP/1.1" 302 - "https://auth.univ-lorraine.fr/login?service=https://ent.univ-lorraine.fr/Login?profile=desktop" "Mozilla/5.0 (iPhone; CPU iPhone OS 8_3 like Mac OS X) AppleWebKit/600.1.4 (KHTML, like Gecko) Version/8.0 Mobile/12F70 Safari/600.1.4" "SESSION_ROUTE=ent3" "ASSIGN_ROUTE=ent3" TRACE-81179-Jrp9Lw6djQOA1JEmH4L27zQaetrLxRddLcGQDqCeGwaHvC7GWa-cas1
88.172.93.105 - - [26/Sep/2015:00:27:17 +0200] "GET /nancy2-portlet-zimbra/ajax/getTodayEvents HTTP/1.1" 200 2 "https://ent.univ-lorraine.fr/f/u1411l1s4/normal/render.uP" "Mozilla/5.0 (Windows NT 6.1; WOW64) AppleWebKit/537.36 (KHTML, like Gecko) Chrome/45.0.2454.101 Safari/537.36" "SESSION_ROUTE=ent3" "ASSIGN_ROUTE=ent3" TRACE-81178-eVx4aaBprDtLYrwodM2rIxU7NxaHU0Dz4e6KxBLorEmIwou3pu-cas1
88.172.93.105 - - [26/Sep/2015:00:27:17 +0200] "GET /nancy2-portlet-zimbra/ajax/getWeekEvents HTTP/1.1" 200 2 "https://ent.univ-lorraine.fr/f/u1411l1s4/normal/render.uP" "Mozilla/5.0 (Windows NT 6.1; WOW64) AppleWebKit/537.36 (KHTML, like Gecko) Chrome/45.0.2454.101 Safari/537.36" "SESSION_ROUTE=ent3" "ASSIGN_ROUTE=ent3" TRACE-81178-eVx4aaBprDtLYrwodM2rIxU7NxaHU0Dz4e6KxBLorEmIwou3pu-cas1
88.172.93.105 - - [26/Sep/2015:00:27:17 +0200] "GET /nancy2-portlet-zimbra/ajax/getFolders HTTP/1.1" 200 1120 "https://ent.univ-lorraine.fr/f/u1411l1s4/normal/render.uP" "Mozilla/5.0 (Windows NT 6.1; WOW64) AppleWebKit/537.36 (KHTML, like Gecko) Chrome/45.0.2454.101 Safari/537.36" "SESSION_ROUTE=ent3" "ASSIGN_ROUTE=ent3" TRACE-81178-eVx4aaBprDtLYrwodM2rIxU7NxaHU0Dz4e6KxBLorEmIwou3pu-cas1
92.90.17.90 - - [26/Sep/2015:00:27:17 +0200] "GET /f/u1411l1s4/normal/render.uP HTTP/1.1" 200 50517 "https://auth.univ-lorraine.fr/login?service=https://ent.univ-lorraine.fr/Login?profile=desktop" "Mozilla/5.0 (iPhone; CPU iPhone OS 8_3 like Mac OS X) AppleWebKit/600.1.4 (KHTML, like Gecko) Version/8.0 Mobile/12F70 Safari/600.1.4" "SESSION_ROUTE=ent3" "ASSIGN_ROUTE=ent3" TRACE-81179-Jrp9Lw6djQOA1JEmH4L27zQaetrLxRddLcGQDqCeGwaHvC7GWa-cas1
88.172.93.105 - - [26/Sep/2015:00:27:17 +0200] "GET /nancy2-portlet-zimbra/ajax/getTasks HTTP/1.1" 200 2 "https://ent.univ-lorraine.fr/f/u1411l1s4/normal/render.uP" "Mozilla/5.0 (Windows NT 6.1; WOW64) AppleWebKit/537.36 (KHTML, like Gecko) Chrome/45.0.2454.101 Safari/537.36" "SESSION_ROUTE=ent3" "ASSIGN_ROUTE=ent3" TRACE-81178-eVx4aaBprDtLYrwodM2rIxU7NxaHU0Dz4e6KxBLorEmIwou3pu-cas1
80.12.42.106 - - [26/Sep/2015:00:27:18 +0200] "GET /html/ressourcesExternes/index.html HTTP/1.1" 200 6214 "https://ent.univ-lorraine.fr/f/u1410l1s4/normal/render.uP?pCt=ul-iframe-ressourcesExternes.u1410l1n11&pCs=normal&pCp" "Mozilla/5.0 (Windows NT 6.1; WOW64; rv:40.0) Gecko/20100101 Firefox/40.0" "SESSION_ROUTE=ent6" "ASSIGN_ROUTE=ent6" TRACE-81152-zVDRQbJQFGs1dcmoYdCBDofmucz1M4hrGa0P5NMpqAl901COa4-cas1
171.33.159.50 - - [26/Sep/2015:00:27:19 +0200] "GET /f/u911l1s4/normal/render.uP?pCt=ul-iframe-planning-ade-ul-formation.u911l1n55&pCs=normal&pCp HTTP/1.1" 200 45074 "https://ent.univ-lorraine.fr/f/u911l1s4/normal/render.uP?pCt=ul-iframe-planning-ade-ul-etu.u911l1n54&pCs=normal&pCp" "Mozilla/5.0 (Windows NT 6.3; WOW64) AppleWebKit/537.36 (KHTML, like Gecko) Chrome/45.0.2454.99 Safari/537.36" "SESSION_ROUTE=ent5" "ASSIGN_ROUTE=ent5" TRACE-81170-SbHQUUkSK7JW3qg5gDLRWGWzEJWzhJGddqw2C09TMfcxtUqfR5-cas1
89.84.252.137 - - [26/Sep/2015:00:27:20 +0200] "GET /Login HTTP/1.1" 302 - "http://ent.univ-lorraine.fr/f/u21l1s4/normal/render.uP?pCt=esup-portlet-annuaire-desktop.u21l1n103&pP___jpfbJSFTARGET=view%3A%2Fstylesheets%2Fdesktop%2Fpersons.xhtml&pP_org.apache.myfaces.trinidad.util.RequestStateMap=6b40c216-c44b-4167-b029-08d314d97b28" "Mozilla/5.0 (Macintosh; Intel Mac OS X 10_10_5) AppleWebKit/600.8.9 (KHTML, like Gecko) Version/8.0.8 Safari/600.8.9" "SESSION_ROUTE=ent3" "ASSIGN_ROUTE=ent3" TRACE-81124-fRS3lFHRl9I6fpFh9bCfHYlXeLOY2K7eLwyMFSfdRA4CeGJyEf-cas1
92.138.126.126 - - [26/Sep/2015:00:27:20 +0200] "GET /Login HTTP/1.1" 302 - "https://auth.univ-lorraine.fr/login?service=https://ent.univ-lorraine.fr/Login" "Mozilla/5.0 (Windows NT 6.3; WOW64) AppleWebKit/537.36 (KHTML, like Gecko) Chrome/45.0.2454.99 Safari/537.36" "SESSION_ROUTE=ent4" "ASSIGN_ROUTE=ent4" TRACE-81180-0S5J0X52iYNGKgdQqikm9FqXR5hKSRcXS1t75ufaeQOdXwhKHB-cas1
89.84.252.137 - - [26/Sep/2015:00:27:21 +0200] "GET /f/u1411l1s4/normal/render.uP HTTP/1.1" 200 51647 "http://ent.univ-lorraine.fr/f/u21l1s4/normal/render.uP?pCt=esup-portlet-annuaire-desktop.u21l1n103&pP___jpfbJSFTARGET=view%3A%2Fstylesheets%2Fdesktop%2Fpersons.xhtml&pP_org.apache.myfaces.trinidad.util.RequestStateMap=6b40c216-c44b-4167-b029-08d314d97b28" "Mozilla/5.0 (Macintosh; Intel Mac OS X 10_10_5) AppleWebKit/600.8.9 (KHTML, like Gecko) Version/8.0.8 Safari/600.8.9" "SESSION_ROUTE=ent3" "ASSIGN_ROUTE=ent3" TRACE-81124-fRS3lFHRl9I6fpFh9bCfHYlXeLOY2K7eLwyMFSfdRA4CeGJyEf-cas1
88.172.93.105 - - [26/Sep/2015:00:27:17 +0200] "GET /nancy2-portlet-zimbra/ajax/getMessages HTTP/1.1" 200 1560 "https://ent.univ-lorraine.fr/f/u1411l1s4/normal/render.uP" "Mozilla/5.0 (Windows NT 6.1; WOW64) AppleWebKit/537.36 (KHTML, like Gecko) Chrome/45.0.2454.101 Safari/537.36" "SESSION_ROUTE=ent3" "ASSIGN_ROUTE=ent3" TRACE-81178-eVx4aaBprDtLYrwodM2rIxU7NxaHU0Dz4e6KxBLorEmIwou3pu-cas1
92.138.126.126 - - [26/Sep/2015:00:27:21 +0200] "GET /f/u1411l1s4/normal/render.uP HTTP/1.1" 200 50532 "https://auth.univ-lorraine.fr/login?service=https://ent.univ-lorraine.fr/Login" "Mozilla/5.0 (Windows NT 6.3; WOW64) AppleWebKit/537.36 (KHTML, like Gecko) Chrome/45.0.2454.99 Safari/537.36" "SESSION_ROUTE=ent4" "ASSIGN_ROUTE=ent4" TRACE-81180-0S5J0X52iYNGKgdQqikm9FqXR5hKSRcXS1t75ufaeQOdXwhKHB-cas1
89.84.252.137 - - [26/Sep/2015:00:27:28 +0200] "GET /f/u1411l1s4/normal/render.uP?pCt=ul-zcs-etud.u1411l1n53&pCs=normal&pCp HTTP/1.1" 200 57932 "https://ent.univ-lorraine.fr/f/u1411l1s4/normal/render.uP" "Mozilla/5.0 (Macintosh; Intel Mac OS X 10_10_5) AppleWebKit/600.8.9 (KHTML, like Gecko) Version/8.0.8 Safari/600.8.9" "SESSION_ROUTE=ent3" "ASSIGN_ROUTE=ent3" TRACE-81124-fRS3lFHRl9I6fpFh9bCfHYlXeLOY2K7eLwyMFSfdRA4CeGJyEf-cas1
89.84.252.137 - - [26/Sep/2015:00:27:29 +0200] "GET /nancy2-portlet-zimbra/ajax/getFolders HTTP/1.1" 200 549 "https://ent.univ-lorraine.fr/f/u1411l1s4/normal/render.uP?pCt=ul-zcs-etud.u1411l1n53&pCs=normal&pCp" "Mozilla/5.0 (Macintosh; Intel Mac OS X 10_10_5) AppleWebKit/600.8.9 (KHTML, like Gecko) Version/8.0.8 Safari/600.8.9" "SESSION_ROUTE=ent3" "ASSIGN_ROUTE=ent3" TRACE-81124-fRS3lFHRl9I6fpFh9bCfHYlXeLOY2K7eLwyMFSfdRA4CeGJyEf-cas1
89.84.252.137 - - [26/Sep/2015:00:27:29 +0200] "GET /nancy2-portlet-zimbra/ajax/getTasks HTTP/1.1" 200 2 "https://ent.univ-lorraine.fr/f/u1411l1s4/normal/render.uP?pCt=ul-zcs-etud.u1411l1n53&pCs=normal&pCp" "Mozilla/5.0 (Macintosh; Intel Mac OS X 10_10_5) AppleWebKit/600.8.9 (KHTML, like Gecko) Version/8.0.8 Safari/600.8.9" "SESSION_ROUTE=ent3" "ASSIGN_ROUTE=ent3" TRACE-81124-fRS3lFHRl9I6fpFh9bCfHYlXeLOY2K7eLwyMFSfdRA4CeGJyEf-cas1
89.84.252.137 - - [26/Sep/2015:00:27:29 +0200] "GET /nancy2-portlet-zimbra/ajax/getWeekEvents HTTP/1.1" 200 2 "https://ent.univ-lorraine.fr/f/u1411l1s4/normal/render.uP?pCt=ul-zcs-etud.u1411l1n53&pCs=normal&pCp" "Mozilla/5.0 (Macintosh; Intel Mac OS X 10_10_5) AppleWebKit/600.8.9 (KHTML, like Gecko) Version/8.0.8 Safari/600.8.9" "SESSION_ROUTE=ent3" "ASSIGN_ROUTE=ent3" TRACE-81124-fRS3lFHRl9I6fpFh9bCfHYlXeLOY2K7eLwyMFSfdRA4CeGJyEf-cas1
89.84.252.137 - - [26/Sep/2015:00:27:29 +0200] "GET /nancy2-portlet-zimbra/ajax/getTodayEvents HTTP/1.1" 200 2 "https://ent.univ-lorraine.fr/f/u1411l1s4/normal/render.uP?pCt=ul-zcs-etud.u1411l1n53&pCs=normal&pCp" "Mozilla/5.0 (Macintosh; Intel Mac OS X 10_10_5) AppleWebKit/600.8.9 (KHTML, like Gecko) Version/8.0.8 Safari/600.8.9" "SESSION_ROUTE=ent3" "ASSIGN_ROUTE=ent3" TRACE-81124-fRS3lFHRl9I6fpFh9bCfHYlXeLOY2K7eLwyMFSfdRA4CeGJyEf-cas1
89.84.252.137 - - [26/Sep/2015:00:27:29 +0200] "GET /nancy2-portlet-zimbra/ajax/getMessages HTTP/1.1" 200 1616 "https://ent.univ-lorraine.fr/f/u1411l1s4/normal/render.uP?pCt=ul-zcs-etud.u1411l1n53&pCs=normal&pCp" "Mozilla/5.0 (Macintosh; Intel Mac OS X 10_10_5) AppleWebKit/600.8.9 (KHTML, like Gecko) Version/8.0.8 Safari/600.8.9" "SESSION_ROUTE=ent3" "ASSIGN_ROUTE=ent3" TRACE-81124-fRS3lFHRl9I6fpFh9bCfHYlXeLOY2K7eLwyMFSfdRA4CeGJyEf-cas1
92.90.17.90 - - [26/Sep/2015:00:27:35 +0200] "GET /f/u911l1s4/normal/render.uP?pCt=ul-iframe-planning-ade-ul-formation.u911l1n55&pCs=normal&pCp HTTP/1.1" 200 44978 "https://ent.univ-lorraine.fr/f/u1411l1s4/normal/render.uP" "Mozilla/5.0 (iPhone; CPU iPhone OS 8_3 like Mac OS X) AppleWebKit/600.1.4 (KHTML, like Gecko) Version/8.0 Mobile/12F70 Safari/600.1.4" "SESSION_ROUTE=ent3" "ASSIGN_ROUTE=ent3" TRACE-81179-Jrp9Lw6djQOA1JEmH4L27zQaetrLxRddLcGQDqCeGwaHvC7GWa-cas1
80.12.42.106 - - [26/Sep/2015:00:27:49 +0200] "GET /f/u1410l1s4/normal/render.uP?pCt=ul-iframe-petale.u1410l1n10&pCs=normal&pCp HTTP/1.1" 200 43664 "https://ent.univ-lorraine.fr/f/u1410l1s4/normal/render.uP?pCt=ul-iframe-ressourcesExternes.u1410l1n11&pCs=normal&pCp" "Mozilla/5.0 (Windows NT 6.1; WOW64; rv:40.0) Gecko/20100101 Firefox/40.0" "SESSION_ROUTE=ent6" "ASSIGN_ROUTE=ent6" TRACE-81152-zVDRQbJQFGs1dcmoYdCBDofmucz1M4hrGa0P5NMpqAl901COa4-cas1
88.163.244.206 - - [26/Sep/2015:00:27:53 +0200] "GET /Login HTTP/1.1" 302 - "https://auth.univ-lorraine.fr/login?service=https://ent.univ-lorraine.fr/Login" "Mozilla/5.0 (Windows NT 5.1; rv:41.0) Gecko/20100101 Firefox/41.0" "SESSION_ROUTE=ent2" "ASSIGN_ROUTE=ent2" TRACE-81182-XOfhoWhi6oPuP0kWdaLt4fXD0OIrNXbkTEVMhcbFeUhvYF62DG-cas1
88.163.244.206 - - [26/Sep/2015:00:27:53 +0200] "GET /f/u1411l1s4/normal/render.uP HTTP/1.1" 200 58982 "https://auth.univ-lorraine.fr/login?service=https://ent.univ-lorraine.fr/Login" "Mozilla/5.0 (Windows NT 5.1; rv:41.0) Gecko/20100101 Firefox/41.0" "SESSION_ROUTE=ent2" "ASSIGN_ROUTE=ent2" TRACE-81182-XOfhoWhi6oPuP0kWdaLt4fXD0OIrNXbkTEVMhcbFeUhvYF62DG-cas1
88.163.244.105 - - [26/Sep/2015:00:27:58 +0200] "GET /f/u911l1s4/normal/render.uP?pCt=ul-iframe-planning-ade-ul-etu.u911l1n54&pCs=normal&pCp HTTP/1.1" 200 45085 "https://ent.univ-lorraine.fr/f/u1411l1s4/normal/render.uP" "Mozilla/5.0 (Macintosh; Intel Mac OS X 10_10_5) AppleWebKit/537.36 (KHTML, like Gecko) Chrome/45.0.2454.99 Safari/537.36" "SESSION_ROUTE=ent3" "ASSIGN_ROUTE=ent3" TRACE-81174-TzN34K5nf6L65tw0aaorYIcMeepVZcBrErfKJsibcncA3X2FIX-cas1
90.46.128.217 - - [26/Sep/2015:00:27:58 +0200] "GET /Login HTTP/1.1" 302 - "https://auth.univ-lorraine.fr/login?service=https://ent.univ-lorraine.fr/Login" "Mozilla/5.0 (Windows NT 6.3; WOW64) AppleWebKit/537.36 (KHTML, like Gecko) Chrome/45.0.2454.99 Safari/537.36" "SESSION_ROUTE=ent5" "ASSIGN_ROUTE=ent5" TRACE-81184-cIw2cTdSvPzEdh7dUOOsdUMfZd62EyO67IVAZt2VtnJtIlCEPp-cas1
90.46.128.217 - - [26/Sep/2015:00:27:59 +0200] "GET /f/u1411l1s4/normal/render.uP HTTP/1.1" 200 52514 "https://auth.univ-lorraine.fr/login?service=https://ent.univ-lorraine.fr/Login" "Mozilla/5.0 (Windows NT 6.3; WOW64) AppleWebKit/537.36 (KHTML, like Gecko) Chrome/45.0.2454.99 Safari/537.36" "SESSION_ROUTE=ent5" "ASSIGN_ROUTE=ent5" TRACE-81184-cIw2cTdSvPzEdh7dUOOsdUMfZd62EyO67IVAZt2VtnJtIlCEPp-cas1
88.163.244.206 - - [26/Sep/2015:00:28:01 +0200] "GET /f/u1411l1s4/normal/render.uP?pCt=ul-zcs-pers.u1411l1n52&pCs=normal&pCp HTTP/1.1" 200 65196 "https://ent.univ-lorraine.fr/f/u1411l1s4/normal/render.uP" "Mozilla/5.0 (Windows NT 5.1; rv:41.0) Gecko/20100101 Firefox/41.0" "SESSION_ROUTE=ent2" "ASSIGN_ROUTE=ent2" TRACE-81182-XOfhoWhi6oPuP0kWdaLt4fXD0OIrNXbkTEVMhcbFeUhvYF62DG-cas1
88.163.244.206 - - [26/Sep/2015:00:28:03 +0200] "GET /nancy2-portlet-zimbra/ajax/getTasks HTTP/1.1" 200 2 "https://ent.univ-lorraine.fr/f/u1411l1s4/normal/render.uP?pCt=ul-zcs-pers.u1411l1n52&pCs=normal&pCp" "Mozilla/5.0 (Windows NT 5.1; rv:41.0) Gecko/20100101 Firefox/41.0" "SESSION_ROUTE=ent2" "ASSIGN_ROUTE=ent2" TRACE-81182-XOfhoWhi6oPuP0kWdaLt4fXD0OIrNXbkTEVMhcbFeUhvYF62DG-cas1
88.163.244.206 - - [26/Sep/2015:00:28:03 +0200] "GET /nancy2-portlet-zimbra/ajax/getTodayEvents HTTP/1.1" 200 2 "https://ent.univ-lorraine.fr/f/u1411l1s4/normal/render.uP?pCt=ul-zcs-pers.u1411l1n52&pCs=normal&pCp" "Mozilla/5.0 (Windows NT 5.1; rv:41.0) Gecko/20100101 Firefox/41.0" "SESSION_ROUTE=ent2" "ASSIGN_ROUTE=ent2" TRACE-81182-XOfhoWhi6oPuP0kWdaLt4fXD0OIrNXbkTEVMhcbFeUhvYF62DG-cas1
88.163.244.206 - - [26/Sep/2015:00:28:03 +0200] "GET /nancy2-portlet-zimbra/ajax/getWeekEvents HTTP/1.1" 200 266 "https://ent.univ-lorraine.fr/f/u1411l1s4/normal/render.uP?pCt=ul-zcs-pers.u1411l1n52&pCs=normal&pCp" "Mozilla/5.0 (Windows NT 5.1; rv:41.0) Gecko/20100101 Firefox/41.0" "SESSION_ROUTE=ent2" "ASSIGN_ROUTE=ent2" TRACE-81182-XOfhoWhi6oPuP0kWdaLt4fXD0OIrNXbkTEVMhcbFeUhvYF62DG-cas1
88.163.244.206 - - [26/Sep/2015:00:28:03 +0200] "GET /nancy2-portlet-zimbra/ajax/getMessages HTTP/1.1" 200 1604 "https://ent.univ-lorraine.fr/f/u1411l1s4/normal/render.uP?pCt=ul-zcs-pers.u1411l1n52&pCs=normal&pCp" "Mozilla/5.0 (Windows NT 5.1; rv:41.0) Gecko/20100101 Firefox/41.0" "SESSION_ROUTE=ent2" "ASSIGN_ROUTE=ent2" TRACE-81182-XOfhoWhi6oPuP0kWdaLt4fXD0OIrNXbkTEVMhcbFeUhvYF62DG-cas1
90.46.128.217 - - [26/Sep/2015:00:28:05 +0200] "GET /f/u912l1s4/normal/render.uP?pCt=esup-portlet-mondossierweb.u912l1n6&pCs=normal&pCp HTTP/1.1" 200 57947 "https://ent.univ-lorraine.fr/f/u1411l1s4/normal/render.uP" "Mozilla/5.0 (Windows NT 6.3; WOW64) AppleWebKit/537.36 (KHTML, like Gecko) Chrome/45.0.2454.99 Safari/537.36" "SESSION_ROUTE=ent5" "ASSIGN_ROUTE=ent5" TRACE-81184-cIw2cTdSvPzEdh7dUOOsdUMfZd62EyO67IVAZt2VtnJtIlCEPp-cas1
31.32.189.45 - - [26/Sep/2015:00:28:08 +0200] "GET /Login?refUrl=/f/u1411l1s4/normal/render.uP%3FpCt%3Dul-zcs-etud.u1411l1n53%26pCs%3Dnormal%26pCp HTTP/1.1" 302 - "https://auth.univ-lorraine.fr/login?service=https://ent.univ-lorraine.fr/Login%3FrefUrl%3D%2Ff%2Fu1411l1s4%2Fnormal%2Frender.uP%253FpCt%253Dul-zcs-etud.u1411l1n53%2526pCs%253Dnormal%2526pCp" "Mozilla/5.0 (Windows Phone 8.1; ARM; Trident/7.0; Touch; rv:11.0; IEMobile/11.0; NOKIA; Lumia 635) like Gecko" "SESSION_ROUTE=ent4" "ASSIGN_ROUTE=ent4" TRACE-81187-PZXEPqZpKPiZzUa4tfsu1zTomMR9hDI4acI4FYBIfQE1V0uOsh-cas1
90.46.128.217 - - [26/Sep/2015:00:28:08 +0200] "POST /f/u912l1s4/p/esup-portlet-mondossierweb.u912l1n6/normal/action.uP?pP_org.apache.myfaces.portlet.MyFacesGenericPortlet.VIEW_ID=%2Fstylesheets%2Fetu%2Fwelcome.xhtml HTTP/1.1" 302 - "https://ent.univ-lorraine.fr/f/u912l1s4/normal/render.uP?pCt=esup-portlet-mondossierweb.u912l1n6&pCs=normal&pCp" "Mozilla/5.0 (Windows NT 6.3; WOW64) AppleWebKit/537.36 (KHTML, like Gecko) Chrome/45.0.2454.99 Safari/537.36" "SESSION_ROUTE=ent5" "ASSIGN_ROUTE=ent5" TRACE-81184-cIw2cTdSvPzEdh7dUOOsdUMfZd62EyO67IVAZt2VtnJtIlCEPp-cas1
31.32.189.45 - - [26/Sep/2015:00:28:08 +0200] "GET /f/u1411l1s4/normal/render.uP?pCt=ul-zcs-etud.u1411l1n53&pCs=normal&pCp HTTP/1.1" 302 - "https://auth.univ-lorraine.fr/login?service=https://ent.univ-lorraine.fr/Login%3FrefUrl%3D%2Ff%2Fu1411l1s4%2Fnormal%2Frender.uP%253FpCt%253Dul-zcs-etud.u1411l1n53%2526pCs%253Dnormal%2526pCp" "Mozilla/5.0 (Windows Phone 8.1; ARM; Trident/7.0; Touch; rv:11.0; IEMobile/11.0; NOKIA; Lumia 635) like Gecko" "SESSION_ROUTE=ent4" "ASSIGN_ROUTE=ent4" TRACE-81187-PZXEPqZpKPiZzUa4tfsu1zTomMR9hDI4acI4FYBIfQE1V0uOsh-cas1
90.46.128.217 - - [26/Sep/2015:00:28:09 +0200] "GET /f/u912l1s4/normal/render.uP?pCt=esup-portlet-mondossierweb.u912l1n6&pP_org.apache.myfaces.portlet.MyFacesGenericPortlet.VIEW_ID=%2Fstylesheets%2Fetu%2Fnotes.xhtml HTTP/1.1" 200 76008 "https://ent.univ-lorraine.fr/f/u912l1s4/normal/render.uP?pCt=esup-portlet-mondossierweb.u912l1n6&pCs=normal&pCp" "Mozilla/5.0 (Windows NT 6.3; WOW64) AppleWebKit/537.36 (KHTML, like Gecko) Chrome/45.0.2454.99 Safari/537.36" "SESSION_ROUTE=ent5" "ASSIGN_ROUTE=ent5" TRACE-81184-cIw2cTdSvPzEdh7dUOOsdUMfZd62EyO67IVAZt2VtnJtIlCEPp-cas1
88.163.244.206 - - [26/Sep/2015:00:28:03 +0200] "GET /nancy2-portlet-zimbra/ajax/getFolders HTTP/1.1" 200 30347 "https://ent.univ-lorraine.fr/f/u1411l1s4/normal/render.uP?pCt=ul-zcs-pers.u1411l1n52&pCs=normal&pCp" "Mozilla/5.0 (Windows NT 5.1; rv:41.0) Gecko/20100101 Firefox/41.0" "SESSION_ROUTE=ent2" "ASSIGN_ROUTE=ent2" TRACE-81182-XOfhoWhi6oPuP0kWdaLt4fXD0OIrNXbkTEVMhcbFeUhvYF62DG-cas1
31.32.189.45 - - [26/Sep/2015:00:28:09 +0200] "GET /p/ul-zcs-etud.u1411l1n53/max/render.uP HTTP/1.1" 200 20065 "https://auth.univ-lorraine.fr/login?service=https://ent.univ-lorraine.fr/Login%3FrefUrl%3D%2Ff%2Fu1411l1s4%2Fnormal%2Frender.uP%253FpCt%253Dul-zcs-etud.u1411l1n53%2526pCs%253Dnormal%2526pCp" "Mozilla/5.0 (Windows Phone 8.1; ARM; Trident/7.0; Touch; rv:11.0; IEMobile/11.0; NOKIA; Lumia 635) like Gecko" "SESSION_ROUTE=ent4" "ASSIGN_ROUTE=ent4" TRACE-81187-PZXEPqZpKPiZzUa4tfsu1zTomMR9hDI4acI4FYBIfQE1V0uOsh-cas1
31.32.189.45 - - [26/Sep/2015:00:28:12 +0200] "GET /nancy2-portlet-zimbra/ajax/getTodayEvents HTTP/1.1" 200 2 "https://ent.univ-lorraine.fr/p/ul-zcs-etud.u1411l1n53/max/render.uP" "Mozilla/5.0 (Windows Phone 8.1; ARM; Trident/7.0; Touch; rv:11.0; IEMobile/11.0; NOKIA; Lumia 635) like Gecko" "SESSION_ROUTE=ent4" "ASSIGN_ROUTE=ent4" TRACE-81187-PZXEPqZpKPiZzUa4tfsu1zTomMR9hDI4acI4FYBIfQE1V0uOsh-cas1
31.32.189.45 - - [26/Sep/2015:00:28:12 +0200] "GET /nancy2-portlet-zimbra/ajax/getWeekEvents HTTP/1.1" 200 2 "https://ent.univ-lorraine.fr/p/ul-zcs-etud.u1411l1n53/max/render.uP" "Mozilla/5.0 (Windows Phone 8.1; ARM; Trident/7.0; Touch; rv:11.0; IEMobile/11.0; NOKIA; Lumia 635) like Gecko" "SESSION_ROUTE=ent4" "ASSIGN_ROUTE=ent4" TRACE-81187-PZXEPqZpKPiZzUa4tfsu1zTomMR9hDI4acI4FYBIfQE1V0uOsh-cas1
31.32.189.45 - - [26/Sep/2015:00:28:12 +0200] "GET /nancy2-portlet-zimbra/ajax/getTasks HTTP/1.1" 200 2 "https://ent.univ-lorraine.fr/p/ul-zcs-etud.u1411l1n53/max/render.uP" "Mozilla/5.0 (Windows Phone 8.1; ARM; Trident/7.0; Touch; rv:11.0; IEMobile/11.0; NOKIA; Lumia 635) like Gecko" "SESSION_ROUTE=ent4" "ASSIGN_ROUTE=ent4" TRACE-81187-PZXEPqZpKPiZzUa4tfsu1zTomMR9hDI4acI4FYBIfQE1V0uOsh-cas1
31.32.189.45 - - [26/Sep/2015:00:28:12 +0200] "GET /nancy2-portlet-zimbra/ajax/getMessages HTTP/1.1" 200 2 "https://ent.univ-lorraine.fr/p/ul-zcs-etud.u1411l1n53/max/render.uP" "Mozilla/5.0 (Windows Phone 8.1; ARM; Trident/7.0; Touch; rv:11.0; IEMobile/11.0; NOKIA; Lumia 635) like Gecko" "SESSION_ROUTE=ent4" "ASSIGN_ROUTE=ent4" TRACE-81187-PZXEPqZpKPiZzUa4tfsu1zTomMR9hDI4acI4FYBIfQE1V0uOsh-cas1
31.32.189.45 - - [26/Sep/2015:00:28:12 +0200] "GET /nancy2-portlet-zimbra/ajax/getFolders HTTP/1.1" 200 548 "https://ent.univ-lorraine.fr/p/ul-zcs-etud.u1411l1n53/max/render.uP" "Mozilla/5.0 (Windows Phone 8.1; ARM; Trident/7.0; Touch; rv:11.0; IEMobile/11.0; NOKIA; Lumia 635) like Gecko" "SESSION_ROUTE=ent4" "ASSIGN_ROUTE=ent4" TRACE-81187-PZXEPqZpKPiZzUa4tfsu1zTomMR9hDI4acI4FYBIfQE1V0uOsh-cas1
90.46.128.217 - - [26/Sep/2015:00:28:17 +0200] "POST /f/u912l1s4/p/esup-portlet-mondossierweb.u912l1n6/normal/action.uP?pP_org.apache.myfaces.portlet.MyFacesGenericPortlet.VIEW_ID=%2Fstylesheets%2Fetu%2Fnotes.xhtml HTTP/1.1" 302 - "https://ent.univ-lorraine.fr/f/u912l1s4/normal/render.uP?pCt=esup-portlet-mondossierweb.u912l1n6&pP_org.apache.myfaces.portlet.MyFacesGenericPortlet.VIEW_ID=%2Fstylesheets%2Fetu%2Fnotes.xhtml" "Mozilla/5.0 (Windows NT 6.3; WOW64) AppleWebKit/537.36 (KHTML, like Gecko) Chrome/45.0.2454.99 Safari/537.36" "SESSION_ROUTE=ent5" "ASSIGN_ROUTE=ent5" TRACE-81184-cIw2cTdSvPzEdh7dUOOsdUMfZd62EyO67IVAZt2VtnJtIlCEPp-cas1
90.46.128.217 - - [26/Sep/2015:00:28:17 +0200] "GET /f/u912l1s4/normal/render.uP?pCt=esup-portlet-mondossierweb.u912l1n6&pP_org.apache.myfaces.portlet.MyFacesGenericPortlet.VIEW_ID=%2Fstylesheets%2Fetu%2Fdetailnotes.xhtml HTTP/1.1" 200 69873 "https://ent.univ-lorraine.fr/f/u912l1s4/normal/render.uP?pCt=esup-portlet-mondossierweb.u912l1n6&pP_org.apache.myfaces.portlet.MyFacesGenericPortlet.VIEW_ID=%2Fstylesheets%2Fetu%2Fnotes.xhtml" "Mozilla/5.0 (Windows NT 6.3; WOW64) AppleWebKit/537.36 (KHTML, like Gecko) Chrome/45.0.2454.99 Safari/537.36" "SESSION_ROUTE=ent5" "ASSIGN_ROUTE=ent5" TRACE-81184-cIw2cTdSvPzEdh7dUOOsdUMfZd62EyO67IVAZt2VtnJtIlCEPp-cas1
82.224.243.8 - - [26/Sep/2015:00:28:24 +0200] "GET /f/u1411l1s4/normal/render.uP HTTP/1.1" 302 - "-" "Mozilla/5.0 (Macintosh; Intel Mac OS X 10_10_5) AppleWebKit/537.36 (KHTML, like Gecko) Chrome/45.0.2454.85 Safari/537.36" "SESSION_ROUTE=-" "ASSIGN_ROUTE=ent3" TRACE-81097-TdTtwhVkfDA7yAGxrjEO2JF1ix7qLXy1zU94stnb0AeQ1xcQM7-cas1
82.224.243.8 - - [26/Sep/2015:00:28:24 +0200] "GET /Login?refUrl=%2Ff%2Fu1411l1s4%2Fnormal%2Frender.uP HTTP/1.1" 302 - "-" "Mozilla/5.0 (Macintosh; Intel Mac OS X 10_10_5) AppleWebKit/537.36 (KHTML, like Gecko) Chrome/45.0.2454.85 Safari/537.36" "SESSION_ROUTE=ent3" "ASSIGN_ROUTE=ent3" TRACE-81097-TdTtwhVkfDA7yAGxrjEO2JF1ix7qLXy1zU94stnb0AeQ1xcQM7-cas1
82.224.243.8 - - [26/Sep/2015:00:28:24 +0200] "GET /api/cookiecheck HTTP/1.1" 302 - "-" "Mozilla/5.0 (Macintosh; Intel Mac OS X 10_10_5) AppleWebKit/537.36 (KHTML, like Gecko) Chrome/45.0.2454.85 Safari/537.36" "SESSION_ROUTE=ent3" "ASSIGN_ROUTE=ent3" TRACE-81097-TdTtwhVkfDA7yAGxrjEO2JF1ix7qLXy1zU94stnb0AeQ1xcQM7-cas1
82.224.243.8 - - [26/Sep/2015:00:28:24 +0200] "GET /Login?refUrl=%2Ff%2Fu1411l1s4%2Fnormal%2Frender.uP HTTP/1.1" 302 - "-" "Mozilla/5.0 (Macintosh; Intel Mac OS X 10_10_5) AppleWebKit/537.36 (KHTML, like Gecko) Chrome/45.0.2454.85 Safari/537.36" "SESSION_ROUTE=ent3" "ASSIGN_ROUTE=ent3" TRACE-81097-TdTtwhVkfDA7yAGxrjEO2JF1ix7qLXy1zU94stnb0AeQ1xcQM7-cas1
82.224.243.8 - - [26/Sep/2015:00:28:24 +0200] "GET /f/u1411l1s4/normal/render.uP HTTP/1.1" 302 - "-" "Mozilla/5.0 (Macintosh; Intel Mac OS X 10_10_5) AppleWebKit/537.36 (KHTML, like Gecko) Chrome/45.0.2454.85 Safari/537.36" "SESSION_ROUTE=ent3" "ASSIGN_ROUTE=ent3" TRACE-81097-TdTtwhVkfDA7yAGxrjEO2JF1ix7qLXy1zU94stnb0AeQ1xcQM7-cas1
31.32.189.45 - - [26/Sep/2015:00:28:24 +0200] "GET /normal/render.uP HTTP/1.1" 200 9157 "https://ent.univ-lorraine.fr/p/ul-zcs-etud.u1411l1n53/max/render.uP" "Mozilla/5.0 (Windows Phone 8.1; ARM; Trident/7.0; Touch; rv:11.0; IEMobile/11.0; NOKIA; Lumia 635) like Gecko" "SESSION_ROUTE=ent4" "ASSIGN_ROUTE=ent4" TRACE-81187-PZXEPqZpKPiZzUa4tfsu1zTomMR9hDI4acI4FYBIfQE1V0uOsh-cas1
213.223.211.28 - - [26/Sep/2015:00:28:24 +0200] "GET /f/u912l1s4/normal/render.uP HTTP/1.1" 200 56066 "https://ent.univ-lorraine.fr/f/u911l1s4/normal/render.uP?pCt=ul-iframe-planning-ade-ul-formation.u911l1n55&pCs=normal&pCp" "Mozilla/5.0 (Windows NT 6.3; WOW64) AppleWebKit/537.36 (KHTML, like Gecko) Chrome/45.0.2454.99 Safari/537.36" "SESSION_ROUTE=ent5" "ASSIGN_ROUTE=ent5" TRACE-81170-SbHQUUkSK7JW3qg5gDLRWGWzEJWzhJGddqw2C09TMfcxtUqfR5-cas1
82.224.243.8 - - [26/Sep/2015:00:28:25 +0200] "GET /Login?refUrl=/f/u1411l1s4/normal/render.uP HTTP/1.1" 302 - "-" "Mozilla/5.0 (Macintosh; Intel Mac OS X 10_10_5) AppleWebKit/537.36 (KHTML, like Gecko) Chrome/45.0.2454.85 Safari/537.36" "SESSION_ROUTE=ent3" "ASSIGN_ROUTE=ent3" TRACE-81097-TdTtwhVkfDA7yAGxrjEO2JF1ix7qLXy1zU94stnb0AeQ1xcQM7-cas1
82.224.243.8 - - [26/Sep/2015:00:28:25 +0200] "GET /f/u1411l1s4/normal/render.uP HTTP/1.1" 200 51791 "-" "Mozilla/5.0 (Macintosh; Intel Mac OS X 10_10_5) AppleWebKit/537.36 (KHTML, like Gecko) Chrome/45.0.2454.85 Safari/537.36" "SESSION_ROUTE=ent3" "ASSIGN_ROUTE=ent3" TRACE-81097-TdTtwhVkfDA7yAGxrjEO2JF1ix7qLXy1zU94stnb0AeQ1xcQM7-cas1
90.48.157.75 - - [26/Sep/2015:00:28:27 +0200] "GET /Login HTTP/1.1" 302 - "https://auth.univ-lorraine.fr/login?service=https://ent.univ-lorraine.fr/Login" "Mozilla/5.0 (Windows NT 6.3; WOW64; rv:40.0) Gecko/20100101 Firefox/40.0" "SESSION_ROUTE=ent4" "ASSIGN_ROUTE=ent4" TRACE-81189-HDQl7dJ0KPGa5wLOSUDPas3r5zeRQSrlb15zGAZwZPaTgtAo1R-cas1
90.48.157.75 - - [26/Sep/2015:00:28:28 +0200] "GET /f/u1411l1s4/normal/render.uP HTTP/1.1" 200 50518 "https://auth.univ-lorraine.fr/login?service=https://ent.univ-lorraine.fr/Login" "Mozilla/5.0 (Windows NT 6.3; WOW64; rv:40.0) Gecko/20100101 Firefox/40.0" "SESSION_ROUTE=ent4" "ASSIGN_ROUTE=ent4" TRACE-81189-HDQl7dJ0KPGa5wLOSUDPas3r5zeRQSrlb15zGAZwZPaTgtAo1R-cas1
82.224.243.8 - - [26/Sep/2015:00:28:30 +0200] "GET /f/u378l1s4/p/ul-zcs-etud.u378l1n57/max/render.uP?pCp HTTP/1.1" 200 44917 "https://ent.univ-lorraine.fr/f/u1411l1s4/normal/render.uP" "Mozilla/5.0 (Macintosh; Intel Mac OS X 10_10_5) AppleWebKit/537.36 (KHTML, like Gecko) Chrome/45.0.2454.85 Safari/537.36" "SESSION_ROUTE=ent3" "ASSIGN_ROUTE=ent3" TRACE-81097-TdTtwhVkfDA7yAGxrjEO2JF1ix7qLXy1zU94stnb0AeQ1xcQM7-cas1
82.224.243.8 - - [26/Sep/2015:00:28:31 +0200] "GET /nancy2-portlet-zimbra/ajax/getMessages HTTP/1.1" 200 337 "https://ent.univ-lorraine.fr/f/u378l1s4/p/ul-zcs-etud.u378l1n57/max/render.uP?pCp" "Mozilla/5.0 (Macintosh; Intel Mac OS X 10_10_5) AppleWebKit/537.36 (KHTML, like Gecko) Chrome/45.0.2454.85 Safari/537.36" "SESSION_ROUTE=ent3" "ASSIGN_ROUTE=ent3" TRACE-81097-TdTtwhVkfDA7yAGxrjEO2JF1ix7qLXy1zU94stnb0AeQ1xcQM7-cas1
82.224.243.8 - - [26/Sep/2015:00:28:31 +0200] "GET /nancy2-portlet-zimbra/ajax/getFolders HTTP/1.1" 200 548 "https://ent.univ-lorraine.fr/f/u378l1s4/p/ul-zcs-etud.u378l1n57/max/render.uP?pCp" "Mozilla/5.0 (Macintosh; Intel Mac OS X 10_10_5) AppleWebKit/537.36 (KHTML, like Gecko) Chrome/45.0.2454.85 Safari/537.36" "SESSION_ROUTE=ent3" "ASSIGN_ROUTE=ent3" TRACE-81097-TdTtwhVkfDA7yAGxrjEO2JF1ix7qLXy1zU94stnb0AeQ1xcQM7-cas1
82.224.243.8 - - [26/Sep/2015:00:28:31 +0200] "GET /nancy2-portlet-zimbra/ajax/getTasks HTTP/1.1" 200 2 "https://ent.univ-lorraine.fr/f/u378l1s4/p/ul-zcs-etud.u378l1n57/max/render.uP?pCp" "Mozilla/5.0 (Macintosh; Intel Mac OS X 10_10_5) AppleWebKit/537.36 (KHTML, like Gecko) Chrome/45.0.2454.85 Safari/537.36" "SESSION_ROUTE=ent3" "ASSIGN_ROUTE=ent3" TRACE-81097-TdTtwhVkfDA7yAGxrjEO2JF1ix7qLXy1zU94stnb0AeQ1xcQM7-cas1
82.224.243.8 - - [26/Sep/2015:00:28:31 +0200] "GET /nancy2-portlet-zimbra/ajax/getTodayEvents HTTP/1.1" 200 2 "https://ent.univ-lorraine.fr/f/u378l1s4/p/ul-zcs-etud.u378l1n57/max/render.uP?pCp" "Mozilla/5.0 (Macintosh; Intel Mac OS X 10_10_5) AppleWebKit/537.36 (KHTML, like Gecko) Chrome/45.0.2454.85 Safari/537.36" "SESSION_ROUTE=ent3" "ASSIGN_ROUTE=ent3" TRACE-81097-TdTtwhVkfDA7yAGxrjEO2JF1ix7qLXy1zU94stnb0AeQ1xcQM7-cas1
82.224.243.8 - - [26/Sep/2015:00:28:31 +0200] "GET /nancy2-portlet-zimbra/ajax/getWeekEvents HTTP/1.1" 200 2 "https://ent.univ-lorraine.fr/f/u378l1s4/p/ul-zcs-etud.u378l1n57/max/render.uP?pCp" "Mozilla/5.0 (Macintosh; Intel Mac OS X 10_10_5) AppleWebKit/537.36 (KHTML, like Gecko) Chrome/45.0.2454.85 Safari/537.36" "SESSION_ROUTE=ent3" "ASSIGN_ROUTE=ent3" TRACE-81097-TdTtwhVkfDA7yAGxrjEO2JF1ix7qLXy1zU94stnb0AeQ1xcQM7-cas1
213.223.211.28 - - [26/Sep/2015:00:28:31 +0200] "POST /f/u912l1s4/p/esup-portlet-mondossierweb.u912l1n6/normal/action.uP?pP_org.apache.myfaces.portlet.MyFacesGenericPortlet.VIEW_ID=%2Fstylesheets%2Fetu%2Fwelcome.xhtml HTTP/1.1" 302 - "https://ent.univ-lorraine.fr/f/u912l1s4/normal/render.uP" "Mozilla/5.0 (Windows NT 6.3; WOW64) AppleWebKit/537.36 (KHTML, like Gecko) Chrome/45.0.2454.99 Safari/537.36" "SESSION_ROUTE=ent5" "ASSIGN_ROUTE=ent5" TRACE-81170-SbHQUUkSK7JW3qg5gDLRWGWzEJWzhJGddqw2C09TMfcxtUqfR5-cas1
90.48.157.75 - - [26/Sep/2015:00:28:32 +0200] "GET /f/u911l1s4/normal/render.uP?pCt=ul-iframe-planning-ade-ul-formation.u911l1n55&pCs=normal&pCp HTTP/1.1" 200 44979 "https://ent.univ-lorraine.fr/f/u1411l1s4/normal/render.uP" "Mozilla/5.0 (Windows NT 6.3; WOW64; rv:40.0) Gecko/20100101 Firefox/40.0" "SESSION_ROUTE=ent4" "ASSIGN_ROUTE=ent4" TRACE-81189-HDQl7dJ0KPGa5wLOSUDPas3r5zeRQSrlb15zGAZwZPaTgtAo1R-cas1
213.223.211.28 - - [26/Sep/2015:00:28:31 +0200] "GET /f/u912l1s4/normal/render.uP?pCt=esup-portlet-mondossierweb.u912l1n6&pP_org.apache.myfaces.portlet.MyFacesGenericPortlet.VIEW_ID=%2Fstylesheets%2Fetu%2Finscriptions.xhtml HTTP/1.1" 200 62431 "https://ent.univ-lorraine.fr/f/u912l1s4/normal/render.uP" "Mozilla/5.0 (Windows NT 6.3; WOW64) AppleWebKit/537.36 (KHTML, like Gecko) Chrome/45.0.2454.99 Safari/537.36" "SESSION_ROUTE=ent5" "ASSIGN_ROUTE=ent5" TRACE-81170-SbHQUUkSK7JW3qg5gDLRWGWzEJWzhJGddqw2C09TMfcxtUqfR5-cas1
88.163.244.105 - - [26/Sep/2015:00:28:32 +0200] "GET /f/u911l1s4/normal/render.uP?pCt=ul-iframe-planning-ade-ul-global.u911l1n57&pCs=normal&pCp HTTP/1.1" 200 45355 "https://ent.univ-lorraine.fr/f/u911l1s4/normal/render.uP?pCt=ul-iframe-planning-ade-ul-etu.u911l1n54&pCs=normal&pCp" "Mozilla/5.0 (Macintosh; Intel Mac OS X 10_10_5) AppleWebKit/537.36 (KHTML, like Gecko) Chrome/45.0.2454.99 Safari/537.36" "SESSION_ROUTE=ent3" "ASSIGN_ROUTE=ent3" TRACE-81174-TzN34K5nf6L65tw0aaorYIcMeepVZcBrErfKJsibcncA3X2FIX-cas1
193.49.162.7 - - [26/Sep/2015:00:28:34 +0200] "GET /f/u21l1s4/normal/render.uP HTTP/1.1" 302 - "-" "Mozilla/5.0 (Macintosh; Intel Mac OS X 10_9_5) AppleWebKit/537.36 (KHTML, like Gecko) Chrome/45.0.2454.93 Safari/537.36" "SESSION_ROUTE=ent2" "ASSIGN_ROUTE=ent2" TRACE-81190-nO0h4TVaWIFxMdsQOJOyNa4iwizBUqfT2iY4jGsuxPe3G9cwCC-cas1
193.49.162.7 - - [26/Sep/2015:00:28:34 +0200] "GET /Login?refUrl=%2Ff%2Fu21l1s4%2Fnormal%2Frender.uP HTTP/1.1" 302 - "-" "Mozilla/5.0 (Macintosh; Intel Mac OS X 10_9_5) AppleWebKit/537.36 (KHTML, like Gecko) Chrome/45.0.2454.93 Safari/537.36" "SESSION_ROUTE=ent2" "ASSIGN_ROUTE=ent2" TRACE-81190-nO0h4TVaWIFxMdsQOJOyNa4iwizBUqfT2iY4jGsuxPe3G9cwCC-cas1
193.49.162.7 - - [26/Sep/2015:00:28:34 +0200] "GET /f/u21l1s4/normal/render.uP HTTP/1.1" 200 29774 "-" "Mozilla/5.0 (Macintosh; Intel Mac OS X 10_9_5) AppleWebKit/537.36 (KHTML, like Gecko) Chrome/45.0.2454.93 Safari/537.36" "SESSION_ROUTE=ent2" "ASSIGN_ROUTE=ent2" TRACE-81190-nO0h4TVaWIFxMdsQOJOyNa4iwizBUqfT2iY4jGsuxPe3G9cwCC-cas1
31.32.189.45 - - [26/Sep/2015:00:28:35 +0200] "GET /p/ul-cms-planning-ade-ul.u911l1n141/max/render.uP?pCp HTTP/1.1" 200 5704 "https://ent.univ-lorraine.fr/normal/render.uP" "Mozilla/5.0 (Windows Phone 8.1; ARM; Trident/7.0; Touch; rv:11.0; IEMobile/11.0; NOKIA; Lumia 635) like Gecko" "SESSION_ROUTE=ent4" "ASSIGN_ROUTE=ent4" TRACE-81187-PZXEPqZpKPiZzUa4tfsu1zTomMR9hDI4acI4FYBIfQE1V0uOsh-cas1
