193.49.162.7 - - [26/Sep/2015:00:28:35 +0200] "POST /f/u21l1s4/p/esup-portlet-annuaire-desktop.u21l1n103/normal/action.uP?pP___jpfbJSFTARGET=view%3A%2Fstylesheets%2Fhome.xhtml HTTP/1.1" 302 - "http://ent.univ-lorraine.fr/f/u21l1s4/normal/render.uP" "Mozilla/5.0 (Macintosh; Intel Mac OS X 10_9_5) AppleWebKit/537.36 (KHTML, like Gecko) Chrome/45.0.2454.93 Safari/537.36" "SESSION_ROUTE=ent2" "ASSIGN_ROUTE=ent2" TRACE-81190-nO0h4TVaWIFxMdsQOJOyNa4iwizBUqfT2iY4jGsuxPe3G9cwCC-cas1
193.49.162.7 - - [26/Sep/2015:00:28:35 +0200] "GET /f/u21l1s4/normal/render.uP?pCt=esup-portlet-annuaire-desktop.u21l1n103&pP___jpfbJSFTARGET=view%3A%2Fstylesheets%2Fdesktop%2Fpersons.xhtml&pP_org.apache.myfaces.trinidad.util.RequestStateMap=78245677-b165-47c7-8c83-5fd7910b89bb HTTP/1.1" 200 39989 "http://ent.univ-lorraine.fr/f/u21l1s4/normal/render.uP" "Mozilla/5.0 (Macintosh; Intel Mac OS X 10_9_5) AppleWebKit/537.36 (KHTML, like Gecko) Chrome/45.0.2454.93 Safari/537.36" "SESSION_ROUTE=ent2" "ASSIGN_ROUTE=ent2" TRACE-81190-nO0h4TVaWIFxMdsQOJOyNa4iwizBUqfT2iY4jGsuxPe3G9cwCC-cas1
90.46.128.217 - - [26/Sep/2015:00:28:37 +0200] "POST /f/u912l1s4/p/esup-portlet-mondossierweb.u912l1n6/normal/action.uP?pP_org.apache.myfaces.portlet.MyFacesGenericPortlet.VIEW_ID=%2Fstylesheets%2Fetu%2Fnotes.xhtml HTTP/1.1" 302 - "https://ent.univ-lorraine.fr/f/u912l1s4/normal/render.uP?pCt=esup-portlet-mondossierweb.u912l1n6&pP_org.apache.myfaces.portlet.MyFacesGenericPortlet.VIEW_ID=%2Fstylesheets%2Fetu%2Fnotes.xhtml" "Mozilla/5.0 (Windows NT 6.3; WOW64) AppleWebKit/537.36 (KHTML, like Gecko) Chrome/45.0.2454.99 Safari/537.36" "SESSION_ROUTE=ent5" "ASSIGN_ROUTE=ent5" TRACE-81184-cIw2cTdSvPzEdh7dUOOsdUMfZd62EyO67IVAZt2VtnJtIlCEPp-cas1
90.46.128.217 - - [26/Sep/2015:00:28:37 +0200] "GET /f/u912l1s4/normal/render.uP?pCt=esup-portlet-mondossierweb.u912l1n6&pP_org.apache.myfaces.portlet.MyFacesGenericPortlet.VIEW_ID=%2Fstylesheets%2Fetu%2Fdetailnotes.xhtml HTTP/1.1" 200 72223 "https://ent.univ-lorraine.fr/f/u912l1s4/normal/render.uP?pCt=esup-portlet-mondossierweb.u912l1n6&pP_org.apache.myfaces.portlet.MyFacesGenericPortlet.VIEW_ID=%2Fstylesheets%2Fetu%2Fnotes.xhtml" "Mozilla/5.0 (Windows NT 6.3; WOW64) AppleWebKit/537.36 (KHTML, like Gecko) Chrome/45.0.2454.99 Safari/537.36" "SESSION_ROUTE=ent5" "ASSIGN_ROUTE=ent5" TRACE-81184-cIw2cTdSvPzEdh7dUOOsdUMfZd62EyO67IVAZt2VtnJtIlCEPp-cas1
213.223.211.28 - - [26/Sep/2015:00:28:38 +0200] "POST /f/u912l1s4/p/esup-portlet-mondossierweb.u912l1n6/normal/action.uP?pP_org.apache.myfaces.portlet.MyFacesGenericPortlet.VIEW_ID=%2Fstylesheets%2Fetu%2Finscriptions.xhtml HTTP/1.1" 302 - "https://ent.univ-lorraine.fr/f/u912l1s4/normal/render.uP?pCt=esup-portlet-mondossierweb.u912l1n6&pP_org.apache.myfaces.portlet.MyFacesGenericPortlet.VIEW_ID=%2Fstylesheets%2Fetu%2Finscriptions.xhtml" "Mozilla/5.0 (Windows NT 6.3; WOW64) AppleWebKit/537.36 (KHTML, like Gecko) Chrome/45.0.2454.99 Safari/537.36" "SESSION_ROUTE=ent5" "ASSIGN_ROUTE=ent5" TRACE-81170-SbHQUUkSK7JW3qg5gDLRWGWzEJWzhJGddqw2C09TMfcxtUqfR5-cas1
213.223.211.28 - - [26/Sep/2015:00:28:38 +0200] "GET /f/u912l1s4/normal/render.uP?pCt=esup-portlet-mondossierweb.u912l1n6&pP_org.apache.myfaces.portlet.MyFacesGenericPortlet.VIEW_ID=%2Fstylesheets%2Fetu%2FinscriptionPedagogique.xhtml HTTP/1.1" 200 60544 "https://ent.univ-lorraine.fr/f/u912l1s4/normal/render.uP?pCt=esup-portlet-mondossierweb.u912l1n6&pP_org.apache.myfaces.portlet.MyFacesGenericPortlet.VIEW_ID=%2Fstylesheets%2Fetu%2Finscriptions.xhtml" "Mozilla/5.0 (Windows NT 6.3; WOW64) AppleWebKit/537.36 (KHTML, like Gecko) Chrome/45.0.2454.99 Safari/537.36" "SESSION_ROUTE=ent5" "ASSIGN_ROUTE=ent5" TRACE-81170-SbHQUUkSK7JW3qg5gDLRWGWzEJWzhJGddqw2C09TMfcxtUqfR5-cas1
86.223.208.123 - - [26/Sep/2015:00:28:43 +0200] "GET /Login HTTP/1.1" 302 - "https://auth.univ-lorraine.fr/login?service=https://ent.univ-lorraine.fr/Login" "Mozilla/5.0 (Windows NT 10.0; WOW64) AppleWebKit/537.36 (KHTML, like Gecko) Chrome/44.0.2403.157 Safari/537.36 OPR/31.0.1889.230" "SESSION_ROUTE=ent4" "ASSIGN_ROUTE=ent4" TRACE-81195-WbAndo1I2aelUrWwC9CaRDYNgZ5sdiIfmnNHmKBkcXdJVaMPAo-cas1
86.223.208.123 - - [26/Sep/2015:00:28:43 +0200] "GET /f/u1411l1s4/normal/render.uP HTTP/1.1" 200 50521 "https://auth.univ-lorraine.fr/login?service=https://ent.univ-lorraine.fr/Login" "Mozilla/5.0 (Windows NT 10.0; WOW64) AppleWebKit/537.36 (KHTML, like Gecko) Chrome/44.0.2403.157 Safari/537.36 OPR/31.0.1889.230" "SESSION_ROUTE=ent4" "ASSIGN_ROUTE=ent4" TRACE-81195-WbAndo1I2aelUrWwC9CaRDYNgZ5sdiIfmnNHmKBkcXdJVaMPAo-cas1
171.33.159.50 - - [26/Sep/2015:00:28:46 +0200] "POST /f/u912l1s4/p/esup-portlet-mondossierweb.u912l1n6/normal/action.uP?pP_org.apache.myfaces.portlet.MyFacesGenericPortlet.VIEW_ID=%2Fstylesheets%2Fetu%2FinscriptionPedagogique.xhtml HTTP/1.1" 302 - "https://ent.univ-lorraine.fr/f/u912l1s4/normal/render.uP?pCt=esup-portlet-mondossierweb.u912l1n6&pP_org.apache.myfaces.portlet.MyFacesGenericPortlet.VIEW_ID=%2Fstylesheets%2Fetu%2FinscriptionPedagogique.xhtml" "Mozilla/5.0 (Windows NT 6.3; WOW64) AppleWebKit/537.36 (KHTML, like Gecko) Chrome/45.0.2454.99 Safari/537.36" "SESSION_ROUTE=ent5" "ASSIGN_ROUTE=ent5" TRACE-81170-SbHQUUkSK7JW3qg5gDLRWGWzEJWzhJGddqw2C09TMfcxtUqfR5-cas1
171.33.159.50 - - [26/Sep/2015:00:28:46 +0200] "GET /f/u912l1s4/normal/render.uP?pCt=esup-portlet-mondossierweb.u912l1n6&pP_org.apache.myfaces.portlet.MyFacesGenericPortlet.VIEW_ID=%2Fstylesheets%2Fetu%2Finscriptions.xhtml HTTP/1.1" 200 62428 "https://ent.univ-lorraine.fr/f/u912l1s4/normal/render.uP?pCt=esup-portlet-mondossierweb.u912l1n6&pP_org.apache.myfaces.portlet.MyFacesGenericPortlet.VIEW_ID=%2Fstylesheets%2Fetu%2FinscriptionPedagogique.xhtml" "Mozilla/5.0 (Windows NT 6.3; WOW64) AppleWebKit/537.36 (KHTML, like Gecko) Chrome/45.0.2454.99 Safari/537.36" "SESSION_ROUTE=ent5" "ASSIGN_ROUTE=ent5" TRACE-81170-SbHQUUkSK7JW3qg5gDLRWGWzEJWzhJGddqw2C09TMfcxtUqfR5-cas1
31.32.189.45 - - [26/Sep/2015:00:28:47 +0200] "GET /Login?profile=desktop HTTP/1.1" 302 - "https://ent.univ-lorraine.fr/p/ul-cms-planning-ade-ul.u911l1n141/max/render.uP?pCp" "Mozilla/5.0 (Windows Phone 8.1; ARM; Trident/7.0; Touch; rv:11.0; IEMobile/11.0; NOKIA; Lumia 635) like Gecko" "SESSION_ROUTE=ent4" "ASSIGN_ROUTE=ent4" TRACE-81187-PZXEPqZpKPiZzUa4tfsu1zTomMR9hDI4acI4FYBIfQE1V0uOsh-cas1
31.32.189.45 - - [26/Sep/2015:00:28:48 +0200] "GET /f/u1411l1s4/normal/render.uP HTTP/1.1" 200 52533 "https://ent.univ-lorraine.fr/p/ul-cms-planning-ade-ul.u911l1n141/max/render.uP?pCp" "Mozilla/5.0 (Windows Phone 8.1; ARM; Trident/7.0; Touch; rv:11.0; IEMobile/11.0; NOKIA; Lumia 635) like Gecko" "SESSION_ROUTE=ent4" "ASSIGN_ROUTE=ent4" TRACE-81187-PZXEPqZpKPiZzUa4tfsu1zTomMR9hDI4acI4FYBIfQE1V0uOsh-cas1
78.235.122.231 - - [26/Sep/2015:00:28:48 +0200] "GET /Login?profile=desktop HTTP/1.1" 302 - "https://auth.univ-lorraine.fr/login?service=https://ent.univ-lorraine.fr/Login?profile=desktop" "Mozilla/5.0 (Linux; Android 5.1.1; SAMSUNG SM-G925F Build/LMY47X) AppleWebKit/537.36 (KHTML, like Gecko) SamsungBrowser/3.2 Chrome/38.0.2125.102 Mobile Safari/537.36" "SESSION_ROUTE=ent5" "ASSIGN_ROUTE=ent5" TRACE-81196-TzMa0GW232leeB5We4botvqpCgZ9l6l0RZ1Kri3eEAmr6XxzoM-cas1
78.235.122.231 - - [26/Sep/2015:00:28:49 +0200] "GET /f/u1411l1s4/normal/render.uP HTTP/1.1" 200 50522 "https://auth.univ-lorraine.fr/login?service=https://ent.univ-lorraine.fr/Login?profile=desktop" "Mozilla/5.0 (Linux; Android 5.1.1; SAMSUNG SM-G925F Build/LMY47X) AppleWebKit/537.36 (KHTML, like Gecko) SamsungBrowser/3.2 Chrome/38.0.2125.102 Mobile Safari/537.36" "SESSION_ROUTE=ent5" "ASSIGN_ROUTE=ent5" TRACE-81196-TzMa0GW232leeB5We4botvqpCgZ9l6l0RZ1Kri3eEAmr6XxzoM-cas1
86.223.208.123 - - [26/Sep/2015:00:28:50 +0200] "GET /f/u911l1s4/normal/render.uP?pCt=ul-iframe-planning-ade-ul-formation.u911l1n55&pCs=normal&pCp HTTP/1.1" 200 44982 "https://ent.univ-lorraine.fr/f/u1411l1s4/normal/render.uP" "Mozilla/5.0 (Windows NT 10.0; WOW64) AppleWebKit/537.36 (KHTML, like Gecko) Chrome/44.0.2403.157 Safari/537.36 OPR/31.0.1889.230" "SESSION_ROUTE=ent4" "ASSIGN_ROUTE=ent4" TRACE-81195-WbAndo1I2aelUrWwC9CaRDYNgZ5sdiIfmnNHmKBkcXdJVaMPAo-cas1
92.138.218.174 - - [26/Sep/2015:00:28:53 +0200] "GET /Login?refUrl=/f/u911l1s4/normal/render.uP%3FpCt%3Dul-iframe-planning-ade-ul-etu.u911l1n54%26pCs%3Dnormal%26pCp HTTP/1.1" 302 - "https://auth.univ-lorraine.fr/login?service=https://ent.univ-lorraine.fr/Login%3FrefUrl%3D%2Ff%2Fu911l1s4%2Fnormal%2Frender.uP%253FpCt%253Dul-iframe-planning-ade-ul-etu.u911l1n54%2526pCs%253Dnormal%2526pCp" "Mozilla/5.0 (iPhone; CPU iPhone OS 8_4_1 like Mac OS X) AppleWebKit/600.1.4 (KHTML, like Gecko) Version/8.0 Mobile/12H321 Safari/600.1.4" "SESSION_ROUTE=ent3" "ASSIGN_ROUTE=ent3" TRACE-81198-dU9xANbiTSIMTEdQrdDrFsTz2CAdhifZQgW7VVnYmZoHqWkAEg-cas1
92.138.218.174 - - [26/Sep/2015:00:28:54 +0200] "GET /f/u911l1s4/normal/render.uP?pCt=ul-iframe-planning-ade-ul-etu.u911l1n54&pCs=normal&pCp HTTP/1.1" 302 - "https://auth.univ-lorraine.fr/login?service=https://ent.univ-lorraine.fr/Login%3FrefUrl%3D%2Ff%2Fu911l1s4%2Fnormal%2Frender.uP%253FpCt%253Dul-iframe-planning-ade-ul-etu.u911l1n54%2526pCs%253Dnormal%2526pCp" "Mozilla/5.0 (iPhone; CPU iPhone OS 8_4_1 like Mac OS X) AppleWebKit/600.1.4 (KHTML, like Gecko) Version/8.0 Mobile/12H321 Safari/600.1.4" "SESSION_ROUTE=ent3" "ASSIGN_ROUTE=ent3" TRACE-81198-dU9xANbiTSIMTEdQrdDrFsTz2CAdhifZQgW7VVnYmZoHqWkAEg-cas1
92.138.218.174 - - [26/Sep/2015:00:28:54 +0200] "GET /p/ul-iframe-planning-ade-ul-etu.u911l1n54/max/render.uP HTTP/1.1" 200 5419 "https://auth.univ-lorraine.fr/login?service=https://ent.univ-lorraine.fr/Login%3FrefUrl%3D%2Ff%2Fu911l1s4%2Fnormal%2Frender.uP%253FpCt%253Dul-iframe-planning-ade-ul-etu.u911l1n54%2526pCs%253Dnormal%2526pCp" "Mozilla/5.0 (iPhone; CPU iPhone OS 8_4_1 like Mac OS X) AppleWebKit/600.1.4 (KHTML, like Gecko) Version/8.0 Mobile/12H321 Safari/600.1.4" "SESSION_ROUTE=ent3" "ASSIGN_ROUTE=ent3" TRACE-81198-dU9xANbiTSIMTEdQrdDrFsTz2CAdhifZQgW7VVnYmZoHqWkAEg-cas1
78.235.122.231 - - [26/Sep/2015:00:28:54 +0200] "GET /f/u911l1s4/normal/render.uP HTTP/1.1" 200 44948 "https://ent.univ-lorraine.fr/f/u1411l1s4/normal/render.uP" "Mozilla/5.0 (Linux; Android 5.1.1; SAMSUNG SM-G925F Build/LMY47X) AppleWebKit/537.36 (KHTML, like Gecko) SamsungBrowser/3.2 Chrome/38.0.2125.102 Mobile Safari/537.36" "SESSION_ROUTE=ent5" "ASSIGN_ROUTE=ent5" TRACE-81196-TzMa0GW232leeB5We4botvqpCgZ9l6l0RZ1Kri3eEAmr6XxzoM-cas1
78.235.122.231 - - [26/Sep/2015:00:28:57 +0200] "GET /f/u911l1s4/normal/render.uP?pCt=ul-iframe-planning-ade-ul-formation.u911l1n55&pCs=normal&pCp HTTP/1.1" 200 44983 "https://ent.univ-lorraine.fr/f/u911l1s4/normal/render.uP" "Mozilla/5.0 (Linux; Android 5.1.1; SAMSUNG SM-G925F Build/LMY47X) AppleWebKit/537.36 (KHTML, like Gecko) SamsungBrowser/3.2 Chrome/38.0.2125.102 Mobile Safari/537.36" "SESSION_ROUTE=ent5" "ASSIGN_ROUTE=ent5" TRACE-81196-TzMa0GW232leeB5We4botvqpCgZ9l6l0RZ1Kri3eEAmr6XxzoM-cas1
80.12.35.112 - - [26/Sep/2015:00:28:58 +0200] "GET /Login HTTP/1.1" 302 - "https://auth.univ-lorraine.fr/login?service=https://ent.univ-lorraine.fr/Login" "Mozilla/5.0 (Linux; Android 5.1.1; SM-G920F Build/LMY47X) AppleWebKit/537.36 (KHTML, like Gecko) Chrome/45.0.2454.84 Mobile Safari/537.36" "SESSION_ROUTE=ent6" "ASSIGN_ROUTE=ent6" TRACE-81201-MrX3EV3qAkVbuhRpRqqb4JgwEVICc3M0JyKkeNOEkimvuJw7mc-cas1
80.12.35.112 - - [26/Sep/2015:00:28:59 +0200] "GET /normal/render.uP HTTP/1.1" 200 9157 "https://auth.univ-lorraine.fr/login?service=https://ent.univ-lorraine.fr/Login" "Mozilla/5.0 (Linux; Android 5.1.1; SM-G920F Build/LMY47X) AppleWebKit/537.36 (KHTML, like Gecko) Chrome/45.0.2454.84 Mobile Safari/537.36" "SESSION_ROUTE=ent6" "ASSIGN_ROUTE=ent6" TRACE-81201-MrX3EV3qAkVbuhRpRqqb4JgwEVICc3M0JyKkeNOEkimvuJw7mc-cas1
92.138.218.174 - - [26/Sep/2015:00:29:00 +0200] "GET /Login?profile=desktop HTTP/1.1" 302 - "https://ent.univ-lorraine.fr/p/ul-iframe-planning-ade-ul-etu.u911l1n54/max/render.uP" "Mozilla/5.0 (iPhone; CPU iPhone OS 8_4_1 like Mac OS X) AppleWebKit/600.1.4 (KHTML, like Gecko) Version/8.0 Mobile/12H321 Safari/600.1.4" "SESSION_ROUTE=ent3" "ASSIGN_ROUTE=ent3" TRACE-81198-dU9xANbiTSIMTEdQrdDrFsTz2CAdhifZQgW7VVnYmZoHqWkAEg-cas1
92.138.218.174 - - [26/Sep/2015:00:29:01 +0200] "GET /f/u1411l1s4/normal/render.uP HTTP/1.1" 200 51789 "https://ent.univ-lorraine.fr/p/ul-iframe-planning-ade-ul-etu.u911l1n54/max/render.uP" "Mozilla/5.0 (iPhone; CPU iPhone OS 8_4_1 like Mac OS X) AppleWebKit/600.1.4 (KHTML, like Gecko) Version/8.0 Mobile/12H321 Safari/600.1.4" "SESSION_ROUTE=ent3" "ASSIGN_ROUTE=ent3" TRACE-81198-dU9xANbiTSIMTEdQrdDrFsTz2CAdhifZQgW7VVnYmZoHqWkAEg-cas1
171.33.159.50 - - [26/Sep/2015:00:29:01 +0200] "POST /f/u912l1s4/p/esup-portlet-mondossierweb.u912l1n6/normal/action.uP?pP_org.apache.myfaces.portlet.MyFacesGenericPortlet.VIEW_ID=%2Fstylesheets%2Fetu%2Finscriptions.xhtml HTTP/1.1" 302 - "https://ent.univ-lorraine.fr/f/u912l1s4/normal/render.uP?pCt=esup-portlet-mondossierweb.u912l1n6&pP_org.apache.myfaces.portlet.MyFacesGenericPortlet.VIEW_ID=%2Fstylesheets%2Fetu%2Finscriptions.xhtml" "Mozilla/5.0 (Windows NT 6.3; WOW64) AppleWebKit/537.36 (KHTML, like Gecko) Chrome/45.0.2454.99 Safari/537.36" "SESSION_ROUTE=ent5" "ASSIGN_ROUTE=ent5" TRACE-81170-SbHQUUkSK7JW3qg5gDLRWGWzEJWzhJGddqw2C09TMfcxtUqfR5-cas1
171.33.159.50 - - [26/Sep/2015:00:29:03 +0200] "GET /esup-mondossierweb/download?downloadId=1443220142979 HTTP/1.1" 200 124784 "https://ent.univ-lorraine.fr/f/u912l1s4/normal/render.uP?pCt=esup-portlet-mondossierweb.u912l1n6&pP_org.apache.myfaces.portlet.MyFacesGenericPortlet.VIEW_ID=%2Fstylesheets%2Fetu%2Finscriptions.xhtml" "Mozilla/5.0 (Windows NT 6.3; WOW64) AppleWebKit/537.36 (KHTML, like Gecko) Chrome/45.0.2454.99 Safari/537.36" "SESSION_ROUTE=ent5" "ASSIGN_ROUTE=ent5" TRACE-81170-SbHQUUkSK7JW3qg5gDLRWGWzEJWzhJGddqw2C09TMfcxtUqfR5-cas1
193.49.162.10 - - [26/Sep/2015:00:29:04 +0200] "GET /Login HTTP/1.1" 302 - "https://auth.univ-lorraine.fr/login?service=https://ent.univ-lorraine.fr/Login" "Mozilla/5.0 (Macintosh; Intel Mac OS X 10_10_5) AppleWebKit/600.8.9 (KHTML, like Gecko) Version/8.0.8 Safari/600.8.9" "SESSION_ROUTE=ent3" "ASSIGN_ROUTE=ent3" TRACE-81202-uBI4T9hivlB5hbbtFj4OKm1eIrMbsw5EZVU21Mg2Ma1hQA92aW-cas1
193.49.162.10 - - [26/Sep/2015:00:29:04 +0200] "GET /f/u1411l1s4/normal/render.uP HTTP/1.1" 200 50537 "https://auth.univ-lorraine.fr/login?service=https://ent.univ-lorraine.fr/Login" "Mozilla/5.0 (Macintosh; Intel Mac OS X 10_10_5) AppleWebKit/600.8.9 (KHTML, like Gecko) Version/8.0.8 Safari/600.8.9" "SESSION_ROUTE=ent3" "ASSIGN_ROUTE=ent3" TRACE-81202-uBI4T9hivlB5hbbtFj4OKm1eIrMbsw5EZVU21Mg2Ma1hQA92aW-cas1
31.32.189.45 - - [26/Sep/2015:00:29:05 +0200] "GET /f/u911l1s4/normal/render.uP HTTP/1.1" 200 46959 "https://ent.univ-lorraine.fr/f/u1411l1s4/normal/render.uP" "Mozilla/5.0 (Windows Phone 8.1; ARM; Trident/7.0; Touch; rv:11.0; IEMobile/11.0; NOKIA; Lumia 635) like Gecko" "SESSION_ROUTE=ent4" "ASSIGN_ROUTE=ent4" TRACE-81187-PZXEPqZpKPiZzUa4tfsu1zTomMR9hDI4acI4FYBIfQE1V0uOsh-cas1
80.12.35.112 - - [26/Sep/2015:00:29:06 +0200] "GET /p/ul-cms-planning-ade-ul.u911l1n141/max/render.uP?pCp HTTP/1.1" 200 5702 "https://ent.univ-lorraine.fr/normal/render.uP" "Mozilla/5.0 (Linux; Android 5.1.1; SM-G920F Build/LMY47X) AppleWebKit/537.36 (KHTML, like Gecko) Chrome/45.0.2454.84 Mobile Safari/537.36" "SESSION_ROUTE=ent6" "ASSIGN_ROUTE=ent6" TRACE-81201-MrX3EV3qAkVbuhRpRqqb4JgwEVICc3M0JyKkeNOEkimvuJw7mc-cas1
193.49.162.10 - - [26/Sep/2015:00:29:08 +0200] "GET /f/u1411l1s4/normal/render.uP?pCt=ul-zcs-etud.u1411l1n53&pCs=normal&pCp HTTP/1.1" 200 56778 "https://ent.univ-lorraine.fr/f/u1411l1s4/normal/render.uP" "Mozilla/5.0 (Macintosh; Intel Mac OS X 10_10_5) AppleWebKit/600.8.9 (KHTML, like Gecko) Version/8.0.8 Safari/600.8.9" "SESSION_ROUTE=ent3" "ASSIGN_ROUTE=ent3" TRACE-81202-uBI4T9hivlB5hbbtFj4OKm1eIrMbsw5EZVU21Mg2Ma1hQA92aW-cas1
193.49.162.10 - - [26/Sep/2015:00:29:08 +0200] "GET /nancy2-portlet-zimbra/ajax/getWeekEvents HTTP/1.1" 200 2 "https://ent.univ-lorraine.fr/f/u1411l1s4/normal/render.uP?pCt=ul-zcs-etud.u1411l1n53&pCs=normal&pCp" "Mozilla/5.0 (Macintosh; Intel Mac OS X 10_10_5) AppleWebKit/600.8.9 (KHTML, like Gecko) Version/8.0.8 Safari/600.8.9" "SESSION_ROUTE=ent3" "ASSIGN_ROUTE=ent3" TRACE-81202-uBI4T9hivlB5hbbtFj4OKm1eIrMbsw5EZVU21Mg2Ma1hQA92aW-cas1
193.49.162.10 - - [26/Sep/2015:00:29:08 +0200] "GET /nancy2-portlet-zimbra/ajax/getTodayEvents HTTP/1.1" 200 2 "https://ent.univ-lorraine.fr/f/u1411l1s4/normal/render.uP?pCt=ul-zcs-etud.u1411l1n53&pCs=normal&pCp" "Mozilla/5.0 (Macintosh; Intel Mac OS X 10_10_5) AppleWebKit/600.8.9 (KHTML, like Gecko) Version/8.0.8 Safari/600.8.9" "SESSION_ROUTE=ent3" "ASSIGN_ROUTE=ent3" TRACE-81202-uBI4T9hivlB5hbbtFj4OKm1eIrMbsw5EZVU21Mg2Ma1hQA92aW-cas1
193.49.162.10 - - [26/Sep/2015:00:29:08 +0200] "GET /nancy2-portlet-zimbra/ajax/getFolders HTTP/1.1" 200 550 "https://ent.univ-lorraine.fr/f/u1411l1s4/normal/render.uP?pCt=ul-zcs-etud.u1411l1n53&pCs=normal&pCp" "Mozilla/5.0 (Macintosh; Intel Mac OS X 10_10_5) AppleWebKit/600.8.9 (KHTML, like Gecko) Version/8.0.8 Safari/600.8.9" "SESSION_ROUTE=ent3" "ASSIGN_ROUTE=ent3" TRACE-81202-uBI4T9hivlB5hbbtFj4OKm1eIrMbsw5EZVU21Mg2Ma1hQA92aW-cas1
193.49.162.10 - - [26/Sep/2015:00:29:08 +0200] "GET /nancy2-portlet-zimbra/ajax/getMessages HTTP/1.1" 200 1630 "https://ent.univ-lorraine.fr/f/u1411l1s4/normal/render.uP?pCt=ul-zcs-etud.u1411l1n53&pCs=normal&pCp" "Mozilla/5.0 (Macintosh; Intel Mac OS X 10_10_5) AppleWebKit/600.8.9 (KHTML, like Gecko) Version/8.0.8 Safari/600.8.9" "SESSION_ROUTE=ent3" "ASSIGN_ROUTE=ent3" TRACE-81202-uBI4T9hivlB5hbbtFj4OKm1eIrMbsw5EZVU21Mg2Ma1hQA92aW-cas1
193.49.162.10 - - [26/Sep/2015:00:29:08 +0200] "GET /nancy2-portlet-zimbra/ajax/getTasks HTTP/1.1" 200 2 "https://ent.univ-lorraine.fr/f/u1411l1s4/normal/render.uP?pCt=ul-zcs-etud.u1411l1n53&pCs=normal&pCp" "Mozilla/5.0 (Macintosh; Intel Mac OS X 10_10_5) AppleWebKit/600.8.9 (KHTML, like Gecko) Version/8.0.8 Safari/600.8.9" "SESSION_ROUTE=ent3" "ASSIGN_ROUTE=ent3" TRACE-81202-uBI4T9hivlB5hbbtFj4OKm1eIrMbsw5EZVU21Mg2Ma1hQA92aW-cas1
92.138.126.126 - - [26/Sep/2015:00:29:08 +0200] "GET /f/u1411l1s4/normal/render.uP?pCt=ul-zcs-etud.u1411l1n53&pCs=normal&pCp HTTP/1.1" 200 56817 "https://ent.univ-lorraine.fr/f/u1411l1s4/normal/render.uP" "Mozilla/5.0 (Windows NT 6.3; WOW64) AppleWebKit/537.36 (KHTML, like Gecko) Chrome/45.0.2454.99 Safari/537.36" "SESSION_ROUTE=ent4" "ASSIGN_ROUTE=ent4" TRACE-81180-0S5J0X52iYNGKgdQqikm9FqXR5hKSRcXS1t75ufaeQOdXwhKHB-cas1
77.201.129.39 - - [26/Sep/2015:00:29:07 +0200] "GET /Login HTTP/1.1" 302 - "https://auth.univ-lorraine.fr/login?service=https://ent.univ-lorraine.fr/Login" "Mozilla/5.0 (Windows NT 6.1; WOW64; Trident/7.0; rv:11.0) like Gecko" "SESSION_ROUTE=ent6" "ASSIGN_ROUTE=ent6" TRACE-81203-kfHtbzIvgm99i0KZJSjyKkacrqhieqiG6HWIc2KzsL1whNNCZJ-cas1
77.201.129.39 - - [26/Sep/2015:00:29:08 +0200] "GET /f/u1411l1s4/normal/render.uP HTTP/1.1" 200 59183 "https://auth.univ-lorraine.fr/login?service=https://ent.univ-lorraine.fr/Login" "Mozilla/5.0 (Windows NT 6.1; WOW64; Trident/7.0; rv:11.0) like Gecko" "SESSION_ROUTE=ent6" "ASSIGN_ROUTE=ent6" TRACE-81203-kfHtbzIvgm99i0KZJSjyKkacrqhieqiG6HWIc2KzsL1whNNCZJ-cas1
92.138.126.126 - - [26/Sep/2015:00:29:09 +0200] "GET /nancy2-portlet-zimbra/ajax/getMessages HTTP/1.1" 200 2 "https://ent.univ-lorraine.fr/f/u1411l1s4/normal/render.uP?pCt=ul-zcs-etud.u1411l1n53&pCs=normal&pCp" "Mozilla/5.0 (Windows NT 6.3; WOW64) AppleWebKit/537.36 (KHTML, like Gecko) Chrome/45.0.2454.99 Safari/537.36" "SESSION_ROUTE=ent4" "ASSIGN_ROUTE=ent4" TRACE-81180-0S5J0X52iYNGKgdQqikm9FqXR5hKSRcXS1t75ufaeQOdXwhKHB-cas1
92.138.126.126 - - [26/Sep/2015:00:29:09 +0200] "GET /nancy2-portlet-zimbra/ajax/getFolders HTTP/1.1" 200 548 "https://ent.univ-lorraine.fr/f/u1411l1s4/normal/render.uP?pCt=ul-zcs-etud.u1411l1n53&pCs=normal&pCp" "Mozilla/5.0 (Windows NT 6.3; WOW64) AppleWebKit/537.36 (KHTML, like Gecko) Chrome/45.0.2454.99 Safari/537.36" "SESSION_ROUTE=ent4" "ASSIGN_ROUTE=ent4" TRACE-81180-0S5J0X52iYNGKgdQqikm9FqXR5hKSRcXS1t75ufaeQOdXwhKHB-cas1
92.138.126.126 - - [26/Sep/2015:00:29:09 +0200] "GET /nancy2-portlet-zimbra/ajax/getTodayEvents HTTP/1.1" 200 2 "https://ent.univ-lorraine.fr/f/u1411l1s4/normal/render.uP?pCt=ul-zcs-etud.u1411l1n53&pCs=normal&pCp" "Mozilla/5.0 (Windows NT 6.3; WOW64) AppleWebKit/537.36 (KHTML, like Gecko) Chrome/45.0.2454.99 Safari/537.36" "SESSION_ROUTE=ent4" "ASSIGN_ROUTE=ent4" TRACE-81180-0S5J0X52iYNGKgdQqikm9FqXR5hKSRcXS1t75ufaeQOdXwhKHB-cas1
92.138.126.126 - - [26/Sep/2015:00:29:10 +0200] "GET /nancy2-portlet-zimbra/ajax/getWeekEvents HTTP/1.1" 200 2 "https://ent.univ-lorraine.fr/f/u1411l1s4/normal/render.uP?pCt=ul-zcs-etud.u1411l1n53&pCs=normal&pCp" "Mozilla/5.0 (Windows NT 6.3; WOW64) AppleWebKit/537.36 (KHTML, like Gecko) Chrome/45.0.2454.99 Safari/537.36" "SESSION_ROUTE=ent4" "ASSIGN_ROUTE=ent4" TRACE-81180-0S5J0X52iYNGKgdQqikm9FqXR5hKSRcXS1t75ufaeQOdXwhKHB-cas1
92.138.126.126 - - [26/Sep/2015:00:29:10 +0200] "GET /nancy2-portlet-zimbra/ajax/getTasks HTTP/1.1" 200 2 "https://ent.univ-lorraine.fr/f/u1411l1s4/normal/render.uP?pCt=ul-zcs-etud.u1411l1n53&pCs=normal&pCp" "Mozilla/5.0 (Windows NT 6.3; WOW64) AppleWebKit/537.36 (KHTML, like Gecko) Chrome/45.0.2454.99 Safari/537.36" "SESSION_ROUTE=ent4" "ASSIGN_ROUTE=ent4" TRACE-81180-0S5J0X52iYNGKgdQqikm9FqXR5hKSRcXS1t75ufaeQOdXwhKHB-cas1
83.196.41.60 - - [26/Sep/2015:00:29:13 +0200] "GET /Login?refUrl=/normal/render.uP?from_app=true HTTP/1.1" 302 - "-" "Mozilla/5.0 (Linux; Android 4.4.2; SM-N9005 Build/KOT49H) AppleWebKit/537.36 (KHTML, like Gecko) Version/4.0 Chrome/30.0.0.0 Mobile Safari/537.36" "SESSION_ROUTE=ent6" "ASSIGN_ROUTE=ent6" TRACE-81204-Ft1UthBdDcf6vbnfYc6weGrF5Cx4lNCLWSgBdkmsOHEPNBFnSy-cas1
31.32.189.45 - - [26/Sep/2015:00:29:13 +0200] "GET /f/u911l1s4/normal/render.uP?pCt=ul-iframe-planning-ade-ul-formation.u911l1n55&pCs=normal&pCp HTTP/1.1" 200 46994 "https://ent.univ-lorraine.fr/f/u911l1s4/normal/render.uP" "Mozilla/5.0 (Windows Phone 8.1; ARM; Trident/7.0; Touch; rv:11.0; IEMobile/11.0; NOKIA; Lumia 635) like Gecko" "SESSION_ROUTE=ent4" "ASSIGN_ROUTE=ent4" TRACE-81187-PZXEPqZpKPiZzUa4tfsu1zTomMR9hDI4acI4FYBIfQE1V0uOsh-cas1
83.196.41.60 - - [26/Sep/2015:00:29:13 +0200] "GET /normal/render.uP?from_app=true HTTP/1.1" 200 9157 "-" "Mozilla/5.0 (Linux; Android 4.4.2; SM-N9005 Build/KOT49H) AppleWebKit/537.36 (KHTML, like Gecko) Version/4.0 Chrome/30.0.0.0 Mobile Safari/537.36" "SESSION_ROUTE=ent6" "ASSIGN_ROUTE=ent6" TRACE-81204-Ft1UthBdDcf6vbnfYc6weGrF5Cx4lNCLWSgBdkmsOHEPNBFnSy-cas1
88.163.244.105 - - [26/Sep/2015:00:29:09 +0200] "GET /f/u911l1s4/normal/render.uP?pCt=uhp-portlet-cours-moodle-bali.u911l1n67&pCs=normal&pCp HTTP/1.1" 200 66920 "https://ent.univ-lorraine.fr/f/u911l1s4/normal/render.uP?pCt=ul-iframe-planning-ade-ul-global.u911l1n57&pCs=normal&pCp" "Mozilla/5.0 (Macintosh; Intel Mac OS X 10_10_5) AppleWebKit/537.36 (KHTML, like Gecko) Chrome/45.0.2454.99 Safari/537.36" "SESSION_ROUTE=ent3" "ASSIGN_ROUTE=ent3" TRACE-81174-TzN34K5nf6L65tw0aaorYIcMeepVZcBrErfKJsibcncA3X2FIX-cas1
80.12.35.112 - - [26/Sep/2015:00:29:15 +0200] "GET /Login?profile=desktop HTTP/1.1" 302 - "https://ent.univ-lorraine.fr/p/ul-cms-planning-ade-ul.u911l1n141/max/render.uP?pCp" "Mozilla/5.0 (Linux; Android 5.1.1; SM-G920F Build/LMY47X) AppleWebKit/537.36 (KHTML, like Gecko) Chrome/45.0.2454.84 Mobile Safari/537.36" "SESSION_ROUTE=ent6" "ASSIGN_ROUTE=ent6" TRACE-81201-MrX3EV3qAkVbuhRpRqqb4JgwEVICc3M0JyKkeNOEkimvuJw7mc-cas1
79.80.221.12 - - [26/Sep/2015:00:29:16 +0200] "GET /Logout HTTP/1.1" 302 - "https://ent.univ-lorraine.fr/f/u911l1s4/normal/render.uP?pCt=ul-iframe-planning-ade-ul-formation.u911l1n55&pCs=normal&pCp" "Mozilla/5.0 (Windows NT 6.3; WOW64; rv:41.0) Gecko/20100101 Firefox/41.0" "SESSION_ROUTE=ent6" "ASSIGN_ROUTE=ent6" TRACE-81139-1JGmTLmLffML9E2q01tphPhqslMzpwigwRAKNbZZtcErlH41yB-cas1
80.12.35.112 - - [26/Sep/2015:00:29:16 +0200] "GET /f/u1411l1s4/normal/render.uP HTTP/1.1" 200 50522 "https://ent.univ-lorraine.fr/p/ul-cms-planning-ade-ul.u911l1n141/max/render.uP?pCp" "Mozilla/5.0 (Linux; Android 5.1.1; SM-G920F Build/LMY47X) AppleWebKit/537.36 (KHTML, like Gecko) Chrome/45.0.2454.84 Mobile Safari/537.36" "SESSION_ROUTE=ent6" "ASSIGN_ROUTE=ent6" TRACE-81201-MrX3EV3qAkVbuhRpRqqb4JgwEVICc3M0JyKkeNOEkimvuJw7mc-cas1
79.80.221.12 - - [26/Sep/2015:00:29:17 +0200] "GET /Login HTTP/1.1" 302 - "https://ent.univ-lorraine.fr/f/u911l1s4/normal/render.uP?pCt=ul-iframe-planning-ade-ul-formation.u911l1n55&pCs=normal&pCp" "Mozilla/5.0 (Windows NT 6.3; WOW64; rv:41.0) Gecko/20100101 Firefox/41.0" "SESSION_ROUTE=ent6" "ASSIGN_ROUTE=ent6" TRACE-81139-1JGmTLmLffML9E2q01tphPhqslMzpwigwRAKNbZZtcErlH41yB-cas1
79.80.221.12 - - [26/Sep/2015:00:29:17 +0200] "GET /f/u21l1s4/normal/render.uP HTTP/1.1" 200 30048 "https://ent.univ-lorraine.fr/f/u911l1s4/normal/render.uP?pCt=ul-iframe-planning-ade-ul-formation.u911l1n55&pCs=normal&pCp" "Mozilla/5.0 (Windows NT 6.3; WOW64; rv:41.0) Gecko/20100101 Firefox/41.0" "SESSION_ROUTE=ent6" "ASSIGN_ROUTE=ent6" TRACE-81139-1JGmTLmLffML9E2q01tphPhqslMzpwigwRAKNbZZtcErlH41yB-cas1
92.138.218.174 - - [26/Sep/2015:00:29:18 +0200] "GET /f/u911l1s4/normal/render.uP?pCt=ul-iframe-planning-ade-ul-etu.u911l1n54&pCs=normal&pCp HTTP/1.1" 200 46217 "https://ent.univ-lorraine.fr/f/u1411l1s4/normal/render.uP" "Mozilla/5.0 (iPhone; CPU iPhone OS 8_4_1 like Mac OS X) AppleWebKit/600.1.4 (KHTML, like Gecko) Version/8.0 Mobile/12H321 Safari/600.1.4" "SESSION_ROUTE=ent3" "ASSIGN_ROUTE=ent3" TRACE-81198-dU9xANbiTSIMTEdQrdDrFsTz2CAdhifZQgW7VVnYmZoHqWkAEg-cas1
79.80.221.12 - - [26/Sep/2015:00:29:19 +0200] "POST /f/u21l1s4/p/esup-portlet-annuaire-desktop.u21l1n103/normal/action.uP?pP___jpfbJSFTARGET=view%3A%2Fstylesheets%2Fhome.xhtml HTTP/1.1" 302 - "https://ent.univ-lorraine.fr/f/u21l1s4/normal/render.uP" "Mozilla/5.0 (Windows NT 6.3; WOW64; rv:41.0) Gecko/20100101 Firefox/41.0" "SESSION_ROUTE=ent6" "ASSIGN_ROUTE=ent6" TRACE-81139-1JGmTLmLffML9E2q01tphPhqslMzpwigwRAKNbZZtcErlH41yB-cas1
79.80.221.12 - - [26/Sep/2015:00:29:20 +0200] "GET /f/u21l1s4/normal/render.uP?pCt=esup-portlet-annuaire-desktop.u21l1n103&pP___jpfbJSFTARGET=view%3A%2Fstylesheets%2Fdesktop%2Fpersons.xhtml&pP_org.apache.myfaces.trinidad.util.RequestStateMap=2145b2ab-4e00-4f0b-946d-1e9484c4cd58 HTTP/1.1" 200 40339 "https://ent.univ-lorraine.fr/f/u21l1s4/normal/render.uP" "Mozilla/5.0 (Windows NT 6.3; WOW64; rv:41.0) Gecko/20100101 Firefox/41.0" "SESSION_ROUTE=ent6" "ASSIGN_ROUTE=ent6" TRACE-81139-1JGmTLmLffML9E2q01tphPhqslMzpwigwRAKNbZZtcErlH41yB-cas1
83.196.41.60 - - [26/Sep/2015:00:29:22 +0200] "GET /p/ul-cms-planning-ade-ul.u911l1n141/max/render.uP?pCp HTTP/1.1" 200 5704 "-" "Mozilla/5.0 (Linux; Android 4.4.2; SM-N9005 Build/KOT49H) AppleWebKit/537.36 (KHTML, like Gecko) Version/4.0 Chrome/30.0.0.0 Mobile Safari/537.36" "SESSION_ROUTE=ent6" "ASSIGN_ROUTE=ent6" TRACE-81204-Ft1UthBdDcf6vbnfYc6weGrF5Cx4lNCLWSgBdkmsOHEPNBFnSy-cas1
77.201.129.39 - - [26/Sep/2015:00:29:22 +0200] "GET /f/u911l1s4/normal/render.uP?pCt=ul-iframe-planning-ade-ul-pers.u911l1n52&pCs=normal&pCp HTTP/1.1" 200 52621 "https://ent.univ-lorraine.fr/f/u1411l1s4/normal/render.uP" "Mozilla/5.0 (Windows NT 6.1; WOW64; Trident/7.0; rv:11.0) like Gecko" "SESSION_ROUTE=ent6" "ASSIGN_ROUTE=ent6" TRACE-81203-kfHtbzIvgm99i0KZJSjyKkacrqhieqiG6HWIc2KzsL1whNNCZJ-cas1
80.12.35.112 - - [26/Sep/2015:00:29:27 +0200] "GET /f/u911l1s4/normal/render.uP HTTP/1.1" 200 44948 "https://ent.univ-lorraine.fr/f/u1411l1s4/normal/render.uP" "Mozilla/5.0 (Linux; Android 5.1.1; SM-G920F Build/LMY47X) AppleWebKit/537.36 (KHTML, like Gecko) Chrome/45.0.2454.84 Mobile Safari/537.36" "SESSION_ROUTE=ent6" "ASSIGN_ROUTE=ent6" TRACE-81201-MrX3EV3qAkVbuhRpRqqb4JgwEVICc3M0JyKkeNOEkimvuJw7mc-cas1
88.163.244.105 - - [26/Sep/2015:00:29:40 +0200] "GET /f/u911l1s4/normal/render.uP?pCt=esup-portlet-mondossierweb.u911l1n69&pCs=normal&pCp HTTP/1.1" 200 57877 "https://ent.univ-lorraine.fr/f/u911l1s4/normal/render.uP?pCt=uhp-portlet-cours-moodle-bali.u911l1n67&pCs=normal&pCp" "Mozilla/5.0 (Macintosh; Intel Mac OS X 10_10_5) AppleWebKit/537.36 (KHTML, like Gecko) Chrome/45.0.2454.99 Safari/537.36" "SESSION_ROUTE=ent3" "ASSIGN_ROUTE=ent3" TRACE-81174-TzN34K5nf6L65tw0aaorYIcMeepVZcBrErfKJsibcncA3X2FIX-cas1
88.163.244.105 - - [26/Sep/2015:00:29:45 +0200] "GET /f/u911l1s4/normal/render.uP?pCt=ul-iframe-sympa-etu.u911l1n71&pCs=normal&pCp HTTP/1.1" 200 45186 "https://ent.univ-lorraine.fr/f/u911l1s4/normal/render.uP?pCt=esup-portlet-mondossierweb.u911l1n69&pCs=normal&pCp" "Mozilla/5.0 (Macintosh; Intel Mac OS X 10_10_5) AppleWebKit/537.36 (KHTML, like Gecko) Chrome/45.0.2454.99 Safari/537.36" "SESSION_ROUTE=ent3" "ASSIGN_ROUTE=ent3" TRACE-81174-TzN34K5nf6L65tw0aaorYIcMeepVZcBrErfKJsibcncA3X2FIX-cas1
88.163.254.99 - - [26/Sep/2015:00:29:51 +0200] "GET /Login?refUrl=/f/u911l1s4/normal/render.uP%3FpCt%3Dul-iframe-planning-ade-ul-etu.u911l1n54%26pCs%3Dnormal%26pCp HTTP/1.1" 302 - "https://auth.univ-lorraine.fr/login?service=https://ent.univ-lorraine.fr/Login%3FrefUrl%3D%2Ff%2Fu911l1s4%2Fnormal%2Frender.uP%253FpCt%253Dul-iframe-planning-ade-ul-etu.u911l1n54%2526pCs%253Dnormal%2526pCp" "Mozilla/5.0 (Windows NT 6.1; WOW64) AppleWebKit/537.36 (KHTML, like Gecko) Chrome/45.0.2454.85 Safari/537.36" "SESSION_ROUTE=ent3" "ASSIGN_ROUTE=ent3" TRACE-81208-3jxhV0eCgcSIaJSUIKNdtbTMiZf4OtPboDOlvQFwbcduoiSjQr-cas1
88.163.254.99 - - [26/Sep/2015:00:29:51 +0200] "GET /f/u911l1s4/normal/render.uP?pCt=ul-iframe-planning-ade-ul-etu.u911l1n54&pCs=normal&pCp HTTP/1.1" 200 46944 "https://auth.univ-lorraine.fr/login?service=https://ent.univ-lorraine.fr/Login%3FrefUrl%3D%2Ff%2Fu911l1s4%2Fnormal%2Frender.uP%253FpCt%253Dul-iframe-planning-ade-ul-etu.u911l1n54%2526pCs%253Dnormal%2526pCp" "Mozilla/5.0 (Windows NT 6.1; WOW64) AppleWebKit/537.36 (KHTML, like Gecko) Chrome/45.0.2454.85 Safari/537.36" "SESSION_ROUTE=ent3" "ASSIGN_ROUTE=ent3" TRACE-81208-3jxhV0eCgcSIaJSUIKNdtbTMiZf4OtPboDOlvQFwbcduoiSjQr-cas1
80.12.35.112 - - [26/Sep/2015:00:29:53 +0200] "GET /f/u911l1s4/normal/render.uP?pCt=ul-iframe-planning-ade-ul-global.u911l1n57&pCs=normal&pCp HTTP/1.1" 200 45218 "https://ent.univ-lorraine.fr/f/u911l1s4/normal/render.uP" "Mozilla/5.0 (Linux; Android 5.1.1; SM-G920F Build/LMY47X) AppleWebKit/537.36 (KHTML, like Gecko) Chrome/45.0.2454.84 Mobile Safari/537.36" "SESSION_ROUTE=ent6" "ASSIGN_ROUTE=ent6" TRACE-81201-MrX3EV3qAkVbuhRpRqqb4JgwEVICc3M0JyKkeNOEkimvuJw7mc-cas1
88.163.244.105 - - [26/Sep/2015:00:30:00 +0200] "GET /f/u911l1s4/normal/render.uP?pCt=ul-iframe-ressourcesExternes.u911l1n73&pCs=normal&pCp HTTP/1.1" 200 45007 "https://ent.univ-lorraine.fr/f/u911l1s4/normal/render.uP?pCt=ul-iframe-sympa-etu.u911l1n71&pCs=normal&pCp" "Mozilla/5.0 (Macintosh; Intel Mac OS X 10_10_5) AppleWebKit/537.36 (KHTML, like Gecko) Chrome/45.0.2454.99 Safari/537.36" "SESSION_ROUTE=ent3" "ASSIGN_ROUTE=ent3" TRACE-81174-TzN34K5nf6L65tw0aaorYIcMeepVZcBrErfKJsibcncA3X2FIX-cas1
88.163.244.105 - - [26/Sep/2015:00:30:01 +0200] "GET /html/ressourcesExternes/index.html HTTP/1.1" 200 6214 "https://ent.univ-lorraine.fr/f/u911l1s4/normal/render.uP?pCt=ul-iframe-ressourcesExternes.u911l1n73&pCs=normal&pCp" "Mozilla/5.0 (Macintosh; Intel Mac OS X 10_10_5) AppleWebKit/537.36 (KHTML, like Gecko) Chrome/45.0.2454.99 Safari/537.36" "SESSION_ROUTE=ent3" "ASSIGN_ROUTE=ent3" TRACE-81174-TzN34K5nf6L65tw0aaorYIcMeepVZcBrErfKJsibcncA3X2FIX-cas1
88.163.244.105 - - [26/Sep/2015:00:30:05 +0200] "GET /f/u911l1s4/normal/render.uP?pCt=ul-iframe-stages.u911l1n77&pCs=normal&pCp HTTP/1.1" 200 44953 "https://ent.univ-lorraine.fr/f/u911l1s4/normal/render.uP?pCt=ul-iframe-ressourcesExternes.u911l1n73&pCs=normal&pCp" "Mozilla/5.0 (Macintosh; Intel Mac OS X 10_10_5) AppleWebKit/537.36 (KHTML, like Gecko) Chrome/45.0.2454.99 Safari/537.36" "SESSION_ROUTE=ent3" "ASSIGN_ROUTE=ent3" TRACE-81174-TzN34K5nf6L65tw0aaorYIcMeepVZcBrErfKJsibcncA3X2FIX-cas1
88.163.244.105 - - [26/Sep/2015:00:30:07 +0200] "GET /f/u911l1s4/normal/render.uP?pCt=ul-iframe-planning-ade-ul-etu.u911l1n54&pCs=normal&pCp HTTP/1.1" 200 45084 "https://ent.univ-lorraine.fr/f/u911l1s4/normal/render.uP?pCt=ul-iframe-stages.u911l1n77&pCs=normal&pCp" "Mozilla/5.0 (Macintosh; Intel Mac OS X 10_10_5) AppleWebKit/537.36 (KHTML, like Gecko) Chrome/45.0.2454.99 Safari/537.36" "SESSION_ROUTE=ent3" "ASSIGN_ROUTE=ent3" TRACE-81174-TzN34K5nf6L65tw0aaorYIcMeepVZcBrErfKJsibcncA3X2FIX-cas1
88.163.244.105 - - [26/Sep/2015:00:30:09 +0200] "GET /f/u911l1s4/normal/render.uP?pCt=ul-iframe-planning-ade-ul-formation.u911l1n55&pCs=normal&pCp HTTP/1.1" 200 45120 "https://ent.univ-lorraine.fr/f/u911l1s4/normal/render.uP?pCt=ul-iframe-planning-ade-ul-etu.u911l1n54&pCs=normal&pCp" "Mozilla/5.0 (Macintosh; Intel Mac OS X 10_10_5) AppleWebKit/537.36 (KHTML, like Gecko) Chrome/45.0.2454.99 Safari/537.36" "SESSION_ROUTE=ent3" "ASSIGN_ROUTE=ent3" TRACE-81174-TzN34K5nf6L65tw0aaorYIcMeepVZcBrErfKJsibcncA3X2FIX-cas1
176.149.81.91 - - [26/Sep/2015:00:30:15 +0200] "GET /Login HTTP/1.1" 302 - "https://auth.univ-lorraine.fr/login?service=https://ent.univ-lorraine.fr/Login" "Mozilla/5.0 (Macintosh; Intel Mac OS X 10_9_5) AppleWebKit/600.8.9 (KHTML, like Gecko) Version/7.1.8 Safari/537.85.17" "SESSION_ROUTE=ent4" "ASSIGN_ROUTE=ent4" TRACE-81213-GUamDoMlFxdAlyEbXli5QVwu6eNIMbk4RjTeqFOIdItDWWkXqt-cas1
176.149.81.91 - - [26/Sep/2015:00:30:16 +0200] "GET /f/u1411l1s4/normal/render.uP HTTP/1.1" 200 53981 "https://auth.univ-lorraine.fr/login?service=https://ent.univ-lorraine.fr/Login" "Mozilla/5.0 (Macintosh; Intel Mac OS X 10_9_5) AppleWebKit/600.8.9 (KHTML, like Gecko) Version/7.1.8 Safari/537.85.17" "SESSION_ROUTE=ent4" "ASSIGN_ROUTE=ent4" TRACE-81213-GUamDoMlFxdAlyEbXli5QVwu6eNIMbk4RjTeqFOIdItDWWkXqt-cas1
176.149.81.91 - - [26/Sep/2015:00:30:23 +0200] "GET /f/u1411l1s4/normal/render.uP?pCt=ul-zcs-etud.u1411l1n53&pCs=normal&pCp HTTP/1.1" 200 60222 "https://ent.univ-lorraine.fr/f/u1411l1s4/normal/render.uP" "Mozilla/5.0 (Macintosh; Intel Mac OS X 10_9_5) AppleWebKit/600.8.9 (KHTML, like Gecko) Version/7.1.8 Safari/537.85.17" "SESSION_ROUTE=ent4" "ASSIGN_ROUTE=ent4" TRACE-81213-GUamDoMlFxdAlyEbXli5QVwu6eNIMbk4RjTeqFOIdItDWWkXqt-cas1
176.149.81.91 - - [26/Sep/2015:00:30:24 +0200] "GET /nancy2-portlet-zimbra/ajax/getFolders HTTP/1.1" 200 550 "https://ent.univ-lorraine.fr/f/u1411l1s4/normal/render.uP?pCt=ul-zcs-etud.u1411l1n53&pCs=normal&pCp" "Mozilla/5.0 (Macintosh; Intel Mac OS X 10_9_5) AppleWebKit/600.8.9 (KHTML, like Gecko) Version/7.1.8 Safari/537.85.17" "SESSION_ROUTE=ent4" "ASSIGN_ROUTE=ent4" TRACE-81213-GUamDoMlFxdAlyEbXli5QVwu6eNIMbk4RjTeqFOIdItDWWkXqt-cas1
176.149.81.91 - - [26/Sep/2015:00:30:24 +0200] "GET /nancy2-portlet-zimbra/ajax/getTasks HTTP/1.1" 200 2 "https://ent.univ-lorraine.fr/f/u1411l1s4/normal/render.uP?pCt=ul-zcs-etud.u1411l1n53&pCs=normal&pCp" "Mozilla/5.0 (Macintosh; Intel Mac OS X 10_9_5) AppleWebKit/600.8.9 (KHTML, like Gecko) Version/7.1.8 Safari/537.85.17" "SESSION_ROUTE=ent4" "ASSIGN_ROUTE=ent4" TRACE-81213-GUamDoMlFxdAlyEbXli5QVwu6eNIMbk4RjTeqFOIdItDWWkXqt-cas1
176.149.81.91 - - [26/Sep/2015:00:30:24 +0200] "GET /nancy2-portlet-zimbra/ajax/getTodayEvents HTTP/1.1" 200 2 "https://ent.univ-lorraine.fr/f/u1411l1s4/normal/render.uP?pCt=ul-zcs-etud.u1411l1n53&pCs=normal&pCp" "Mozilla/5.0 (Macintosh; Intel Mac OS X 10_9_5) AppleWebKit/600.8.9 (KHTML, like Gecko) Version/7.1.8 Safari/537.85.17" "SESSION_ROUTE=ent4" "ASSIGN_ROUTE=ent4" TRACE-81213-GUamDoMlFxdAlyEbXli5QVwu6eNIMbk4RjTeqFOIdItDWWkXqt-cas1
176.149.81.91 - - [26/Sep/2015:00:30:24 +0200] "GET /nancy2-portlet-zimbra/ajax/getWeekEvents HTTP/1.1" 200 2 "https://ent.univ-lorraine.fr/f/u1411l1s4/normal/render.uP?pCt=ul-zcs-etud.u1411l1n53&pCs=normal&pCp" "Mozilla/5.0 (Macintosh; Intel Mac OS X 10_9_5) AppleWebKit/600.8.9 (KHTML, like Gecko) Version/7.1.8 Safari/537.85.17" "SESSION_ROUTE=ent4" "ASSIGN_ROUTE=ent4" TRACE-81213-GUamDoMlFxdAlyEbXli5QVwu6eNIMbk4RjTeqFOIdItDWWkXqt-cas1
176.149.81.91 - - [26/Sep/2015:00:30:24 +0200] "GET /nancy2-portlet-zimbra/ajax/getMessages HTTP/1.1" 200 1630 "https://ent.univ-lorraine.fr/f/u1411l1s4/normal/render.uP?pCt=ul-zcs-etud.u1411l1n53&pCs=normal&pCp" "Mozilla/5.0 (Macintosh; Intel Mac OS X 10_9_5) AppleWebKit/600.8.9 (KHTML, like Gecko) Version/7.1.8 Safari/537.85.17" "SESSION_ROUTE=ent4" "ASSIGN_ROUTE=ent4" TRACE-81213-GUamDoMlFxdAlyEbXli5QVwu6eNIMbk4RjTeqFOIdItDWWkXqt-cas1
86.76.82.74 - - [26/Sep/2015:00:30:25 +0200] "GET /Login HTTP/1.1" 302 - "https://auth.univ-lorraine.fr/login?service=https://ent.univ-lorraine.fr/Login" "Mozilla/5.0 (Windows NT 10.0; WOW64; rv:40.0) Gecko/20100101 Firefox/40.0" "SESSION_ROUTE=ent6" "ASSIGN_ROUTE=ent6" TRACE-81215-efv2EB0RdHhqlOTfdxS3XrPcLAgyQQHnMBfWRi473u79jBU2Ek-cas1
86.76.82.74 - - [26/Sep/2015:00:30:26 +0200] "GET /f/u1411l1s4/normal/render.uP HTTP/1.1" 200 50521 "https://auth.univ-lorraine.fr/login?service=https://ent.univ-lorraine.fr/Login" "Mozilla/5.0 (Windows NT 10.0; WOW64; rv:40.0) Gecko/20100101 Firefox/40.0" "SESSION_ROUTE=ent6" "ASSIGN_ROUTE=ent6" TRACE-81215-efv2EB0RdHhqlOTfdxS3XrPcLAgyQQHnMBfWRi473u79jBU2Ek-cas1
31.32.189.45 - - [26/Sep/2015:00:30:26 +0200] "GET /f/u911l1s4/normal/render.uP?pCt=ul-iframe-semvacc.u911l1n84&pCs=normal&pCp HTTP/1.1" 200 46812 "https://ent.univ-lorraine.fr/f/u911l1s4/normal/render.uP?pCt=ul-iframe-planning-ade-ul-formation.u911l1n55&pCs=normal&pCp" "Mozilla/5.0 (Windows Phone 8.1; ARM; Trident/7.0; Touch; rv:11.0; IEMobile/11.0; NOKIA; Lumia 635) like Gecko" "SESSION_ROUTE=ent4" "ASSIGN_ROUTE=ent4" TRACE-81187-PZXEPqZpKPiZzUa4tfsu1zTomMR9hDI4acI4FYBIfQE1V0uOsh-cas1
88.168.197.130 - - [26/Sep/2015:00:30:28 +0200] "POST /api/layout HTTP/1.1" 200 2 "https://ent.univ-lorraine.fr/f/u911l1s4/normal/render.uP?pCt=ul-iframe-planning-ade-ul-etu.u911l1n54&pCs=normal&pCp" "Mozilla/5.0 (Windows NT 10.0; WOW64) AppleWebKit/537.36 (KHTML, like Gecko) Chrome/45.0.2454.99 Safari/537.36" "SESSION_ROUTE=ent2" "ASSIGN_ROUTE=ent2" TRACE-81176-RWqZV2Mvk5DfvMo7SiljdpOzN44hNdx5IN54WzQWs37ycdPqRO-cas1
92.90.20.119 - - [26/Sep/2015:00:30:29 +0200] "GET /Login?refUrl=/normal/render.uP?from_app=true HTTP/1.1" 302 - "https://auth.univ-lorraine.fr/login?service=https://ent.univ-lorraine.fr/Login?refUrl=%2Fnormal%2Frender.uP%3Ffrom_app%3Dtrue" "Mozilla/5.0 (iPhone; CPU iPhone OS 9_0 like Mac OS X) AppleWebKit/601.1.46 (KHTML, like Gecko) Mobile/13A344" "SESSION_ROUTE=ent2" "ASSIGN_ROUTE=ent2" TRACE-81216-DpkcW6ypcAcIKG3cRkDiADlXxX0MHb9dAyF6ywdG373kkwZexe-cas1
92.90.20.119 - - [26/Sep/2015:00:30:29 +0200] "GET /normal/render.uP?from_app=true HTTP/1.1" 200 9157 "https://auth.univ-lorraine.fr/login?service=https://ent.univ-lorraine.fr/Login?refUrl=%2Fnormal%2Frender.uP%3Ffrom_app%3Dtrue" "Mozilla/5.0 (iPhone; CPU iPhone OS 9_0 like Mac OS X) AppleWebKit/601.1.46 (KHTML, like Gecko) Mobile/13A344" "SESSION_ROUTE=ent2" "ASSIGN_ROUTE=ent2" TRACE-81216-DpkcW6ypcAcIKG3cRkDiADlXxX0MHb9dAyF6ywdG373kkwZexe-cas1
176.149.81.91 - - [26/Sep/2015:00:30:31 +0200] "GET /f/u911l1s4/normal/render.uP?pCt=ul-iframe-planning-ade-ul-formation.u911l1n55&pCs=normal&pCp HTTP/1.1" 200 48442 "https://ent.univ-lorraine.fr/f/u1411l1s4/normal/render.uP?pCt=ul-zcs-etud.u1411l1n53&pCs=normal&pCp" "Mozilla/5.0 (Macintosh; Intel Mac OS X 10_9_5) AppleWebKit/600.8.9 (KHTML, like Gecko) Version/7.1.8 Safari/537.85.17" "SESSION_ROUTE=ent4" "ASSIGN_ROUTE=ent4" TRACE-81213-GUamDoMlFxdAlyEbXli5QVwu6eNIMbk4RjTeqFOIdItDWWkXqt-cas1
88.168.197.130 - - [26/Sep/2015:00:30:33 +0200] "POST /api/layout HTTP/1.1" 200 2 "https://ent.univ-lorraine.fr/f/u911l1s4/normal/render.uP?pCt=ul-iframe-planning-ade-ul-etu.u911l1n54&pCs=normal&pCp" "Mozilla/5.0 (Windows NT 10.0; WOW64) AppleWebKit/537.36 (KHTML, like Gecko) Chrome/45.0.2454.99 Safari/537.36" "SESSION_ROUTE=ent2" "ASSIGN_ROUTE=ent2" TRACE-81176-RWqZV2Mvk5DfvMo7SiljdpOzN44hNdx5IN54WzQWs37ycdPqRO-cas1
92.90.20.119 - - [26/Sep/2015:00:30:33 +0200] "GET /p/ul-cms-planning-ade-ul.u911l1n141/max/render.uP?pCp HTTP/1.1" 200 5704 "https://ent.univ-lorraine.fr/normal/render.uP?from_app=true" "Mozilla/5.0 (iPhone; CPU iPhone OS 9_0 like Mac OS X) AppleWebKit/601.1.46 (KHTML, like Gecko) Mobile/13A344" "SESSION_ROUTE=ent2" "ASSIGN_ROUTE=ent2" TRACE-81216-DpkcW6ypcAcIKG3cRkDiADlXxX0MHb9dAyF6ywdG373kkwZexe-cas1
88.168.197.130 - - [26/Sep/2015:00:30:37 +0200] "POST /api/layout HTTP/1.1" 200 2 "https://ent.univ-lorraine.fr/f/u911l1s4/normal/render.uP?pCt=ul-iframe-planning-ade-ul-etu.u911l1n54&pCs=normal&pCp" "Mozilla/5.0 (Windows NT 10.0; WOW64) AppleWebKit/537.36 (KHTML, like Gecko) Chrome/45.0.2454.99 Safari/537.36" "SESSION_ROUTE=ent2" "ASSIGN_ROUTE=ent2" TRACE-81176-RWqZV2Mvk5DfvMo7SiljdpOzN44hNdx5IN54WzQWs37ycdPqRO-cas1
88.168.197.130 - - [26/Sep/2015:00:30:38 +0200] "POST /api/layout HTTP/1.1" 200 2 "https://ent.univ-lorraine.fr/f/u911l1s4/normal/render.uP?pCt=ul-iframe-planning-ade-ul-etu.u911l1n54&pCs=normal&pCp" "Mozilla/5.0 (Windows NT 10.0; WOW64) AppleWebKit/537.36 (KHTML, like Gecko) Chrome/45.0.2454.99 Safari/537.36" "SESSION_ROUTE=ent2" "ASSIGN_ROUTE=ent2" TRACE-81176-RWqZV2Mvk5DfvMo7SiljdpOzN44hNdx5IN54WzQWs37ycdPqRO-cas1
92.90.20.119 - - [26/Sep/2015:00:30:39 +0200] "GET /Login?profile=desktop HTTP/1.1" 302 - "https://ent.univ-lorraine.fr/p/ul-cms-planning-ade-ul.u911l1n141/max/render.uP?pCp" "Mozilla/5.0 (iPhone; CPU iPhone OS 9_0 like Mac OS X) AppleWebKit/601.1.46 (KHTML, like Gecko) Mobile/13A344" "SESSION_ROUTE=ent2" "ASSIGN_ROUTE=ent2" TRACE-81216-DpkcW6ypcAcIKG3cRkDiADlXxX0MHb9dAyF6ywdG373kkwZexe-cas1
86.76.82.74 - - [26/Sep/2015:00:30:39 +0200] "GET /f/u1411l1s4/normal/render.uP?pCt=ul-zcs-etud.u1411l1n53&pCs=normal&pCp HTTP/1.1" 200 56806 "https://ent.univ-lorraine.fr/f/u1411l1s4/normal/render.uP" "Mozilla/5.0 (Windows NT 10.0; WOW64; rv:40.0) Gecko/20100101 Firefox/40.0" "SESSION_ROUTE=ent6" "ASSIGN_ROUTE=ent6" TRACE-81215-efv2EB0RdHhqlOTfdxS3XrPcLAgyQQHnMBfWRi473u79jBU2Ek-cas1
92.90.20.119 - - [26/Sep/2015:00:30:39 +0200] "GET /f/u1411l1s4/normal/render.uP HTTP/1.1" 200 50519 "https://ent.univ-lorraine.fr/p/ul-cms-planning-ade-ul.u911l1n141/max/render.uP?pCp" "Mozilla/5.0 (iPhone; CPU iPhone OS 9_0 like Mac OS X) AppleWebKit/601.1.46 (KHTML, like Gecko) Mobile/13A344" "SESSION_ROUTE=ent2" "ASSIGN_ROUTE=ent2" TRACE-81216-DpkcW6ypcAcIKG3cRkDiADlXxX0MHb9dAyF6ywdG373kkwZexe-cas1
31.32.189.45 - - [26/Sep/2015:00:30:40 +0200] "POST /api/layout HTTP/1.1" 200 2 "https://ent.univ-lorraine.fr/f/u911l1s4/normal/render.uP?pCt=ul-iframe-semvacc.u911l1n84&pCs=normal&pCp" "Mozilla/5.0 (Windows Phone 8.1; ARM; Trident/7.0; Touch; rv:11.0; IEMobile/11.0; NOKIA; Lumia 635) like Gecko" "SESSION_ROUTE=ent4" "ASSIGN_ROUTE=ent4" TRACE-81187-PZXEPqZpKPiZzUa4tfsu1zTomMR9hDI4acI4FYBIfQE1V0uOsh-cas1
88.168.197.130 - - [26/Sep/2015:00:30:44 +0200] "GET /f/u911l1s4/p/ul-iframe-planning-ade-ul-etu.u911l1n54/max/render.uP?pCp HTTP/1.1" 200 33302 "https://ent.univ-lorraine.fr/f/u911l1s4/normal/render.uP?pCt=ul-iframe-planning-ade-ul-etu.u911l1n54&pCs=normal&pCp" "Mozilla/5.0 (Windows NT 10.0; WOW64) AppleWebKit/537.36 (KHTML, like Gecko) Chrome/45.0.2454.99 Safari/537.36" "SESSION_ROUTE=ent2" "ASSIGN_ROUTE=ent2" TRACE-81176-RWqZV2Mvk5DfvMo7SiljdpOzN44hNdx5IN54WzQWs37ycdPqRO-cas1
31.32.189.45 - - [26/Sep/2015:00:30:41 +0200] "GET /f/u911l1s4/normal/render.uP?pCt=uhp-portlet-cours-moodle-bali.u911l1n67&pCs=normal&pCp HTTP/1.1" 200 62446 "https://ent.univ-lorraine.fr/f/u911l1s4/normal/render.uP?pCt=ul-iframe-semvacc.u911l1n84&pCs=normal&pCp" "Mozilla/5.0 (Windows Phone 8.1; ARM; Trident/7.0; Touch; rv:11.0; IEMobile/11.0; NOKIA; Lumia 635) like Gecko" "SESSION_ROUTE=ent4" "ASSIGN_ROUTE=ent4" TRACE-81187-PZXEPqZpKPiZzUa4tfsu1zTomMR9hDI4acI4FYBIfQE1V0uOsh-cas1
86.76.82.74 - - [26/Sep/2015:00:30:47 +0200] "GET /nancy2-portlet-zimbra/ajax/getFolders HTTP/1.1" 200 548 "https://ent.univ-lorraine.fr/f/u1411l1s4/normal/render.uP?pCt=ul-zcs-etud.u1411l1n53&pCs=normal&pCp" "Mozilla/5.0 (Windows NT 10.0; WOW64; rv:40.0) Gecko/20100101 Firefox/40.0" "SESSION_ROUTE=ent6" "ASSIGN_ROUTE=ent6" TRACE-81215-efv2EB0RdHhqlOTfdxS3XrPcLAgyQQHnMBfWRi473u79jBU2Ek-cas1
86.76.82.74 - - [26/Sep/2015:00:30:47 +0200] "GET /nancy2-portlet-zimbra/ajax/getMessages HTTP/1.1" 200 337 "https://ent.univ-lorraine.fr/f/u1411l1s4/normal/render.uP?pCt=ul-zcs-etud.u1411l1n53&pCs=normal&pCp" "Mozilla/5.0 (Windows NT 10.0; WOW64; rv:40.0) Gecko/20100101 Firefox/40.0" "SESSION_ROUTE=ent6" "ASSIGN_ROUTE=ent6" TRACE-81215-efv2EB0RdHhqlOTfdxS3XrPcLAgyQQHnMBfWRi473u79jBU2Ek-cas1
86.76.82.74 - - [26/Sep/2015:00:30:47 +0200] "GET /nancy2-portlet-zimbra/ajax/getTodayEvents HTTP/1.1" 200 2 "https://ent.univ-lorraine.fr/f/u1411l1s4/normal/render.uP?pCt=ul-zcs-etud.u1411l1n53&pCs=normal&pCp" "Mozilla/5.0 (Windows NT 10.0; WOW64; rv:40.0) Gecko/20100101 Firefox/40.0" "SESSION_ROUTE=ent6" "ASSIGN_ROUTE=ent6" TRACE-81215-efv2EB0RdHhqlOTfdxS3XrPcLAgyQQHnMBfWRi473u79jBU2Ek-cas1
86.76.82.74 - - [26/Sep/2015:00:30:47 +0200] "GET /nancy2-portlet-zimbra/ajax/getWeekEvents HTTP/1.1" 200 2 "https://ent.univ-lorraine.fr/f/u1411l1s4/normal/render.uP?pCt=ul-zcs-etud.u1411l1n53&pCs=normal&pCp" "Mozilla/5.0 (Windows NT 10.0; WOW64; rv:40.0) Gecko/20100101 Firefox/40.0" "SESSION_ROUTE=ent6" "ASSIGN_ROUTE=ent6" TRACE-81215-efv2EB0RdHhqlOTfdxS3XrPcLAgyQQHnMBfWRi473u79jBU2Ek-cas1
86.76.82.74 - - [26/Sep/2015:00:30:47 +0200] "GET /nancy2-portlet-zimbra/ajax/getTasks HTTP/1.1" 200 2 "https://ent.univ-lorraine.fr/f/u1411l1s4/normal/render.uP?pCt=ul-zcs-etud.u1411l1n53&pCs=normal&pCp" "Mozilla/5.0 (Windows NT 10.0; WOW64; rv:40.0) Gecko/20100101 Firefox/40.0" "SESSION_ROUTE=ent6" "ASSIGN_ROUTE=ent6" TRACE-81215-efv2EB0RdHhqlOTfdxS3XrPcLAgyQQHnMBfWRi473u79jBU2Ek-cas1
92.90.20.119 - - [26/Sep/2015:00:30:54 +0200] "GET /f/u911l1s4/normal/render.uP?pCt=ul-iframe-planning-ade-ul-formation.u911l1n55&pCs=normal&pCp HTTP/1.1" 200 44981 "https://ent.univ-lorraine.fr/f/u1411l1s4/normal/render.uP" "Mozilla/5.0 (iPhone; CPU iPhone OS 9_0 like Mac OS X) AppleWebKit/601.1.46 (KHTML, like Gecko) Mobile/13A344" "SESSION_ROUTE=ent2" "ASSIGN_ROUTE=ent2" TRACE-81216-DpkcW6ypcAcIKG3cRkDiADlXxX0MHb9dAyF6ywdG373kkwZexe-cas1
31.32.189.45 - - [26/Sep/2015:00:30:56 +0200] "GET /f/u911l1s4/normal/render.uP?pCt=ul-iframe-planning-ade-ul-formation.u911l1n55&pCs=normal&pCp HTTP/1.1" 200 46994 "https://ent.univ-lorraine.fr/f/u911l1s4/normal/render.uP?pCt=uhp-portlet-cours-moodle-bali.u911l1n67&pCs=normal&pCp" "Mozilla/5.0 (Windows Phone 8.1; ARM; Trident/7.0; Touch; rv:11.0; IEMobile/11.0; NOKIA; Lumia 635) like Gecko" "SESSION_ROUTE=ent4" "ASSIGN_ROUTE=ent4" TRACE-81187-PZXEPqZpKPiZzUa4tfsu1zTomMR9hDI4acI4FYBIfQE1V0uOsh-cas1
86.76.82.74 - - [26/Sep/2015:00:31:00 +0200] "GET /f/u911l1s4/normal/render.uP?pCt=ul-iframe-planning-ade-ul-etu.u911l1n54&pCs=normal&pCp HTTP/1.1" 200 44947 "https://ent.univ-lorraine.fr/f/u1411l1s4/normal/render.uP?pCt=ul-zcs-etud.u1411l1n53&pCs=normal&pCp" "Mozilla/5.0 (Windows NT 10.0; WOW64; rv:40.0) Gecko/20100101 Firefox/40.0" "SESSION_ROUTE=ent6" "ASSIGN_ROUTE=ent6" TRACE-81215-efv2EB0RdHhqlOTfdxS3XrPcLAgyQQHnMBfWRi473u79jBU2Ek-cas1
193.49.162.10 - - [26/Sep/2015:00:31:01 +0200] "GET /f/u911l1s4/normal/render.uP?pCt=ul-iframe-planning-ade-ul-formation.u911l1n55&pCs=normal&pCp HTTP/1.1" 200 44998 "https://ent.univ-lorraine.fr/f/u1411l1s4/normal/render.uP?pCt=ul-zcs-etud.u1411l1n53&pCs=normal&pCp" "Mozilla/5.0 (Macintosh; Intel Mac OS X 10_10_5) AppleWebKit/600.8.9 (KHTML, like Gecko) Version/8.0.8 Safari/600.8.9" "SESSION_ROUTE=ent3" "ASSIGN_ROUTE=ent3" TRACE-81202-uBI4T9hivlB5hbbtFj4OKm1eIrMbsw5EZVU21Mg2Ma1hQA92aW-cas1
193.49.162.24 - - [26/Sep/2015:00:31:09 +0200] "GET / HTTP/1.1" 302 - "-" "Mozilla/5.0 (Windows NT 6.3; WOW64; rv:40.0) Gecko/20100101 Firefox/40.0" "SESSION_ROUTE=ent6" "ASSIGN_ROUTE=ent6" TRACE-81110-7Pv7wrBY5akIlQ7JZiUguNE2djoRfQkCrbaSmL0az6uYlD7tbk-cas1
193.49.162.24 - - [26/Sep/2015:00:31:09 +0200] "GET /Login?refUrl=%2F HTTP/1.1" 302 - "-" "Mozilla/5.0 (Windows NT 6.3; WOW64; rv:40.0) Gecko/20100101 Firefox/40.0" "SESSION_ROUTE=ent6" "ASSIGN_ROUTE=ent6" TRACE-81110-7Pv7wrBY5akIlQ7JZiUguNE2djoRfQkCrbaSmL0az6uYlD7tbk-cas1
193.49.162.24 - - [26/Sep/2015:00:31:09 +0200] "GET /api/cookiecheck HTTP/1.1" 302 - "-" "Mozilla/5.0 (Windows NT 6.3; WOW64; rv:40.0) Gecko/20100101 Firefox/40.0" "SESSION_ROUTE=ent6" "ASSIGN_ROUTE=ent6" TRACE-81110-7Pv7wrBY5akIlQ7JZiUguNE2djoRfQkCrbaSmL0az6uYlD7tbk-cas1
193.49.162.24 - - [26/Sep/2015:00:31:09 +0200] "GET /Login?refUrl=%2F HTTP/1.1" 302 - "-" "Mozilla/5.0 (Windows NT 6.3; WOW64; rv:40.0) Gecko/20100101 Firefox/40.0" "SESSION_ROUTE=ent6" "ASSIGN_ROUTE=ent6" TRACE-81110-7Pv7wrBY5akIlQ7JZiUguNE2djoRfQkCrbaSmL0az6uYlD7tbk-cas1
193.49.162.24 - - [26/Sep/2015:00:31:09 +0200] "GET / HTTP/1.1" 302 - "-" "Mozilla/5.0 (Windows NT 6.3; WOW64; rv:40.0) Gecko/20100101 Firefox/40.0" "SESSION_ROUTE=ent6" "ASSIGN_ROUTE=ent6" TRACE-81110-7Pv7wrBY5akIlQ7JZiUguNE2djoRfQkCrbaSmL0az6uYlD7tbk-cas1
193.49.162.24 - - [26/Sep/2015:00:31:09 +0200] "GET /f/u21l1s4/normal/render.uP HTTP/1.1" 200 30049 "-" "Mozilla/5.0 (Windows NT 6.3; WOW64; rv:40.0) Gecko/20100101 Firefox/40.0" "SESSION_ROUTE=ent6" "ASSIGN_ROUTE=ent6" TRACE-81110-7Pv7wrBY5akIlQ7JZiUguNE2djoRfQkCrbaSmL0az6uYlD7tbk-cas1
89.80.51.223 - - [26/Sep/2015:00:31:12 +0200] "GET /Login?refUrl=/f/u912l1s4/normal/render.uP%3FpCt%3Desup-portlet-mondossierweb.u912l1n6%26pP_org.apache.myfaces.portlet.MyFacesGenericPortlet.VIEW_ID%3D%252Fstylesheets%252Fetu%252Fdetailnotes.xhtml HTTP/1.1" 302 - "https://auth.univ-lorraine.fr/login?service=https://ent.univ-lorraine.fr/Login%3FrefUrl%3D%2Ff%2Fu912l1s4%2Fnormal%2Frender.uP%253FpCt%253Desup-portlet-mondossierweb.u912l1n6%2526pP_org.apache.myfaces.portlet.MyFacesGenericPortlet.VIEW_ID%253D%25252Fstylesheets%25252Fetu%25252Fdetailnotes.xhtml" "Mozilla/5.0 (Macintosh; Intel Mac OS X 10_10_3) AppleWebKit/600.6.3 (KHTML, like Gecko) Version/8.0.6 Safari/600.6.3" "SESSION_ROUTE=ent2" "ASSIGN_ROUTE=ent2" TRACE-81221-lveCKm6o9ow7NKQ0MHqVzfyU0RAY2qCB1SJowq9twwiHFce2J6-cas1
