24.213.201.196 - - [26/Sep/2015:00:24:14 +0200] "GET /nancy2-portlet-zimbra/ajax/getWeekEvents HTTP/1.1" 200 2 "https://ent.univ-lorraine.fr/f/u1411l1s4/normal/render.uP?pCt=ul-zcs-etud.u1411l1n53&pCs=normal&pCp" "Mozilla/5.0 (Macintosh; Intel Mac OS X 10_10_5) AppleWebKit/600.8.9 (KHTML, like Gecko) Version/8.0.8 Safari/600.8.9" "SESSION_ROUTE=ent2" "ASSIGN_ROUTE=ent2" TRACE-81133-1rYaxcNtMuw9RaeOKzsTpmQDZnhazgHpVpeev0aC9Da5hdXMCL-cas1
24.213.201.196 - - [26/Sep/2015:00:24:14 +0200] "GET /nancy2-portlet-zimbra/ajax/getTodayEvents HTTP/1.1" 200 2 "https://ent.univ-lorraine.fr/f/u1411l1s4/normal/render.uP?pCt=ul-zcs-etud.u1411l1n53&pCs=normal&pCp" "Mozilla/5.0 (Macintosh; Intel Mac OS X 10_10_5) AppleWebKit/600.8.9 (KHTML, like Gecko) Version/8.0.8 Safari/600.8.9" "SESSION_ROUTE=ent2" "ASSIGN_ROUTE=ent2" TRACE-81133-1rYaxcNtMuw9RaeOKzsTpmQDZnhazgHpVpeev0aC9Da5hdXMCL-cas1
24.213.201.196 - - [26/Sep/2015:00:24:14 +0200] "GET /nancy2-portlet-zimbra/ajax/getTasks HTTP/1.1" 200 2 "https://ent.univ-lorraine.fr/f/u1411l1s4/normal/render.uP?pCt=ul-zcs-etud.u1411l1n53&pCs=normal&pCp" "Mozilla/5.0 (Macintosh; Intel Mac OS X 10_10_5) AppleWebKit/600.8.9 (KHTML, like Gecko) Version/8.0.8 Safari/600.8.9" "SESSION_ROUTE=ent2" "ASSIGN_ROUTE=ent2" TRACE-81133-1rYaxcNtMuw9RaeOKzsTpmQDZnhazgHpVpeev0aC9Da5hdXMCL-cas1
24.213.201.196 - - [26/Sep/2015:00:24:14 +0200] "GET /nancy2-portlet-zimbra/ajax/getMessages HTTP/1.1" 200 2 "https://ent.univ-lorraine.fr/f/u1411l1s4/normal/render.uP?pCt=ul-zcs-etud.u1411l1n53&pCs=normal&pCp" "Mozilla/5.0 (Macintosh; Intel Mac OS X 10_10_5) AppleWebKit/600.8.9 (KHTML, like Gecko) Version/8.0.8 Safari/600.8.9" "SESSION_ROUTE=ent2" "ASSIGN_ROUTE=ent2" TRACE-81133-1rYaxcNtMuw9RaeOKzsTpmQDZnhazgHpVpeev0aC9Da5hdXMCL-cas1
90.39.212.251 - - [26/Sep/2015:00:24:14 +0200] "GET /f/u1411l1s4/normal/render.uP?pCt=ul-zcs-etud.u1411l1n53&pCs=normal&pCp HTTP/1.1" 200 58220 "https://ent.univ-lorraine.fr/f/u1411l1s4/normal/render.uP" "Mozilla/5.0 (Windows NT 10.0; WOW64) AppleWebKit/537.36 (KHTML, like Gecko) Chrome/45.0.2454.99 Safari/537.36" "SESSION_ROUTE=ent6" "ASSIGN_ROUTE=ent6" TRACE-81129-St5gbcyuDgX0eBKVYuqE2fcN6gJyG0R2bUpahopsu7bHPdXs3q-cas1
24.213.201.196 - - [26/Sep/2015:00:24:14 +0200] "GET /nancy2-portlet-zimbra/ajax/getFolders HTTP/1.1" 200 1588 "https://ent.univ-lorraine.fr/f/u1411l1s4/normal/render.uP?pCt=ul-zcs-etud.u1411l1n53&pCs=normal&pCp" "Mozilla/5.0 (Macintosh; Intel Mac OS X 10_10_5) AppleWebKit/600.8.9 (KHTML, like Gecko) Version/8.0.8 Safari/600.8.9" "SESSION_ROUTE=ent2" "ASSIGN_ROUTE=ent2" TRACE-81133-1rYaxcNtMuw9RaeOKzsTpmQDZnhazgHpVpeev0aC9Da5hdXMCL-cas1
195.83.211.129 - - [26/Sep/2015:00:24:15 +0200] "GET /nancy2-portlet-zimbra/ajax/getTodayEvents HTTP/1.1" 200 2 "https://ent.univ-lorraine.fr/f/u1411l1s4/normal/render.uP?pCt=ul-zcs-etud.u1411l1n53&pCs=normal&pCp" "Mozilla/5.0 (Windows NT 6.1) AppleWebKit/537.36 (KHTML, like Gecko) Chrome/45.0.2454.85 Safari/537.36 OPR/32.0.1948.25" "SESSION_ROUTE=ent5" "ASSIGN_ROUTE=ent5" TRACE-81121-i3eJvcvlCl6q6ZULv6wpE6dUIoIkbRhRf9filoZmTML6gu5wwS-cas1
195.83.211.129 - - [26/Sep/2015:00:24:15 +0200] "GET /nancy2-portlet-zimbra/ajax/getFolders HTTP/1.1" 200 550 "https://ent.univ-lorraine.fr/f/u1411l1s4/normal/render.uP?pCt=ul-zcs-etud.u1411l1n53&pCs=normal&pCp" "Mozilla/5.0 (Windows NT 6.1) AppleWebKit/537.36 (KHTML, like Gecko) Chrome/45.0.2454.85 Safari/537.36 OPR/32.0.1948.25" "SESSION_ROUTE=ent5" "ASSIGN_ROUTE=ent5" TRACE-81121-i3eJvcvlCl6q6ZULv6wpE6dUIoIkbRhRf9filoZmTML6gu5wwS-cas1
195.83.211.129 - - [26/Sep/2015:00:24:15 +0200] "GET /nancy2-portlet-zimbra/ajax/getMessages HTTP/1.1" 200 1637 "https://ent.univ-lorraine.fr/f/u1411l1s4/normal/render.uP?pCt=ul-zcs-etud.u1411l1n53&pCs=normal&pCp" "Mozilla/5.0 (Windows NT 6.1) AppleWebKit/537.36 (KHTML, like Gecko) Chrome/45.0.2454.85 Safari/537.36 OPR/32.0.1948.25" "SESSION_ROUTE=ent5" "ASSIGN_ROUTE=ent5" TRACE-81121-i3eJvcvlCl6q6ZULv6wpE6dUIoIkbRhRf9filoZmTML6gu5wwS-cas1
90.39.212.251 - - [26/Sep/2015:00:24:15 +0200] "GET /nancy2-portlet-zimbra/ajax/getTasks HTTP/1.1" 200 2 "https://ent.univ-lorraine.fr/f/u1411l1s4/normal/render.uP?pCt=ul-zcs-etud.u1411l1n53&pCs=normal&pCp" "Mozilla/5.0 (Windows NT 10.0; WOW64) AppleWebKit/537.36 (KHTML, like Gecko) Chrome/45.0.2454.99 Safari/537.36" "SESSION_ROUTE=ent6" "ASSIGN_ROUTE=ent6" TRACE-81129-St5gbcyuDgX0eBKVYuqE2fcN6gJyG0R2bUpahopsu7bHPdXs3q-cas1
90.39.212.251 - - [26/Sep/2015:00:24:15 +0200] "GET /nancy2-portlet-zimbra/ajax/getWeekEvents HTTP/1.1" 200 2 "https://ent.univ-lorraine.fr/f/u1411l1s4/normal/render.uP?pCt=ul-zcs-etud.u1411l1n53&pCs=normal&pCp" "Mozilla/5.0 (Windows NT 10.0; WOW64) AppleWebKit/537.36 (KHTML, like Gecko) Chrome/45.0.2454.99 Safari/537.36" "SESSION_ROUTE=ent6" "ASSIGN_ROUTE=ent6" TRACE-81129-St5gbcyuDgX0eBKVYuqE2fcN6gJyG0R2bUpahopsu7bHPdXs3q-cas1
90.39.212.251 - - [26/Sep/2015:00:24:15 +0200] "GET /nancy2-portlet-zimbra/ajax/getTodayEvents HTTP/1.1" 200 2 "https://ent.univ-lorraine.fr/f/u1411l1s4/normal/render.uP?pCt=ul-zcs-etud.u1411l1n53&pCs=normal&pCp" "Mozilla/5.0 (Windows NT 10.0; WOW64) AppleWebKit/537.36 (KHTML, like Gecko) Chrome/45.0.2454.99 Safari/537.36" "SESSION_ROUTE=ent6" "ASSIGN_ROUTE=ent6" TRACE-81129-St5gbcyuDgX0eBKVYuqE2fcN6gJyG0R2bUpahopsu7bHPdXs3q-cas1
90.39.212.251 - - [26/Sep/2015:00:24:15 +0200] "GET /nancy2-portlet-zimbra/ajax/getFolders HTTP/1.1" 200 548 "https://ent.univ-lorraine.fr/f/u1411l1s4/normal/render.uP?pCt=ul-zcs-etud.u1411l1n53&pCs=normal&pCp" "Mozilla/5.0 (Windows NT 10.0; WOW64) AppleWebKit/537.36 (KHTML, like Gecko) Chrome/45.0.2454.99 Safari/537.36" "SESSION_ROUTE=ent6" "ASSIGN_ROUTE=ent6" TRACE-81129-St5gbcyuDgX0eBKVYuqE2fcN6gJyG0R2bUpahopsu7bHPdXs3q-cas1
90.39.212.251 - - [26/Sep/2015:00:24:15 +0200] "GET /nancy2-portlet-zimbra/ajax/getMessages HTTP/1.1" 200 1311 "https://ent.univ-lorraine.fr/f/u1411l1s4/normal/render.uP?pCt=ul-zcs-etud.u1411l1n53&pCs=normal&pCp" "Mozilla/5.0 (Windows NT 10.0; WOW64) AppleWebKit/537.36 (KHTML, like Gecko) Chrome/45.0.2454.99 Safari/537.36" "SESSION_ROUTE=ent6" "ASSIGN_ROUTE=ent6" TRACE-81129-St5gbcyuDgX0eBKVYuqE2fcN6gJyG0R2bUpahopsu7bHPdXs3q-cas1
195.83.211.129 - - [26/Sep/2015:00:24:16 +0200] "GET /nancy2-portlet-zimbra/ajax/getWeekEvents HTTP/1.1" 200 2 "https://ent.univ-lorraine.fr/f/u1411l1s4/normal/render.uP?pCt=ul-zcs-etud.u1411l1n53&pCs=normal&pCp" "Mozilla/5.0 (Windows NT 6.1) AppleWebKit/537.36 (KHTML, like Gecko) Chrome/45.0.2454.85 Safari/537.36 OPR/32.0.1948.25" "SESSION_ROUTE=ent5" "ASSIGN_ROUTE=ent5" TRACE-81121-i3eJvcvlCl6q6ZULv6wpE6dUIoIkbRhRf9filoZmTML6gu5wwS-cas1
195.83.211.129 - - [26/Sep/2015:00:24:16 +0200] "GET /nancy2-portlet-zimbra/ajax/getTasks HTTP/1.1" 200 2 "https://ent.univ-lorraine.fr/f/u1411l1s4/normal/render.uP?pCt=ul-zcs-etud.u1411l1n53&pCs=normal&pCp" "Mozilla/5.0 (Windows NT 6.1) AppleWebKit/537.36 (KHTML, like Gecko) Chrome/45.0.2454.85 Safari/537.36 OPR/32.0.1948.25" "SESSION_ROUTE=ent5" "ASSIGN_ROUTE=ent5" TRACE-81121-i3eJvcvlCl6q6ZULv6wpE6dUIoIkbRhRf9filoZmTML6gu5wwS-cas1
109.221.169.161 - - [26/Sep/2015:00:24:25 +0200] "GET /Login HTTP/1.1" 302 - "https://auth.univ-lorraine.fr/login?service=https://ent.univ-lorraine.fr/Login" "Mozilla/5.0 (Windows NT 6.1) AppleWebKit/537.36 (KHTML, like Gecko) Chrome/45.0.2454.101 Safari/537.36" "SESSION_ROUTE=ent3" "ASSIGN_ROUTE=ent3" TRACE-81134-oA5YrWhpYBIHxYmPbewWfActEoeUcIwkzKdJQYnphKj4BQkd0b-cas1
109.221.169.161 - - [26/Sep/2015:00:24:27 +0200] "GET /f/u1411l1s4/normal/render.uP HTTP/1.1" 200 52090 "https://auth.univ-lorraine.fr/login?service=https://ent.univ-lorraine.fr/Login" "Mozilla/5.0 (Windows NT 6.1) AppleWebKit/537.36 (KHTML, like Gecko) Chrome/45.0.2454.101 Safari/537.36" "SESSION_ROUTE=ent3" "ASSIGN_ROUTE=ent3" TRACE-81134-oA5YrWhpYBIHxYmPbewWfActEoeUcIwkzKdJQYnphKj4BQkd0b-cas1
109.221.169.161 - - [26/Sep/2015:00:24:34 +0200] "GET /f/u1411l1s4/normal/render.uP?pCt=ul-zcs-etud.u1411l1n53&pCs=normal&pCp HTTP/1.1" 200 58331 "https://ent.univ-lorraine.fr/f/u1411l1s4/normal/render.uP" "Mozilla/5.0 (Windows NT 6.1) AppleWebKit/537.36 (KHTML, like Gecko) Chrome/45.0.2454.101 Safari/537.36" "SESSION_ROUTE=ent3" "ASSIGN_ROUTE=ent3" TRACE-81134-oA5YrWhpYBIHxYmPbewWfActEoeUcIwkzKdJQYnphKj4BQkd0b-cas1
109.221.169.161 - - [26/Sep/2015:00:24:36 +0200] "GET /nancy2-portlet-zimbra/ajax/getMessages HTTP/1.1" 200 666 "https://ent.univ-lorraine.fr/f/u1411l1s4/normal/render.uP?pCt=ul-zcs-etud.u1411l1n53&pCs=normal&pCp" "Mozilla/5.0 (Windows NT 6.1) AppleWebKit/537.36 (KHTML, like Gecko) Chrome/45.0.2454.101 Safari/537.36" "SESSION_ROUTE=ent3" "ASSIGN_ROUTE=ent3" TRACE-81134-oA5YrWhpYBIHxYmPbewWfActEoeUcIwkzKdJQYnphKj4BQkd0b-cas1
109.221.169.161 - - [26/Sep/2015:00:24:36 +0200] "GET /nancy2-portlet-zimbra/ajax/getFolders HTTP/1.1" 200 548 "https://ent.univ-lorraine.fr/f/u1411l1s4/normal/render.uP?pCt=ul-zcs-etud.u1411l1n53&pCs=normal&pCp" "Mozilla/5.0 (Windows NT 6.1) AppleWebKit/537.36 (KHTML, like Gecko) Chrome/45.0.2454.101 Safari/537.36" "SESSION_ROUTE=ent3" "ASSIGN_ROUTE=ent3" TRACE-81134-oA5YrWhpYBIHxYmPbewWfActEoeUcIwkzKdJQYnphKj4BQkd0b-cas1
109.221.169.161 - - [26/Sep/2015:00:24:37 +0200] "GET /nancy2-portlet-zimbra/ajax/getTasks HTTP/1.1" 200 2 "https://ent.univ-lorraine.fr/f/u1411l1s4/normal/render.uP?pCt=ul-zcs-etud.u1411l1n53&pCs=normal&pCp" "Mozilla/5.0 (Windows NT 6.1) AppleWebKit/537.36 (KHTML, like Gecko) Chrome/45.0.2454.101 Safari/537.36" "SESSION_ROUTE=ent3" "ASSIGN_ROUTE=ent3" TRACE-81134-oA5YrWhpYBIHxYmPbewWfActEoeUcIwkzKdJQYnphKj4BQkd0b-cas1
109.221.169.161 - - [26/Sep/2015:00:24:37 +0200] "GET /nancy2-portlet-zimbra/ajax/getWeekEvents HTTP/1.1" 200 2 "https://ent.univ-lorraine.fr/f/u1411l1s4/normal/render.uP?pCt=ul-zcs-etud.u1411l1n53&pCs=normal&pCp" "Mozilla/5.0 (Windows NT 6.1) AppleWebKit/537.36 (KHTML, like Gecko) Chrome/45.0.2454.101 Safari/537.36" "SESSION_ROUTE=ent3" "ASSIGN_ROUTE=ent3" TRACE-81134-oA5YrWhpYBIHxYmPbewWfActEoeUcIwkzKdJQYnphKj4BQkd0b-cas1
109.221.169.161 - - [26/Sep/2015:00:24:37 +0200] "GET /nancy2-portlet-zimbra/ajax/getTodayEvents HTTP/1.1" 200 2 "https://ent.univ-lorraine.fr/f/u1411l1s4/normal/render.uP?pCt=ul-zcs-etud.u1411l1n53&pCs=normal&pCp" "Mozilla/5.0 (Windows NT 6.1) AppleWebKit/537.36 (KHTML, like Gecko) Chrome/45.0.2454.101 Safari/537.36" "SESSION_ROUTE=ent3" "ASSIGN_ROUTE=ent3" TRACE-81134-oA5YrWhpYBIHxYmPbewWfActEoeUcIwkzKdJQYnphKj4BQkd0b-cas1
77.194.86.48 - - [26/Sep/2015:00:24:38 +0200] "GET /f/u911l1s4/normal/render.uP?pCt=uhp-portlet-cours-moodle-bali.u911l1n67&pCs=normal&pCp HTTP/1.1" 200 69722 "https://ent.univ-lorraine.fr/f/u1411l1s4/normal/render.uP" "Mozilla/5.0 (Macintosh; Intel Mac OS X 10.10; rv:41.0) Gecko/20100101 Firefox/41.0" "SESSION_ROUTE=ent6" "ASSIGN_ROUTE=ent6" TRACE-81131-1UXkHi4Ihqft7G3yapnuUOSxZaBeCc32ty7mgfL7c7gLNTPRta-cas1
79.80.221.12 - - [26/Sep/2015:00:24:48 +0200] "GET /Login HTTP/1.1" 302 - "https://auth.univ-lorraine.fr/login?service=https://ent.univ-lorraine.fr/Login" "Mozilla/5.0 (Windows NT 6.3; WOW64; rv:41.0) Gecko/20100101 Firefox/41.0" "SESSION_ROUTE=ent6" "ASSIGN_ROUTE=ent6" TRACE-81139-1JGmTLmLffML9E2q01tphPhqslMzpwigwRAKNbZZtcErlH41yB-cas1
79.80.221.12 - - [26/Sep/2015:00:24:48 +0200] "GET /f/u1411l1s4/normal/render.uP HTTP/1.1" 200 51075 "https://auth.univ-lorraine.fr/login?service=https://ent.univ-lorraine.fr/Login" "Mozilla/5.0 (Windows NT 6.3; WOW64; rv:41.0) Gecko/20100101 Firefox/41.0" "SESSION_ROUTE=ent6" "ASSIGN_ROUTE=ent6" TRACE-81139-1JGmTLmLffML9E2q01tphPhqslMzpwigwRAKNbZZtcErlH41yB-cas1
77.149.3.155 - - [26/Sep/2015:00:24:50 +0200] "GET /Login HTTP/1.1" 302 - "https://auth.univ-lorraine.fr/login?service=https://ent.univ-lorraine.fr/Login" "Mozilla/5.0 (Windows NT 6.3; WOW64; rv:40.0) Gecko/20100101 Firefox/40.0" "SESSION_ROUTE=ent4" "ASSIGN_ROUTE=ent4" TRACE-81141-D6ztiGMa7B6BHocDKgYGGeKSoMGIr7We6JkoxZ5AcFhPMXlRHa-cas1
77.149.3.155 - - [26/Sep/2015:00:24:51 +0200] "GET /f/u1411l1s4/normal/render.uP HTTP/1.1" 200 51845 "https://auth.univ-lorraine.fr/login?service=https://ent.univ-lorraine.fr/Login" "Mozilla/5.0 (Windows NT 6.3; WOW64; rv:40.0) Gecko/20100101 Firefox/40.0" "SESSION_ROUTE=ent4" "ASSIGN_ROUTE=ent4" TRACE-81141-D6ztiGMa7B6BHocDKgYGGeKSoMGIr7We6JkoxZ5AcFhPMXlRHa-cas1
77.194.86.48 - - [26/Sep/2015:00:24:51 +0200] "GET /f/u911l1s4/normal/render.uP?pCt=ul-iframe-planning-ade-ul-formation.u911l1n55&pCs=normal&pCp HTTP/1.1" 200 45825 "https://ent.univ-lorraine.fr/f/u1411l1s4/normal/render.uP" "Mozilla/5.0 (Macintosh; Intel Mac OS X 10.10; rv:41.0) Gecko/20100101 Firefox/41.0" "SESSION_ROUTE=ent6" "ASSIGN_ROUTE=ent6" TRACE-81131-1UXkHi4Ihqft7G3yapnuUOSxZaBeCc32ty7mgfL7c7gLNTPRta-cas1
79.80.221.12 - - [26/Sep/2015:00:24:54 +0200] "GET /f/u1411l1s4/normal/render.uP?pCt=ul-zcs-etud.u1411l1n53&pCs=normal&pCp HTTP/1.1" 200 57316 "https://ent.univ-lorraine.fr/f/u1411l1s4/normal/render.uP" "Mozilla/5.0 (Windows NT 6.3; WOW64; rv:41.0) Gecko/20100101 Firefox/41.0" "SESSION_ROUTE=ent6" "ASSIGN_ROUTE=ent6" TRACE-81139-1JGmTLmLffML9E2q01tphPhqslMzpwigwRAKNbZZtcErlH41yB-cas1
79.80.221.12 - - [26/Sep/2015:00:24:56 +0200] "GET /nancy2-portlet-zimbra/ajax/getFolders HTTP/1.1" 200 548 "https://ent.univ-lorraine.fr/f/u1411l1s4/normal/render.uP?pCt=ul-zcs-etud.u1411l1n53&pCs=normal&pCp" "Mozilla/5.0 (Windows NT 6.3; WOW64; rv:41.0) Gecko/20100101 Firefox/41.0" "SESSION_ROUTE=ent6" "ASSIGN_ROUTE=ent6" TRACE-81139-1JGmTLmLffML9E2q01tphPhqslMzpwigwRAKNbZZtcErlH41yB-cas1
79.80.221.12 - - [26/Sep/2015:00:24:56 +0200] "GET /nancy2-portlet-zimbra/ajax/getMessages HTTP/1.1" 200 1295 "https://ent.univ-lorraine.fr/f/u1411l1s4/normal/render.uP?pCt=ul-zcs-etud.u1411l1n53&pCs=normal&pCp" "Mozilla/5.0 (Windows NT 6.3; WOW64; rv:41.0) Gecko/20100101 Firefox/41.0" "SESSION_ROUTE=ent6" "ASSIGN_ROUTE=ent6" TRACE-81139-1JGmTLmLffML9E2q01tphPhqslMzpwigwRAKNbZZtcErlH41yB-cas1
79.80.221.12 - - [26/Sep/2015:00:24:56 +0200] "GET /nancy2-portlet-zimbra/ajax/getWeekEvents HTTP/1.1" 200 2 "https://ent.univ-lorraine.fr/f/u1411l1s4/normal/render.uP?pCt=ul-zcs-etud.u1411l1n53&pCs=normal&pCp" "Mozilla/5.0 (Windows NT 6.3; WOW64; rv:41.0) Gecko/20100101 Firefox/41.0" "SESSION_ROUTE=ent6" "ASSIGN_ROUTE=ent6" TRACE-81139-1JGmTLmLffML9E2q01tphPhqslMzpwigwRAKNbZZtcErlH41yB-cas1
79.80.221.12 - - [26/Sep/2015:00:24:56 +0200] "GET /nancy2-portlet-zimbra/ajax/getTasks HTTP/1.1" 200 2 "https://ent.univ-lorraine.fr/f/u1411l1s4/normal/render.uP?pCt=ul-zcs-etud.u1411l1n53&pCs=normal&pCp" "Mozilla/5.0 (Windows NT 6.3; WOW64; rv:41.0) Gecko/20100101 Firefox/41.0" "SESSION_ROUTE=ent6" "ASSIGN_ROUTE=ent6" TRACE-81139-1JGmTLmLffML9E2q01tphPhqslMzpwigwRAKNbZZtcErlH41yB-cas1
79.80.221.12 - - [26/Sep/2015:00:24:56 +0200] "GET /nancy2-portlet-zimbra/ajax/getTodayEvents HTTP/1.1" 200 2 "https://ent.univ-lorraine.fr/f/u1411l1s4/normal/render.uP?pCt=ul-zcs-etud.u1411l1n53&pCs=normal&pCp" "Mozilla/5.0 (Windows NT 6.3; WOW64; rv:41.0) Gecko/20100101 Firefox/41.0" "SESSION_ROUTE=ent6" "ASSIGN_ROUTE=ent6" TRACE-81139-1JGmTLmLffML9E2q01tphPhqslMzpwigwRAKNbZZtcErlH41yB-cas1
77.149.3.155 - - [26/Sep/2015:00:24:57 +0200] "GET /f/u378l1s4/p/ul-zcs-etud.u378l1n57/max/render.uP?pCp HTTP/1.1" 200 44971 "https://ent.univ-lorraine.fr/f/u1411l1s4/normal/render.uP" "Mozilla/5.0 (Windows NT 6.3; WOW64; rv:40.0) Gecko/20100101 Firefox/40.0" "SESSION_ROUTE=ent4" "ASSIGN_ROUTE=ent4" TRACE-81141-D6ztiGMa7B6BHocDKgYGGeKSoMGIr7We6JkoxZ5AcFhPMXlRHa-cas1
77.149.3.155 - - [26/Sep/2015:00:24:57 +0200] "GET /nancy2-portlet-zimbra/ajax/getFolders HTTP/1.1" 200 549 "https://ent.univ-lorraine.fr/f/u378l1s4/p/ul-zcs-etud.u378l1n57/max/render.uP?pCp" "Mozilla/5.0 (Windows NT 6.3; WOW64; rv:40.0) Gecko/20100101 Firefox/40.0" "SESSION_ROUTE=ent4" "ASSIGN_ROUTE=ent4" TRACE-81141-D6ztiGMa7B6BHocDKgYGGeKSoMGIr7We6JkoxZ5AcFhPMXlRHa-cas1
77.149.3.155 - - [26/Sep/2015:00:24:57 +0200] "GET /nancy2-portlet-zimbra/ajax/getTasks HTTP/1.1" 200 2 "https://ent.univ-lorraine.fr/f/u378l1s4/p/ul-zcs-etud.u378l1n57/max/render.uP?pCp" "Mozilla/5.0 (Windows NT 6.3; WOW64; rv:40.0) Gecko/20100101 Firefox/40.0" "SESSION_ROUTE=ent4" "ASSIGN_ROUTE=ent4" TRACE-81141-D6ztiGMa7B6BHocDKgYGGeKSoMGIr7We6JkoxZ5AcFhPMXlRHa-cas1
77.149.3.155 - - [26/Sep/2015:00:24:57 +0200] "GET /nancy2-portlet-zimbra/ajax/getTodayEvents HTTP/1.1" 200 2 "https://ent.univ-lorraine.fr/f/u378l1s4/p/ul-zcs-etud.u378l1n57/max/render.uP?pCp" "Mozilla/5.0 (Windows NT 6.3; WOW64; rv:40.0) Gecko/20100101 Firefox/40.0" "SESSION_ROUTE=ent4" "ASSIGN_ROUTE=ent4" TRACE-81141-D6ztiGMa7B6BHocDKgYGGeKSoMGIr7We6JkoxZ5AcFhPMXlRHa-cas1
77.149.3.155 - - [26/Sep/2015:00:24:57 +0200] "GET /nancy2-portlet-zimbra/ajax/getWeekEvents HTTP/1.1" 200 2 "https://ent.univ-lorraine.fr/f/u378l1s4/p/ul-zcs-etud.u378l1n57/max/render.uP?pCp" "Mozilla/5.0 (Windows NT 6.3; WOW64; rv:40.0) Gecko/20100101 Firefox/40.0" "SESSION_ROUTE=ent4" "ASSIGN_ROUTE=ent4" TRACE-81141-D6ztiGMa7B6BHocDKgYGGeKSoMGIr7We6JkoxZ5AcFhPMXlRHa-cas1
77.149.3.155 - - [26/Sep/2015:00:24:57 +0200] "GET /nancy2-portlet-zimbra/ajax/getMessages HTTP/1.1" 200 1632 "https://ent.univ-lorraine.fr/f/u378l1s4/p/ul-zcs-etud.u378l1n57/max/render.uP?pCp" "Mozilla/5.0 (Windows NT 6.3; WOW64; rv:40.0) Gecko/20100101 Firefox/40.0" "SESSION_ROUTE=ent4" "ASSIGN_ROUTE=ent4" TRACE-81141-D6ztiGMa7B6BHocDKgYGGeKSoMGIr7We6JkoxZ5AcFhPMXlRHa-cas1
82.231.110.138 - - [26/Sep/2015:00:25:04 +0200] "GET /f/u911l1s4/normal/render.uP?pCt=ul-iframe-planning-ade-ul-formation.u911l1n55&pCs=normal&pCp HTTP/1.1" 200 44992 "https://ent.univ-lorraine.fr/f/u1411l1s4/normal/render.uP?pCt=ul-zcs-etud.u1411l1n53&pCs=normal&pCp" "Mozilla/5.0 (Windows NT 6.3) AppleWebKit/537.36 (KHTML, like Gecko) Chrome/45.0.2454.99 Safari/537.36" "SESSION_ROUTE=ent5" "ASSIGN_ROUTE=ent5" TRACE-81130-c016fBaTS2VVy0ynoYfQzGtrPMxVwXchc6ye03Ksqo1hseEwrr-cas1
77.149.3.155 - - [26/Sep/2015:00:25:05 +0200] "GET /f/u911l1s4/normal/render.uP?pCt=ul-iframe-planning-ade-ul-etu.u911l1n54&pCs=normal&pCp HTTP/1.1" 200 46272 "https://ent.univ-lorraine.fr/f/u378l1s4/p/ul-zcs-etud.u378l1n57/max/render.uP?pCp" "Mozilla/5.0 (Windows NT 6.3; WOW64; rv:40.0) Gecko/20100101 Firefox/40.0" "SESSION_ROUTE=ent4" "ASSIGN_ROUTE=ent4" TRACE-81141-D6ztiGMa7B6BHocDKgYGGeKSoMGIr7We6JkoxZ5AcFhPMXlRHa-cas1
77.194.86.48 - - [26/Sep/2015:00:24:47 +0200] "GET /f/u911l1s4/normal/render.uP HTTP/1.1" 200 45790 "https://ent.univ-lorraine.fr/f/u911l1s4/normal/render.uP?pCt=uhp-portlet-cours-moodle-bali.u911l1n67&pCs=normal&pCp" "Mozilla/5.0 (Macintosh; Intel Mac OS X 10.10; rv:41.0) Gecko/20100101 Firefox/41.0" "SESSION_ROUTE=ent6" "ASSIGN_ROUTE=ent6" TRACE-81131-1UXkHi4Ihqft7G3yapnuUOSxZaBeCc32ty7mgfL7c7gLNTPRta-cas1
31.32.189.45 - - [26/Sep/2015:00:25:10 +0200] "GET /Login?profile=desktop HTTP/1.1" 302 - "https://auth.univ-lorraine.fr/login?service=https://ent.univ-lorraine.fr/Login?profile=desktop" "Mozilla/5.0 (Windows Phone 8.1; ARM; Trident/7.0; Touch; rv:11.0; IEMobile/11.0; NOKIA; Lumia 635) like Gecko" "SESSION_ROUTE=ent6" "ASSIGN_ROUTE=ent6" TRACE-81147-49lGIjlrjDf1xmfLoY6oLnDAFCQNEHspwgJwzQfOdVNZg90XtJ-cas1
31.32.189.45 - - [26/Sep/2015:00:25:11 +0200] "GET /f/u1411l1s4/normal/render.uP HTTP/1.1" 200 52533 "https://auth.univ-lorraine.fr/login?service=https://ent.univ-lorraine.fr/Login?profile=desktop" "Mozilla/5.0 (Windows Phone 8.1; ARM; Trident/7.0; Touch; rv:11.0; IEMobile/11.0; NOKIA; Lumia 635) like Gecko" "SESSION_ROUTE=ent6" "ASSIGN_ROUTE=ent6" TRACE-81147-49lGIjlrjDf1xmfLoY6oLnDAFCQNEHspwgJwzQfOdVNZg90XtJ-cas1
90.56.216.108 - - [26/Sep/2015:00:25:14 +0200] "GET /Login HTTP/1.1" 302 - "https://auth.univ-lorraine.fr/login?service=https://ent.univ-lorraine.fr/Login" "Mozilla/5.0 (Windows NT 10.0; WOW64) AppleWebKit/537.36 (KHTML, like Gecko) Chrome/45.0.2454.99 Safari/537.36" "SESSION_ROUTE=ent5" "ASSIGN_ROUTE=ent5" TRACE-81148-5rTz3tmIU1dDW0PFh33mVuZiFxEC4ok7rtf4ZrSbziFlv7w5zN-cas1
90.56.216.108 - - [26/Sep/2015:00:25:15 +0200] "GET /f/u1411l1s4/normal/render.uP HTTP/1.1" 200 51366 "https://auth.univ-lorraine.fr/login?service=https://ent.univ-lorraine.fr/Login" "Mozilla/5.0 (Windows NT 10.0; WOW64) AppleWebKit/537.36 (KHTML, like Gecko) Chrome/45.0.2454.99 Safari/537.36" "SESSION_ROUTE=ent5" "ASSIGN_ROUTE=ent5" TRACE-81148-5rTz3tmIU1dDW0PFh33mVuZiFxEC4ok7rtf4ZrSbziFlv7w5zN-cas1
85.68.245.36 - - [26/Sep/2015:00:25:15 +0200] "GET /Login HTTP/1.1" 302 - "https://auth.univ-lorraine.fr/login?service=https://ent.univ-lorraine.fr/Login" "Mozilla/5.0 (Windows NT 6.1; WOW64; rv:40.0) Gecko/20100101 Firefox/40.0" "SESSION_ROUTE=ent3" "ASSIGN_ROUTE=ent3" TRACE-81150-ysETIqxfsc7wy24QfQhlAzxoZB6Y0qAHMDRhx3EfKvAgOApVgu-cas1
85.68.245.36 - - [26/Sep/2015:00:25:16 +0200] "GET /f/u1411l1s4/normal/render.uP HTTP/1.1" 200 50528 "https://auth.univ-lorraine.fr/login?service=https://ent.univ-lorraine.fr/Login" "Mozilla/5.0 (Windows NT 6.1; WOW64; rv:40.0) Gecko/20100101 Firefox/40.0" "SESSION_ROUTE=ent3" "ASSIGN_ROUTE=ent3" TRACE-81150-ysETIqxfsc7wy24QfQhlAzxoZB6Y0qAHMDRhx3EfKvAgOApVgu-cas1
31.32.189.45 - - [26/Sep/2015:00:25:18 +0200] "GET /f/u1411l1s4/normal/render.uP?pCt=ul-zcs-etud.u1411l1n53&pCs=normal&pCp HTTP/1.1" 200 58818 "https://ent.univ-lorraine.fr/f/u1411l1s4/normal/render.uP" "Mozilla/5.0 (Windows Phone 8.1; ARM; Trident/7.0; Touch; rv:11.0; IEMobile/11.0; NOKIA; Lumia 635) like Gecko" "SESSION_ROUTE=ent6" "ASSIGN_ROUTE=ent6" TRACE-81147-49lGIjlrjDf1xmfLoY6oLnDAFCQNEHspwgJwzQfOdVNZg90XtJ-cas1
90.40.148.188 - - [26/Sep/2015:00:25:19 +0200] "GET /Login?refUrl=/p/ul-cms-planning-ade-ul.u911l1n141/max/render.uP%3FpCp HTTP/1.1" 302 - "https://auth.univ-lorraine.fr/login?service=https://ent.univ-lorraine.fr/Login%3FrefUrl%3D%2Fp%2Ful-cms-planning-ade-ul.u911l1n141%2Fmax%2Frender.uP%253FpCp" "Mozilla/5.0 (iPhone; CPU iPhone OS 9_0 like Mac OS X) AppleWebKit/601.1.46 (KHTML, like Gecko) Version/9.0 Mobile/13A344 Safari/601.1" "SESSION_ROUTE=ent2" "ASSIGN_ROUTE=ent2" TRACE-81151-gYulHvcOxs4HLUOzNPafYnR9eZWTa5gg9Q6wUFWfi0SAKemRcz-cas1
90.40.148.188 - - [26/Sep/2015:00:25:19 +0200] "GET /p/ul-cms-planning-ade-ul.u911l1n141/max/render.uP?pCp HTTP/1.1" 200 5703 "https://auth.univ-lorraine.fr/login?service=https://ent.univ-lorraine.fr/Login%3FrefUrl%3D%2Fp%2Ful-cms-planning-ade-ul.u911l1n141%2Fmax%2Frender.uP%253FpCp" "Mozilla/5.0 (iPhone; CPU iPhone OS 9_0 like Mac OS X) AppleWebKit/601.1.46 (KHTML, like Gecko) Version/9.0 Mobile/13A344 Safari/601.1" "SESSION_ROUTE=ent2" "ASSIGN_ROUTE=ent2" TRACE-81151-gYulHvcOxs4HLUOzNPafYnR9eZWTa5gg9Q6wUFWfi0SAKemRcz-cas1
85.68.245.36 - - [26/Sep/2015:00:25:20 +0200] "GET /f/u1411l1s4/normal/render.uP?pCt=ul-zcs-etud.u1411l1n53&pCs=normal&pCp HTTP/1.1" 200 56769 "https://ent.univ-lorraine.fr/f/u1411l1s4/normal/render.uP" "Mozilla/5.0 (Windows NT 6.1; WOW64; rv:40.0) Gecko/20100101 Firefox/40.0" "SESSION_ROUTE=ent3" "ASSIGN_ROUTE=ent3" TRACE-81150-ysETIqxfsc7wy24QfQhlAzxoZB6Y0qAHMDRhx3EfKvAgOApVgu-cas1
31.32.189.45 - - [26/Sep/2015:00:25:20 +0200] "GET /nancy2-portlet-zimbra/ajax/getWeekEvents HTTP/1.1" 200 2 "https://ent.univ-lorraine.fr/f/u1411l1s4/normal/render.uP?pCt=ul-zcs-etud.u1411l1n53&pCs=normal&pCp" "Mozilla/5.0 (Windows Phone 8.1; ARM; Trident/7.0; Touch; rv:11.0; IEMobile/11.0; NOKIA; Lumia 635) like Gecko" "SESSION_ROUTE=ent6" "ASSIGN_ROUTE=ent6" TRACE-81147-49lGIjlrjDf1xmfLoY6oLnDAFCQNEHspwgJwzQfOdVNZg90XtJ-cas1
31.32.189.45 - - [26/Sep/2015:00:25:20 +0200] "GET /nancy2-portlet-zimbra/ajax/getTasks HTTP/1.1" 200 2 "https://ent.univ-lorraine.fr/f/u1411l1s4/normal/render.uP?pCt=ul-zcs-etud.u1411l1n53&pCs=normal&pCp" "Mozilla/5.0 (Windows Phone 8.1; ARM; Trident/7.0; Touch; rv:11.0; IEMobile/11.0; NOKIA; Lumia 635) like Gecko" "SESSION_ROUTE=ent6" "ASSIGN_ROUTE=ent6" TRACE-81147-49lGIjlrjDf1xmfLoY6oLnDAFCQNEHspwgJwzQfOdVNZg90XtJ-cas1
31.32.189.45 - - [26/Sep/2015:00:25:20 +0200] "GET /nancy2-portlet-zimbra/ajax/getTodayEvents HTTP/1.1" 200 2 "https://ent.univ-lorraine.fr/f/u1411l1s4/normal/render.uP?pCt=ul-zcs-etud.u1411l1n53&pCs=normal&pCp" "Mozilla/5.0 (Windows Phone 8.1; ARM; Trident/7.0; Touch; rv:11.0; IEMobile/11.0; NOKIA; Lumia 635) like Gecko" "SESSION_ROUTE=ent6" "ASSIGN_ROUTE=ent6" TRACE-81147-49lGIjlrjDf1xmfLoY6oLnDAFCQNEHspwgJwzQfOdVNZg90XtJ-cas1
31.32.189.45 - - [26/Sep/2015:00:25:20 +0200] "GET /nancy2-portlet-zimbra/ajax/getMessages HTTP/1.1" 200 2 "https://ent.univ-lorraine.fr/f/u1411l1s4/normal/render.uP?pCt=ul-zcs-etud.u1411l1n53&pCs=normal&pCp" "Mozilla/5.0 (Windows Phone 8.1; ARM; Trident/7.0; Touch; rv:11.0; IEMobile/11.0; NOKIA; Lumia 635) like Gecko" "SESSION_ROUTE=ent6" "ASSIGN_ROUTE=ent6" TRACE-81147-49lGIjlrjDf1xmfLoY6oLnDAFCQNEHspwgJwzQfOdVNZg90XtJ-cas1
31.32.189.45 - - [26/Sep/2015:00:25:20 +0200] "GET /nancy2-portlet-zimbra/ajax/getFolders HTTP/1.1" 200 548 "https://ent.univ-lorraine.fr/f/u1411l1s4/normal/render.uP?pCt=ul-zcs-etud.u1411l1n53&pCs=normal&pCp" "Mozilla/5.0 (Windows Phone 8.1; ARM; Trident/7.0; Touch; rv:11.0; IEMobile/11.0; NOKIA; Lumia 635) like Gecko" "SESSION_ROUTE=ent6" "ASSIGN_ROUTE=ent6" TRACE-81147-49lGIjlrjDf1xmfLoY6oLnDAFCQNEHspwgJwzQfOdVNZg90XtJ-cas1
85.68.245.36 - - [26/Sep/2015:00:25:21 +0200] "GET /nancy2-portlet-zimbra/ajax/getWeekEvents HTTP/1.1" 200 2 "https://ent.univ-lorraine.fr/f/u1411l1s4/normal/render.uP?pCt=ul-zcs-etud.u1411l1n53&pCs=normal&pCp" "Mozilla/5.0 (Windows NT 6.1; WOW64; rv:40.0) Gecko/20100101 Firefox/40.0" "SESSION_ROUTE=ent3" "ASSIGN_ROUTE=ent3" TRACE-81150-ysETIqxfsc7wy24QfQhlAzxoZB6Y0qAHMDRhx3EfKvAgOApVgu-cas1
85.68.245.36 - - [26/Sep/2015:00:25:21 +0200] "GET /nancy2-portlet-zimbra/ajax/getTasks HTTP/1.1" 200 2 "https://ent.univ-lorraine.fr/f/u1411l1s4/normal/render.uP?pCt=ul-zcs-etud.u1411l1n53&pCs=normal&pCp" "Mozilla/5.0 (Windows NT 6.1; WOW64; rv:40.0) Gecko/20100101 Firefox/40.0" "SESSION_ROUTE=ent3" "ASSIGN_ROUTE=ent3" TRACE-81150-ysETIqxfsc7wy24QfQhlAzxoZB6Y0qAHMDRhx3EfKvAgOApVgu-cas1
85.68.245.36 - - [26/Sep/2015:00:25:21 +0200] "GET /nancy2-portlet-zimbra/ajax/getTodayEvents HTTP/1.1" 200 2 "https://ent.univ-lorraine.fr/f/u1411l1s4/normal/render.uP?pCt=ul-zcs-etud.u1411l1n53&pCs=normal&pCp" "Mozilla/5.0 (Windows NT 6.1; WOW64; rv:40.0) Gecko/20100101 Firefox/40.0" "SESSION_ROUTE=ent3" "ASSIGN_ROUTE=ent3" TRACE-81150-ysETIqxfsc7wy24QfQhlAzxoZB6Y0qAHMDRhx3EfKvAgOApVgu-cas1
85.68.245.36 - - [26/Sep/2015:00:25:21 +0200] "GET /nancy2-portlet-zimbra/ajax/getMessages HTTP/1.1" 200 2 "https://ent.univ-lorraine.fr/f/u1411l1s4/normal/render.uP?pCt=ul-zcs-etud.u1411l1n53&pCs=normal&pCp" "Mozilla/5.0 (Windows NT 6.1; WOW64; rv:40.0) Gecko/20100101 Firefox/40.0" "SESSION_ROUTE=ent3" "ASSIGN_ROUTE=ent3" TRACE-81150-ysETIqxfsc7wy24QfQhlAzxoZB6Y0qAHMDRhx3EfKvAgOApVgu-cas1
85.68.245.36 - - [26/Sep/2015:00:25:21 +0200] "GET /nancy2-portlet-zimbra/ajax/getFolders HTTP/1.1" 200 548 "https://ent.univ-lorraine.fr/f/u1411l1s4/normal/render.uP?pCt=ul-zcs-etud.u1411l1n53&pCs=normal&pCp" "Mozilla/5.0 (Windows NT 6.1; WOW64; rv:40.0) Gecko/20100101 Firefox/40.0" "SESSION_ROUTE=ent3" "ASSIGN_ROUTE=ent3" TRACE-81150-ysETIqxfsc7wy24QfQhlAzxoZB6Y0qAHMDRhx3EfKvAgOApVgu-cas1
80.12.42.106 - - [26/Sep/2015:00:25:20 +0200] "GET /Login HTTP/1.1" 302 - "https://auth.univ-lorraine.fr/login;jsessionid=BEDD43D5901FD26FDACAACE19DCC961C?service=https://ent.univ-lorraine.fr/Login" "Mozilla/5.0 (Windows NT 6.1; WOW64; rv:40.0) Gecko/20100101 Firefox/40.0" "SESSION_ROUTE=ent6" "ASSIGN_ROUTE=ent6" TRACE-81152-zVDRQbJQFGs1dcmoYdCBDofmucz1M4hrGa0P5NMpqAl901COa4-cas1
80.12.42.106 - - [26/Sep/2015:00:25:21 +0200] "GET /f/u1411l1s4/normal/render.uP HTTP/1.1" 200 42912 "https://auth.univ-lorraine.fr/login;jsessionid=BEDD43D5901FD26FDACAACE19DCC961C?service=https://ent.univ-lorraine.fr/Login" "Mozilla/5.0 (Windows NT 6.1; WOW64; rv:40.0) Gecko/20100101 Firefox/40.0" "SESSION_ROUTE=ent6" "ASSIGN_ROUTE=ent6" TRACE-81152-zVDRQbJQFGs1dcmoYdCBDofmucz1M4hrGa0P5NMpqAl901COa4-cas1
46.193.64.235 - - [26/Sep/2015:00:25:21 +0200] "GET /Login HTTP/1.1" 302 - "https://auth.univ-lorraine.fr/login?service=https://ent.univ-lorraine.fr/Login" "Mozilla/5.0 (Windows NT 6.3; rv:41.0) Gecko/20100101 Firefox/41.0" "SESSION_ROUTE=ent2" "ASSIGN_ROUTE=ent2" TRACE-81153-fppls77Qrhler7pdqRytbkG31TpUKsD1VC5Zm3oMreLAGcM7h6-cas1
46.193.64.235 - - [26/Sep/2015:00:25:22 +0200] "GET /f/u1411l1s4/normal/render.uP HTTP/1.1" 200 51104 "https://auth.univ-lorraine.fr/login?service=https://ent.univ-lorraine.fr/Login" "Mozilla/5.0 (Windows NT 6.3; rv:41.0) Gecko/20100101 Firefox/41.0" "SESSION_ROUTE=ent2" "ASSIGN_ROUTE=ent2" TRACE-81153-fppls77Qrhler7pdqRytbkG31TpUKsD1VC5Zm3oMreLAGcM7h6-cas1
46.193.64.235 - - [26/Sep/2015:00:25:26 +0200] "GET /f/u378l1s4/p/ul-zcs-etud.u378l1n57/max/render.uP?pCp HTTP/1.1" 200 44342 "https://ent.univ-lorraine.fr/f/u1411l1s4/normal/render.uP" "Mozilla/5.0 (Windows NT 6.3; rv:41.0) Gecko/20100101 Firefox/41.0" "SESSION_ROUTE=ent2" "ASSIGN_ROUTE=ent2" TRACE-81153-fppls77Qrhler7pdqRytbkG31TpUKsD1VC5Zm3oMreLAGcM7h6-cas1
90.56.216.108 - - [26/Sep/2015:00:25:21 +0200] "GET /f/u911l1s4/normal/render.uP?pCt=uhp-portlet-cours-moodle-bali.u911l1n67&pCs=normal&pCp HTTP/1.1" 200 65780 "https://ent.univ-lorraine.fr/f/u1411l1s4/normal/render.uP" "Mozilla/5.0 (Windows NT 10.0; WOW64) AppleWebKit/537.36 (KHTML, like Gecko) Chrome/45.0.2454.99 Safari/537.36" "SESSION_ROUTE=ent5" "ASSIGN_ROUTE=ent5" TRACE-81148-5rTz3tmIU1dDW0PFh33mVuZiFxEC4ok7rtf4ZrSbziFlv7w5zN-cas1
90.56.216.108 - - [26/Sep/2015:00:25:27 +0200] "GET /f/u911l1s4/normal/render.uP HTTP/1.1" 200 45792 "https://ent.univ-lorraine.fr/f/u911l1s4/normal/render.uP?pCt=uhp-portlet-cours-moodle-bali.u911l1n67&pCs=normal&pCp" "Mozilla/5.0 (Windows NT 10.0; WOW64) AppleWebKit/537.36 (KHTML, like Gecko) Chrome/45.0.2454.99 Safari/537.36" "SESSION_ROUTE=ent5" "ASSIGN_ROUTE=ent5" TRACE-81148-5rTz3tmIU1dDW0PFh33mVuZiFxEC4ok7rtf4ZrSbziFlv7w5zN-cas1
46.193.64.235 - - [26/Sep/2015:00:25:27 +0200] "GET /nancy2-portlet-zimbra/ajax/getMessages HTTP/1.1" 200 2 "https://ent.univ-lorraine.fr/f/u378l1s4/p/ul-zcs-etud.u378l1n57/max/render.uP?pCp" "Mozilla/5.0 (Windows NT 6.3; rv:41.0) Gecko/20100101 Firefox/41.0" "SESSION_ROUTE=ent2" "ASSIGN_ROUTE=ent2" TRACE-81153-fppls77Qrhler7pdqRytbkG31TpUKsD1VC5Zm3oMreLAGcM7h6-cas1
46.193.64.235 - - [26/Sep/2015:00:25:27 +0200] "GET /nancy2-portlet-zimbra/ajax/getWeekEvents HTTP/1.1" 200 2 "https://ent.univ-lorraine.fr/f/u378l1s4/p/ul-zcs-etud.u378l1n57/max/render.uP?pCp" "Mozilla/5.0 (Windows NT 6.3; rv:41.0) Gecko/20100101 Firefox/41.0" "SESSION_ROUTE=ent2" "ASSIGN_ROUTE=ent2" TRACE-81153-fppls77Qrhler7pdqRytbkG31TpUKsD1VC5Zm3oMreLAGcM7h6-cas1
46.193.64.235 - - [26/Sep/2015:00:25:27 +0200] "GET /nancy2-portlet-zimbra/ajax/getTodayEvents HTTP/1.1" 200 2 "https://ent.univ-lorraine.fr/f/u378l1s4/p/ul-zcs-etud.u378l1n57/max/render.uP?pCp" "Mozilla/5.0 (Windows NT 6.3; rv:41.0) Gecko/20100101 Firefox/41.0" "SESSION_ROUTE=ent2" "ASSIGN_ROUTE=ent2" TRACE-81153-fppls77Qrhler7pdqRytbkG31TpUKsD1VC5Zm3oMreLAGcM7h6-cas1
46.193.64.235 - - [26/Sep/2015:00:25:27 +0200] "GET /nancy2-portlet-zimbra/ajax/getTasks HTTP/1.1" 200 2 "https://ent.univ-lorraine.fr/f/u378l1s4/p/ul-zcs-etud.u378l1n57/max/render.uP?pCp" "Mozilla/5.0 (Windows NT 6.3; rv:41.0) Gecko/20100101 Firefox/41.0" "SESSION_ROUTE=ent2" "ASSIGN_ROUTE=ent2" TRACE-81153-fppls77Qrhler7pdqRytbkG31TpUKsD1VC5Zm3oMreLAGcM7h6-cas1
46.193.64.235 - - [26/Sep/2015:00:25:27 +0200] "GET /nancy2-portlet-zimbra/ajax/getFolders HTTP/1.1" 200 548 "https://ent.univ-lorraine.fr/f/u378l1s4/p/ul-zcs-etud.u378l1n57/max/render.uP?pCp" "Mozilla/5.0 (Windows NT 6.3; rv:41.0) Gecko/20100101 Firefox/41.0" "SESSION_ROUTE=ent2" "ASSIGN_ROUTE=ent2" TRACE-81153-fppls77Qrhler7pdqRytbkG31TpUKsD1VC5Zm3oMreLAGcM7h6-cas1
46.193.64.235 - - [26/Sep/2015:00:25:29 +0200] "GET /Logout HTTP/1.1" 302 - "https://ent.univ-lorraine.fr/f/u378l1s4/p/ul-zcs-etud.u378l1n57/max/render.uP?pCp" "Mozilla/5.0 (Windows NT 6.3; rv:41.0) Gecko/20100101 Firefox/41.0" "SESSION_ROUTE=ent2" "ASSIGN_ROUTE=ent2" TRACE-81153-fppls77Qrhler7pdqRytbkG31TpUKsD1VC5Zm3oMreLAGcM7h6-cas1
46.193.64.235 - - [26/Sep/2015:00:25:29 +0200] "GET /Login HTTP/1.1" 302 - "https://ent.univ-lorraine.fr/f/u378l1s4/p/ul-zcs-etud.u378l1n57/max/render.uP?pCp" "Mozilla/5.0 (Windows NT 6.3; rv:41.0) Gecko/20100101 Firefox/41.0" "SESSION_ROUTE=ent2" "ASSIGN_ROUTE=ent2" TRACE-81153-fppls77Qrhler7pdqRytbkG31TpUKsD1VC5Zm3oMreLAGcM7h6-cas1
46.193.64.235 - - [26/Sep/2015:00:25:29 +0200] "GET /f/u21l1s4/normal/render.uP HTTP/1.1" 200 30048 "https://ent.univ-lorraine.fr/f/u378l1s4/p/ul-zcs-etud.u378l1n57/max/render.uP?pCp" "Mozilla/5.0 (Windows NT 6.3; rv:41.0) Gecko/20100101 Firefox/41.0" "SESSION_ROUTE=ent2" "ASSIGN_ROUTE=ent2" TRACE-81153-fppls77Qrhler7pdqRytbkG31TpUKsD1VC5Zm3oMreLAGcM7h6-cas1
46.193.64.235 - - [26/Sep/2015:00:25:31 +0200] "POST /f/u21l1s4/p/esup-portlet-annuaire-desktop.u21l1n103/normal/action.uP?pP___jpfbJSFTARGET=view%3A%2Fstylesheets%2Fhome.xhtml HTTP/1.1" 302 - "https://ent.univ-lorraine.fr/f/u21l1s4/normal/render.uP" "Mozilla/5.0 (Windows NT 6.3; rv:41.0) Gecko/20100101 Firefox/41.0" "SESSION_ROUTE=ent2" "ASSIGN_ROUTE=ent2" TRACE-81153-fppls77Qrhler7pdqRytbkG31TpUKsD1VC5Zm3oMreLAGcM7h6-cas1
46.193.64.235 - - [26/Sep/2015:00:25:31 +0200] "GET /f/u21l1s4/normal/render.uP?pCt=esup-portlet-annuaire-desktop.u21l1n103&pP___jpfbJSFTARGET=view%3A%2Fstylesheets%2Fdesktop%2Fpersons.xhtml&pP_org.apache.myfaces.trinidad.util.RequestStateMap=b35de5ee-15bd-4adc-a537-2cf86e7f2b66 HTTP/1.1" 200 40339 "https://ent.univ-lorraine.fr/f/u21l1s4/normal/render.uP" "Mozilla/5.0 (Windows NT 6.3; rv:41.0) Gecko/20100101 Firefox/41.0" "SESSION_ROUTE=ent2" "ASSIGN_ROUTE=ent2" TRACE-81153-fppls77Qrhler7pdqRytbkG31TpUKsD1VC5Zm3oMreLAGcM7h6-cas1
109.221.240.228 - - [26/Sep/2015:00:25:32 +0200] "GET /Login HTTP/1.1" 302 - "https://auth.univ-lorraine.fr/login?service=https://ent.univ-lorraine.fr/Login" "Mozilla/5.0 (Windows NT 6.1; WOW64; rv:40.0) Gecko/20100101 Firefox/40.0" "SESSION_ROUTE=ent3" "ASSIGN_ROUTE=ent3" TRACE-81154-FVDPG0Zkzgo15idSnEVY4CapI24s5lHhKzVbfnd43oEhtMY1b6-cas1
109.221.240.228 - - [26/Sep/2015:00:25:33 +0200] "GET /f/u1411l1s4/normal/render.uP HTTP/1.1" 200 50521 "https://auth.univ-lorraine.fr/login?service=https://ent.univ-lorraine.fr/Login" "Mozilla/5.0 (Windows NT 6.1; WOW64; rv:40.0) Gecko/20100101 Firefox/40.0" "SESSION_ROUTE=ent3" "ASSIGN_ROUTE=ent3" TRACE-81154-FVDPG0Zkzgo15idSnEVY4CapI24s5lHhKzVbfnd43oEhtMY1b6-cas1
90.26.50.146 - - [26/Sep/2015:00:25:36 +0200] "GET /Login HTTP/1.1" 302 - "https://auth.univ-lorraine.fr/login?service=https://ent.univ-lorraine.fr/Login" "Mozilla/5.0 (Windows NT 6.1; WOW64; rv:40.0) Gecko/20100101 Firefox/40.0" "SESSION_ROUTE=ent4" "ASSIGN_ROUTE=ent4" TRACE-81155-kz06sbfrggeZtv6Fda9UiP51kkUZ2YqeXHoiyZOmXfBsEvUstT-cas1
90.26.50.146 - - [26/Sep/2015:00:25:37 +0200] "GET /f/u1411l1s4/normal/render.uP HTTP/1.1" 200 50527 "https://auth.univ-lorraine.fr/login?service=https://ent.univ-lorraine.fr/Login" "Mozilla/5.0 (Windows NT 6.1; WOW64; rv:40.0) Gecko/20100101 Firefox/40.0" "SESSION_ROUTE=ent4" "ASSIGN_ROUTE=ent4" TRACE-81155-kz06sbfrggeZtv6Fda9UiP51kkUZ2YqeXHoiyZOmXfBsEvUstT-cas1
78.235.136.55 - - [26/Sep/2015:00:25:38 +0200] "GET /Login HTTP/1.1" 302 - "https://auth.univ-lorraine.fr/login;jsessionid=5A58B4D58156FDD944A942604EEC6014?service=https://ent.univ-lorraine.fr/Login" "Mozilla/5.0 (Windows NT 10.0) AppleWebKit/537.36 (KHTML, like Gecko) Chrome/42.0.2311.135 Safari/537.36 Edge/12.10240" "SESSION_ROUTE=ent3" "ASSIGN_ROUTE=ent3" TRACE-81158-vZ7zaeUiH0zhot3ZcOsESMfavadnVkTAMhYNQ96DwpHA7ZLwYQ-cas1
109.221.240.228 - - [26/Sep/2015:00:25:39 +0200] "GET /f/u911l1s4/normal/render.uP?pCt=ul-iframe-planning-ade-ul-formation.u911l1n55&pCs=normal&pCp HTTP/1.1" 200 44982 "https://ent.univ-lorraine.fr/f/u1411l1s4/normal/render.uP" "Mozilla/5.0 (Windows NT 6.1; WOW64; rv:40.0) Gecko/20100101 Firefox/40.0" "SESSION_ROUTE=ent3" "ASSIGN_ROUTE=ent3" TRACE-81154-FVDPG0Zkzgo15idSnEVY4CapI24s5lHhKzVbfnd43oEhtMY1b6-cas1
78.235.136.55 - - [26/Sep/2015:00:25:39 +0200] "GET /f/u1411l1s4/normal/render.uP HTTP/1.1" 200 51793 "https://auth.univ-lorraine.fr/login;jsessionid=5A58B4D58156FDD944A942604EEC6014?service=https://ent.univ-lorraine.fr/Login" "Mozilla/5.0 (Windows NT 10.0) AppleWebKit/537.36 (KHTML, like Gecko) Chrome/42.0.2311.135 Safari/537.36 Edge/12.10240" "SESSION_ROUTE=ent3" "ASSIGN_ROUTE=ent3" TRACE-81158-vZ7zaeUiH0zhot3ZcOsESMfavadnVkTAMhYNQ96DwpHA7ZLwYQ-cas1
90.26.50.146 - - [26/Sep/2015:00:25:41 +0200] "GET /f/u1411l1s4/normal/render.uP?pCt=ul-zcs-etud.u1411l1n53&pCs=normal&pCp HTTP/1.1" 200 56811 "https://ent.univ-lorraine.fr/f/u1411l1s4/normal/render.uP" "Mozilla/5.0 (Windows NT 6.1; WOW64; rv:40.0) Gecko/20100101 Firefox/40.0" "SESSION_ROUTE=ent4" "ASSIGN_ROUTE=ent4" TRACE-81155-kz06sbfrggeZtv6Fda9UiP51kkUZ2YqeXHoiyZOmXfBsEvUstT-cas1
90.26.50.146 - - [26/Sep/2015:00:25:44 +0200] "GET /nancy2-portlet-zimbra/ajax/getTasks HTTP/1.1" 200 2 "https://ent.univ-lorraine.fr/f/u1411l1s4/normal/render.uP?pCt=ul-zcs-etud.u1411l1n53&pCs=normal&pCp" "Mozilla/5.0 (Windows NT 6.1; WOW64; rv:40.0) Gecko/20100101 Firefox/40.0" "SESSION_ROUTE=ent4" "ASSIGN_ROUTE=ent4" TRACE-81155-kz06sbfrggeZtv6Fda9UiP51kkUZ2YqeXHoiyZOmXfBsEvUstT-cas1
90.26.50.146 - - [26/Sep/2015:00:25:44 +0200] "GET /nancy2-portlet-zimbra/ajax/getMessages HTTP/1.1" 200 338 "https://ent.univ-lorraine.fr/f/u1411l1s4/normal/render.uP?pCt=ul-zcs-etud.u1411l1n53&pCs=normal&pCp" "Mozilla/5.0 (Windows NT 6.1; WOW64; rv:40.0) Gecko/20100101 Firefox/40.0" "SESSION_ROUTE=ent4" "ASSIGN_ROUTE=ent4" TRACE-81155-kz06sbfrggeZtv6Fda9UiP51kkUZ2YqeXHoiyZOmXfBsEvUstT-cas1
90.26.50.146 - - [26/Sep/2015:00:25:44 +0200] "GET /nancy2-portlet-zimbra/ajax/getTodayEvents HTTP/1.1" 200 2 "https://ent.univ-lorraine.fr/f/u1411l1s4/normal/render.uP?pCt=ul-zcs-etud.u1411l1n53&pCs=normal&pCp" "Mozilla/5.0 (Windows NT 6.1; WOW64; rv:40.0) Gecko/20100101 Firefox/40.0" "SESSION_ROUTE=ent4" "ASSIGN_ROUTE=ent4" TRACE-81155-kz06sbfrggeZtv6Fda9UiP51kkUZ2YqeXHoiyZOmXfBsEvUstT-cas1
90.26.50.146 - - [26/Sep/2015:00:25:44 +0200] "GET /nancy2-portlet-zimbra/ajax/getWeekEvents HTTP/1.1" 200 2 "https://ent.univ-lorraine.fr/f/u1411l1s4/normal/render.uP?pCt=ul-zcs-etud.u1411l1n53&pCs=normal&pCp" "Mozilla/5.0 (Windows NT 6.1; WOW64; rv:40.0) Gecko/20100101 Firefox/40.0" "SESSION_ROUTE=ent4" "ASSIGN_ROUTE=ent4" TRACE-81155-kz06sbfrggeZtv6Fda9UiP51kkUZ2YqeXHoiyZOmXfBsEvUstT-cas1
90.26.50.146 - - [26/Sep/2015:00:25:44 +0200] "GET /nancy2-portlet-zimbra/ajax/getFolders HTTP/1.1" 200 548 "https://ent.univ-lorraine.fr/f/u1411l1s4/normal/render.uP?pCt=ul-zcs-etud.u1411l1n53&pCs=normal&pCp" "Mozilla/5.0 (Windows NT 6.1; WOW64; rv:40.0) Gecko/20100101 Firefox/40.0" "SESSION_ROUTE=ent4" "ASSIGN_ROUTE=ent4" TRACE-81155-kz06sbfrggeZtv6Fda9UiP51kkUZ2YqeXHoiyZOmXfBsEvUstT-cas1
78.235.136.55 - - [26/Sep/2015:00:25:48 +0200] "GET /f/u911l1s4/normal/render.uP?pCt=uhp-portlet-cours-moodle-bali.u911l1n67&pCs=normal&pCp HTTP/1.1" 200 65640 "https://ent.univ-lorraine.fr/f/u1411l1s4/normal/render.uP" "Mozilla/5.0 (Windows NT 10.0) AppleWebKit/537.36 (KHTML, like Gecko) Chrome/42.0.2311.135 Safari/537.36 Edge/12.10240" "SESSION_ROUTE=ent3" "ASSIGN_ROUTE=ent3" TRACE-81158-vZ7zaeUiH0zhot3ZcOsESMfavadnVkTAMhYNQ96DwpHA7ZLwYQ-cas1
92.89.180.238 - - [26/Sep/2015:00:25:58 +0200] "GET /Login HTTP/1.1" 302 - "https://auth.univ-lorraine.fr/login?service=https://ent.univ-lorraine.fr/Login" "Mozilla/5.0 (Windows NT 6.1; WOW64) AppleWebKit/537.36 (KHTML, like Gecko) Chrome/45.0.2454.99 Safari/537.36" "SESSION_ROUTE=ent6" "ASSIGN_ROUTE=ent6" TRACE-81163-AXjBC46fufpOyhOA0XVTPCJcYDCX2MeGAfYXBdeCcl0iUdb1iE-cas1
92.89.180.238 - - [26/Sep/2015:00:25:58 +0200] "GET /f/u1411l1s4/normal/render.uP HTTP/1.1" 200 51821 "https://auth.univ-lorraine.fr/login?service=https://ent.univ-lorraine.fr/Login" "Mozilla/5.0 (Windows NT 6.1; WOW64) AppleWebKit/537.36 (KHTML, like Gecko) Chrome/45.0.2454.99 Safari/537.36" "SESSION_ROUTE=ent6" "ASSIGN_ROUTE=ent6" TRACE-81163-AXjBC46fufpOyhOA0XVTPCJcYDCX2MeGAfYXBdeCcl0iUdb1iE-cas1
79.80.221.12 - - [26/Sep/2015:00:26:01 +0200] "GET /nancy2-portlet-zimbra/ajax/getMessages HTTP/1.1" 200 2 "https://ent.univ-lorraine.fr/f/u1411l1s4/normal/render.uP?pCt=ul-zcs-etud.u1411l1n53&pCs=normal&pCp" "Mozilla/5.0 (Windows NT 6.3; WOW64; rv:41.0) Gecko/20100101 Firefox/41.0" "SESSION_ROUTE=ent6" "ASSIGN_ROUTE=ent6" TRACE-81139-1JGmTLmLffML9E2q01tphPhqslMzpwigwRAKNbZZtcErlH41yB-cas1
92.89.180.238 - - [26/Sep/2015:00:26:02 +0200] "GET /f/u378l1s4/p/ul-zcs-etud.u378l1n57/max/render.uP?pCp HTTP/1.1" 200 44946 "https://ent.univ-lorraine.fr/f/u1411l1s4/normal/render.uP" "Mozilla/5.0 (Windows NT 6.1; WOW64) AppleWebKit/537.36 (KHTML, like Gecko) Chrome/45.0.2454.99 Safari/537.36" "SESSION_ROUTE=ent6" "ASSIGN_ROUTE=ent6" TRACE-81163-AXjBC46fufpOyhOA0XVTPCJcYDCX2MeGAfYXBdeCcl0iUdb1iE-cas1
92.89.180.238 - - [26/Sep/2015:00:26:03 +0200] "GET /nancy2-portlet-zimbra/ajax/getMessages HTTP/1.1" 200 2 "https://ent.univ-lorraine.fr/f/u378l1s4/p/ul-zcs-etud.u378l1n57/max/render.uP?pCp" "Mozilla/5.0 (Windows NT 6.1; WOW64) AppleWebKit/537.36 (KHTML, like Gecko) Chrome/45.0.2454.99 Safari/537.36" "SESSION_ROUTE=ent6" "ASSIGN_ROUTE=ent6" TRACE-81163-AXjBC46fufpOyhOA0XVTPCJcYDCX2MeGAfYXBdeCcl0iUdb1iE-cas1
92.89.180.238 - - [26/Sep/2015:00:26:03 +0200] "GET /nancy2-portlet-zimbra/ajax/getTasks HTTP/1.1" 200 2 "https://ent.univ-lorraine.fr/f/u378l1s4/p/ul-zcs-etud.u378l1n57/max/render.uP?pCp" "Mozilla/5.0 (Windows NT 6.1; WOW64) AppleWebKit/537.36 (KHTML, like Gecko) Chrome/45.0.2454.99 Safari/537.36" "SESSION_ROUTE=ent6" "ASSIGN_ROUTE=ent6" TRACE-81163-AXjBC46fufpOyhOA0XVTPCJcYDCX2MeGAfYXBdeCcl0iUdb1iE-cas1
92.89.180.238 - - [26/Sep/2015:00:26:03 +0200] "GET /nancy2-portlet-zimbra/ajax/getTodayEvents HTTP/1.1" 200 2 "https://ent.univ-lorraine.fr/f/u378l1s4/p/ul-zcs-etud.u378l1n57/max/render.uP?pCp" "Mozilla/5.0 (Windows NT 6.1; WOW64) AppleWebKit/537.36 (KHTML, like Gecko) Chrome/45.0.2454.99 Safari/537.36" "SESSION_ROUTE=ent6" "ASSIGN_ROUTE=ent6" TRACE-81163-AXjBC46fufpOyhOA0XVTPCJcYDCX2MeGAfYXBdeCcl0iUdb1iE-cas1
92.89.180.238 - - [26/Sep/2015:00:26:03 +0200] "GET /nancy2-portlet-zimbra/ajax/getWeekEvents HTTP/1.1" 200 2 "https://ent.univ-lorraine.fr/f/u378l1s4/p/ul-zcs-etud.u378l1n57/max/render.uP?pCp" "Mozilla/5.0 (Windows NT 6.1; WOW64) AppleWebKit/537.36 (KHTML, like Gecko) Chrome/45.0.2454.99 Safari/537.36" "SESSION_ROUTE=ent6" "ASSIGN_ROUTE=ent6" TRACE-81163-AXjBC46fufpOyhOA0XVTPCJcYDCX2MeGAfYXBdeCcl0iUdb1iE-cas1
92.89.180.238 - - [26/Sep/2015:00:26:03 +0200] "GET /nancy2-portlet-zimbra/ajax/getFolders HTTP/1.1" 200 548 "https://ent.univ-lorraine.fr/f/u378l1s4/p/ul-zcs-etud.u378l1n57/max/render.uP?pCp" "Mozilla/5.0 (Windows NT 6.1; WOW64) AppleWebKit/537.36 (KHTML, like Gecko) Chrome/45.0.2454.99 Safari/537.36" "SESSION_ROUTE=ent6" "ASSIGN_ROUTE=ent6" TRACE-81163-AXjBC46fufpOyhOA0XVTPCJcYDCX2MeGAfYXBdeCcl0iUdb1iE-cas1
79.80.221.12 - - [26/Sep/2015:00:26:02 +0200] "GET /nancy2-portlet-zimbra/ajax/getFolders HTTP/1.1" 200 548 "https://ent.univ-lorraine.fr/f/u1411l1s4/normal/render.uP?pCt=ul-zcs-etud.u1411l1n53&pCs=normal&pCp" "Mozilla/5.0 (Windows NT 6.3; WOW64; rv:41.0) Gecko/20100101 Firefox/41.0" "SESSION_ROUTE=ent6" "ASSIGN_ROUTE=ent6" TRACE-81139-1JGmTLmLffML9E2q01tphPhqslMzpwigwRAKNbZZtcErlH41yB-cas1
79.80.221.12 - - [26/Sep/2015:00:26:07 +0200] "GET /f/u911l1s4/normal/render.uP?pCt=ul-iframe-planning-ade-ul-formation.u911l1n55&pCs=normal&pCp HTTP/1.1" 200 45536 "https://ent.univ-lorraine.fr/f/u1411l1s4/normal/render.uP?pCt=ul-zcs-etud.u1411l1n53&pCs=normal&pCp" "Mozilla/5.0 (Windows NT 6.3; WOW64; rv:41.0) Gecko/20100101 Firefox/41.0" "SESSION_ROUTE=ent6" "ASSIGN_ROUTE=ent6" TRACE-81139-1JGmTLmLffML9E2q01tphPhqslMzpwigwRAKNbZZtcErlH41yB-cas1
70.48.126.96 - - [26/Sep/2015:00:26:09 +0200] "GET /Login HTTP/1.1" 302 - "https://auth.univ-lorraine.fr/login?service=https://ent.univ-lorraine.fr/Login" "Mozilla/5.0 (Windows NT 10.0; WOW64) AppleWebKit/537.36 (KHTML, like Gecko) Chrome/45.0.2454.99 Safari/537.36" "SESSION_ROUTE=ent6" "ASSIGN_ROUTE=ent6" TRACE-81166-hGNj4Jwf4QZkjSDM9wsgMZuqOdseuaNPq9ypEVc5jT9MaP91yd-cas1
70.48.126.96 - - [26/Sep/2015:00:26:10 +0200] "GET /f/u1411l1s4/normal/render.uP HTTP/1.1" 200 51958 "https://auth.univ-lorraine.fr/login?service=https://ent.univ-lorraine.fr/Login" "Mozilla/5.0 (Windows NT 10.0; WOW64) AppleWebKit/537.36 (KHTML, like Gecko) Chrome/45.0.2454.99 Safari/537.36" "SESSION_ROUTE=ent6" "ASSIGN_ROUTE=ent6" TRACE-81166-hGNj4Jwf4QZkjSDM9wsgMZuqOdseuaNPq9ypEVc5jT9MaP91yd-cas1
80.12.42.106 - - [26/Sep/2015:00:26:18 +0200] "GET /f/u1410l1s4/normal/render.uP HTTP/1.1" 200 43652 "https://ent.univ-lorraine.fr/f/u1411l1s4/normal/render.uP" "Mozilla/5.0 (Windows NT 6.1; WOW64; rv:40.0) Gecko/20100101 Firefox/40.0" "SESSION_ROUTE=ent6" "ASSIGN_ROUTE=ent6" TRACE-81152-zVDRQbJQFGs1dcmoYdCBDofmucz1M4hrGa0P5NMpqAl901COa4-cas1
70.48.126.96 - - [26/Sep/2015:00:26:19 +0200] "GET /f/u1411l1s4/normal/render.uP?pCt=ul-zcs-etud.u1411l1n53&pCs=normal&pCp HTTP/1.1" 200 58201 "https://ent.univ-lorraine.fr/f/u1411l1s4/normal/render.uP" "Mozilla/5.0 (Windows NT 10.0; WOW64) AppleWebKit/537.36 (KHTML, like Gecko) Chrome/45.0.2454.99 Safari/537.36" "SESSION_ROUTE=ent6" "ASSIGN_ROUTE=ent6" TRACE-81166-hGNj4Jwf4QZkjSDM9wsgMZuqOdseuaNPq9ypEVc5jT9MaP91yd-cas1
70.48.126.96 - - [26/Sep/2015:00:26:20 +0200] "GET /nancy2-portlet-zimbra/ajax/getMessages HTTP/1.1" 200 1642 "https://ent.univ-lorraine.fr/f/u1411l1s4/normal/render.uP?pCt=ul-zcs-etud.u1411l1n53&pCs=normal&pCp" "Mozilla/5.0 (Windows NT 10.0; WOW64) AppleWebKit/537.36 (KHTML, like Gecko) Chrome/45.0.2454.99 Safari/537.36" "SESSION_ROUTE=ent6" "ASSIGN_ROUTE=ent6" TRACE-81166-hGNj4Jwf4QZkjSDM9wsgMZuqOdseuaNPq9ypEVc5jT9MaP91yd-cas1
70.48.126.96 - - [26/Sep/2015:00:26:21 +0200] "GET /nancy2-portlet-zimbra/ajax/getFolders HTTP/1.1" 200 550 "https://ent.univ-lorraine.fr/f/u1411l1s4/normal/render.uP?pCt=ul-zcs-etud.u1411l1n53&pCs=normal&pCp" "Mozilla/5.0 (Windows NT 10.0; WOW64) AppleWebKit/537.36 (KHTML, like Gecko) Chrome/45.0.2454.99 Safari/537.36" "SESSION_ROUTE=ent6" "ASSIGN_ROUTE=ent6" TRACE-81166-hGNj4Jwf4QZkjSDM9wsgMZuqOdseuaNPq9ypEVc5jT9MaP91yd-cas1
70.48.126.96 - - [26/Sep/2015:00:26:21 +0200] "GET /nancy2-portlet-zimbra/ajax/getTodayEvents HTTP/1.1" 200 2 "https://ent.univ-lorraine.fr/f/u1411l1s4/normal/render.uP?pCt=ul-zcs-etud.u1411l1n53&pCs=normal&pCp" "Mozilla/5.0 (Windows NT 10.0; WOW64) AppleWebKit/537.36 (KHTML, like Gecko) Chrome/45.0.2454.99 Safari/537.36" "SESSION_ROUTE=ent6" "ASSIGN_ROUTE=ent6" TRACE-81166-hGNj4Jwf4QZkjSDM9wsgMZuqOdseuaNPq9ypEVc5jT9MaP91yd-cas1
70.48.126.96 - - [26/Sep/2015:00:26:21 +0200] "GET /nancy2-portlet-zimbra/ajax/getWeekEvents HTTP/1.1" 200 2 "https://ent.univ-lorraine.fr/f/u1411l1s4/normal/render.uP?pCt=ul-zcs-etud.u1411l1n53&pCs=normal&pCp" "Mozilla/5.0 (Windows NT 10.0; WOW64) AppleWebKit/537.36 (KHTML, like Gecko) Chrome/45.0.2454.99 Safari/537.36" "SESSION_ROUTE=ent6" "ASSIGN_ROUTE=ent6" TRACE-81166-hGNj4Jwf4QZkjSDM9wsgMZuqOdseuaNPq9ypEVc5jT9MaP91yd-cas1
70.48.126.96 - - [26/Sep/2015:00:26:21 +0200] "GET /nancy2-portlet-zimbra/ajax/getTasks HTTP/1.1" 200 2 "https://ent.univ-lorraine.fr/f/u1411l1s4/normal/render.uP?pCt=ul-zcs-etud.u1411l1n53&pCs=normal&pCp" "Mozilla/5.0 (Windows NT 10.0; WOW64) AppleWebKit/537.36 (KHTML, like Gecko) Chrome/45.0.2454.99 Safari/537.36" "SESSION_ROUTE=ent6" "ASSIGN_ROUTE=ent6" TRACE-81166-hGNj4Jwf4QZkjSDM9wsgMZuqOdseuaNPq9ypEVc5jT9MaP91yd-cas1
89.80.7.213 - - [26/Sep/2015:00:26:25 +0200] "GET /Login?profile=desktop HTTP/1.1" 302 - "https://auth.univ-lorraine.fr/login;jsessionid=65981FA6548D87BF1D3B02A697676A03?service=https://ent.univ-lorraine.fr/Login?profile=desktop" "Mozilla/5.0 (Mobile; Windows Phone 8.1; Android 4.0; ARM; Trident/7.0; Touch; rv:11.0; IEMobile/11.0; NOKIA; Lumia 530) like iPhone OS 7_0_3 Mac OS X AppleWebKit/537 (KHTML, like Gecko) Mobile Safari/537" "SESSION_ROUTE=ent5" "ASSIGN_ROUTE=ent5" TRACE-81169-vO3XEd6VovTvrLc3RU3nvDBQQIyfvgXjqOl5dvc7DhVZVnMhxx-cas1
89.80.7.213 - - [26/Sep/2015:00:26:26 +0200] "GET /f/u1411l1s4/normal/render.uP HTTP/1.1" 200 57490 "https://auth.univ-lorraine.fr/login;jsessionid=65981FA6548D87BF1D3B02A697676A03?service=https://ent.univ-lorraine.fr/Login?profile=desktop" "Mozilla/5.0 (Mobile; Windows Phone 8.1; Android 4.0; ARM; Trident/7.0; Touch; rv:11.0; IEMobile/11.0; NOKIA; Lumia 530) like iPhone OS 7_0_3 Mac OS X AppleWebKit/537 (KHTML, like Gecko) Mobile Safari/537" "SESSION_ROUTE=ent5" "ASSIGN_ROUTE=ent5" TRACE-81169-vO3XEd6VovTvrLc3RU3nvDBQQIyfvgXjqOl5dvc7DhVZVnMhxx-cas1
213.223.211.28 - - [26/Sep/2015:00:26:26 +0200] "GET /Login HTTP/1.1" 302 - "https://auth.univ-lorraine.fr/login?service=https://ent.univ-lorraine.fr/Login" "Mozilla/5.0 (Windows NT 6.3; WOW64) AppleWebKit/537.36 (KHTML, like Gecko) Chrome/45.0.2454.99 Safari/537.36" "SESSION_ROUTE=ent5" "ASSIGN_ROUTE=ent5" TRACE-81170-SbHQUUkSK7JW3qg5gDLRWGWzEJWzhJGddqw2C09TMfcxtUqfR5-cas1
213.223.211.28 - - [26/Sep/2015:00:26:27 +0200] "GET /f/u1411l1s4/normal/render.uP HTTP/1.1" 200 50613 "https://auth.univ-lorraine.fr/login?service=https://ent.univ-lorraine.fr/Login" "Mozilla/5.0 (Windows NT 6.3; WOW64) AppleWebKit/537.36 (KHTML, like Gecko) Chrome/45.0.2454.99 Safari/537.36" "SESSION_ROUTE=ent5" "ASSIGN_ROUTE=ent5" TRACE-81170-SbHQUUkSK7JW3qg5gDLRWGWzEJWzhJGddqw2C09TMfcxtUqfR5-cas1
89.80.7.213 - - [26/Sep/2015:00:26:28 +0200] "GET /nancy2-portlet-zimbra/ajax/getTodayEvents HTTP/1.1" 200 2 "https://ent.univ-lorraine.fr/f/u1411l1s4/normal/render.uP" "Mozilla/5.0 (Mobile; Windows Phone 8.1; Android 4.0; ARM; Trident/7.0; Touch; rv:11.0; IEMobile/11.0; NOKIA; Lumia 530) like iPhone OS 7_0_3 Mac OS X AppleWebKit/537 (KHTML, like Gecko) Mobile Safari/537" "SESSION_ROUTE=ent5" "ASSIGN_ROUTE=ent5" TRACE-81169-vO3XEd6VovTvrLc3RU3nvDBQQIyfvgXjqOl5dvc7DhVZVnMhxx-cas1
89.80.7.213 - - [26/Sep/2015:00:26:28 +0200] "GET /nancy2-portlet-zimbra/ajax/getTasks HTTP/1.1" 200 2 "https://ent.univ-lorraine.fr/f/u1411l1s4/normal/render.uP" "Mozilla/5.0 (Mobile; Windows Phone 8.1; Android 4.0; ARM; Trident/7.0; Touch; rv:11.0; IEMobile/11.0; NOKIA; Lumia 530) like iPhone OS 7_0_3 Mac OS X AppleWebKit/537 (KHTML, like Gecko) Mobile Safari/537" "SESSION_ROUTE=ent5" "ASSIGN_ROUTE=ent5" TRACE-81169-vO3XEd6VovTvrLc3RU3nvDBQQIyfvgXjqOl5dvc7DhVZVnMhxx-cas1
