81.56.6.18 - - [26/Sep/2015:00:22:19 +0200] "GET /nancy2-portlet-zimbra/ajax/getFolders HTTP/1.1" 200 549 "https://ent.univ-lorraine.fr/f/u1411l1s4/normal/render.uP?pCt=ul-zcs-etud.u1411l1n53&pCs=normal&pCp" "Mozilla/5.0 (Macintosh; Intel Mac OS X 10_9_5) AppleWebKit/600.8.9 (KHTML, like Gecko) Version/7.1.8 Safari/537.85.17" "SESSION_ROUTE=ent6" "ASSIGN_ROUTE=ent6" TRACE-81089-IQgcolQLzqtBtnixpmn9kbkwHXd0jLJubeG7gD26OVIFKiFK2i-cas1
81.56.6.18 - - [26/Sep/2015:00:22:19 +0200] "GET /nancy2-portlet-zimbra/ajax/getTasks HTTP/1.1" 200 2 "https://ent.univ-lorraine.fr/f/u1411l1s4/normal/render.uP?pCt=ul-zcs-etud.u1411l1n53&pCs=normal&pCp" "Mozilla/5.0 (Macintosh; Intel Mac OS X 10_9_5) AppleWebKit/600.8.9 (KHTML, like Gecko) Version/7.1.8 Safari/537.85.17" "SESSION_ROUTE=ent6" "ASSIGN_ROUTE=ent6" TRACE-81089-IQgcolQLzqtBtnixpmn9kbkwHXd0jLJubeG7gD26OVIFKiFK2i-cas1
81.56.6.18 - - [26/Sep/2015:00:22:19 +0200] "GET /nancy2-portlet-zimbra/ajax/getMessages HTTP/1.1" 200 1491 "https://ent.univ-lorraine.fr/f/u1411l1s4/normal/render.uP?pCt=ul-zcs-etud.u1411l1n53&pCs=normal&pCp" "Mozilla/5.0 (Macintosh; Intel Mac OS X 10_9_5) AppleWebKit/600.8.9 (KHTML, like Gecko) Version/7.1.8 Safari/537.85.17" "SESSION_ROUTE=ent6" "ASSIGN_ROUTE=ent6" TRACE-81089-IQgcolQLzqtBtnixpmn9kbkwHXd0jLJubeG7gD26OVIFKiFK2i-cas1
93.16.149.132 - - [26/Sep/2015:00:22:20 +0200] "GET /f/u911l1s4/normal/render.uP?pCt=ul-iframe-planning-ade-ul-etu.u911l1n54&pCs=normal&pCp HTTP/1.1" 200 45082 "https://ent.univ-lorraine.fr/f/u1411l1s4/normal/render.uP" "Mozilla/5.0 (iPhone; CPU iPhone OS 9_0 like Mac OS X) AppleWebKit/601.1.46 (KHTML, like Gecko) Version/9.0 Mobile/13A344 Safari/601.1" "SESSION_ROUTE=ent2" "ASSIGN_ROUTE=ent2" TRACE-81091-jfGuSpFVUsEt2GdKpWb62NXK7p1WVspYkrGjfbU0UKZ2NeKBjt-cas1
109.19.29.68 - - [26/Sep/2015:00:22:20 +0200] "GET /f/u911l1s4/normal/render.uP?pCt=ul-iframe-planning-ade-ul-etu.u911l1n54&pCs=normal&pCp HTTP/1.1" 200 46399 "https://ent.univ-lorraine.fr/f/u911l1s4/normal/render.uP?pCt=ul-iframe-planning-ade-ul-formation.u911l1n55&pCs=normal&pCp" "Mozilla/5.0 (iPad; CPU OS 8_0_2 like Mac OS X) AppleWebKit/600.1.4 (KHTML, like Gecko) Version/8.0 Mobile/12A405 Safari/600.1.4" "SESSION_ROUTE=ent5" "ASSIGN_ROUTE=ent5" TRACE-81094-e1LfHQOKJtg3YtBm1l20Ca5rkkT6L2m5PHd5fKyXzlxNFtaCmg-cas1
83.155.11.109 - - [26/Sep/2015:00:22:26 +0200] "GET /Login?refUrl=/f/u1411l1s4/normal/render.uP HTTP/1.1" 302 - "https://auth.univ-lorraine.fr/login?service=https://ent.univ-lorraine.fr/Login%3FrefUrl%3D%2Ff%2Fu1411l1s4%2Fnormal%2Frender.uP" "Mozilla/5.0 (Macintosh; Intel Mac OS X 10_9_4) AppleWebKit/537.77.4 (KHTML, like Gecko) Version/7.0.5 Safari/537.77.4" "SESSION_ROUTE=ent2" "ASSIGN_ROUTE=ent2" TRACE-81103-WC525tlaP0OpjsEFw2BnbEUx3QVaMuaWk2z4ELB0RKogWU3fNq-cas1
93.16.149.132 - - [26/Sep/2015:00:22:28 +0200] "GET /f/u911l1s4/normal/render.uP?pCt=ul-iframe-planning-ade-ul-etu.u911l1n54&pCs=normal&pCp HTTP/1.1" 200 45082 "https://ent.univ-lorraine.fr/f/u1411l1s4/normal/render.uP" "Mozilla/5.0 (iPhone; CPU iPhone OS 9_0 like Mac OS X) AppleWebKit/601.1.46 (KHTML, like Gecko) Version/9.0 Mobile/13A344 Safari/601.1" "SESSION_ROUTE=ent2" "ASSIGN_ROUTE=ent2" TRACE-81091-jfGuSpFVUsEt2GdKpWb62NXK7p1WVspYkrGjfbU0UKZ2NeKBjt-cas1
83.155.11.109 - - [26/Sep/2015:00:22:27 +0200] "GET /f/u1411l1s4/normal/render.uP HTTP/1.1" 200 58822 "https://auth.univ-lorraine.fr/login?service=https://ent.univ-lorraine.fr/Login%3FrefUrl%3D%2Ff%2Fu1411l1s4%2Fnormal%2Frender.uP" "Mozilla/5.0 (Macintosh; Intel Mac OS X 10_9_4) AppleWebKit/537.77.4 (KHTML, like Gecko) Version/7.0.5 Safari/537.77.4" "SESSION_ROUTE=ent2" "ASSIGN_ROUTE=ent2" TRACE-81103-WC525tlaP0OpjsEFw2BnbEUx3QVaMuaWk2z4ELB0RKogWU3fNq-cas1
90.39.115.90 - - [26/Sep/2015:00:22:29 +0200] "GET /f/u911l1s4/normal/render.uP HTTP/1.1" 200 44943 "https://ent.univ-lorraine.fr/f/u911l1s4/normal/render.uP?pCt=ul-iframe-planning-ade-ul-formation.u911l1n55&pCs=normal&pCp" "Mozilla/5.0 (Linux; U; Android 4.4.2; fr-fr; GT-P5210 Build/KOT49H) AppleWebKit/534.30 (KHTML, like Gecko) Version/4.0 Safari/534.30" "SESSION_ROUTE=ent4" "ASSIGN_ROUTE=ent4" TRACE-81092-9pyudfKNifdfX5JVs9buIxiglXcc7C5BPUshlwDmYhrawtyxKZ-cas1
83.155.11.109 - - [26/Sep/2015:00:22:29 +0200] "GET /nancy2-portlet-zimbra/ajax/getFolders HTTP/1.1" 200 548 "https://ent.univ-lorraine.fr/f/u1411l1s4/normal/render.uP" "Mozilla/5.0 (Macintosh; Intel Mac OS X 10_9_4) AppleWebKit/537.77.4 (KHTML, like Gecko) Version/7.0.5 Safari/537.77.4" "SESSION_ROUTE=ent2" "ASSIGN_ROUTE=ent2" TRACE-81103-WC525tlaP0OpjsEFw2BnbEUx3QVaMuaWk2z4ELB0RKogWU3fNq-cas1
83.155.11.109 - - [26/Sep/2015:00:22:30 +0200] "GET /nancy2-portlet-zimbra/ajax/getTasks HTTP/1.1" 200 2 "https://ent.univ-lorraine.fr/f/u1411l1s4/normal/render.uP" "Mozilla/5.0 (Macintosh; Intel Mac OS X 10_9_4) AppleWebKit/537.77.4 (KHTML, like Gecko) Version/7.0.5 Safari/537.77.4" "SESSION_ROUTE=ent2" "ASSIGN_ROUTE=ent2" TRACE-81103-WC525tlaP0OpjsEFw2BnbEUx3QVaMuaWk2z4ELB0RKogWU3fNq-cas1
83.155.11.109 - - [26/Sep/2015:00:22:30 +0200] "GET /nancy2-portlet-zimbra/ajax/getWeekEvents HTTP/1.1" 200 2 "https://ent.univ-lorraine.fr/f/u1411l1s4/normal/render.uP" "Mozilla/5.0 (Macintosh; Intel Mac OS X 10_9_4) AppleWebKit/537.77.4 (KHTML, like Gecko) Version/7.0.5 Safari/537.77.4" "SESSION_ROUTE=ent2" "ASSIGN_ROUTE=ent2" TRACE-81103-WC525tlaP0OpjsEFw2BnbEUx3QVaMuaWk2z4ELB0RKogWU3fNq-cas1
83.155.11.109 - - [26/Sep/2015:00:22:30 +0200] "GET /nancy2-portlet-zimbra/ajax/getTodayEvents HTTP/1.1" 200 2 "https://ent.univ-lorraine.fr/f/u1411l1s4/normal/render.uP" "Mozilla/5.0 (Macintosh; Intel Mac OS X 10_9_4) AppleWebKit/537.77.4 (KHTML, like Gecko) Version/7.0.5 Safari/537.77.4" "SESSION_ROUTE=ent2" "ASSIGN_ROUTE=ent2" TRACE-81103-WC525tlaP0OpjsEFw2BnbEUx3QVaMuaWk2z4ELB0RKogWU3fNq-cas1
193.49.162.4 - - [26/Sep/2015:00:22:31 +0200] "GET /f/u911l1s4/normal/render.uP?pCt=ul-iframe-planning-ade-ul-etu.u911l1n54&pCs=normal&pCp HTTP/1.1" 302 - "https://ent.univ-lorraine.fr/f/u911l1s4/normal/render.uP?pCt=ul-iframe-planning-ade-ul-etu.u911l1n54&pCs=normal&pCp" "Mozilla/5.0 (Windows NT 6.3; WOW64; Trident/7.0; MASMJS; rv:11.0) like Gecko" "SESSION_ROUTE=ent3" "ASSIGN_ROUTE=ent3" TRACE-81075-XBAuDFkXAWP6s6k3fblsPcmVjQR1EHbLadTzrwJcdSeKfdOrL2-cas1
193.49.162.4 - - [26/Sep/2015:00:22:31 +0200] "GET /Login?refUrl=%2Ff%2Fu911l1s4%2Fnormal%2Frender.uP%3FpCt%3Dul-iframe-planning-ade-ul-etu.u911l1n54%26pCs%3Dnormal%26pCp HTTP/1.1" 302 - "https://ent.univ-lorraine.fr/f/u911l1s4/normal/render.uP?pCt=ul-iframe-planning-ade-ul-etu.u911l1n54&pCs=normal&pCp" "Mozilla/5.0 (Windows NT 6.3; WOW64; Trident/7.0; MASMJS; rv:11.0) like Gecko" "SESSION_ROUTE=ent3" "ASSIGN_ROUTE=ent3" TRACE-81075-XBAuDFkXAWP6s6k3fblsPcmVjQR1EHbLadTzrwJcdSeKfdOrL2-cas1
193.49.162.4 - - [26/Sep/2015:00:22:31 +0200] "GET /f/u911l1s4/normal/render.uP?pCt=ul-iframe-planning-ade-ul-etu.u911l1n54&pCs=normal&pCp HTTP/1.1" 302 - "https://ent.univ-lorraine.fr/f/u911l1s4/normal/render.uP?pCt=ul-iframe-planning-ade-ul-etu.u911l1n54&pCs=normal&pCp" "Mozilla/5.0 (Windows NT 6.3; WOW64; Trident/7.0; MASMJS; rv:11.0) like Gecko" "SESSION_ROUTE=ent3" "ASSIGN_ROUTE=ent3" TRACE-81075-XBAuDFkXAWP6s6k3fblsPcmVjQR1EHbLadTzrwJcdSeKfdOrL2-cas1
193.49.162.4 - - [26/Sep/2015:00:22:31 +0200] "GET /Login?refUrl=/f/u911l1s4/normal/render.uP%3FpCt%3Dul-iframe-planning-ade-ul-etu.u911l1n54%26pCs%3Dnormal%26pCp HTTP/1.1" 302 - "https://ent.univ-lorraine.fr/f/u911l1s4/normal/render.uP?pCt=ul-iframe-planning-ade-ul-etu.u911l1n54&pCs=normal&pCp" "Mozilla/5.0 (Windows NT 6.3; WOW64; Trident/7.0; MASMJS; rv:11.0) like Gecko" "SESSION_ROUTE=ent3" "ASSIGN_ROUTE=ent3" TRACE-81075-XBAuDFkXAWP6s6k3fblsPcmVjQR1EHbLadTzrwJcdSeKfdOrL2-cas1
83.155.11.109 - - [26/Sep/2015:00:22:29 +0200] "GET /nancy2-portlet-zimbra/ajax/getMessages HTTP/1.1" 200 339 "https://ent.univ-lorraine.fr/f/u1411l1s4/normal/render.uP" "Mozilla/5.0 (Macintosh; Intel Mac OS X 10_9_4) AppleWebKit/537.77.4 (KHTML, like Gecko) Version/7.0.5 Safari/537.77.4" "SESSION_ROUTE=ent2" "ASSIGN_ROUTE=ent2" TRACE-81103-WC525tlaP0OpjsEFw2BnbEUx3QVaMuaWk2z4ELB0RKogWU3fNq-cas1
109.19.29.68 - - [26/Sep/2015:00:22:31 +0200] "GET /f/u911l1s4/normal/render.uP?pCt=ul-iframe-planning-ade-ul-formation.u911l1n55&pCs=normal&pCp HTTP/1.1" 200 46434 "https://ent.univ-lorraine.fr/f/u911l1s4/normal/render.uP?pCt=ul-iframe-planning-ade-ul-etu.u911l1n54&pCs=normal&pCp" "Mozilla/5.0 (iPad; CPU OS 8_0_2 like Mac OS X) AppleWebKit/600.1.4 (KHTML, like Gecko) Version/8.0 Mobile/12A405 Safari/600.1.4" "SESSION_ROUTE=ent5" "ASSIGN_ROUTE=ent5" TRACE-81094-e1LfHQOKJtg3YtBm1l20Ca5rkkT6L2m5PHd5fKyXzlxNFtaCmg-cas1
193.49.162.4 - - [26/Sep/2015:00:22:31 +0200] "GET /f/u911l1s4/normal/render.uP?pCt=ul-iframe-planning-ade-ul-etu.u911l1n54&pCs=normal&pCp HTTP/1.1" 200 45086 "https://ent.univ-lorraine.fr/f/u911l1s4/normal/render.uP?pCt=ul-iframe-planning-ade-ul-etu.u911l1n54&pCs=normal&pCp" "Mozilla/5.0 (Windows NT 6.3; WOW64; Trident/7.0; MASMJS; rv:11.0) like Gecko" "SESSION_ROUTE=ent3" "ASSIGN_ROUTE=ent3" TRACE-81075-XBAuDFkXAWP6s6k3fblsPcmVjQR1EHbLadTzrwJcdSeKfdOrL2-cas1
193.49.162.10 - - [26/Sep/2015:00:22:33 +0200] "GET / HTTP/1.1" 302 - "-" "Mozilla/5.0 (Linux; Android 5.1.1; Nexus 5 Build/LMY48M) AppleWebKit/537.36 (KHTML, like Gecko) Chrome/45.0.2454.94 Mobile Safari/537.36" "SESSION_ROUTE=-" "ASSIGN_ROUTE=ent6" TRACE-81105-XMGNIhe4llpsWexuiOlaastgdyhEeKw7L914RaUpa6cgCZ2M0O-cas1
193.49.162.10 - - [26/Sep/2015:00:22:33 +0200] "GET /Login?refUrl=%2F HTTP/1.1" 302 - "-" "Mozilla/5.0 (Linux; Android 5.1.1; Nexus 5 Build/LMY48M) AppleWebKit/537.36 (KHTML, like Gecko) Chrome/45.0.2454.94 Mobile Safari/537.36" "SESSION_ROUTE=ent6" "ASSIGN_ROUTE=ent6" TRACE-81105-XMGNIhe4llpsWexuiOlaastgdyhEeKw7L914RaUpa6cgCZ2M0O-cas1
193.49.162.10 - - [26/Sep/2015:00:22:33 +0200] "GET /api/cookiecheck HTTP/1.1" 302 - "-" "Mozilla/5.0 (Linux; Android 5.1.1; Nexus 5 Build/LMY48M) AppleWebKit/537.36 (KHTML, like Gecko) Chrome/45.0.2454.94 Mobile Safari/537.36" "SESSION_ROUTE=ent6" "ASSIGN_ROUTE=ent6" TRACE-81105-XMGNIhe4llpsWexuiOlaastgdyhEeKw7L914RaUpa6cgCZ2M0O-cas1
193.49.162.10 - - [26/Sep/2015:00:22:33 +0200] "GET /Login?refUrl=%2F HTTP/1.1" 302 - "-" "Mozilla/5.0 (Linux; Android 5.1.1; Nexus 5 Build/LMY48M) AppleWebKit/537.36 (KHTML, like Gecko) Chrome/45.0.2454.94 Mobile Safari/537.36" "SESSION_ROUTE=ent6" "ASSIGN_ROUTE=ent6" TRACE-81105-XMGNIhe4llpsWexuiOlaastgdyhEeKw7L914RaUpa6cgCZ2M0O-cas1
193.49.162.10 - - [26/Sep/2015:00:22:33 +0200] "GET / HTTP/1.1" 302 - "-" "Mozilla/5.0 (Linux; Android 5.1.1; Nexus 5 Build/LMY48M) AppleWebKit/537.36 (KHTML, like Gecko) Chrome/45.0.2454.94 Mobile Safari/537.36" "SESSION_ROUTE=ent6" "ASSIGN_ROUTE=ent6" TRACE-81105-XMGNIhe4llpsWexuiOlaastgdyhEeKw7L914RaUpa6cgCZ2M0O-cas1
193.49.162.10 - - [26/Sep/2015:00:22:33 +0200] "GET /normal/render.uP HTTP/1.1" 200 7585 "-" "Mozilla/5.0 (Linux; Android 5.1.1; Nexus 5 Build/LMY48M) AppleWebKit/537.36 (KHTML, like Gecko) Chrome/45.0.2454.94 Mobile Safari/537.36" "SESSION_ROUTE=ent6" "ASSIGN_ROUTE=ent6" TRACE-81105-XMGNIhe4llpsWexuiOlaastgdyhEeKw7L914RaUpa6cgCZ2M0O-cas1
90.39.115.90 - - [26/Sep/2015:00:22:34 +0200] "GET /f/u911l1s4/normal/render.uP?pCt=ul-iframe-planning-ade-ul-formation.u911l1n55&pCs=normal&pCp HTTP/1.1" 200 44978 "https://ent.univ-lorraine.fr/f/u911l1s4/normal/render.uP" "Mozilla/5.0 (Linux; U; Android 4.4.2; fr-fr; GT-P5210 Build/KOT49H) AppleWebKit/534.30 (KHTML, like Gecko) Version/4.0 Safari/534.30" "SESSION_ROUTE=ent4" "ASSIGN_ROUTE=ent4" TRACE-81092-9pyudfKNifdfX5JVs9buIxiglXcc7C5BPUshlwDmYhrawtyxKZ-cas1
93.16.149.132 - - [26/Sep/2015:00:22:34 +0200] "GET /f/u911l1s4/normal/render.uP?pCt=ul-iframe-planning-ade-ul-etu.u911l1n54&pCs=normal&pCp HTTP/1.1" 200 45081 "https://ent.univ-lorraine.fr/f/u911l1s4/normal/render.uP?pCt=ul-iframe-planning-ade-ul-etu.u911l1n54&pCs=normal&pCp" "Mozilla/5.0 (iPhone; CPU iPhone OS 9_0 like Mac OS X) AppleWebKit/601.1.46 (KHTML, like Gecko) Version/9.0 Mobile/13A344 Safari/601.1" "SESSION_ROUTE=ent2" "ASSIGN_ROUTE=ent2" TRACE-81091-jfGuSpFVUsEt2GdKpWb62NXK7p1WVspYkrGjfbU0UKZ2NeKBjt-cas1
176.146.240.156 - - [26/Sep/2015:00:22:37 +0200] "GET /f/u911l1s4/normal/render.uP?pCt=ul-iframe-planning-ade-ul-etu.u911l1n54&pCs=normal&pCp HTTP/1.1" 200 46217 "https://ent.univ-lorraine.fr/f/u1411l1s4/normal/render.uP" "Mozilla/5.0 (iPhone; CPU iPhone OS 9_0 like Mac OS X) AppleWebKit/601.1.46 (KHTML, like Gecko) Version/9.0 Mobile/13A344 Safari/601.1" "SESSION_ROUTE=ent2" "ASSIGN_ROUTE=ent2" TRACE-81101-j00C2WO4uZfJlBc5XCQf7d9CJfVWgcRed5KGX6MWvbyhinMqvI-cas1
90.39.115.90 - - [26/Sep/2015:00:22:39 +0200] "GET /Logout HTTP/1.1" 302 - "https://ent.univ-lorraine.fr/f/u911l1s4/normal/render.uP?pCt=ul-iframe-planning-ade-ul-formation.u911l1n55&pCs=normal&pCp" "Mozilla/5.0 (Linux; U; Android 4.4.2; fr-fr; GT-P5210 Build/KOT49H) AppleWebKit/534.30 (KHTML, like Gecko) Version/4.0 Safari/534.30" "SESSION_ROUTE=ent4" "ASSIGN_ROUTE=ent4" TRACE-81092-9pyudfKNifdfX5JVs9buIxiglXcc7C5BPUshlwDmYhrawtyxKZ-cas1
90.39.115.90 - - [26/Sep/2015:00:22:40 +0200] "GET /Login HTTP/1.1" 302 - "https://ent.univ-lorraine.fr/f/u911l1s4/normal/render.uP?pCt=ul-iframe-planning-ade-ul-formation.u911l1n55&pCs=normal&pCp" "Mozilla/5.0 (Linux; U; Android 4.4.2; fr-fr; GT-P5210 Build/KOT49H) AppleWebKit/534.30 (KHTML, like Gecko) Version/4.0 Safari/534.30" "SESSION_ROUTE=ent4" "ASSIGN_ROUTE=ent4" TRACE-81092-9pyudfKNifdfX5JVs9buIxiglXcc7C5BPUshlwDmYhrawtyxKZ-cas1
90.39.115.90 - - [26/Sep/2015:00:22:40 +0200] "GET /normal/render.uP HTTP/1.1" 200 7585 "https://ent.univ-lorraine.fr/f/u911l1s4/normal/render.uP?pCt=ul-iframe-planning-ade-ul-formation.u911l1n55&pCs=normal&pCp" "Mozilla/5.0 (Linux; U; Android 4.4.2; fr-fr; GT-P5210 Build/KOT49H) AppleWebKit/534.30 (KHTML, like Gecko) Version/4.0 Safari/534.30" "SESSION_ROUTE=ent4" "ASSIGN_ROUTE=ent4" TRACE-81092-9pyudfKNifdfX5JVs9buIxiglXcc7C5BPUshlwDmYhrawtyxKZ-cas1
92.147.209.3 - - [26/Sep/2015:00:22:40 +0200] "GET /Login HTTP/1.1" 302 - "https://auth.univ-lorraine.fr/login?service=https://ent.univ-lorraine.fr/Login" "Mozilla/5.0 (Windows NT 10.0; Win64; x64) AppleWebKit/537.36 (KHTML, like Gecko) Chrome/42.0.2311.135 Safari/537.36 Edge/12.10240" "SESSION_ROUTE=ent5" "ASSIGN_ROUTE=ent5" TRACE-81107-uZXBvHpZOnXNbbBW9C7xFxkRRWzheiH0Yq4forUlC4WytxvIPE-cas1
92.147.209.3 - - [26/Sep/2015:00:22:41 +0200] "GET /f/u1411l1s4/normal/render.uP HTTP/1.1" 200 51078 "https://auth.univ-lorraine.fr/login?service=https://ent.univ-lorraine.fr/Login" "Mozilla/5.0 (Windows NT 10.0; Win64; x64) AppleWebKit/537.36 (KHTML, like Gecko) Chrome/42.0.2311.135 Safari/537.36 Edge/12.10240" "SESSION_ROUTE=ent5" "ASSIGN_ROUTE=ent5" TRACE-81107-uZXBvHpZOnXNbbBW9C7xFxkRRWzheiH0Yq4forUlC4WytxvIPE-cas1
193.49.162.10 - - [26/Sep/2015:00:22:41 +0200] "GET /Login HTTP/1.1" 302 - "http://ent.univ-lorraine.fr/normal/render.uP" "Mozilla/5.0 (Linux; Android 5.1.1; Nexus 5 Build/LMY48M) AppleWebKit/537.36 (KHTML, like Gecko) Chrome/45.0.2454.94 Mobile Safari/537.36" "SESSION_ROUTE=ent6" "ASSIGN_ROUTE=ent6" TRACE-81105-XMGNIhe4llpsWexuiOlaastgdyhEeKw7L914RaUpa6cgCZ2M0O-cas1
193.49.162.10 - - [26/Sep/2015:00:22:42 +0200] "GET /normal/render.uP HTTP/1.1" 200 9157 "http://ent.univ-lorraine.fr/normal/render.uP" "Mozilla/5.0 (Linux; Android 5.1.1; Nexus 5 Build/LMY48M) AppleWebKit/537.36 (KHTML, like Gecko) Chrome/45.0.2454.94 Mobile Safari/537.36" "SESSION_ROUTE=ent6" "ASSIGN_ROUTE=ent6" TRACE-81105-XMGNIhe4llpsWexuiOlaastgdyhEeKw7L914RaUpa6cgCZ2M0O-cas1
176.146.240.156 - - [26/Sep/2015:00:22:45 +0200] "GET /f/u378l1s4/p/ul-iframe-planning-ade-ul-etu.u378l1n61/max/render.uP?pCp HTTP/1.1" 200 30944 "https://ent.univ-lorraine.fr/f/u1411l1s4/normal/render.uP" "Mozilla/5.0 (iPhone; CPU iPhone OS 9_0 like Mac OS X) AppleWebKit/601.1.46 (KHTML, like Gecko) Version/9.0 Mobile/13A344 Safari/601.1" "SESSION_ROUTE=ent2" "ASSIGN_ROUTE=ent2" TRACE-81101-j00C2WO4uZfJlBc5XCQf7d9CJfVWgcRed5KGX6MWvbyhinMqvI-cas1
193.49.162.10 - - [26/Sep/2015:00:22:47 +0200] "GET /p/ul-cms-zimbra-etud.u910l1n10/max/render.uP?pCp HTTP/1.1" 200 5637 "https://ent.univ-lorraine.fr/normal/render.uP" "Mozilla/5.0 (Linux; Android 5.1.1; Nexus 5 Build/LMY48M) AppleWebKit/537.36 (KHTML, like Gecko) Chrome/45.0.2454.94 Mobile Safari/537.36" "SESSION_ROUTE=ent6" "ASSIGN_ROUTE=ent6" TRACE-81105-XMGNIhe4llpsWexuiOlaastgdyhEeKw7L914RaUpa6cgCZ2M0O-cas1
92.147.209.3 - - [26/Sep/2015:00:22:47 +0200] "GET /f/u378l1s4/p/ul-zcs-etud.u378l1n57/max/render.uP?pCp HTTP/1.1" 200 44272 "https://ent.univ-lorraine.fr/f/u1411l1s4/normal/render.uP" "Mozilla/5.0 (Windows NT 10.0; Win64; x64) AppleWebKit/537.36 (KHTML, like Gecko) Chrome/42.0.2311.135 Safari/537.36 Edge/12.10240" "SESSION_ROUTE=ent5" "ASSIGN_ROUTE=ent5" TRACE-81107-uZXBvHpZOnXNbbBW9C7xFxkRRWzheiH0Yq4forUlC4WytxvIPE-cas1
85.68.100.35 - - [26/Sep/2015:00:22:47 +0200] "GET /Login?profile=desktop HTTP/1.1" 302 - "https://auth.univ-lorraine.fr/login?service=https://ent.univ-lorraine.fr/Login?profile=desktop" "Mozilla/5.0 (Linux; Android 4.4.2; fr-fr; SAMSUNG SM-N7505 Build/KOT49H) AppleWebKit/537.36 (KHTML, like Gecko) Version/1.5 Chrome/28.0.1500.94 Mobile Safari/537.36" "SESSION_ROUTE=ent2" "ASSIGN_ROUTE=ent2" TRACE-81108-EkK9Y6VbyS4bUmVIexxxZAJ1EH4Agl6wYQ7biUzhMtrJRgrOF0-cas1
92.147.209.3 - - [26/Sep/2015:00:22:47 +0200] "GET /nancy2-portlet-zimbra/ajax/getFolders HTTP/1.1" 200 548 "https://ent.univ-lorraine.fr/f/u378l1s4/p/ul-zcs-etud.u378l1n57/max/render.uP?pCp" "Mozilla/5.0 (Windows NT 10.0; Win64; x64) AppleWebKit/537.36 (KHTML, like Gecko) Chrome/42.0.2311.135 Safari/537.36 Edge/12.10240" "SESSION_ROUTE=ent5" "ASSIGN_ROUTE=ent5" TRACE-81107-uZXBvHpZOnXNbbBW9C7xFxkRRWzheiH0Yq4forUlC4WytxvIPE-cas1
92.147.209.3 - - [26/Sep/2015:00:22:47 +0200] "GET /nancy2-portlet-zimbra/ajax/getWeekEvents HTTP/1.1" 200 2 "https://ent.univ-lorraine.fr/f/u378l1s4/p/ul-zcs-etud.u378l1n57/max/render.uP?pCp" "Mozilla/5.0 (Windows NT 10.0; Win64; x64) AppleWebKit/537.36 (KHTML, like Gecko) Chrome/42.0.2311.135 Safari/537.36 Edge/12.10240" "SESSION_ROUTE=ent5" "ASSIGN_ROUTE=ent5" TRACE-81107-uZXBvHpZOnXNbbBW9C7xFxkRRWzheiH0Yq4forUlC4WytxvIPE-cas1
92.147.209.3 - - [26/Sep/2015:00:22:47 +0200] "GET /nancy2-portlet-zimbra/ajax/getTasks HTTP/1.1" 200 2 "https://ent.univ-lorraine.fr/f/u378l1s4/p/ul-zcs-etud.u378l1n57/max/render.uP?pCp" "Mozilla/5.0 (Windows NT 10.0; Win64; x64) AppleWebKit/537.36 (KHTML, like Gecko) Chrome/42.0.2311.135 Safari/537.36 Edge/12.10240" "SESSION_ROUTE=ent5" "ASSIGN_ROUTE=ent5" TRACE-81107-uZXBvHpZOnXNbbBW9C7xFxkRRWzheiH0Yq4forUlC4WytxvIPE-cas1
92.147.209.3 - - [26/Sep/2015:00:22:47 +0200] "GET /nancy2-portlet-zimbra/ajax/getMessages HTTP/1.1" 200 938 "https://ent.univ-lorraine.fr/f/u378l1s4/p/ul-zcs-etud.u378l1n57/max/render.uP?pCp" "Mozilla/5.0 (Windows NT 10.0; Win64; x64) AppleWebKit/537.36 (KHTML, like Gecko) Chrome/42.0.2311.135 Safari/537.36 Edge/12.10240" "SESSION_ROUTE=ent5" "ASSIGN_ROUTE=ent5" TRACE-81107-uZXBvHpZOnXNbbBW9C7xFxkRRWzheiH0Yq4forUlC4WytxvIPE-cas1
92.147.209.3 - - [26/Sep/2015:00:22:47 +0200] "GET /nancy2-portlet-zimbra/ajax/getTodayEvents HTTP/1.1" 200 2 "https://ent.univ-lorraine.fr/f/u378l1s4/p/ul-zcs-etud.u378l1n57/max/render.uP?pCp" "Mozilla/5.0 (Windows NT 10.0; Win64; x64) AppleWebKit/537.36 (KHTML, like Gecko) Chrome/42.0.2311.135 Safari/537.36 Edge/12.10240" "SESSION_ROUTE=ent5" "ASSIGN_ROUTE=ent5" TRACE-81107-uZXBvHpZOnXNbbBW9C7xFxkRRWzheiH0Yq4forUlC4WytxvIPE-cas1
85.68.100.35 - - [26/Sep/2015:00:22:47 +0200] "GET /f/u1411l1s4/normal/render.uP HTTP/1.1" 200 50647 "https://auth.univ-lorraine.fr/login?service=https://ent.univ-lorraine.fr/Login?profile=desktop" "Mozilla/5.0 (Linux; Android 4.4.2; fr-fr; SAMSUNG SM-N7505 Build/KOT49H) AppleWebKit/537.36 (KHTML, like Gecko) Version/1.5 Chrome/28.0.1500.94 Mobile Safari/537.36" "SESSION_ROUTE=ent2" "ASSIGN_ROUTE=ent2" TRACE-81108-EkK9Y6VbyS4bUmVIexxxZAJ1EH4Agl6wYQ7biUzhMtrJRgrOF0-cas1
90.39.115.90 - - [26/Sep/2015:00:22:50 +0200] "GET /Logout HTTP/1.1" 302 - "https://ent.univ-lorraine.fr/f/u911l1s4/normal/render.uP?pCt=ul-iframe-planning-ade-ul-formation.u911l1n55&pCs=normal&pCp" "Mozilla/5.0 (Linux; U; Android 4.4.2; fr-fr; GT-P5210 Build/KOT49H) AppleWebKit/534.30 (KHTML, like Gecko) Version/4.0 Safari/534.30" "SESSION_ROUTE=ent4" "ASSIGN_ROUTE=ent4" TRACE-81092-9pyudfKNifdfX5JVs9buIxiglXcc7C5BPUshlwDmYhrawtyxKZ-cas1
90.39.115.90 - - [26/Sep/2015:00:22:50 +0200] "GET / HTTP/1.1" 302 - "https://ent.univ-lorraine.fr/f/u911l1s4/normal/render.uP?pCt=ul-iframe-planning-ade-ul-formation.u911l1n55&pCs=normal&pCp" "Mozilla/5.0 (Linux; U; Android 4.4.2; fr-fr; GT-P5210 Build/KOT49H) AppleWebKit/534.30 (KHTML, like Gecko) Version/4.0 Safari/534.30" "SESSION_ROUTE=ent4" "ASSIGN_ROUTE=ent4" TRACE-81092-9pyudfKNifdfX5JVs9buIxiglXcc7C5BPUshlwDmYhrawtyxKZ-cas1
90.39.115.90 - - [26/Sep/2015:00:22:50 +0200] "GET /Login?refUrl=%2F HTTP/1.1" 302 - "https://ent.univ-lorraine.fr/f/u911l1s4/normal/render.uP?pCt=ul-iframe-planning-ade-ul-formation.u911l1n55&pCs=normal&pCp" "Mozilla/5.0 (Linux; U; Android 4.4.2; fr-fr; GT-P5210 Build/KOT49H) AppleWebKit/534.30 (KHTML, like Gecko) Version/4.0 Safari/534.30" "SESSION_ROUTE=ent4" "ASSIGN_ROUTE=ent4" TRACE-81092-9pyudfKNifdfX5JVs9buIxiglXcc7C5BPUshlwDmYhrawtyxKZ-cas1
90.39.115.90 - - [26/Sep/2015:00:22:51 +0200] "GET / HTTP/1.1" 302 - "https://ent.univ-lorraine.fr/f/u911l1s4/normal/render.uP?pCt=ul-iframe-planning-ade-ul-formation.u911l1n55&pCs=normal&pCp" "Mozilla/5.0 (Linux; U; Android 4.4.2; fr-fr; GT-P5210 Build/KOT49H) AppleWebKit/534.30 (KHTML, like Gecko) Version/4.0 Safari/534.30" "SESSION_ROUTE=ent4" "ASSIGN_ROUTE=ent4" TRACE-81092-9pyudfKNifdfX5JVs9buIxiglXcc7C5BPUshlwDmYhrawtyxKZ-cas1
90.39.115.90 - - [26/Sep/2015:00:22:51 +0200] "GET /normal/render.uP HTTP/1.1" 200 7584 "https://ent.univ-lorraine.fr/f/u911l1s4/normal/render.uP?pCt=ul-iframe-planning-ade-ul-formation.u911l1n55&pCs=normal&pCp" "Mozilla/5.0 (Linux; U; Android 4.4.2; fr-fr; GT-P5210 Build/KOT49H) AppleWebKit/534.30 (KHTML, like Gecko) Version/4.0 Safari/534.30" "SESSION_ROUTE=ent4" "ASSIGN_ROUTE=ent4" TRACE-81092-9pyudfKNifdfX5JVs9buIxiglXcc7C5BPUshlwDmYhrawtyxKZ-cas1
193.49.162.24 - - [26/Sep/2015:00:22:53 +0200] "GET /Login HTTP/1.1" 302 - "https://auth.univ-lorraine.fr/login?service=https://ent.univ-lorraine.fr/Login" "Mozilla/5.0 (Windows NT 6.3; WOW64; rv:40.0) Gecko/20100101 Firefox/40.0" "SESSION_ROUTE=ent6" "ASSIGN_ROUTE=ent6" TRACE-81110-7Pv7wrBY5akIlQ7JZiUguNE2djoRfQkCrbaSmL0az6uYlD7tbk-cas1
193.49.162.24 - - [26/Sep/2015:00:22:53 +0200] "GET /f/u1411l1s4/normal/render.uP HTTP/1.1" 200 50533 "https://auth.univ-lorraine.fr/login?service=https://ent.univ-lorraine.fr/Login" "Mozilla/5.0 (Windows NT 6.3; WOW64; rv:40.0) Gecko/20100101 Firefox/40.0" "SESSION_ROUTE=ent6" "ASSIGN_ROUTE=ent6" TRACE-81110-7Pv7wrBY5akIlQ7JZiUguNE2djoRfQkCrbaSmL0az6uYlD7tbk-cas1
93.13.104.187 - - [26/Sep/2015:00:23:04 +0200] "GET /Login?refUrl=/f/u1411l1s4/normal/render.uP HTTP/1.1" 302 - "https://auth.univ-lorraine.fr/login?service=https://ent.univ-lorraine.fr/Login%3FrefUrl%3D%2Ff%2Fu1411l1s4%2Fnormal%2Frender.uP" "Mozilla/5.0 (Windows NT 6.3; WOW64; rv:41.0) Gecko/20100101 Firefox/41.0" "SESSION_ROUTE=ent3" "ASSIGN_ROUTE=ent3" TRACE-81112-7EYuATpttl7dw0EHqFsnwB4glkeMSWAaFAcHk2q7LhGlXVxsYt-cas1
93.13.104.187 - - [26/Sep/2015:00:23:04 +0200] "GET /f/u1411l1s4/normal/render.uP HTTP/1.1" 200 51367 "https://auth.univ-lorraine.fr/login?service=https://ent.univ-lorraine.fr/Login%3FrefUrl%3D%2Ff%2Fu1411l1s4%2Fnormal%2Frender.uP" "Mozilla/5.0 (Windows NT 6.3; WOW64; rv:41.0) Gecko/20100101 Firefox/41.0" "SESSION_ROUTE=ent3" "ASSIGN_ROUTE=ent3" TRACE-81112-7EYuATpttl7dw0EHqFsnwB4glkeMSWAaFAcHk2q7LhGlXVxsYt-cas1
193.49.162.24 - - [26/Sep/2015:00:23:07 +0200] "GET /f/u378l1s4/p/ul-zcs-etud.u378l1n57/max/render.uP?pCp HTTP/1.1" 200 43771 "https://ent.univ-lorraine.fr/f/u1411l1s4/normal/render.uP" "Mozilla/5.0 (Windows NT 6.3; WOW64; rv:40.0) Gecko/20100101 Firefox/40.0" "SESSION_ROUTE=ent6" "ASSIGN_ROUTE=ent6" TRACE-81110-7Pv7wrBY5akIlQ7JZiUguNE2djoRfQkCrbaSmL0az6uYlD7tbk-cas1
92.130.71.253 - - [26/Sep/2015:00:23:08 +0200] "GET /f/u911l1s4/normal/render.uP?pCt=ul-iframe-planning-ade-ul-formation.u911l1n55&pCs=normal&pCp HTTP/1.1" 200 45671 "https://ent.univ-lorraine.fr/f/u911l1s4/normal/render.uP?pCt=ul-iframe-planning-ade-ul-formation.u911l1n55&pCs=normal&pCp" "Mozilla/5.0 (Windows NT 6.3; WOW64) AppleWebKit/537.36 (KHTML, like Gecko) Chrome/45.0.2454.99 Safari/537.36" "SESSION_ROUTE=ent5" "ASSIGN_ROUTE=ent5" TRACE-81085-sHtFILaMA6D7TheMV0vu9LkfvKsmzr7qxnYQGUecXbE6yiaRVB-cas1
193.49.162.24 - - [26/Sep/2015:00:23:09 +0200] "GET /nancy2-portlet-zimbra/ajax/getTasks HTTP/1.1" 200 2 "https://ent.univ-lorraine.fr/f/u378l1s4/p/ul-zcs-etud.u378l1n57/max/render.uP?pCp" "Mozilla/5.0 (Windows NT 6.3; WOW64; rv:40.0) Gecko/20100101 Firefox/40.0" "SESSION_ROUTE=ent6" "ASSIGN_ROUTE=ent6" TRACE-81110-7Pv7wrBY5akIlQ7JZiUguNE2djoRfQkCrbaSmL0az6uYlD7tbk-cas1
193.49.162.24 - - [26/Sep/2015:00:23:09 +0200] "GET /nancy2-portlet-zimbra/ajax/getTodayEvents HTTP/1.1" 200 2 "https://ent.univ-lorraine.fr/f/u378l1s4/p/ul-zcs-etud.u378l1n57/max/render.uP?pCp" "Mozilla/5.0 (Windows NT 6.3; WOW64; rv:40.0) Gecko/20100101 Firefox/40.0" "SESSION_ROUTE=ent6" "ASSIGN_ROUTE=ent6" TRACE-81110-7Pv7wrBY5akIlQ7JZiUguNE2djoRfQkCrbaSmL0az6uYlD7tbk-cas1
193.49.162.24 - - [26/Sep/2015:00:23:09 +0200] "GET /nancy2-portlet-zimbra/ajax/getWeekEvents HTTP/1.1" 200 2 "https://ent.univ-lorraine.fr/f/u378l1s4/p/ul-zcs-etud.u378l1n57/max/render.uP?pCp" "Mozilla/5.0 (Windows NT 6.3; WOW64; rv:40.0) Gecko/20100101 Firefox/40.0" "SESSION_ROUTE=ent6" "ASSIGN_ROUTE=ent6" TRACE-81110-7Pv7wrBY5akIlQ7JZiUguNE2djoRfQkCrbaSmL0az6uYlD7tbk-cas1
193.49.162.24 - - [26/Sep/2015:00:23:09 +0200] "GET /nancy2-portlet-zimbra/ajax/getFolders HTTP/1.1" 200 548 "https://ent.univ-lorraine.fr/f/u378l1s4/p/ul-zcs-etud.u378l1n57/max/render.uP?pCp" "Mozilla/5.0 (Windows NT 6.3; WOW64; rv:40.0) Gecko/20100101 Firefox/40.0" "SESSION_ROUTE=ent6" "ASSIGN_ROUTE=ent6" TRACE-81110-7Pv7wrBY5akIlQ7JZiUguNE2djoRfQkCrbaSmL0az6uYlD7tbk-cas1
193.49.162.24 - - [26/Sep/2015:00:23:09 +0200] "GET /nancy2-portlet-zimbra/ajax/getMessages HTTP/1.1" 200 1620 "https://ent.univ-lorraine.fr/f/u378l1s4/p/ul-zcs-etud.u378l1n57/max/render.uP?pCp" "Mozilla/5.0 (Windows NT 6.3; WOW64; rv:40.0) Gecko/20100101 Firefox/40.0" "SESSION_ROUTE=ent6" "ASSIGN_ROUTE=ent6" TRACE-81110-7Pv7wrBY5akIlQ7JZiUguNE2djoRfQkCrbaSmL0az6uYlD7tbk-cas1
85.68.100.35 - - [26/Sep/2015:00:23:09 +0200] "GET /f/u911l1s4/normal/render.uP HTTP/1.1" 200 65824 "https://ent.univ-lorraine.fr/f/u1411l1s4/normal/render.uP" "Mozilla/5.0 (Linux; Android 4.4.2; fr-fr; SAMSUNG SM-N7505 Build/KOT49H) AppleWebKit/537.36 (KHTML, like Gecko) Version/1.5 Chrome/28.0.1500.94 Mobile Safari/537.36" "SESSION_ROUTE=ent2" "ASSIGN_ROUTE=ent2" TRACE-81108-EkK9Y6VbyS4bUmVIexxxZAJ1EH4Agl6wYQ7biUzhMtrJRgrOF0-cas1
93.13.104.187 - - [26/Sep/2015:00:23:09 +0200] "GET /f/u911l1s4/normal/render.uP?pCt=uhp-portlet-cours-moodle-bali.u911l1n67&pCs=normal&pCp HTTP/1.1" 200 67490 "https://ent.univ-lorraine.fr/f/u1411l1s4/normal/render.uP" "Mozilla/5.0 (Windows NT 6.3; WOW64; rv:41.0) Gecko/20100101 Firefox/41.0" "SESSION_ROUTE=ent3" "ASSIGN_ROUTE=ent3" TRACE-81112-7EYuATpttl7dw0EHqFsnwB4glkeMSWAaFAcHk2q7LhGlXVxsYt-cas1
85.68.100.35 - - [26/Sep/2015:00:23:16 +0200] "GET /f/u911l1s4/normal/render.uP?pCt=ul-iframe-planning-ade-ul-formation.u911l1n55&pCs=normal&pCp HTTP/1.1" 200 45108 "https://ent.univ-lorraine.fr/f/u911l1s4/normal/render.uP" "Mozilla/5.0 (Linux; Android 4.4.2; fr-fr; SAMSUNG SM-N7505 Build/KOT49H) AppleWebKit/537.36 (KHTML, like Gecko) Version/1.5 Chrome/28.0.1500.94 Mobile Safari/537.36" "SESSION_ROUTE=ent2" "ASSIGN_ROUTE=ent2" TRACE-81108-EkK9Y6VbyS4bUmVIexxxZAJ1EH4Agl6wYQ7biUzhMtrJRgrOF0-cas1
88.180.107.46 - - [26/Sep/2015:00:23:40 +0200] "GET /Login?refUrl=/f/u1411l1s4/normal/render.uP%3FpCt%3Dul-zcs-etud.u1411l1n53%26pCs%3Dnormal%26pCp HTTP/1.1" 302 - "https://auth.univ-lorraine.fr/login?service=https://ent.univ-lorraine.fr/Login%3FrefUrl%3D%2Ff%2Fu1411l1s4%2Fnormal%2Frender.uP%253FpCt%253Dul-zcs-etud.u1411l1n53%2526pCs%253Dnormal%2526pCp" "Mozilla/5.0 (Windows NT 6.3; WOW64; rv:41.0) Gecko/20100101 Firefox/41.0" "SESSION_ROUTE=ent5" "ASSIGN_ROUTE=ent5" TRACE-81120-OfGTVrsy3srt12kPcnlCFSQSh6ayO2sbGVYXcOrbIJ5A5XU3fA-cas1
88.180.107.46 - - [26/Sep/2015:00:23:40 +0200] "GET /f/u1411l1s4/normal/render.uP?pCt=ul-zcs-etud.u1411l1n53&pCs=normal&pCp HTTP/1.1" 200 56772 "https://auth.univ-lorraine.fr/login?service=https://ent.univ-lorraine.fr/Login%3FrefUrl%3D%2Ff%2Fu1411l1s4%2Fnormal%2Frender.uP%253FpCt%253Dul-zcs-etud.u1411l1n53%2526pCs%253Dnormal%2526pCp" "Mozilla/5.0 (Windows NT 6.3; WOW64; rv:41.0) Gecko/20100101 Firefox/41.0" "SESSION_ROUTE=ent5" "ASSIGN_ROUTE=ent5" TRACE-81120-OfGTVrsy3srt12kPcnlCFSQSh6ayO2sbGVYXcOrbIJ5A5XU3fA-cas1
195.83.211.129 - - [26/Sep/2015:00:23:42 +0200] "GET /Login HTTP/1.1" 302 - "https://auth.univ-lorraine.fr/login?service=https://ent.univ-lorraine.fr/Login" "Mozilla/5.0 (Windows NT 6.1) AppleWebKit/537.36 (KHTML, like Gecko) Chrome/45.0.2454.85 Safari/537.36 OPR/32.0.1948.25" "SESSION_ROUTE=ent5" "ASSIGN_ROUTE=ent5" TRACE-81121-i3eJvcvlCl6q6ZULv6wpE6dUIoIkbRhRf9filoZmTML6gu5wwS-cas1
195.83.211.129 - - [26/Sep/2015:00:23:42 +0200] "GET /f/u1411l1s4/normal/render.uP HTTP/1.1" 200 50602 "https://auth.univ-lorraine.fr/login?service=https://ent.univ-lorraine.fr/Login" "Mozilla/5.0 (Windows NT 6.1) AppleWebKit/537.36 (KHTML, like Gecko) Chrome/45.0.2454.85 Safari/537.36 OPR/32.0.1948.25" "SESSION_ROUTE=ent5" "ASSIGN_ROUTE=ent5" TRACE-81121-i3eJvcvlCl6q6ZULv6wpE6dUIoIkbRhRf9filoZmTML6gu5wwS-cas1
88.180.107.46 - - [26/Sep/2015:00:23:44 +0200] "GET /nancy2-portlet-zimbra/ajax/getWeekEvents HTTP/1.1" 200 2 "https://ent.univ-lorraine.fr/f/u1411l1s4/normal/render.uP?pCt=ul-zcs-etud.u1411l1n53&pCs=normal&pCp" "Mozilla/5.0 (Windows NT 6.3; WOW64; rv:41.0) Gecko/20100101 Firefox/41.0" "SESSION_ROUTE=ent5" "ASSIGN_ROUTE=ent5" TRACE-81120-OfGTVrsy3srt12kPcnlCFSQSh6ayO2sbGVYXcOrbIJ5A5XU3fA-cas1
88.180.107.46 - - [26/Sep/2015:00:23:44 +0200] "GET /nancy2-portlet-zimbra/ajax/getTodayEvents HTTP/1.1" 200 2 "https://ent.univ-lorraine.fr/f/u1411l1s4/normal/render.uP?pCt=ul-zcs-etud.u1411l1n53&pCs=normal&pCp" "Mozilla/5.0 (Windows NT 6.3; WOW64; rv:41.0) Gecko/20100101 Firefox/41.0" "SESSION_ROUTE=ent5" "ASSIGN_ROUTE=ent5" TRACE-81120-OfGTVrsy3srt12kPcnlCFSQSh6ayO2sbGVYXcOrbIJ5A5XU3fA-cas1
88.180.107.46 - - [26/Sep/2015:00:23:44 +0200] "GET /nancy2-portlet-zimbra/ajax/getMessages HTTP/1.1" 200 2 "https://ent.univ-lorraine.fr/f/u1411l1s4/normal/render.uP?pCt=ul-zcs-etud.u1411l1n53&pCs=normal&pCp" "Mozilla/5.0 (Windows NT 6.3; WOW64; rv:41.0) Gecko/20100101 Firefox/41.0" "SESSION_ROUTE=ent5" "ASSIGN_ROUTE=ent5" TRACE-81120-OfGTVrsy3srt12kPcnlCFSQSh6ayO2sbGVYXcOrbIJ5A5XU3fA-cas1
88.180.107.46 - - [26/Sep/2015:00:23:44 +0200] "GET /nancy2-portlet-zimbra/ajax/getFolders HTTP/1.1" 200 548 "https://ent.univ-lorraine.fr/f/u1411l1s4/normal/render.uP?pCt=ul-zcs-etud.u1411l1n53&pCs=normal&pCp" "Mozilla/5.0 (Windows NT 6.3; WOW64; rv:41.0) Gecko/20100101 Firefox/41.0" "SESSION_ROUTE=ent5" "ASSIGN_ROUTE=ent5" TRACE-81120-OfGTVrsy3srt12kPcnlCFSQSh6ayO2sbGVYXcOrbIJ5A5XU3fA-cas1
88.180.107.46 - - [26/Sep/2015:00:23:44 +0200] "GET /nancy2-portlet-zimbra/ajax/getTasks HTTP/1.1" 200 2 "https://ent.univ-lorraine.fr/f/u1411l1s4/normal/render.uP?pCt=ul-zcs-etud.u1411l1n53&pCs=normal&pCp" "Mozilla/5.0 (Windows NT 6.3; WOW64; rv:41.0) Gecko/20100101 Firefox/41.0" "SESSION_ROUTE=ent5" "ASSIGN_ROUTE=ent5" TRACE-81120-OfGTVrsy3srt12kPcnlCFSQSh6ayO2sbGVYXcOrbIJ5A5XU3fA-cas1
88.180.107.46 - - [26/Sep/2015:00:23:51 +0200] "GET /Logout HTTP/1.1" 302 - "https://ent.univ-lorraine.fr/f/u1411l1s4/normal/render.uP?pCt=ul-zcs-etud.u1411l1n53&pCs=normal&pCp" "Mozilla/5.0 (Windows NT 6.3; WOW64; rv:41.0) Gecko/20100101 Firefox/41.0" "SESSION_ROUTE=ent5" "ASSIGN_ROUTE=ent5" TRACE-81120-OfGTVrsy3srt12kPcnlCFSQSh6ayO2sbGVYXcOrbIJ5A5XU3fA-cas1
88.180.107.46 - - [26/Sep/2015:00:23:51 +0200] "GET /Login HTTP/1.1" 302 - "https://ent.univ-lorraine.fr/f/u1411l1s4/normal/render.uP?pCt=ul-zcs-etud.u1411l1n53&pCs=normal&pCp" "Mozilla/5.0 (Windows NT 6.3; WOW64; rv:41.0) Gecko/20100101 Firefox/41.0" "SESSION_ROUTE=ent5" "ASSIGN_ROUTE=ent5" TRACE-81120-OfGTVrsy3srt12kPcnlCFSQSh6ayO2sbGVYXcOrbIJ5A5XU3fA-cas1
88.180.107.46 - - [26/Sep/2015:00:23:51 +0200] "GET /f/u21l1s4/normal/render.uP HTTP/1.1" 200 30048 "https://ent.univ-lorraine.fr/f/u1411l1s4/normal/render.uP?pCt=ul-zcs-etud.u1411l1n53&pCs=normal&pCp" "Mozilla/5.0 (Windows NT 6.3; WOW64; rv:41.0) Gecko/20100101 Firefox/41.0" "SESSION_ROUTE=ent5" "ASSIGN_ROUTE=ent5" TRACE-81120-OfGTVrsy3srt12kPcnlCFSQSh6ayO2sbGVYXcOrbIJ5A5XU3fA-cas1
78.214.108.33 - - [26/Sep/2015:00:23:52 +0200] "GET /Login?refUrl=/f/u1411l1s4/normal/render.uP%3FpCt%3Dul-zcs-etud.u1411l1n53%26pCs%3Dnormal%26pCp HTTP/1.1" 302 - "https://auth.univ-lorraine.fr/login?service=https://ent.univ-lorraine.fr/Login%3FrefUrl%3D%2Ff%2Fu1411l1s4%2Fnormal%2Frender.uP%253FpCt%253Dul-zcs-etud.u1411l1n53%2526pCs%253Dnormal%2526pCp" "Mozilla/5.0 (Windows NT 6.3; WOW64) AppleWebKit/537.36 (KHTML, like Gecko) Chrome/45.0.2454.99 Safari/537.36" "SESSION_ROUTE=ent4" "ASSIGN_ROUTE=ent4" TRACE-81126-vz6uSwFSAzdetjL1xAo2uO1ZjL2r1Ruxoj7WWkbRo7wPA93Tbb-cas1
88.180.107.46 - - [26/Sep/2015:00:23:54 +0200] "POST /f/u21l1s4/p/esup-portlet-annuaire-desktop.u21l1n103/normal/action.uP?pP___jpfbJSFTARGET=view%3A%2Fstylesheets%2Fhome.xhtml HTTP/1.1" 302 - "https://ent.univ-lorraine.fr/f/u21l1s4/normal/render.uP" "Mozilla/5.0 (Windows NT 6.3; WOW64; rv:41.0) Gecko/20100101 Firefox/41.0" "SESSION_ROUTE=ent5" "ASSIGN_ROUTE=ent5" TRACE-81120-OfGTVrsy3srt12kPcnlCFSQSh6ayO2sbGVYXcOrbIJ5A5XU3fA-cas1
78.214.108.33 - - [26/Sep/2015:00:23:53 +0200] "GET /f/u1411l1s4/normal/render.uP?pCt=ul-zcs-etud.u1411l1n53&pCs=normal&pCp HTTP/1.1" 200 58912 "https://auth.univ-lorraine.fr/login?service=https://ent.univ-lorraine.fr/Login%3FrefUrl%3D%2Ff%2Fu1411l1s4%2Fnormal%2Frender.uP%253FpCt%253Dul-zcs-etud.u1411l1n53%2526pCs%253Dnormal%2526pCp" "Mozilla/5.0 (Windows NT 6.3; WOW64) AppleWebKit/537.36 (KHTML, like Gecko) Chrome/45.0.2454.99 Safari/537.36" "SESSION_ROUTE=ent4" "ASSIGN_ROUTE=ent4" TRACE-81126-vz6uSwFSAzdetjL1xAo2uO1ZjL2r1Ruxoj7WWkbRo7wPA93Tbb-cas1
88.180.107.46 - - [26/Sep/2015:00:23:54 +0200] "GET /f/u21l1s4/normal/render.uP?pCt=esup-portlet-annuaire-desktop.u21l1n103&pP___jpfbJSFTARGET=view%3A%2Fstylesheets%2Fdesktop%2Fpersons.xhtml&pP_org.apache.myfaces.trinidad.util.RequestStateMap=2e193046-e713-4aea-a2db-e3e9415da0c0 HTTP/1.1" 200 40340 "https://ent.univ-lorraine.fr/f/u21l1s4/normal/render.uP" "Mozilla/5.0 (Windows NT 6.3; WOW64; rv:41.0) Gecko/20100101 Firefox/41.0" "SESSION_ROUTE=ent5" "ASSIGN_ROUTE=ent5" TRACE-81120-OfGTVrsy3srt12kPcnlCFSQSh6ayO2sbGVYXcOrbIJ5A5XU3fA-cas1
93.13.104.187 - - [26/Sep/2015:00:23:55 +0200] "GET /f/u911l1s4/normal/render.uP?pCt=ul-iframe-planning-ade-ul-formation.u911l1n55&pCs=normal&pCp HTTP/1.1" 200 45828 "https://ent.univ-lorraine.fr/f/u911l1s4/normal/render.uP?pCt=uhp-portlet-cours-moodle-bali.u911l1n67&pCs=normal&pCp" "Mozilla/5.0 (Windows NT 6.3; WOW64; rv:41.0) Gecko/20100101 Firefox/41.0" "SESSION_ROUTE=ent3" "ASSIGN_ROUTE=ent3" TRACE-81112-7EYuATpttl7dw0EHqFsnwB4glkeMSWAaFAcHk2q7LhGlXVxsYt-cas1
78.214.108.33 - - [26/Sep/2015:00:23:57 +0200] "GET /nancy2-portlet-zimbra/ajax/getMessages HTTP/1.1" 200 2 "https://ent.univ-lorraine.fr/f/u1411l1s4/normal/render.uP?pCt=ul-zcs-etud.u1411l1n53&pCs=normal&pCp" "Mozilla/5.0 (Windows NT 6.3; WOW64) AppleWebKit/537.36 (KHTML, like Gecko) Chrome/45.0.2454.99 Safari/537.36" "SESSION_ROUTE=ent4" "ASSIGN_ROUTE=ent4" TRACE-81126-vz6uSwFSAzdetjL1xAo2uO1ZjL2r1Ruxoj7WWkbRo7wPA93Tbb-cas1
78.214.108.33 - - [26/Sep/2015:00:23:57 +0200] "GET /nancy2-portlet-zimbra/ajax/getFolders HTTP/1.1" 200 548 "https://ent.univ-lorraine.fr/f/u1411l1s4/normal/render.uP?pCt=ul-zcs-etud.u1411l1n53&pCs=normal&pCp" "Mozilla/5.0 (Windows NT 6.3; WOW64) AppleWebKit/537.36 (KHTML, like Gecko) Chrome/45.0.2454.99 Safari/537.36" "SESSION_ROUTE=ent4" "ASSIGN_ROUTE=ent4" TRACE-81126-vz6uSwFSAzdetjL1xAo2uO1ZjL2r1Ruxoj7WWkbRo7wPA93Tbb-cas1
78.214.108.33 - - [26/Sep/2015:00:23:57 +0200] "GET /nancy2-portlet-zimbra/ajax/getWeekEvents HTTP/1.1" 200 2 "https://ent.univ-lorraine.fr/f/u1411l1s4/normal/render.uP?pCt=ul-zcs-etud.u1411l1n53&pCs=normal&pCp" "Mozilla/5.0 (Windows NT 6.3; WOW64) AppleWebKit/537.36 (KHTML, like Gecko) Chrome/45.0.2454.99 Safari/537.36" "SESSION_ROUTE=ent4" "ASSIGN_ROUTE=ent4" TRACE-81126-vz6uSwFSAzdetjL1xAo2uO1ZjL2r1Ruxoj7WWkbRo7wPA93Tbb-cas1
78.214.108.33 - - [26/Sep/2015:00:23:57 +0200] "GET /nancy2-portlet-zimbra/ajax/getTasks HTTP/1.1" 200 2 "https://ent.univ-lorraine.fr/f/u1411l1s4/normal/render.uP?pCt=ul-zcs-etud.u1411l1n53&pCs=normal&pCp" "Mozilla/5.0 (Windows NT 6.3; WOW64) AppleWebKit/537.36 (KHTML, like Gecko) Chrome/45.0.2454.99 Safari/537.36" "SESSION_ROUTE=ent4" "ASSIGN_ROUTE=ent4" TRACE-81126-vz6uSwFSAzdetjL1xAo2uO1ZjL2r1Ruxoj7WWkbRo7wPA93Tbb-cas1
78.214.108.33 - - [26/Sep/2015:00:23:57 +0200] "GET /nancy2-portlet-zimbra/ajax/getTodayEvents HTTP/1.1" 200 2 "https://ent.univ-lorraine.fr/f/u1411l1s4/normal/render.uP?pCt=ul-zcs-etud.u1411l1n53&pCs=normal&pCp" "Mozilla/5.0 (Windows NT 6.3; WOW64) AppleWebKit/537.36 (KHTML, like Gecko) Chrome/45.0.2454.99 Safari/537.36" "SESSION_ROUTE=ent4" "ASSIGN_ROUTE=ent4" TRACE-81126-vz6uSwFSAzdetjL1xAo2uO1ZjL2r1Ruxoj7WWkbRo7wPA93Tbb-cas1
90.7.232.188 - - [26/Sep/2015:00:23:58 +0200] "GET /Login HTTP/1.1" 302 - "https://auth.univ-lorraine.fr/login?service=https://ent.univ-lorraine.fr/Login" "Mozilla/5.0 (Windows NT 6.1; WOW64; Trident/7.0; rv:11.0) like Gecko" "SESSION_ROUTE=ent3" "ASSIGN_ROUTE=ent3" TRACE-81128-fnwz3nCcSp5nxvrpjssVay9le5uTUVI7oGbYWteLlL53LynEld-cas1
90.7.232.188 - - [26/Sep/2015:00:23:58 +0200] "GET /f/u1411l1s4/normal/render.uP HTTP/1.1" 200 50595 "https://auth.univ-lorraine.fr/login?service=https://ent.univ-lorraine.fr/Login" "Mozilla/5.0 (Windows NT 6.1; WOW64; Trident/7.0; rv:11.0) like Gecko" "SESSION_ROUTE=ent3" "ASSIGN_ROUTE=ent3" TRACE-81128-fnwz3nCcSp5nxvrpjssVay9le5uTUVI7oGbYWteLlL53LynEld-cas1
78.214.108.33 - - [26/Sep/2015:00:23:59 +0200] "GET /f/u1411l1s4/normal/render.uP?pCt=ul-zcs-etud.u1411l1n53&pCs=normal&pCp HTTP/1.1" 200 58909 "https://ent.univ-lorraine.fr/f/u1411l1s4/normal/render.uP?pCt=ul-zcs-etud.u1411l1n53&pCs=normal&pCp" "Mozilla/5.0 (Windows NT 6.3; WOW64) AppleWebKit/537.36 (KHTML, like Gecko) Chrome/45.0.2454.99 Safari/537.36" "SESSION_ROUTE=ent4" "ASSIGN_ROUTE=ent4" TRACE-81126-vz6uSwFSAzdetjL1xAo2uO1ZjL2r1Ruxoj7WWkbRo7wPA93Tbb-cas1
78.214.108.33 - - [26/Sep/2015:00:24:00 +0200] "GET /nancy2-portlet-zimbra/ajax/getMessages HTTP/1.1" 200 2 "https://ent.univ-lorraine.fr/f/u1411l1s4/normal/render.uP?pCt=ul-zcs-etud.u1411l1n53&pCs=normal&pCp" "Mozilla/5.0 (Windows NT 6.3; WOW64) AppleWebKit/537.36 (KHTML, like Gecko) Chrome/45.0.2454.99 Safari/537.36" "SESSION_ROUTE=ent4" "ASSIGN_ROUTE=ent4" TRACE-81126-vz6uSwFSAzdetjL1xAo2uO1ZjL2r1Ruxoj7WWkbRo7wPA93Tbb-cas1
78.214.108.33 - - [26/Sep/2015:00:24:00 +0200] "GET /nancy2-portlet-zimbra/ajax/getTasks HTTP/1.1" 200 2 "https://ent.univ-lorraine.fr/f/u1411l1s4/normal/render.uP?pCt=ul-zcs-etud.u1411l1n53&pCs=normal&pCp" "Mozilla/5.0 (Windows NT 6.3; WOW64) AppleWebKit/537.36 (KHTML, like Gecko) Chrome/45.0.2454.99 Safari/537.36" "SESSION_ROUTE=ent4" "ASSIGN_ROUTE=ent4" TRACE-81126-vz6uSwFSAzdetjL1xAo2uO1ZjL2r1Ruxoj7WWkbRo7wPA93Tbb-cas1
78.214.108.33 - - [26/Sep/2015:00:24:00 +0200] "GET /nancy2-portlet-zimbra/ajax/getFolders HTTP/1.1" 200 548 "https://ent.univ-lorraine.fr/f/u1411l1s4/normal/render.uP?pCt=ul-zcs-etud.u1411l1n53&pCs=normal&pCp" "Mozilla/5.0 (Windows NT 6.3; WOW64) AppleWebKit/537.36 (KHTML, like Gecko) Chrome/45.0.2454.99 Safari/537.36" "SESSION_ROUTE=ent4" "ASSIGN_ROUTE=ent4" TRACE-81126-vz6uSwFSAzdetjL1xAo2uO1ZjL2r1Ruxoj7WWkbRo7wPA93Tbb-cas1
78.214.108.33 - - [26/Sep/2015:00:24:01 +0200] "GET /nancy2-portlet-zimbra/ajax/getTodayEvents HTTP/1.1" 200 2 "https://ent.univ-lorraine.fr/f/u1411l1s4/normal/render.uP?pCt=ul-zcs-etud.u1411l1n53&pCs=normal&pCp" "Mozilla/5.0 (Windows NT 6.3; WOW64) AppleWebKit/537.36 (KHTML, like Gecko) Chrome/45.0.2454.99 Safari/537.36" "SESSION_ROUTE=ent4" "ASSIGN_ROUTE=ent4" TRACE-81126-vz6uSwFSAzdetjL1xAo2uO1ZjL2r1Ruxoj7WWkbRo7wPA93Tbb-cas1
78.214.108.33 - - [26/Sep/2015:00:24:01 +0200] "GET /nancy2-portlet-zimbra/ajax/getWeekEvents HTTP/1.1" 200 2 "https://ent.univ-lorraine.fr/f/u1411l1s4/normal/render.uP?pCt=ul-zcs-etud.u1411l1n53&pCs=normal&pCp" "Mozilla/5.0 (Windows NT 6.3; WOW64) AppleWebKit/537.36 (KHTML, like Gecko) Chrome/45.0.2454.99 Safari/537.36" "SESSION_ROUTE=ent4" "ASSIGN_ROUTE=ent4" TRACE-81126-vz6uSwFSAzdetjL1xAo2uO1ZjL2r1Ruxoj7WWkbRo7wPA93Tbb-cas1
92.147.209.3 - - [26/Sep/2015:00:24:01 +0200] "GET /f/u911l1s4/normal/render.uP?pCt=ul-iframe-planning-ade-ul-formation.u911l1n55&pCs=normal&pCp HTTP/1.1" 200 45539 "https://ent.univ-lorraine.fr/f/u378l1s4/p/ul-zcs-etud.u378l1n57/max/render.uP?pCp" "Mozilla/5.0 (Windows NT 10.0; Win64; x64) AppleWebKit/537.36 (KHTML, like Gecko) Chrome/42.0.2311.135 Safari/537.36 Edge/12.10240" "SESSION_ROUTE=ent5" "ASSIGN_ROUTE=ent5" TRACE-81107-uZXBvHpZOnXNbbBW9C7xFxkRRWzheiH0Yq4forUlC4WytxvIPE-cas1
90.39.212.251 - - [26/Sep/2015:00:24:02 +0200] "GET /Login HTTP/1.1" 302 - "https://auth.univ-lorraine.fr/login?service=https://ent.univ-lorraine.fr/Login" "Mozilla/5.0 (Windows NT 10.0; WOW64) AppleWebKit/537.36 (KHTML, like Gecko) Chrome/45.0.2454.99 Safari/537.36" "SESSION_ROUTE=ent6" "ASSIGN_ROUTE=ent6" TRACE-81129-St5gbcyuDgX0eBKVYuqE2fcN6gJyG0R2bUpahopsu7bHPdXs3q-cas1
90.7.232.188 - - [26/Sep/2015:00:24:03 +0200] "GET /f/u1411l1s4/normal/render.uP?pCt=ul-zcs-etud.u1411l1n53&pCs=normal&pCp HTTP/1.1" 200 56792 "https://ent.univ-lorraine.fr/f/u1411l1s4/normal/render.uP" "Mozilla/5.0 (Windows NT 6.1; WOW64; Trident/7.0; rv:11.0) like Gecko" "SESSION_ROUTE=ent3" "ASSIGN_ROUTE=ent3" TRACE-81128-fnwz3nCcSp5nxvrpjssVay9le5uTUVI7oGbYWteLlL53LynEld-cas1
90.39.212.251 - - [26/Sep/2015:00:24:03 +0200] "GET /f/u1411l1s4/normal/render.uP HTTP/1.1" 200 51979 "https://auth.univ-lorraine.fr/login?service=https://ent.univ-lorraine.fr/Login" "Mozilla/5.0 (Windows NT 10.0; WOW64) AppleWebKit/537.36 (KHTML, like Gecko) Chrome/45.0.2454.99 Safari/537.36" "SESSION_ROUTE=ent6" "ASSIGN_ROUTE=ent6" TRACE-81129-St5gbcyuDgX0eBKVYuqE2fcN6gJyG0R2bUpahopsu7bHPdXs3q-cas1
90.7.232.188 - - [26/Sep/2015:00:24:04 +0200] "GET /nancy2-portlet-zimbra/ajax/getMessages HTTP/1.1" 200 2 "https://ent.univ-lorraine.fr/f/u1411l1s4/normal/render.uP?pCt=ul-zcs-etud.u1411l1n53&pCs=normal&pCp" "Mozilla/5.0 (Windows NT 6.1; WOW64; Trident/7.0; rv:11.0) like Gecko" "SESSION_ROUTE=ent3" "ASSIGN_ROUTE=ent3" TRACE-81128-fnwz3nCcSp5nxvrpjssVay9le5uTUVI7oGbYWteLlL53LynEld-cas1
90.7.232.188 - - [26/Sep/2015:00:24:04 +0200] "GET /nancy2-portlet-zimbra/ajax/getTasks HTTP/1.1" 200 2 "https://ent.univ-lorraine.fr/f/u1411l1s4/normal/render.uP?pCt=ul-zcs-etud.u1411l1n53&pCs=normal&pCp" "Mozilla/5.0 (Windows NT 6.1; WOW64; Trident/7.0; rv:11.0) like Gecko" "SESSION_ROUTE=ent3" "ASSIGN_ROUTE=ent3" TRACE-81128-fnwz3nCcSp5nxvrpjssVay9le5uTUVI7oGbYWteLlL53LynEld-cas1
90.7.232.188 - - [26/Sep/2015:00:24:04 +0200] "GET /nancy2-portlet-zimbra/ajax/getTodayEvents HTTP/1.1" 200 2 "https://ent.univ-lorraine.fr/f/u1411l1s4/normal/render.uP?pCt=ul-zcs-etud.u1411l1n53&pCs=normal&pCp" "Mozilla/5.0 (Windows NT 6.1; WOW64; Trident/7.0; rv:11.0) like Gecko" "SESSION_ROUTE=ent3" "ASSIGN_ROUTE=ent3" TRACE-81128-fnwz3nCcSp5nxvrpjssVay9le5uTUVI7oGbYWteLlL53LynEld-cas1
90.7.232.188 - - [26/Sep/2015:00:24:04 +0200] "GET /nancy2-portlet-zimbra/ajax/getWeekEvents HTTP/1.1" 200 2 "https://ent.univ-lorraine.fr/f/u1411l1s4/normal/render.uP?pCt=ul-zcs-etud.u1411l1n53&pCs=normal&pCp" "Mozilla/5.0 (Windows NT 6.1; WOW64; Trident/7.0; rv:11.0) like Gecko" "SESSION_ROUTE=ent3" "ASSIGN_ROUTE=ent3" TRACE-81128-fnwz3nCcSp5nxvrpjssVay9le5uTUVI7oGbYWteLlL53LynEld-cas1
90.7.232.188 - - [26/Sep/2015:00:24:04 +0200] "GET /nancy2-portlet-zimbra/ajax/getFolders HTTP/1.1" 200 548 "https://ent.univ-lorraine.fr/f/u1411l1s4/normal/render.uP?pCt=ul-zcs-etud.u1411l1n53&pCs=normal&pCp" "Mozilla/5.0 (Windows NT 6.1; WOW64; Trident/7.0; rv:11.0) like Gecko" "SESSION_ROUTE=ent3" "ASSIGN_ROUTE=ent3" TRACE-81128-fnwz3nCcSp5nxvrpjssVay9le5uTUVI7oGbYWteLlL53LynEld-cas1
82.231.110.138 - - [26/Sep/2015:00:24:06 +0200] "GET /Login HTTP/1.1" 302 - "https://auth.univ-lorraine.fr/login?service=https://ent.univ-lorraine.fr/Login" "Mozilla/5.0 (Windows NT 6.3) AppleWebKit/537.36 (KHTML, like Gecko) Chrome/45.0.2454.99 Safari/537.36" "SESSION_ROUTE=ent5" "ASSIGN_ROUTE=ent5" TRACE-81130-c016fBaTS2VVy0ynoYfQzGtrPMxVwXchc6ye03Ksqo1hseEwrr-cas1
82.231.110.138 - - [26/Sep/2015:00:24:06 +0200] "GET /f/u1411l1s4/normal/render.uP HTTP/1.1" 200 50531 "https://auth.univ-lorraine.fr/login?service=https://ent.univ-lorraine.fr/Login" "Mozilla/5.0 (Windows NT 6.3) AppleWebKit/537.36 (KHTML, like Gecko) Chrome/45.0.2454.99 Safari/537.36" "SESSION_ROUTE=ent5" "ASSIGN_ROUTE=ent5" TRACE-81130-c016fBaTS2VVy0ynoYfQzGtrPMxVwXchc6ye03Ksqo1hseEwrr-cas1
195.83.211.129 - - [26/Sep/2015:00:24:03 +0200] "GET /f/u1411l1s4/normal/render.uP?pCt=ul-zcs-etud.u1411l1n53&pCs=normal&pCp HTTP/1.1" 200 56799 "https://ent.univ-lorraine.fr/f/u1411l1s4/normal/render.uP" "Mozilla/5.0 (Windows NT 6.1) AppleWebKit/537.36 (KHTML, like Gecko) Chrome/45.0.2454.85 Safari/537.36 OPR/32.0.1948.25" "SESSION_ROUTE=ent5" "ASSIGN_ROUTE=ent5" TRACE-81121-i3eJvcvlCl6q6ZULv6wpE6dUIoIkbRhRf9filoZmTML6gu5wwS-cas1
24.213.201.196 - - [26/Sep/2015:00:24:09 +0200] "GET /Login HTTP/1.1" 302 - "https://auth.univ-lorraine.fr/login?service=https://ent.univ-lorraine.fr/Login" "Mozilla/5.0 (Macintosh; Intel Mac OS X 10_10_5) AppleWebKit/600.8.9 (KHTML, like Gecko) Version/8.0.8 Safari/600.8.9" "SESSION_ROUTE=ent2" "ASSIGN_ROUTE=ent2" TRACE-81133-1rYaxcNtMuw9RaeOKzsTpmQDZnhazgHpVpeev0aC9Da5hdXMCL-cas1
24.213.201.196 - - [26/Sep/2015:00:24:10 +0200] "GET /f/u1411l1s4/normal/render.uP HTTP/1.1" 200 51922 "https://auth.univ-lorraine.fr/login?service=https://ent.univ-lorraine.fr/Login" "Mozilla/5.0 (Macintosh; Intel Mac OS X 10_10_5) AppleWebKit/600.8.9 (KHTML, like Gecko) Version/8.0.8 Safari/600.8.9" "SESSION_ROUTE=ent2" "ASSIGN_ROUTE=ent2" TRACE-81133-1rYaxcNtMuw9RaeOKzsTpmQDZnhazgHpVpeev0aC9Da5hdXMCL-cas1
77.194.86.48 - - [26/Sep/2015:00:24:10 +0200] "GET /Login HTTP/1.1" 302 - "https://auth.univ-lorraine.fr/login?service=https://ent.univ-lorraine.fr/Login" "Mozilla/5.0 (Macintosh; Intel Mac OS X 10.10; rv:41.0) Gecko/20100101 Firefox/41.0" "SESSION_ROUTE=ent6" "ASSIGN_ROUTE=ent6" TRACE-81131-1UXkHi4Ihqft7G3yapnuUOSxZaBeCc32ty7mgfL7c7gLNTPRta-cas1
82.231.110.138 - - [26/Sep/2015:00:24:11 +0200] "GET /f/u1411l1s4/normal/render.uP?pCt=ul-zcs-etud.u1411l1n53&pCs=normal&pCp HTTP/1.1" 200 56728 "https://ent.univ-lorraine.fr/f/u1411l1s4/normal/render.uP" "Mozilla/5.0 (Windows NT 6.3) AppleWebKit/537.36 (KHTML, like Gecko) Chrome/45.0.2454.99 Safari/537.36" "SESSION_ROUTE=ent5" "ASSIGN_ROUTE=ent5" TRACE-81130-c016fBaTS2VVy0ynoYfQzGtrPMxVwXchc6ye03Ksqo1hseEwrr-cas1
82.231.110.138 - - [26/Sep/2015:00:24:12 +0200] "GET /nancy2-portlet-zimbra/ajax/getTasks HTTP/1.1" 200 2 "https://ent.univ-lorraine.fr/f/u1411l1s4/normal/render.uP?pCt=ul-zcs-etud.u1411l1n53&pCs=normal&pCp" "Mozilla/5.0 (Windows NT 6.3) AppleWebKit/537.36 (KHTML, like Gecko) Chrome/45.0.2454.99 Safari/537.36" "SESSION_ROUTE=ent5" "ASSIGN_ROUTE=ent5" TRACE-81130-c016fBaTS2VVy0ynoYfQzGtrPMxVwXchc6ye03Ksqo1hseEwrr-cas1
82.231.110.138 - - [26/Sep/2015:00:24:12 +0200] "GET /nancy2-portlet-zimbra/ajax/getTodayEvents HTTP/1.1" 200 2 "https://ent.univ-lorraine.fr/f/u1411l1s4/normal/render.uP?pCt=ul-zcs-etud.u1411l1n53&pCs=normal&pCp" "Mozilla/5.0 (Windows NT 6.3) AppleWebKit/537.36 (KHTML, like Gecko) Chrome/45.0.2454.99 Safari/537.36" "SESSION_ROUTE=ent5" "ASSIGN_ROUTE=ent5" TRACE-81130-c016fBaTS2VVy0ynoYfQzGtrPMxVwXchc6ye03Ksqo1hseEwrr-cas1
82.231.110.138 - - [26/Sep/2015:00:24:12 +0200] "GET /nancy2-portlet-zimbra/ajax/getMessages HTTP/1.1" 200 2 "https://ent.univ-lorraine.fr/f/u1411l1s4/normal/render.uP?pCt=ul-zcs-etud.u1411l1n53&pCs=normal&pCp" "Mozilla/5.0 (Windows NT 6.3) AppleWebKit/537.36 (KHTML, like Gecko) Chrome/45.0.2454.99 Safari/537.36" "SESSION_ROUTE=ent5" "ASSIGN_ROUTE=ent5" TRACE-81130-c016fBaTS2VVy0ynoYfQzGtrPMxVwXchc6ye03Ksqo1hseEwrr-cas1
82.231.110.138 - - [26/Sep/2015:00:24:12 +0200] "GET /nancy2-portlet-zimbra/ajax/getWeekEvents HTTP/1.1" 200 2 "https://ent.univ-lorraine.fr/f/u1411l1s4/normal/render.uP?pCt=ul-zcs-etud.u1411l1n53&pCs=normal&pCp" "Mozilla/5.0 (Windows NT 6.3) AppleWebKit/537.36 (KHTML, like Gecko) Chrome/45.0.2454.99 Safari/537.36" "SESSION_ROUTE=ent5" "ASSIGN_ROUTE=ent5" TRACE-81130-c016fBaTS2VVy0ynoYfQzGtrPMxVwXchc6ye03Ksqo1hseEwrr-cas1
82.231.110.138 - - [26/Sep/2015:00:24:12 +0200] "GET /nancy2-portlet-zimbra/ajax/getFolders HTTP/1.1" 200 548 "https://ent.univ-lorraine.fr/f/u1411l1s4/normal/render.uP?pCt=ul-zcs-etud.u1411l1n53&pCs=normal&pCp" "Mozilla/5.0 (Windows NT 6.3) AppleWebKit/537.36 (KHTML, like Gecko) Chrome/45.0.2454.99 Safari/537.36" "SESSION_ROUTE=ent5" "ASSIGN_ROUTE=ent5" TRACE-81130-c016fBaTS2VVy0ynoYfQzGtrPMxVwXchc6ye03Ksqo1hseEwrr-cas1
77.194.86.48 - - [26/Sep/2015:00:24:13 +0200] "GET /f/u1411l1s4/normal/render.uP HTTP/1.1" 200 51364 "https://auth.univ-lorraine.fr/login?service=https://ent.univ-lorraine.fr/Login" "Mozilla/5.0 (Macintosh; Intel Mac OS X 10.10; rv:41.0) Gecko/20100101 Firefox/41.0" "SESSION_ROUTE=ent6" "ASSIGN_ROUTE=ent6" TRACE-81131-1UXkHi4Ihqft7G3yapnuUOSxZaBeCc32ty7mgfL7c7gLNTPRta-cas1
24.213.201.196 - - [26/Sep/2015:00:24:14 +0200] "GET /f/u1411l1s4/normal/render.uP?pCt=ul-zcs-etud.u1411l1n53&pCs=normal&pCp HTTP/1.1" 200 58119 "https://ent.univ-lorraine.fr/f/u1411l1s4/normal/render.uP" "Mozilla/5.0 (Macintosh; Intel Mac OS X 10_10_5) AppleWebKit/600.8.9 (KHTML, like Gecko) Version/8.0.8 Safari/600.8.9" "SESSION_ROUTE=ent2" "ASSIGN_ROUTE=ent2" TRACE-81133-1rYaxcNtMuw9RaeOKzsTpmQDZnhazgHpVpeev0aC9Da5hdXMCL-cas1
